[0.010s] Invoking command in '/home/lab/vt-cro/robogamescode/car_ws/build/articubot_one': CMAKE_PREFIX_PATH=${CMAKE_PREFIX_PATH}:/opt/ros/jazzy DEBUGINFOD_URLS=https://debuginfod.ubuntu.com /usr/bin/cmake /home/lab/vt-cro/robogamescode/car_ws/src/tmp -DCMAKE_INSTALL_PREFIX=/home/lab/vt-cro/robogamescode/car_ws/install/articubot_one
[0.058s] -- The C compiler identification is GNU 13.3.0
[0.104s] -- The CXX compiler identification is GNU 13.3.0
[0.120s] -- Detecting C compiler ABI info
[0.203s] -- Detecting C compiler ABI info - done
[0.210s] -- Check for working C compiler: /usr/bin/cc - skipped
[0.210s] -- Detecting C compile features
[0.211s] -- Detecting C compile features - done
[0.218s] -- Detecting CXX compiler ABI info
[0.310s] -- Detecting CXX compiler ABI info - done
[0.317s] -- Check for working CXX compiler: /usr/bin/c++ - skipped
[0.317s] -- Detecting CXX compile features
[0.318s] -- Detecting CXX compile features - done
[0.322s] -- Found ament_cmake: 2.5.3 (/opt/ros/jazzy/share/ament_cmake/cmake)
[0.449s] -- Found Python3: /usr/bin/python3 (found version "3.12.3") found components: Interpreter 
[0.555s] -- Found rclpy: 7.1.3 (/opt/ros/jazzy/share/rclpy/cmake)
[0.558s] -- Found sensor_msgs: 5.3.5 (/opt/ros/jazzy/share/sensor_msgs/cmake)
[0.607s] -- Found rosidl_generator_c: 4.6.5 (/opt/ros/jazzy/share/rosidl_generator_c/cmake)
[0.624s] -- Found rosidl_generator_cpp: 4.6.5 (/opt/ros/jazzy/share/rosidl_generator_cpp/cmake)
[0.642s] -- Using all available rosidl_typesupport_c: rosidl_typesupport_fastrtps_c;rosidl_typesupport_introspection_c
[0.661s] -- Using all available rosidl_typesupport_cpp: rosidl_typesupport_fastrtps_cpp;rosidl_typesupport_introspection_cpp
[0.741s] -- Found cv_bridge: 4.1.0 (/opt/ros/jazzy/share/cv_bridge/cmake)
[0.805s] -- Found rmw_implementation_cmake: 7.3.1 (/opt/ros/jazzy/share/rmw_implementation_cmake/cmake)
[0.810s] -- Found rmw_fastrtps_cpp: 8.4.1 (/opt/ros/jazzy/share/rmw_fastrtps_cpp/cmake)
[0.915s] -- Found OpenSSL: /usr/lib/x86_64-linux-gnu/libcrypto.so (found version "3.0.13")  
[0.933s] -- Found FastRTPS: /opt/ros/jazzy/include (Required is at least version "2.13") 
[0.953s] -- Using RMW implementation 'rmw_fastrtps_cpp' as default
[1.023s] -- Found image_transport: 5.1.5 (/opt/ros/jazzy/share/image_transport/cmake)
[1.054s] -- Found image_geometry: 4.1.0 (/opt/ros/jazzy/share/image_geometry/cmake)
[1.059s] -- Found ament_lint_auto: 0.17.1 (/opt/ros/jazzy/share/ament_lint_auto/cmake)
[1.156s] -- Added test 'copyright' to check source files copyright and LICENSE
[1.160s] -- Added test 'cppcheck' to perform static code analysis on C / C++ code
[1.160s] -- Configured cppcheck include dirs: 
[1.161s] -- Configured cppcheck exclude dirs and/or files: 
[1.163s] -- Added test 'cpplint' to check C / C++ code against the Google style
[1.163s] -- Configured cpplint exclude dirs and/or files: 
[1.164s] -- Added test 'flake8' to check Python code syntax and style conventions
[1.164s] -- Configured 'flake8' exclude dirs and/or files: 
[1.165s] -- Added test 'lint_cmake' to check CMake code style
[1.166s] -- Added test 'pep257' to check Python code against some of the docstring style conventions in PEP 257
[1.169s] -- Added test 'uncrustify' to check C / C++ code style
[1.169s] -- Configured uncrustify additional arguments: 
[1.170s] -- Added test 'xmllint' to check XML markup files
[1.171s] -- Configuring done (1.2s)
[1.176s] -- Generating done (0.0s)
[1.178s] -- Build files have been written to: /home/lab/vt-cro/robogamescode/car_ws/build/articubot_one
[1.189s] Invoked command in '/home/lab/vt-cro/robogamescode/car_ws/build/articubot_one' returned '0': CMAKE_PREFIX_PATH=${CMAKE_PREFIX_PATH}:/opt/ros/jazzy DEBUGINFOD_URLS=https://debuginfod.ubuntu.com /usr/bin/cmake /home/lab/vt-cro/robogamescode/car_ws/src/tmp -DCMAKE_INSTALL_PREFIX=/home/lab/vt-cro/robogamescode/car_ws/install/articubot_one
[1.190s] Invoking command in '/home/lab/vt-cro/robogamescode/car_ws/build/articubot_one': CMAKE_PREFIX_PATH=${CMAKE_PREFIX_PATH}:/opt/ros/jazzy DEBUGINFOD_URLS=https://debuginfod.ubuntu.com /usr/bin/cmake --build /home/lab/vt-cro/robogamescode/car_ws/build/articubot_one -- -j16 -l16
[1.234s] Invoked command in '/home/lab/vt-cro/robogamescode/car_ws/build/articubot_one' returned '0': CMAKE_PREFIX_PATH=${CMAKE_PREFIX_PATH}:/opt/ros/jazzy DEBUGINFOD_URLS=https://debuginfod.ubuntu.com /usr/bin/cmake --build /home/lab/vt-cro/robogamescode/car_ws/build/articubot_one -- -j16 -l16
[1.235s] Invoking command in '/home/lab/vt-cro/robogamescode/car_ws/build/articubot_one': CMAKE_PREFIX_PATH=${CMAKE_PREFIX_PATH}:/opt/ros/jazzy DEBUGINFOD_URLS=https://debuginfod.ubuntu.com /usr/bin/cmake --install /home/lab/vt-cro/robogamescode/car_ws/build/articubot_one
[1.243s] -- Install configuration: ""
[1.244s] -- Installing: /home/lab/vt-cro/robogamescode/car_ws/install/articubot_one/lib/articubot_one/depth_to_scan.py
[1.244s] -- Installing: /home/lab/vt-cro/robogamescode/car_ws/install/articubot_one/share/articubot_one/config
[1.244s] -- Installing: /home/lab/vt-cro/robogamescode/car_ws/install/articubot_one/share/articubot_one/config/navigate_w_replanning_and_recovery.xml
[1.244s] -- Installing: /home/lab/vt-cro/robogamescode/car_ws/install/articubot_one/share/articubot_one/config/speedlimit_params.yaml
[1.244s] -- Installing: /home/lab/vt-cro/robogamescode/car_ws/install/articubot_one/share/articubot_one/config/twist_mux.yaml
[1.245s] -- Installing: /home/lab/vt-cro/robogamescode/car_ws/install/articubot_one/share/articubot_one/config/ball_tracker_params_sim.yaml
[1.245s] -- Installing: /home/lab/vt-cro/robogamescode/car_ws/install/articubot_one/share/articubot_one/config/gaz_ros2_ctl_use_sim.yaml
[1.245s] -- Installing: /home/lab/vt-cro/robogamescode/car_ws/install/articubot_one/share/articubot_one/config/drive_bot.rviz
[1.245s] -- Installing: /home/lab/vt-cro/robogamescode/car_ws/install/articubot_one/share/articubot_one/config/main.rviz
[1.246s] -- Installing: /home/lab/vt-cro/robogamescode/car_ws/install/articubot_one/share/articubot_one/config/gz_bridge.yaml
[1.246s] -- Installing: /home/lab/vt-cro/robogamescode/car_ws/install/articubot_one/share/articubot_one/config/speedlimit_nav2_params.yaml
[1.246s] -- Installing: /home/lab/vt-cro/robogamescode/car_ws/install/articubot_one/share/articubot_one/config/map.rviz
[1.247s] -- Installing: /home/lab/vt-cro/robogamescode/car_ws/install/articubot_one/share/articubot_one/config/nav2_params.yaml
[1.247s] -- Installing: /home/lab/vt-cro/robogamescode/car_ws/install/articubot_one/share/articubot_one/config/empty.yaml
[1.247s] -- Installing: /home/lab/vt-cro/robogamescode/car_ws/install/articubot_one/share/articubot_one/config/keepout_params.yaml
[1.247s] -- Installing: /home/lab/vt-cro/robogamescode/car_ws/install/articubot_one/share/articubot_one/config/view_bot.rviz
[1.248s] -- Installing: /home/lab/vt-cro/robogamescode/car_ws/install/articubot_one/share/articubot_one/config/mapper_params_online_async.yaml
[1.248s] -- Installing: /home/lab/vt-cro/robogamescode/car_ws/install/articubot_one/share/articubot_one/config/my_controllers.yaml
[1.248s] -- Installing: /home/lab/vt-cro/robogamescode/car_ws/install/articubot_one/share/articubot_one/config/joystick.yaml
[1.248s] -- Installing: /home/lab/vt-cro/robogamescode/car_ws/install/articubot_one/share/articubot_one/config/ball_tracker_params_robot.yaml
[1.248s] -- Installing: /home/lab/vt-cro/robogamescode/car_ws/install/articubot_one/share/articubot_one/config/keepout_nav2_params.yaml
[1.249s] -- Installing: /home/lab/vt-cro/robogamescode/car_ws/install/articubot_one/share/articubot_one/description
[1.249s] -- Installing: /home/lab/vt-cro/robogamescode/car_ws/install/articubot_one/share/articubot_one/description/robot.urdf.xacro
[1.249s] -- Installing: /home/lab/vt-cro/robogamescode/car_ws/install/articubot_one/share/articubot_one/description/inertial_macros.xacro
[1.249s] -- Installing: /home/lab/vt-cro/robogamescode/car_ws/install/articubot_one/share/articubot_one/description/camera.xacro
[1.250s] -- Installing: /home/lab/vt-cro/robogamescode/car_ws/install/articubot_one/share/articubot_one/description/gazebo_control.xacro
[1.250s] -- Installing: /home/lab/vt-cro/robogamescode/car_ws/install/articubot_one/share/articubot_one/description/face.xacro
[1.250s] -- Installing: /home/lab/vt-cro/robogamescode/car_ws/install/articubot_one/share/articubot_one/description/depth_camera.xacro
[1.250s] -- Installing: /home/lab/vt-cro/robogamescode/car_ws/install/articubot_one/share/articubot_one/description/lidar.xacro
[1.250s] -- Installing: /home/lab/vt-cro/robogamescode/car_ws/install/articubot_one/share/articubot_one/description/ros2_control.xacro
[1.251s] -- Installing: /home/lab/vt-cro/robogamescode/car_ws/install/articubot_one/share/articubot_one/description/robot_core.xacro
[1.251s] -- Installing: /home/lab/vt-cro/robogamescode/car_ws/install/articubot_one/share/articubot_one/launch
[1.251s] -- Installing: /home/lab/vt-cro/robogamescode/car_ws/install/articubot_one/share/articubot_one/launch/rsp.launch.py
[1.251s] -- Installing: /home/lab/vt-cro/robogamescode/car_ws/install/articubot_one/share/articubot_one/launch/localization_launch.py
[1.251s] -- Installing: /home/lab/vt-cro/robogamescode/car_ws/install/articubot_one/share/articubot_one/launch/ball_tracker.launch.py
[1.252s] -- Installing: /home/lab/vt-cro/robogamescode/car_ws/install/articubot_one/share/articubot_one/launch/launch_sim.launch.py
[1.252s] -- Installing: /home/lab/vt-cro/robogamescode/car_ws/install/articubot_one/share/articubot_one/launch/rplidar.launch.py
[1.252s] -- Installing: /home/lab/vt-cro/robogamescode/car_ws/install/articubot_one/share/articubot_one/launch/navigation_launch.py
[1.252s] -- Installing: /home/lab/vt-cro/robogamescode/car_ws/install/articubot_one/share/articubot_one/launch/online_async_launch.py
[1.253s] -- Installing: /home/lab/vt-cro/robogamescode/car_ws/install/articubot_one/share/articubot_one/launch/launch_robot.launch.py
[1.253s] -- Installing: /home/lab/vt-cro/robogamescode/car_ws/install/articubot_one/share/articubot_one/launch/camera.launch.py
[1.253s] -- Installing: /home/lab/vt-cro/robogamescode/car_ws/install/articubot_one/share/articubot_one/launch/joystick.launch.py
[1.253s] -- Installing: /home/lab/vt-cro/robogamescode/car_ws/install/articubot_one/share/articubot_one/worlds
[1.253s] -- Installing: /home/lab/vt-cro/robogamescode/car_ws/install/articubot_one/share/articubot_one/worlds/prev_empty.world
[1.253s] -- Installing: /home/lab/vt-cro/robogamescode/car_ws/install/articubot_one/share/articubot_one/worlds/model.sdf
[1.254s] -- Installing: /home/lab/vt-cro/robogamescode/car_ws/install/articubot_one/share/articubot_one/worlds/simple.world
[1.254s] -- Installing: /home/lab/vt-cro/robogamescode/car_ws/install/articubot_one/share/articubot_one/worlds/obstacles.world
[1.255s] -- Installing: /home/lab/vt-cro/robogamescode/car_ws/install/articubot_one/share/articubot_one/worlds/model.config
[1.255s] -- Installing: /home/lab/vt-cro/robogamescode/car_ws/install/articubot_one/share/articubot_one/worlds/empty.world
[1.255s] -- Installing: /home/lab/vt-cro/robogamescode/car_ws/install/articubot_one/share/articubot_one/worlds/meshes
[1.255s] -- Installing: /home/lab/vt-cro/robogamescode/car_ws/install/articubot_one/share/articubot_one/worlds/meshes/yellow3.stl
[1.256s] -- Installing: /home/lab/vt-cro/robogamescode/car_ws/install/articubot_one/share/articubot_one/worlds/meshes/red2.stl
[1.256s] -- Installing: /home/lab/vt-cro/robogamescode/car_ws/install/articubot_one/share/articubot_one/worlds/meshes/yellow2.stl
[1.257s] -- Installing: /home/lab/vt-cro/robogamescode/car_ws/install/articubot_one/share/articubot_one/worlds/meshes/yellow1.stl
[1.257s] -- Installing: /home/lab/vt-cro/robogamescode/car_ws/install/articubot_one/share/articubot_one/worlds/meshes/yellow5.stl
[1.258s] -- Installing: /home/lab/vt-cro/robogamescode/car_ws/install/articubot_one/share/articubot_one/worlds/meshes/blue.stl
[1.259s] -- Installing: /home/lab/vt-cro/robogamescode/car_ws/install/articubot_one/share/articubot_one/worlds/meshes/block.stl
[1.259s] -- Installing: /home/lab/vt-cro/robogamescode/car_ws/install/articubot_one/share/articubot_one/worlds/meshes/wood.stl
[1.259s] -- Installing: /home/lab/vt-cro/robogamescode/car_ws/install/articubot_one/share/articubot_one/worlds/meshes/red1.stl
[1.260s] -- Installing: /home/lab/vt-cro/robogamescode/car_ws/install/articubot_one/share/articubot_one/worlds/meshes/yellow4.stl
[1.261s] -- Installing: /home/lab/vt-cro/robogamescode/car_ws/install/articubot_one/share/articubot_one/worlds/meshes/ramp.stl
[1.261s] -- Installing: /home/lab/vt-cro/robogamescode/car_ws/install/articubot_one/share/articubot_one/worlds/meshes/world1.stl
[1.264s] -- Installing: /home/lab/vt-cro/robogamescode/car_ws/install/articubot_one/share/articubot_one/maps
[1.264s] -- Installing: /home/lab/vt-cro/robogamescode/car_ws/install/articubot_one/share/ament_index/resource_index/package_run_dependencies/articubot_one
[1.265s] -- Installing: /home/lab/vt-cro/robogamescode/car_ws/install/articubot_one/share/ament_index/resource_index/parent_prefix_path/articubot_one
[1.265s] -- Installing: /home/lab/vt-cro/robogamescode/car_ws/install/articubot_one/share/articubot_one/environment/ament_prefix_path.sh
[1.265s] -- Installing: /home/lab/vt-cro/robogamescode/car_ws/install/articubot_one/share/articubot_one/environment/ament_prefix_path.dsv
[1.265s] -- Installing: /home/lab/vt-cro/robogamescode/car_ws/install/articubot_one/share/articubot_one/environment/path.sh
[1.265s] -- Installing: /home/lab/vt-cro/robogamescode/car_ws/install/articubot_one/share/articubot_one/environment/path.dsv
[1.265s] -- Installing: /home/lab/vt-cro/robogamescode/car_ws/install/articubot_one/share/articubot_one/local_setup.bash
[1.265s] -- Installing: /home/lab/vt-cro/robogamescode/car_ws/install/articubot_one/share/articubot_one/local_setup.sh
[1.266s] -- Installing: /home/lab/vt-cro/robogamescode/car_ws/install/articubot_one/share/articubot_one/local_setup.zsh
[1.266s] -- Installing: /home/lab/vt-cro/robogamescode/car_ws/install/articubot_one/share/articubot_one/local_setup.dsv
[1.266s] -- Installing: /home/lab/vt-cro/robogamescode/car_ws/install/articubot_one/share/articubot_one/package.dsv
[1.266s] -- Installing: /home/lab/vt-cro/robogamescode/car_ws/install/articubot_one/share/ament_index/resource_index/packages/articubot_one
[1.266s] -- Installing: /home/lab/vt-cro/robogamescode/car_ws/install/articubot_one/share/articubot_one/cmake/articubot_oneConfig.cmake
[1.266s] -- Installing: /home/lab/vt-cro/robogamescode/car_ws/install/articubot_one/share/articubot_one/cmake/articubot_oneConfig-version.cmake
[1.266s] -- Installing: /home/lab/vt-cro/robogamescode/car_ws/install/articubot_one/share/articubot_one/package.xml
[1.269s] Invoked command in '/home/lab/vt-cro/robogamescode/car_ws/build/articubot_one' returned '0': CMAKE_PREFIX_PATH=${CMAKE_PREFIX_PATH}:/opt/ros/jazzy DEBUGINFOD_URLS=https://debuginfod.ubuntu.com /usr/bin/cmake --install /home/lab/vt-cro/robogamescode/car_ws/build/articubot_one
