[0.131s] DEBUG:colcon:Command line arguments: ['/usr/bin/colcon', 'build']
[0.132s] DEBUG:colcon:Parsed command line arguments: Namespace(log_base=None, log_level=None, verb_name='build', build_base='build', install_base='install', merge_install=False, symlink_install=False, test_result_base=None, continue_on_error=False, executor='parallel', parallel_workers=16, event_handlers=None, ignore_user_meta=False, metas=['./colcon.meta'], base_paths=['.'], packages_ignore=None, packages_ignore_regex=None, paths=None, packages_up_to=None, packages_up_to_regex=None, packages_above=None, packages_above_and_dependencies=None, packages_above_depth=None, packages_select_by_dep=None, packages_skip_by_dep=None, packages_skip_up_to=None, packages_select_build_failed=False, packages_skip_build_finished=False, packages_select_test_failures=False, packages_skip_test_passed=False, packages_select=None, packages_skip=None, packages_select_regex=None, packages_skip_regex=None, packages_start=None, packages_end=None, allow_overriding=[], cmake_args=None, cmake_target=None, cmake_target_skip_unavailable=False, cmake_clean_cache=False, cmake_clean_first=False, cmake_force_configure=False, ament_cmake_args=None, catkin_cmake_args=None, catkin_skip_building_tests=False, mixin_files=None, mixin=None, verb_parser=<colcon_mixin.mixin.mixin_argument.MixinArgumentDecorator object at 0x7d8117321fa0>, verb_extension=<colcon_core.verb.build.BuildVerb object at 0x7d81168b1af0>, main=<bound method BuildVerb.main of <colcon_core.verb.build.BuildVerb object at 0x7d81168b1af0>>, mixin_verb=('build',))
[0.170s] Level 1:colcon.colcon_core.package_discovery:discover_packages(colcon_meta) check parameters
[0.171s] Level 1:colcon.colcon_core.package_discovery:discover_packages(recursive) check parameters
[0.171s] Level 1:colcon.colcon_core.package_discovery:discover_packages(ignore) check parameters
[0.171s] Level 1:colcon.colcon_core.package_discovery:discover_packages(path) check parameters
[0.171s] Level 1:colcon.colcon_core.package_discovery:discover_packages(colcon_meta) discover
[0.171s] Level 1:colcon.colcon_core.package_discovery:discover_packages(recursive) discover
[0.171s] INFO:colcon.colcon_core.package_discovery:Crawling recursively for packages in '/home/lab/vt-cro/robogamescode/car_ws'
[0.171s] Level 1:colcon.colcon_core.package_identification:_identify(.) by extensions ['ignore', 'ignore_ament_install']
[0.171s] Level 1:colcon.colcon_core.package_identification:_identify(.) by extension 'ignore'
[0.171s] Level 1:colcon.colcon_core.package_identification:_identify(.) by extension 'ignore_ament_install'
[0.171s] Level 1:colcon.colcon_core.package_identification:_identify(.) by extensions ['colcon_pkg']
[0.171s] Level 1:colcon.colcon_core.package_identification:_identify(.) by extension 'colcon_pkg'
[0.171s] Level 1:colcon.colcon_core.package_identification:_identify(.) by extensions ['colcon_meta']
[0.171s] Level 1:colcon.colcon_core.package_identification:_identify(.) by extension 'colcon_meta'
[0.171s] Level 1:colcon.colcon_core.package_identification:_identify(.) by extensions ['ros']
[0.171s] Level 1:colcon.colcon_core.package_identification:_identify(.) by extension 'ros'
[0.190s] Level 1:colcon.colcon_core.package_identification:_identify(.) by extensions ['cmake', 'python']
[0.190s] Level 1:colcon.colcon_core.package_identification:_identify(.) by extension 'cmake'
[0.190s] Level 1:colcon.colcon_core.package_identification:_identify(.) by extension 'python'
[0.190s] Level 1:colcon.colcon_core.package_identification:_identify(.) by extensions ['python_setup_py']
[0.190s] Level 1:colcon.colcon_core.package_identification:_identify(.) by extension 'python_setup_py'
[0.191s] Level 1:colcon.colcon_core.package_identification:_identify(build) by extensions ['ignore', 'ignore_ament_install']
[0.191s] Level 1:colcon.colcon_core.package_identification:_identify(build) by extension 'ignore'
[0.191s] Level 1:colcon.colcon_core.package_identification:_identify(build) ignored
[0.191s] Level 1:colcon.colcon_core.package_identification:_identify(install) by extensions ['ignore', 'ignore_ament_install']
[0.191s] Level 1:colcon.colcon_core.package_identification:_identify(install) by extension 'ignore'
[0.191s] Level 1:colcon.colcon_core.package_identification:_identify(install) ignored
[0.191s] Level 1:colcon.colcon_core.package_identification:_identify(log) by extensions ['ignore', 'ignore_ament_install']
[0.191s] Level 1:colcon.colcon_core.package_identification:_identify(log) by extension 'ignore'
[0.191s] Level 1:colcon.colcon_core.package_identification:_identify(log) ignored
[0.191s] Level 1:colcon.colcon_core.package_identification:_identify(src) by extensions ['ignore', 'ignore_ament_install']
[0.191s] Level 1:colcon.colcon_core.package_identification:_identify(src) by extension 'ignore'
[0.191s] Level 1:colcon.colcon_core.package_identification:_identify(src) by extension 'ignore_ament_install'
[0.191s] Level 1:colcon.colcon_core.package_identification:_identify(src) by extensions ['colcon_pkg']
[0.191s] Level 1:colcon.colcon_core.package_identification:_identify(src) by extension 'colcon_pkg'
[0.191s] Level 1:colcon.colcon_core.package_identification:_identify(src) by extensions ['colcon_meta']
[0.191s] Level 1:colcon.colcon_core.package_identification:_identify(src) by extension 'colcon_meta'
[0.191s] Level 1:colcon.colcon_core.package_identification:_identify(src) by extensions ['ros']
[0.191s] Level 1:colcon.colcon_core.package_identification:_identify(src) by extension 'ros'
[0.191s] Level 1:colcon.colcon_core.package_identification:_identify(src) by extensions ['cmake', 'python']
[0.191s] Level 1:colcon.colcon_core.package_identification:_identify(src) by extension 'cmake'
[0.191s] Level 1:colcon.colcon_core.package_identification:_identify(src) by extension 'python'
[0.191s] Level 1:colcon.colcon_core.package_identification:_identify(src) by extensions ['python_setup_py']
[0.191s] Level 1:colcon.colcon_core.package_identification:_identify(src) by extension 'python_setup_py'
[0.192s] Level 1:colcon.colcon_core.package_identification:_identify(src/articubot_one) by extensions ['ignore', 'ignore_ament_install']
[0.192s] Level 1:colcon.colcon_core.package_identification:_identify(src/articubot_one) by extension 'ignore'
[0.192s] Level 1:colcon.colcon_core.package_identification:_identify(src/articubot_one) by extension 'ignore_ament_install'
[0.192s] Level 1:colcon.colcon_core.package_identification:_identify(src/articubot_one) by extensions ['colcon_pkg']
[0.192s] Level 1:colcon.colcon_core.package_identification:_identify(src/articubot_one) by extension 'colcon_pkg'
[0.192s] Level 1:colcon.colcon_core.package_identification:_identify(src/articubot_one) by extensions ['colcon_meta']
[0.192s] Level 1:colcon.colcon_core.package_identification:_identify(src/articubot_one) by extension 'colcon_meta'
[0.192s] Level 1:colcon.colcon_core.package_identification:_identify(src/articubot_one) by extensions ['ros']
[0.192s] Level 1:colcon.colcon_core.package_identification:_identify(src/articubot_one) by extension 'ros'
[0.193s] DEBUG:colcon.colcon_core.package_identification:Package 'src/articubot_one' with type 'ros.ament_cmake' and name 'articubot_one'
[0.194s] Level 1:colcon.colcon_core.package_identification:_identify(src/mini_car_bot) by extensions ['ignore', 'ignore_ament_install']
[0.194s] Level 1:colcon.colcon_core.package_identification:_identify(src/mini_car_bot) by extension 'ignore'
[0.194s] Level 1:colcon.colcon_core.package_identification:_identify(src/mini_car_bot) by extension 'ignore_ament_install'
[0.194s] Level 1:colcon.colcon_core.package_identification:_identify(src/mini_car_bot) by extensions ['colcon_pkg']
[0.194s] Level 1:colcon.colcon_core.package_identification:_identify(src/mini_car_bot) by extension 'colcon_pkg'
[0.194s] Level 1:colcon.colcon_core.package_identification:_identify(src/mini_car_bot) by extensions ['colcon_meta']
[0.194s] Level 1:colcon.colcon_core.package_identification:_identify(src/mini_car_bot) by extension 'colcon_meta'
[0.194s] Level 1:colcon.colcon_core.package_identification:_identify(src/mini_car_bot) by extensions ['ros']
[0.194s] Level 1:colcon.colcon_core.package_identification:_identify(src/mini_car_bot) by extension 'ros'
[0.194s] DEBUG:colcon.colcon_core.package_identification:Package 'src/mini_car_bot' with type 'ros.ament_cmake' and name 'mini_car_bot'
[0.194s] Level 1:colcon.colcon_core.package_discovery:discover_packages(recursive) using defaults
[0.194s] Level 1:colcon.colcon_core.package_discovery:discover_packages(ignore) discover
[0.194s] Level 1:colcon.colcon_core.package_discovery:discover_packages(ignore) using defaults
[0.194s] Level 1:colcon.colcon_core.package_discovery:discover_packages(path) discover
[0.194s] Level 1:colcon.colcon_core.package_discovery:discover_packages(path) using defaults
[0.208s] Level 1:colcon.colcon_core.package_discovery:discover_packages(prefix_path) check parameters
[0.208s] Level 1:colcon.colcon_core.package_discovery:discover_packages(prefix_path) discover
[0.209s] WARNING:colcon.colcon_ros.prefix_path.ament:The path '/home/lab/vt-cro/robogamescode/car_ws/install/articubot_one' in the environment variable AMENT_PREFIX_PATH doesn't exist
[0.209s] WARNING:colcon.colcon_ros.prefix_path.ament:The path '/home/lab/vt-cro/robogamescode/car_ws/install/mini_car_bot' in the environment variable AMENT_PREFIX_PATH doesn't exist
[0.209s] WARNING:colcon.colcon_ros.prefix_path.catkin:The path '/home/lab/vt-cro/robogamescode/car_ws/install/articubot_one' in the environment variable CMAKE_PREFIX_PATH doesn't exist
[0.209s] WARNING:colcon.colcon_ros.prefix_path.catkin:The path '/home/lab/vt-cro/robogamescode/car_ws/install/mini_car_bot' in the environment variable CMAKE_PREFIX_PATH doesn't exist
[0.209s] DEBUG:colcon.colcon_installed_package_information.package_discovery:Found 0 installed packages in /home/lab/vt-cro/robogamescode/car_ws/install
[0.211s] DEBUG:colcon.colcon_installed_package_information.package_discovery:Found 428 installed packages in /opt/ros/jazzy
[0.212s] Level 1:colcon.colcon_core.package_discovery:discover_packages(prefix_path) using defaults
[0.257s] Level 5:colcon.colcon_core.verb:set package 'articubot_one' build argument 'cmake_args' from command line to 'None'
[0.258s] Level 5:colcon.colcon_core.verb:set package 'articubot_one' build argument 'cmake_target' from command line to 'None'
[0.258s] Level 5:colcon.colcon_core.verb:set package 'articubot_one' build argument 'cmake_target_skip_unavailable' from command line to 'False'
[0.258s] Level 5:colcon.colcon_core.verb:set package 'articubot_one' build argument 'cmake_clean_cache' from command line to 'False'
[0.258s] Level 5:colcon.colcon_core.verb:set package 'articubot_one' build argument 'cmake_clean_first' from command line to 'False'
[0.258s] Level 5:colcon.colcon_core.verb:set package 'articubot_one' build argument 'cmake_force_configure' from command line to 'False'
[0.258s] Level 5:colcon.colcon_core.verb:set package 'articubot_one' build argument 'ament_cmake_args' from command line to 'None'
[0.258s] Level 5:colcon.colcon_core.verb:set package 'articubot_one' build argument 'catkin_cmake_args' from command line to 'None'
[0.258s] Level 5:colcon.colcon_core.verb:set package 'articubot_one' build argument 'catkin_skip_building_tests' from command line to 'False'
[0.258s] DEBUG:colcon.colcon_core.verb:Building package 'articubot_one' with the following arguments: {'ament_cmake_args': None, 'build_base': '/home/lab/vt-cro/robogamescode/car_ws/build/articubot_one', 'catkin_cmake_args': None, 'catkin_skip_building_tests': False, 'cmake_args': None, 'cmake_clean_cache': False, 'cmake_clean_first': False, 'cmake_force_configure': False, 'cmake_target': None, 'cmake_target_skip_unavailable': False, 'install_base': '/home/lab/vt-cro/robogamescode/car_ws/install/articubot_one', 'merge_install': False, 'path': '/home/lab/vt-cro/robogamescode/car_ws/src/articubot_one', 'symlink_install': False, 'test_result_base': None}
[0.258s] Level 5:colcon.colcon_core.verb:set package 'mini_car_bot' build argument 'cmake_args' from command line to 'None'
[0.258s] Level 5:colcon.colcon_core.verb:set package 'mini_car_bot' build argument 'cmake_target' from command line to 'None'
[0.258s] Level 5:colcon.colcon_core.verb:set package 'mini_car_bot' build argument 'cmake_target_skip_unavailable' from command line to 'False'
[0.258s] Level 5:colcon.colcon_core.verb:set package 'mini_car_bot' build argument 'cmake_clean_cache' from command line to 'False'
[0.258s] Level 5:colcon.colcon_core.verb:set package 'mini_car_bot' build argument 'cmake_clean_first' from command line to 'False'
[0.258s] Level 5:colcon.colcon_core.verb:set package 'mini_car_bot' build argument 'cmake_force_configure' from command line to 'False'
[0.258s] Level 5:colcon.colcon_core.verb:set package 'mini_car_bot' build argument 'ament_cmake_args' from command line to 'None'
[0.258s] Level 5:colcon.colcon_core.verb:set package 'mini_car_bot' build argument 'catkin_cmake_args' from command line to 'None'
[0.258s] Level 5:colcon.colcon_core.verb:set package 'mini_car_bot' build argument 'catkin_skip_building_tests' from command line to 'False'
[0.258s] DEBUG:colcon.colcon_core.verb:Building package 'mini_car_bot' with the following arguments: {'ament_cmake_args': None, 'build_base': '/home/lab/vt-cro/robogamescode/car_ws/build/mini_car_bot', 'catkin_cmake_args': None, 'catkin_skip_building_tests': False, 'cmake_args': None, 'cmake_clean_cache': False, 'cmake_clean_first': False, 'cmake_force_configure': False, 'cmake_target': None, 'cmake_target_skip_unavailable': False, 'install_base': '/home/lab/vt-cro/robogamescode/car_ws/install/mini_car_bot', 'merge_install': False, 'path': '/home/lab/vt-cro/robogamescode/car_ws/src/mini_car_bot', 'symlink_install': False, 'test_result_base': None}
[0.258s] INFO:colcon.colcon_core.executor:Executing jobs using 'parallel' executor
[0.259s] DEBUG:colcon.colcon_parallel_executor.executor.parallel:run_until_complete
[0.259s] INFO:colcon.colcon_ros.task.ament_cmake.build:Building ROS package in '/home/lab/vt-cro/robogamescode/car_ws/src/articubot_one' with build type 'ament_cmake'
[0.259s] INFO:colcon.colcon_cmake.task.cmake.build:Building CMake package in '/home/lab/vt-cro/robogamescode/car_ws/src/articubot_one'
[0.261s] INFO:colcon.colcon_core.plugin_system:Skipping extension 'colcon_core.shell.bat': Not used on non-Windows systems
[0.261s] INFO:colcon.colcon_core.shell:Skip shell extension 'powershell' for command environment: Not usable outside of PowerShell
[0.261s] DEBUG:colcon.colcon_core.shell:Skip shell extension 'dsv' for command environment
[0.264s] INFO:colcon.colcon_ros.task.ament_cmake.build:Building ROS package in '/home/lab/vt-cro/robogamescode/car_ws/src/mini_car_bot' with build type 'ament_cmake'
[0.264s] INFO:colcon.colcon_cmake.task.cmake.build:Building CMake package in '/home/lab/vt-cro/robogamescode/car_ws/src/mini_car_bot'
[0.264s] INFO:colcon.colcon_core.shell:Skip shell extension 'powershell' for command environment: Not usable outside of PowerShell
[0.264s] DEBUG:colcon.colcon_core.shell:Skip shell extension 'dsv' for command environment
[0.270s] DEBUG:colcon.colcon_core.event_handler.log_command:Invoking command in '/home/lab/vt-cro/robogamescode/car_ws/build/articubot_one': CMAKE_PREFIX_PATH=${CMAKE_PREFIX_PATH}:/opt/ros/jazzy DEBUGINFOD_URLS=https://debuginfod.ubuntu.com /usr/bin/cmake /home/lab/vt-cro/robogamescode/car_ws/src/articubot_one -DCMAKE_INSTALL_PREFIX=/home/lab/vt-cro/robogamescode/car_ws/install/articubot_one
[0.273s] DEBUG:colcon.colcon_core.event_handler.log_command:Invoking command in '/home/lab/vt-cro/robogamescode/car_ws/build/mini_car_bot': CMAKE_PREFIX_PATH=${CMAKE_PREFIX_PATH}:/opt/ros/jazzy DEBUGINFOD_URLS=https://debuginfod.ubuntu.com /usr/bin/cmake /home/lab/vt-cro/robogamescode/car_ws/src/mini_car_bot -DCMAKE_INSTALL_PREFIX=/home/lab/vt-cro/robogamescode/car_ws/install/mini_car_bot
[0.960s] DEBUG:colcon.colcon_core.event_handler.log_command:Invoked command in '/home/lab/vt-cro/robogamescode/car_ws/build/mini_car_bot' returned '0': CMAKE_PREFIX_PATH=${CMAKE_PREFIX_PATH}:/opt/ros/jazzy DEBUGINFOD_URLS=https://debuginfod.ubuntu.com /usr/bin/cmake /home/lab/vt-cro/robogamescode/car_ws/src/mini_car_bot -DCMAKE_INSTALL_PREFIX=/home/lab/vt-cro/robogamescode/car_ws/install/mini_car_bot
[0.961s] DEBUG:colcon.colcon_core.event_handler.log_command:Invoking command in '/home/lab/vt-cro/robogamescode/car_ws/build/mini_car_bot': CMAKE_PREFIX_PATH=${CMAKE_PREFIX_PATH}:/opt/ros/jazzy DEBUGINFOD_URLS=https://debuginfod.ubuntu.com /usr/bin/cmake --build /home/lab/vt-cro/robogamescode/car_ws/build/mini_car_bot -- -j16 -l16
[0.977s] DEBUG:colcon.colcon_core.event_handler.log_command:Invoked command in '/home/lab/vt-cro/robogamescode/car_ws/build/articubot_one' returned '0': CMAKE_PREFIX_PATH=${CMAKE_PREFIX_PATH}:/opt/ros/jazzy DEBUGINFOD_URLS=https://debuginfod.ubuntu.com /usr/bin/cmake /home/lab/vt-cro/robogamescode/car_ws/src/articubot_one -DCMAKE_INSTALL_PREFIX=/home/lab/vt-cro/robogamescode/car_ws/install/articubot_one
[0.978s] DEBUG:colcon.colcon_core.event_handler.log_command:Invoking command in '/home/lab/vt-cro/robogamescode/car_ws/build/articubot_one': CMAKE_PREFIX_PATH=${CMAKE_PREFIX_PATH}:/opt/ros/jazzy DEBUGINFOD_URLS=https://debuginfod.ubuntu.com /usr/bin/cmake --build /home/lab/vt-cro/robogamescode/car_ws/build/articubot_one -- -j16 -l16
[1.001s] DEBUG:colcon.colcon_core.event_handler.log_command:Invoked command in '/home/lab/vt-cro/robogamescode/car_ws/build/mini_car_bot' returned '0': CMAKE_PREFIX_PATH=${CMAKE_PREFIX_PATH}:/opt/ros/jazzy DEBUGINFOD_URLS=https://debuginfod.ubuntu.com /usr/bin/cmake --build /home/lab/vt-cro/robogamescode/car_ws/build/mini_car_bot -- -j16 -l16
[1.010s] DEBUG:colcon.colcon_core.event_handler.log_command:Invoking command in '/home/lab/vt-cro/robogamescode/car_ws/build/mini_car_bot': CMAKE_PREFIX_PATH=${CMAKE_PREFIX_PATH}:/opt/ros/jazzy DEBUGINFOD_URLS=https://debuginfod.ubuntu.com /usr/bin/cmake --install /home/lab/vt-cro/robogamescode/car_ws/build/mini_car_bot
[1.021s] DEBUG:colcon.colcon_core.event_handler.log_command:Invoked command in '/home/lab/vt-cro/robogamescode/car_ws/build/articubot_one' returned '0': CMAKE_PREFIX_PATH=${CMAKE_PREFIX_PATH}:/opt/ros/jazzy DEBUGINFOD_URLS=https://debuginfod.ubuntu.com /usr/bin/cmake --build /home/lab/vt-cro/robogamescode/car_ws/build/articubot_one -- -j16 -l16
[1.022s] DEBUG:colcon.colcon_core.event_handler.log_command:Invoking command in '/home/lab/vt-cro/robogamescode/car_ws/build/articubot_one': CMAKE_PREFIX_PATH=${CMAKE_PREFIX_PATH}:/opt/ros/jazzy DEBUGINFOD_URLS=https://debuginfod.ubuntu.com /usr/bin/cmake --install /home/lab/vt-cro/robogamescode/car_ws/build/articubot_one
[1.029s] Level 1:colcon.colcon_core.environment:create_environment_scripts_only(mini_car_bot)
[1.029s] DEBUG:colcon.colcon_core.event_handler.log_command:Invoked command in '/home/lab/vt-cro/robogamescode/car_ws/build/mini_car_bot' returned '0': CMAKE_PREFIX_PATH=${CMAKE_PREFIX_PATH}:/opt/ros/jazzy DEBUGINFOD_URLS=https://debuginfod.ubuntu.com /usr/bin/cmake --install /home/lab/vt-cro/robogamescode/car_ws/build/mini_car_bot
[1.031s] Level 1:colcon.colcon_core.environment:checking '/home/lab/vt-cro/robogamescode/car_ws/install/mini_car_bot' for CMake module files
[1.032s] Level 1:colcon.colcon_core.environment:checking '/home/lab/vt-cro/robogamescode/car_ws/install/mini_car_bot' for CMake config files
[1.035s] Level 1:colcon.colcon_core.shell:create_environment_hook('mini_car_bot', 'cmake_prefix_path')
[1.036s] INFO:colcon.colcon_core.shell:Creating environment hook '/home/lab/vt-cro/robogamescode/car_ws/install/mini_car_bot/share/mini_car_bot/hook/cmake_prefix_path.ps1'
[1.037s] INFO:colcon.colcon_core.shell:Creating environment descriptor '/home/lab/vt-cro/robogamescode/car_ws/install/mini_car_bot/share/mini_car_bot/hook/cmake_prefix_path.dsv'
[1.038s] INFO:colcon.colcon_core.shell:Creating environment hook '/home/lab/vt-cro/robogamescode/car_ws/install/mini_car_bot/share/mini_car_bot/hook/cmake_prefix_path.sh'
[1.038s] Level 1:colcon.colcon_core.environment:checking '/home/lab/vt-cro/robogamescode/car_ws/install/mini_car_bot/bin'
[1.038s] Level 1:colcon.colcon_core.environment:checking '/home/lab/vt-cro/robogamescode/car_ws/install/mini_car_bot/lib/pkgconfig/mini_car_bot.pc'
[1.038s] Level 1:colcon.colcon_core.environment:checking '/home/lab/vt-cro/robogamescode/car_ws/install/mini_car_bot/lib/python3.12/site-packages'
[1.039s] Level 1:colcon.colcon_core.environment:checking '/home/lab/vt-cro/robogamescode/car_ws/install/mini_car_bot/bin'
[1.039s] INFO:colcon.colcon_core.shell:Creating package script '/home/lab/vt-cro/robogamescode/car_ws/install/mini_car_bot/share/mini_car_bot/package.ps1'
[1.039s] INFO:colcon.colcon_core.shell:Creating package descriptor '/home/lab/vt-cro/robogamescode/car_ws/install/mini_car_bot/share/mini_car_bot/package.dsv'
[1.040s] INFO:colcon.colcon_core.shell:Creating package script '/home/lab/vt-cro/robogamescode/car_ws/install/mini_car_bot/share/mini_car_bot/package.sh'
[1.040s] INFO:colcon.colcon_core.shell:Creating package script '/home/lab/vt-cro/robogamescode/car_ws/install/mini_car_bot/share/mini_car_bot/package.bash'
[1.041s] INFO:colcon.colcon_core.shell:Creating package script '/home/lab/vt-cro/robogamescode/car_ws/install/mini_car_bot/share/mini_car_bot/package.zsh'
[1.041s] Level 1:colcon.colcon_core.environment:create_file_with_runtime_dependencies(/home/lab/vt-cro/robogamescode/car_ws/install/mini_car_bot/share/colcon-core/packages/mini_car_bot)
[1.041s] Level 1:colcon.colcon_core.environment:create_environment_scripts_only(mini_car_bot)
[1.041s] Level 1:colcon.colcon_core.environment:checking '/home/lab/vt-cro/robogamescode/car_ws/install/mini_car_bot' for CMake module files
[1.042s] Level 1:colcon.colcon_core.environment:checking '/home/lab/vt-cro/robogamescode/car_ws/install/mini_car_bot' for CMake config files
[1.042s] Level 1:colcon.colcon_core.shell:create_environment_hook('mini_car_bot', 'cmake_prefix_path')
[1.043s] INFO:colcon.colcon_core.shell:Creating environment hook '/home/lab/vt-cro/robogamescode/car_ws/install/mini_car_bot/share/mini_car_bot/hook/cmake_prefix_path.ps1'
[1.043s] INFO:colcon.colcon_core.shell:Creating environment descriptor '/home/lab/vt-cro/robogamescode/car_ws/install/mini_car_bot/share/mini_car_bot/hook/cmake_prefix_path.dsv'
[1.043s] INFO:colcon.colcon_core.shell:Creating environment hook '/home/lab/vt-cro/robogamescode/car_ws/install/mini_car_bot/share/mini_car_bot/hook/cmake_prefix_path.sh'
[1.044s] Level 1:colcon.colcon_core.environment:checking '/home/lab/vt-cro/robogamescode/car_ws/install/mini_car_bot/bin'
[1.044s] Level 1:colcon.colcon_core.environment:checking '/home/lab/vt-cro/robogamescode/car_ws/install/mini_car_bot/lib/pkgconfig/mini_car_bot.pc'
[1.044s] Level 1:colcon.colcon_core.environment:checking '/home/lab/vt-cro/robogamescode/car_ws/install/mini_car_bot/lib/python3.12/site-packages'
[1.044s] Level 1:colcon.colcon_core.environment:checking '/home/lab/vt-cro/robogamescode/car_ws/install/mini_car_bot/bin'
[1.044s] INFO:colcon.colcon_core.shell:Creating package script '/home/lab/vt-cro/robogamescode/car_ws/install/mini_car_bot/share/mini_car_bot/package.ps1'
[1.044s] INFO:colcon.colcon_core.shell:Creating package descriptor '/home/lab/vt-cro/robogamescode/car_ws/install/mini_car_bot/share/mini_car_bot/package.dsv'
[1.045s] INFO:colcon.colcon_core.shell:Creating package script '/home/lab/vt-cro/robogamescode/car_ws/install/mini_car_bot/share/mini_car_bot/package.sh'
[1.045s] INFO:colcon.colcon_core.shell:Creating package script '/home/lab/vt-cro/robogamescode/car_ws/install/mini_car_bot/share/mini_car_bot/package.bash'
[1.045s] INFO:colcon.colcon_core.shell:Creating package script '/home/lab/vt-cro/robogamescode/car_ws/install/mini_car_bot/share/mini_car_bot/package.zsh'
[1.046s] Level 1:colcon.colcon_core.environment:create_file_with_runtime_dependencies(/home/lab/vt-cro/robogamescode/car_ws/install/mini_car_bot/share/colcon-core/packages/mini_car_bot)
[1.046s] Level 1:colcon.colcon_core.environment:create_environment_scripts_only(articubot_one)
[1.046s] Level 1:colcon.colcon_core.environment:checking '/home/lab/vt-cro/robogamescode/car_ws/install/articubot_one' for CMake module files
[1.047s] DEBUG:colcon.colcon_core.event_handler.log_command:Invoked command in '/home/lab/vt-cro/robogamescode/car_ws/build/articubot_one' returned '0': CMAKE_PREFIX_PATH=${CMAKE_PREFIX_PATH}:/opt/ros/jazzy DEBUGINFOD_URLS=https://debuginfod.ubuntu.com /usr/bin/cmake --install /home/lab/vt-cro/robogamescode/car_ws/build/articubot_one
[1.047s] Level 1:colcon.colcon_core.environment:checking '/home/lab/vt-cro/robogamescode/car_ws/install/articubot_one' for CMake config files
[1.047s] Level 1:colcon.colcon_core.shell:create_environment_hook('articubot_one', 'cmake_prefix_path')
[1.047s] INFO:colcon.colcon_core.shell:Creating environment hook '/home/lab/vt-cro/robogamescode/car_ws/install/articubot_one/share/articubot_one/hook/cmake_prefix_path.ps1'
[1.048s] INFO:colcon.colcon_core.shell:Creating environment descriptor '/home/lab/vt-cro/robogamescode/car_ws/install/articubot_one/share/articubot_one/hook/cmake_prefix_path.dsv'
[1.048s] INFO:colcon.colcon_core.shell:Creating environment hook '/home/lab/vt-cro/robogamescode/car_ws/install/articubot_one/share/articubot_one/hook/cmake_prefix_path.sh'
[1.048s] Level 1:colcon.colcon_core.environment:checking '/home/lab/vt-cro/robogamescode/car_ws/install/articubot_one/bin'
[1.048s] Level 1:colcon.colcon_core.environment:checking '/home/lab/vt-cro/robogamescode/car_ws/install/articubot_one/lib/pkgconfig/articubot_one.pc'
[1.048s] Level 1:colcon.colcon_core.environment:checking '/home/lab/vt-cro/robogamescode/car_ws/install/articubot_one/lib/python3.12/site-packages'
[1.049s] Level 1:colcon.colcon_core.environment:checking '/home/lab/vt-cro/robogamescode/car_ws/install/articubot_one/bin'
[1.049s] INFO:colcon.colcon_core.shell:Creating package script '/home/lab/vt-cro/robogamescode/car_ws/install/articubot_one/share/articubot_one/package.ps1'
[1.049s] INFO:colcon.colcon_core.shell:Creating package descriptor '/home/lab/vt-cro/robogamescode/car_ws/install/articubot_one/share/articubot_one/package.dsv'
[1.049s] INFO:colcon.colcon_core.shell:Creating package script '/home/lab/vt-cro/robogamescode/car_ws/install/articubot_one/share/articubot_one/package.sh'
[1.049s] INFO:colcon.colcon_core.shell:Creating package script '/home/lab/vt-cro/robogamescode/car_ws/install/articubot_one/share/articubot_one/package.bash'
[1.050s] INFO:colcon.colcon_core.shell:Creating package script '/home/lab/vt-cro/robogamescode/car_ws/install/articubot_one/share/articubot_one/package.zsh'
[1.050s] Level 1:colcon.colcon_core.environment:create_file_with_runtime_dependencies(/home/lab/vt-cro/robogamescode/car_ws/install/articubot_one/share/colcon-core/packages/articubot_one)
[1.050s] Level 1:colcon.colcon_core.environment:create_environment_scripts_only(articubot_one)
[1.050s] Level 1:colcon.colcon_core.environment:checking '/home/lab/vt-cro/robogamescode/car_ws/install/articubot_one' for CMake module files
[1.051s] Level 1:colcon.colcon_core.environment:checking '/home/lab/vt-cro/robogamescode/car_ws/install/articubot_one' for CMake config files
[1.051s] Level 1:colcon.colcon_core.shell:create_environment_hook('articubot_one', 'cmake_prefix_path')
[1.051s] INFO:colcon.colcon_core.shell:Creating environment hook '/home/lab/vt-cro/robogamescode/car_ws/install/articubot_one/share/articubot_one/hook/cmake_prefix_path.ps1'
[1.051s] INFO:colcon.colcon_core.shell:Creating environment descriptor '/home/lab/vt-cro/robogamescode/car_ws/install/articubot_one/share/articubot_one/hook/cmake_prefix_path.dsv'
[1.051s] INFO:colcon.colcon_core.shell:Creating environment hook '/home/lab/vt-cro/robogamescode/car_ws/install/articubot_one/share/articubot_one/hook/cmake_prefix_path.sh'
[1.052s] Level 1:colcon.colcon_core.environment:checking '/home/lab/vt-cro/robogamescode/car_ws/install/articubot_one/bin'
[1.052s] Level 1:colcon.colcon_core.environment:checking '/home/lab/vt-cro/robogamescode/car_ws/install/articubot_one/lib/pkgconfig/articubot_one.pc'
[1.052s] Level 1:colcon.colcon_core.environment:checking '/home/lab/vt-cro/robogamescode/car_ws/install/articubot_one/lib/python3.12/site-packages'
[1.052s] Level 1:colcon.colcon_core.environment:checking '/home/lab/vt-cro/robogamescode/car_ws/install/articubot_one/bin'
[1.052s] INFO:colcon.colcon_core.shell:Creating package script '/home/lab/vt-cro/robogamescode/car_ws/install/articubot_one/share/articubot_one/package.ps1'
[1.053s] INFO:colcon.colcon_core.shell:Creating package descriptor '/home/lab/vt-cro/robogamescode/car_ws/install/articubot_one/share/articubot_one/package.dsv'
[1.053s] INFO:colcon.colcon_core.shell:Creating package script '/home/lab/vt-cro/robogamescode/car_ws/install/articubot_one/share/articubot_one/package.sh'
[1.053s] INFO:colcon.colcon_core.shell:Creating package script '/home/lab/vt-cro/robogamescode/car_ws/install/articubot_one/share/articubot_one/package.bash'
[1.054s] INFO:colcon.colcon_core.shell:Creating package script '/home/lab/vt-cro/robogamescode/car_ws/install/articubot_one/share/articubot_one/package.zsh'
[1.054s] Level 1:colcon.colcon_core.environment:create_file_with_runtime_dependencies(/home/lab/vt-cro/robogamescode/car_ws/install/articubot_one/share/colcon-core/packages/articubot_one)
[1.054s] DEBUG:colcon.colcon_parallel_executor.executor.parallel:closing loop
[1.054s] DEBUG:colcon.colcon_parallel_executor.executor.parallel:loop closed
[1.054s] DEBUG:colcon.colcon_parallel_executor.executor.parallel:run_until_complete finished with '0'
[1.054s] DEBUG:colcon.colcon_core.event_reactor:joining thread
[1.059s] INFO:colcon.colcon_core.plugin_system:Skipping extension 'colcon_notification.desktop_notification.terminal_notifier': Not used on non-Darwin systems
[1.059s] INFO:colcon.colcon_core.plugin_system:Skipping extension 'colcon_notification.desktop_notification.win32': Not used on non-Windows systems
[1.059s] INFO:colcon.colcon_notification.desktop_notification:Sending desktop notification using 'notify2'
[1.083s] DEBUG:colcon.colcon_core.event_reactor:joined thread
[1.083s] INFO:colcon.colcon_core.shell:Creating prefix script '/home/lab/vt-cro/robogamescode/car_ws/install/local_setup.ps1'
[1.084s] INFO:colcon.colcon_core.shell:Creating prefix util module '/home/lab/vt-cro/robogamescode/car_ws/install/_local_setup_util_ps1.py'
[1.085s] INFO:colcon.colcon_core.shell:Creating prefix chain script '/home/lab/vt-cro/robogamescode/car_ws/install/setup.ps1'
[1.086s] INFO:colcon.colcon_core.shell:Creating prefix script '/home/lab/vt-cro/robogamescode/car_ws/install/local_setup.sh'
[1.086s] INFO:colcon.colcon_core.shell:Creating prefix util module '/home/lab/vt-cro/robogamescode/car_ws/install/_local_setup_util_sh.py'
[1.087s] INFO:colcon.colcon_core.shell:Creating prefix chain script '/home/lab/vt-cro/robogamescode/car_ws/install/setup.sh'
[1.088s] INFO:colcon.colcon_core.shell:Creating prefix script '/home/lab/vt-cro/robogamescode/car_ws/install/local_setup.bash'
[1.088s] INFO:colcon.colcon_core.shell:Creating prefix chain script '/home/lab/vt-cro/robogamescode/car_ws/install/setup.bash'
[1.089s] INFO:colcon.colcon_core.shell:Creating prefix script '/home/lab/vt-cro/robogamescode/car_ws/install/local_setup.zsh'
[1.089s] INFO:colcon.colcon_core.shell:Creating prefix chain script '/home/lab/vt-cro/robogamescode/car_ws/install/setup.zsh'
