[0.000000] (-) TimerEvent: {}
[0.000186] (articubot_one) JobQueued: {'identifier': 'articubot_one', 'dependencies': OrderedDict()}
[0.000213] (articubot_one) JobStarted: {'identifier': 'articubot_one'}
[0.006698] (articubot_one) JobProgress: {'identifier': 'articubot_one', 'progress': 'cmake'}
[0.007100] (articubot_one) Command: {'cmd': ['/usr/bin/cmake', '/home/houndsito/vt-cro/robogamescode/car_ws/src/articubot_one', '-DCMAKE_INSTALL_PREFIX=/home/houndsito/vt-cro/robogamescode/car_ws/install/articubot_one'], 'cwd': '/home/houndsito/vt-cro/robogamescode/car_ws/build/articubot_one', 'env': OrderedDict({'USER': 'houndsito', 'GZ_CONFIG_PATH': '/opt/ros/jazzy/opt/gz_launch_vendor/share/gz:/opt/ros/jazzy/opt/gz_sim_vendor/share/gz:/opt/ros/jazzy/opt/sdformat_vendor/share/gz:/opt/ros/jazzy/opt/gz_gui_vendor/share/gz:/opt/ros/jazzy/opt/gz_transport_vendor/share/gz:/opt/ros/jazzy/opt/gz_rendering_vendor/share/gz:/opt/ros/jazzy/opt/gz_plugin_vendor/share/gz:/opt/ros/jazzy/opt/gz_fuel_tools_vendor/share/gz:/opt/ros/jazzy/opt/gz_msgs_vendor/share/gz:/opt/ros/jazzy/opt/gz_common_vendor/share/gz', 'XDG_SESSION_TYPE': 'x11', 'SHLVL': '2', 'LD_LIBRARY_PATH': '/opt/ros/jazzy/opt/gz_launch_vendor/lib:/opt/ros/jazzy/opt/gz_sim_vendor/lib:/opt/ros/jazzy/opt/gz_sensors_vendor/lib:/opt/ros/jazzy/opt/gz_physics_vendor/lib:/opt/ros/jazzy/opt/sdformat_vendor/lib:/opt/ros/jazzy/opt/rviz_ogre_vendor/lib:/opt/ros/jazzy/lib/x86_64-linux-gnu:/opt/ros/jazzy/opt/gz_gui_vendor/lib:/opt/ros/jazzy/opt/gz_transport_vendor/lib:/opt/ros/jazzy/opt/gz_rendering_vendor/lib:/opt/ros/jazzy/opt/gz_plugin_vendor/lib:/opt/ros/jazzy/opt/gz_fuel_tools_vendor/lib:/opt/ros/jazzy/opt/gz_msgs_vendor/lib:/opt/ros/jazzy/opt/gz_common_vendor/lib:/opt/ros/jazzy/opt/gz_math_vendor/lib:/opt/ros/jazzy/opt/gz_utils_vendor/lib:/opt/ros/jazzy/opt/gz_tools_vendor/lib:/opt/ros/jazzy/opt/gz_ogre_next_vendor/lib:/opt/ros/jazzy/opt/gz_dartsim_vendor/lib:/opt/ros/jazzy/opt/gz_cmake_vendor/lib:/opt/ros/jazzy/lib', 'HOME': '/home/houndsito', 'TERMINFO': '/usr/lib/kitty/terminfo', 'DESKTOP_SESSION': 'ubuntu', 'KITTY_INSTALLATION_DIR': '/usr/lib/kitty', 'ROS_PYTHON_VERSION': '3', 'GNOME_SHELL_SESSION_MODE': 'ubuntu', 'GTK_MODULES': 'gail:atk-bridge', 'KITTY_PID': '6990', 'MANAGERPID': '2098', 'SYSTEMD_EXEC_PID': '2681', 'GSM_SKIP_SSH_AGENT_WORKAROUND': 'true', 'DBUS_SESSION_BUS_ADDRESS': 'unix:path=/run/user/1000/bus', 'COLORTERM': 'truecolor', 'GIO_LAUNCHED_DESKTOP_FILE_PID': '6990', 'GNOME_KEYRING_CONTROL': '/run/user/1000/keyring', 'DEBUGINFOD_URLS': 'https://debuginfod.ubuntu.com', 'OMF_PATH': '/home/houndsito/.local/share/omf', 'ROS_DISTRO': 'jazzy', 'LOGNAME': 'houndsito', 'WINDOWID': '58720267', 'JOURNAL_STREAM': '9:14264', '_': '/usr/bin/colcon', 'ROS_VERSION': '2', 'MEMORY_PRESSURE_WATCH': '/sys/fs/cgroup/user.slice/user-1000.slice/user@1000.service/session.slice/org.gnome.SettingsDaemon.MediaKeys.service/memory.pressure', 'XDG_SESSION_CLASS': 'user', 'KITTY_PUBLIC_KEY': '1:rGFa2u!^#jPTSsO&fz|bdLt&;j_p{QeLow`kg{V&', 'USERNAME': 'houndsito', 'TERM': 'xterm-kitty', 'GNOME_DESKTOP_SESSION_ID': 'this-is-deprecated', 'WINDOWPATH': '2', 'PATH': '/opt/ros/jazzy/opt/gz_msgs_vendor/bin:/opt/ros/jazzy/opt/gz_tools_vendor/bin:/opt/ros/jazzy/opt/gz_ogre_next_vendor/bin:/opt/ros/jazzy/bin:/home/houndsito/.local/bin:/home/houndsito/bin:/usr/local/sbin:/usr/local/bin:/usr/sbin:/usr/bin:/sbin:/bin:/usr/games:/usr/local/games:/snap/bin:/snap/bin', 'SESSION_MANAGER': 'local/DPM:@/tmp/.ICE-unix/2532,unix/DPM:/tmp/.ICE-unix/2532', 'INVOCATION_ID': '910b4d1297b44c2d9caf735e8cc2acd7', 'XDG_MENU_PREFIX': 'gnome-', 'XDG_RUNTIME_DIR': '/run/user/1000', 'DISPLAY': ':1', 'LANG': 'en_US.UTF-8', 'XDG_CURRENT_DESKTOP': 'ubuntu:GNOME', 'XMODIFIERS': '@im=ibus', 'XDG_SESSION_DESKTOP': 'ubuntu', 'XAUTHORITY': '/run/user/1000/gdm/Xauthority', 'SSH_AUTH_SOCK': '/run/user/1000/keyring/ssh', 'AMENT_PREFIX_PATH': '/opt/ros/jazzy', 'SHELL': '/usr/bin/fish', 'QT_ACCESSIBILITY': '1', 'GDMSESSION': 'ubuntu', 'KITTY_WINDOW_ID': '1', 'GPG_AGENT_INFO': '/run/user/1000/gnupg/S.gpg-agent:0:1', 'ROS_AUTOMATIC_DISCOVERY_RANGE': 'SUBNET', 'QT_IM_MODULE': 'ibus', 'PWD': '/home/houndsito/vt-cro/robogamescode/car_ws/build/articubot_one', 'LC_ALL': 'en_US.UTF-8', 'XDG_CONFIG_DIRS': '/etc/xdg/xdg-ubuntu:/etc/xdg', 'XDG_DATA_DIRS': '/usr/share/ubuntu:/usr/share/gnome:/usr/local/share/:/usr/share/:/var/lib/snapd/desktop', 'OMF_CONFIG': '/home/houndsito/.config/omf', 'PYTHONPATH': '/opt/ros/jazzy/lib/python3.12/site-packages', 'COLCON': '1', 'MEMORY_PRESSURE_WRITE': 'c29tZSAyMDAwMDAgMjAwMDAwMAA=', 'CMAKE_PREFIX_PATH': '/opt/ros/jazzy/opt/gz_launch_vendor:/opt/ros/jazzy/opt/gz_sim_vendor:/opt/ros/jazzy/opt/gz_sensors_vendor:/opt/ros/jazzy/opt/gz_physics_vendor:/opt/ros/jazzy/opt/sdformat_vendor:/opt/ros/jazzy/opt/gz_gui_vendor:/opt/ros/jazzy/opt/gz_transport_vendor:/opt/ros/jazzy/opt/gz_rendering_vendor:/opt/ros/jazzy/opt/gz_plugin_vendor:/opt/ros/jazzy/opt/gz_fuel_tools_vendor:/opt/ros/jazzy/opt/gz_msgs_vendor:/opt/ros/jazzy/opt/gz_common_vendor:/opt/ros/jazzy/opt/gz_math_vendor:/opt/ros/jazzy/opt/gz_utils_vendor:/opt/ros/jazzy/opt/gz_tools_vendor:/opt/ros/jazzy/opt/gz_ogre_next_vendor:/opt/ros/jazzy/opt/gz_dartsim_vendor:/opt/ros/jazzy/opt/gz_cmake_vendor:/opt/ros/jazzy'}), 'shell': False}
[0.059422] (articubot_one) StdoutLine: {'line': b'-- The C compiler identification is GNU 13.3.0\n'}
[0.099275] (-) TimerEvent: {}
[0.107401] (articubot_one) StdoutLine: {'line': b'-- The CXX compiler identification is GNU 13.3.0\n'}
[0.124894] (articubot_one) StdoutLine: {'line': b'-- Detecting C compiler ABI info\n'}
[0.199376] (-) TimerEvent: {}
[0.212832] (articubot_one) StdoutLine: {'line': b'-- Detecting C compiler ABI info - done\n'}
[0.220178] (articubot_one) StdoutLine: {'line': b'-- Check for working C compiler: /usr/bin/cc - skipped\n'}
[0.220373] (articubot_one) StdoutLine: {'line': b'-- Detecting C compile features\n'}
[0.220637] (articubot_one) StdoutLine: {'line': b'-- Detecting C compile features - done\n'}
[0.229409] (articubot_one) StdoutLine: {'line': b'-- Detecting CXX compiler ABI info\n'}
[0.299472] (-) TimerEvent: {}
[0.327023] (articubot_one) StdoutLine: {'line': b'-- Detecting CXX compiler ABI info - done\n'}
[0.333894] (articubot_one) StdoutLine: {'line': b'-- Check for working CXX compiler: /usr/bin/c++ - skipped\n'}
[0.334127] (articubot_one) StdoutLine: {'line': b'-- Detecting CXX compile features\n'}
[0.334469] (articubot_one) StdoutLine: {'line': b'-- Detecting CXX compile features - done\n'}
[0.338640] (articubot_one) StdoutLine: {'line': b'-- Found ament_cmake: 2.5.3 (/opt/ros/jazzy/share/ament_cmake/cmake)\n'}
[0.399564] (-) TimerEvent: {}
[0.468610] (articubot_one) StdoutLine: {'line': b'-- Found Python3: /usr/bin/python3 (found version "3.12.3") found components: Interpreter \n'}
[0.499682] (-) TimerEvent: {}
[0.578208] (articubot_one) StdoutLine: {'line': b'-- Found rclpy: 7.1.3 (/opt/ros/jazzy/share/rclpy/cmake)\n'}
[0.581375] (articubot_one) StdoutLine: {'line': b'-- Found sensor_msgs: 5.3.5 (/opt/ros/jazzy/share/sensor_msgs/cmake)\n'}
[0.600054] (-) TimerEvent: {}
[0.629993] (articubot_one) StdoutLine: {'line': b'-- Found rosidl_generator_c: 4.6.5 (/opt/ros/jazzy/share/rosidl_generator_c/cmake)\n'}
[0.645846] (articubot_one) StdoutLine: {'line': b'-- Found rosidl_generator_cpp: 4.6.5 (/opt/ros/jazzy/share/rosidl_generator_cpp/cmake)\n'}
[0.663508] (articubot_one) StdoutLine: {'line': b'-- Using all available rosidl_typesupport_c: rosidl_typesupport_fastrtps_c;rosidl_typesupport_introspection_c\n'}
[0.682622] (articubot_one) StdoutLine: {'line': b'-- Using all available rosidl_typesupport_cpp: rosidl_typesupport_fastrtps_cpp;rosidl_typesupport_introspection_cpp\n'}
[0.700161] (-) TimerEvent: {}
[0.762667] (articubot_one) StdoutLine: {'line': b'-- Found cv_bridge: 4.1.0 (/opt/ros/jazzy/share/cv_bridge/cmake)\n'}
[0.800346] (-) TimerEvent: {}
[0.828670] (articubot_one) StdoutLine: {'line': b'-- Found rmw_implementation_cmake: 7.3.1 (/opt/ros/jazzy/share/rmw_implementation_cmake/cmake)\n'}
[0.832724] (articubot_one) StdoutLine: {'line': b'-- Found rmw_fastrtps_cpp: 8.4.1 (/opt/ros/jazzy/share/rmw_fastrtps_cpp/cmake)\n'}
[0.900429] (-) TimerEvent: {}
[0.936453] (articubot_one) StdoutLine: {'line': b'-- Found OpenSSL: /usr/lib/x86_64-linux-gnu/libcrypto.so (found version "3.0.13")  \n'}
[0.955861] (articubot_one) StdoutLine: {'line': b'-- Found FastRTPS: /opt/ros/jazzy/include (Required is at least version "2.13") \n'}
[0.978013] (articubot_one) StdoutLine: {'line': b"-- Using RMW implementation 'rmw_fastrtps_cpp' as default\n"}
[1.000518] (-) TimerEvent: {}
[1.052369] (articubot_one) StdoutLine: {'line': b'-- Found image_transport: 5.1.5 (/opt/ros/jazzy/share/image_transport/cmake)\n'}
[1.086358] (articubot_one) StdoutLine: {'line': b'-- Found image_geometry: 4.1.0 (/opt/ros/jazzy/share/image_geometry/cmake)\n'}
[1.091659] (articubot_one) StdoutLine: {'line': b'-- Found ament_lint_auto: 0.17.1 (/opt/ros/jazzy/share/ament_lint_auto/cmake)\n'}
[1.100622] (-) TimerEvent: {}
[1.193927] (articubot_one) StdoutLine: {'line': b"-- Added test 'copyright' to check source files copyright and LICENSE\n"}
[1.198442] (articubot_one) StdoutLine: {'line': b"-- Added test 'cppcheck' to perform static code analysis on C / C++ code\n"}
[1.198613] (articubot_one) StdoutLine: {'line': b'-- Configured cppcheck include dirs: \n'}
[1.198725] (articubot_one) StdoutLine: {'line': b'-- Configured cppcheck exclude dirs and/or files: \n'}
[1.200700] (-) TimerEvent: {}
[1.203435] (articubot_one) StdoutLine: {'line': b"-- Added test 'cpplint' to check C / C++ code against the Google style\n"}
[1.203606] (articubot_one) StdoutLine: {'line': b'-- Configured cpplint exclude dirs and/or files: \n'}
[1.204451] (articubot_one) StdoutLine: {'line': b"-- Added test 'flake8' to check Python code syntax and style conventions\n"}
[1.204511] (articubot_one) StdoutLine: {'line': b"-- Configured 'flake8' exclude dirs and/or files: \n"}
[1.205963] (articubot_one) StdoutLine: {'line': b"-- Added test 'lint_cmake' to check CMake code style\n"}
[1.206974] (articubot_one) StdoutLine: {'line': b"-- Added test 'pep257' to check Python code against some of the docstring style conventions in PEP 257\n"}
[1.211260] (articubot_one) StdoutLine: {'line': b"-- Added test 'uncrustify' to check C / C++ code style\n"}
[1.211431] (articubot_one) StdoutLine: {'line': b'-- Configured uncrustify additional arguments: \n'}
[1.212302] (articubot_one) StdoutLine: {'line': b"-- Added test 'xmllint' to check XML markup files\n"}
[1.213798] (articubot_one) StdoutLine: {'line': b'-- Configuring done (1.2s)\n'}
[1.218855] (articubot_one) StdoutLine: {'line': b'-- Generating done (0.0s)\n'}
[1.220803] (articubot_one) StdoutLine: {'line': b'-- Build files have been written to: /home/houndsito/vt-cro/robogamescode/car_ws/build/articubot_one\n'}
[1.231258] (articubot_one) CommandEnded: {'returncode': 0}
[1.231930] (articubot_one) JobProgress: {'identifier': 'articubot_one', 'progress': 'build'}
[1.232521] (articubot_one) Command: {'cmd': ['/usr/bin/cmake', '--build', '/home/houndsito/vt-cro/robogamescode/car_ws/build/articubot_one', '--', '-j16', '-l16'], 'cwd': '/home/houndsito/vt-cro/robogamescode/car_ws/build/articubot_one', 'env': OrderedDict({'USER': 'houndsito', 'GZ_CONFIG_PATH': '/opt/ros/jazzy/opt/gz_launch_vendor/share/gz:/opt/ros/jazzy/opt/gz_sim_vendor/share/gz:/opt/ros/jazzy/opt/sdformat_vendor/share/gz:/opt/ros/jazzy/opt/gz_gui_vendor/share/gz:/opt/ros/jazzy/opt/gz_transport_vendor/share/gz:/opt/ros/jazzy/opt/gz_rendering_vendor/share/gz:/opt/ros/jazzy/opt/gz_plugin_vendor/share/gz:/opt/ros/jazzy/opt/gz_fuel_tools_vendor/share/gz:/opt/ros/jazzy/opt/gz_msgs_vendor/share/gz:/opt/ros/jazzy/opt/gz_common_vendor/share/gz', 'XDG_SESSION_TYPE': 'x11', 'SHLVL': '2', 'LD_LIBRARY_PATH': '/opt/ros/jazzy/opt/gz_launch_vendor/lib:/opt/ros/jazzy/opt/gz_sim_vendor/lib:/opt/ros/jazzy/opt/gz_sensors_vendor/lib:/opt/ros/jazzy/opt/gz_physics_vendor/lib:/opt/ros/jazzy/opt/sdformat_vendor/lib:/opt/ros/jazzy/opt/rviz_ogre_vendor/lib:/opt/ros/jazzy/lib/x86_64-linux-gnu:/opt/ros/jazzy/opt/gz_gui_vendor/lib:/opt/ros/jazzy/opt/gz_transport_vendor/lib:/opt/ros/jazzy/opt/gz_rendering_vendor/lib:/opt/ros/jazzy/opt/gz_plugin_vendor/lib:/opt/ros/jazzy/opt/gz_fuel_tools_vendor/lib:/opt/ros/jazzy/opt/gz_msgs_vendor/lib:/opt/ros/jazzy/opt/gz_common_vendor/lib:/opt/ros/jazzy/opt/gz_math_vendor/lib:/opt/ros/jazzy/opt/gz_utils_vendor/lib:/opt/ros/jazzy/opt/gz_tools_vendor/lib:/opt/ros/jazzy/opt/gz_ogre_next_vendor/lib:/opt/ros/jazzy/opt/gz_dartsim_vendor/lib:/opt/ros/jazzy/opt/gz_cmake_vendor/lib:/opt/ros/jazzy/lib', 'HOME': '/home/houndsito', 'TERMINFO': '/usr/lib/kitty/terminfo', 'DESKTOP_SESSION': 'ubuntu', 'KITTY_INSTALLATION_DIR': '/usr/lib/kitty', 'ROS_PYTHON_VERSION': '3', 'GNOME_SHELL_SESSION_MODE': 'ubuntu', 'GTK_MODULES': 'gail:atk-bridge', 'KITTY_PID': '6990', 'MANAGERPID': '2098', 'SYSTEMD_EXEC_PID': '2681', 'GSM_SKIP_SSH_AGENT_WORKAROUND': 'true', 'DBUS_SESSION_BUS_ADDRESS': 'unix:path=/run/user/1000/bus', 'COLORTERM': 'truecolor', 'GIO_LAUNCHED_DESKTOP_FILE_PID': '6990', 'GNOME_KEYRING_CONTROL': '/run/user/1000/keyring', 'DEBUGINFOD_URLS': 'https://debuginfod.ubuntu.com', 'OMF_PATH': '/home/houndsito/.local/share/omf', 'ROS_DISTRO': 'jazzy', 'LOGNAME': 'houndsito', 'WINDOWID': '58720267', 'JOURNAL_STREAM': '9:14264', '_': '/usr/bin/colcon', 'ROS_VERSION': '2', 'MEMORY_PRESSURE_WATCH': '/sys/fs/cgroup/user.slice/user-1000.slice/user@1000.service/session.slice/org.gnome.SettingsDaemon.MediaKeys.service/memory.pressure', 'XDG_SESSION_CLASS': 'user', 'KITTY_PUBLIC_KEY': '1:rGFa2u!^#jPTSsO&fz|bdLt&;j_p{QeLow`kg{V&', 'USERNAME': 'houndsito', 'TERM': 'xterm-kitty', 'GNOME_DESKTOP_SESSION_ID': 'this-is-deprecated', 'WINDOWPATH': '2', 'PATH': '/opt/ros/jazzy/opt/gz_msgs_vendor/bin:/opt/ros/jazzy/opt/gz_tools_vendor/bin:/opt/ros/jazzy/opt/gz_ogre_next_vendor/bin:/opt/ros/jazzy/bin:/home/houndsito/.local/bin:/home/houndsito/bin:/usr/local/sbin:/usr/local/bin:/usr/sbin:/usr/bin:/sbin:/bin:/usr/games:/usr/local/games:/snap/bin:/snap/bin', 'SESSION_MANAGER': 'local/DPM:@/tmp/.ICE-unix/2532,unix/DPM:/tmp/.ICE-unix/2532', 'INVOCATION_ID': '910b4d1297b44c2d9caf735e8cc2acd7', 'XDG_MENU_PREFIX': 'gnome-', 'XDG_RUNTIME_DIR': '/run/user/1000', 'DISPLAY': ':1', 'LANG': 'en_US.UTF-8', 'XDG_CURRENT_DESKTOP': 'ubuntu:GNOME', 'XMODIFIERS': '@im=ibus', 'XDG_SESSION_DESKTOP': 'ubuntu', 'XAUTHORITY': '/run/user/1000/gdm/Xauthority', 'SSH_AUTH_SOCK': '/run/user/1000/keyring/ssh', 'AMENT_PREFIX_PATH': '/opt/ros/jazzy', 'SHELL': '/usr/bin/fish', 'QT_ACCESSIBILITY': '1', 'GDMSESSION': 'ubuntu', 'KITTY_WINDOW_ID': '1', 'GPG_AGENT_INFO': '/run/user/1000/gnupg/S.gpg-agent:0:1', 'ROS_AUTOMATIC_DISCOVERY_RANGE': 'SUBNET', 'QT_IM_MODULE': 'ibus', 'PWD': '/home/houndsito/vt-cro/robogamescode/car_ws/build/articubot_one', 'LC_ALL': 'en_US.UTF-8', 'XDG_CONFIG_DIRS': '/etc/xdg/xdg-ubuntu:/etc/xdg', 'XDG_DATA_DIRS': '/usr/share/ubuntu:/usr/share/gnome:/usr/local/share/:/usr/share/:/var/lib/snapd/desktop', 'OMF_CONFIG': '/home/houndsito/.config/omf', 'PYTHONPATH': '/opt/ros/jazzy/lib/python3.12/site-packages', 'COLCON': '1', 'MEMORY_PRESSURE_WRITE': 'c29tZSAyMDAwMDAgMjAwMDAwMAA=', 'CMAKE_PREFIX_PATH': '/opt/ros/jazzy/opt/gz_launch_vendor:/opt/ros/jazzy/opt/gz_sim_vendor:/opt/ros/jazzy/opt/gz_sensors_vendor:/opt/ros/jazzy/opt/gz_physics_vendor:/opt/ros/jazzy/opt/sdformat_vendor:/opt/ros/jazzy/opt/gz_gui_vendor:/opt/ros/jazzy/opt/gz_transport_vendor:/opt/ros/jazzy/opt/gz_rendering_vendor:/opt/ros/jazzy/opt/gz_plugin_vendor:/opt/ros/jazzy/opt/gz_fuel_tools_vendor:/opt/ros/jazzy/opt/gz_msgs_vendor:/opt/ros/jazzy/opt/gz_common_vendor:/opt/ros/jazzy/opt/gz_math_vendor:/opt/ros/jazzy/opt/gz_utils_vendor:/opt/ros/jazzy/opt/gz_tools_vendor:/opt/ros/jazzy/opt/gz_ogre_next_vendor:/opt/ros/jazzy/opt/gz_dartsim_vendor:/opt/ros/jazzy/opt/gz_cmake_vendor:/opt/ros/jazzy'}), 'shell': False}
[1.275213] (articubot_one) CommandEnded: {'returncode': 0}
[1.275826] (articubot_one) JobProgress: {'identifier': 'articubot_one', 'progress': 'install'}
[1.284703] (articubot_one) Command: {'cmd': ['/usr/bin/cmake', '--install', '/home/houndsito/vt-cro/robogamescode/car_ws/build/articubot_one'], 'cwd': '/home/houndsito/vt-cro/robogamescode/car_ws/build/articubot_one', 'env': OrderedDict({'USER': 'houndsito', 'GZ_CONFIG_PATH': '/opt/ros/jazzy/opt/gz_launch_vendor/share/gz:/opt/ros/jazzy/opt/gz_sim_vendor/share/gz:/opt/ros/jazzy/opt/sdformat_vendor/share/gz:/opt/ros/jazzy/opt/gz_gui_vendor/share/gz:/opt/ros/jazzy/opt/gz_transport_vendor/share/gz:/opt/ros/jazzy/opt/gz_rendering_vendor/share/gz:/opt/ros/jazzy/opt/gz_plugin_vendor/share/gz:/opt/ros/jazzy/opt/gz_fuel_tools_vendor/share/gz:/opt/ros/jazzy/opt/gz_msgs_vendor/share/gz:/opt/ros/jazzy/opt/gz_common_vendor/share/gz', 'XDG_SESSION_TYPE': 'x11', 'SHLVL': '2', 'LD_LIBRARY_PATH': '/opt/ros/jazzy/opt/gz_launch_vendor/lib:/opt/ros/jazzy/opt/gz_sim_vendor/lib:/opt/ros/jazzy/opt/gz_sensors_vendor/lib:/opt/ros/jazzy/opt/gz_physics_vendor/lib:/opt/ros/jazzy/opt/sdformat_vendor/lib:/opt/ros/jazzy/opt/rviz_ogre_vendor/lib:/opt/ros/jazzy/lib/x86_64-linux-gnu:/opt/ros/jazzy/opt/gz_gui_vendor/lib:/opt/ros/jazzy/opt/gz_transport_vendor/lib:/opt/ros/jazzy/opt/gz_rendering_vendor/lib:/opt/ros/jazzy/opt/gz_plugin_vendor/lib:/opt/ros/jazzy/opt/gz_fuel_tools_vendor/lib:/opt/ros/jazzy/opt/gz_msgs_vendor/lib:/opt/ros/jazzy/opt/gz_common_vendor/lib:/opt/ros/jazzy/opt/gz_math_vendor/lib:/opt/ros/jazzy/opt/gz_utils_vendor/lib:/opt/ros/jazzy/opt/gz_tools_vendor/lib:/opt/ros/jazzy/opt/gz_ogre_next_vendor/lib:/opt/ros/jazzy/opt/gz_dartsim_vendor/lib:/opt/ros/jazzy/opt/gz_cmake_vendor/lib:/opt/ros/jazzy/lib', 'HOME': '/home/houndsito', 'TERMINFO': '/usr/lib/kitty/terminfo', 'DESKTOP_SESSION': 'ubuntu', 'KITTY_INSTALLATION_DIR': '/usr/lib/kitty', 'ROS_PYTHON_VERSION': '3', 'GNOME_SHELL_SESSION_MODE': 'ubuntu', 'GTK_MODULES': 'gail:atk-bridge', 'KITTY_PID': '6990', 'MANAGERPID': '2098', 'SYSTEMD_EXEC_PID': '2681', 'GSM_SKIP_SSH_AGENT_WORKAROUND': 'true', 'DBUS_SESSION_BUS_ADDRESS': 'unix:path=/run/user/1000/bus', 'COLORTERM': 'truecolor', 'GIO_LAUNCHED_DESKTOP_FILE_PID': '6990', 'GNOME_KEYRING_CONTROL': '/run/user/1000/keyring', 'DEBUGINFOD_URLS': 'https://debuginfod.ubuntu.com', 'OMF_PATH': '/home/houndsito/.local/share/omf', 'ROS_DISTRO': 'jazzy', 'LOGNAME': 'houndsito', 'WINDOWID': '58720267', 'JOURNAL_STREAM': '9:14264', '_': '/usr/bin/colcon', 'ROS_VERSION': '2', 'MEMORY_PRESSURE_WATCH': '/sys/fs/cgroup/user.slice/user-1000.slice/user@1000.service/session.slice/org.gnome.SettingsDaemon.MediaKeys.service/memory.pressure', 'XDG_SESSION_CLASS': 'user', 'KITTY_PUBLIC_KEY': '1:rGFa2u!^#jPTSsO&fz|bdLt&;j_p{QeLow`kg{V&', 'USERNAME': 'houndsito', 'TERM': 'xterm-kitty', 'GNOME_DESKTOP_SESSION_ID': 'this-is-deprecated', 'WINDOWPATH': '2', 'PATH': '/opt/ros/jazzy/opt/gz_msgs_vendor/bin:/opt/ros/jazzy/opt/gz_tools_vendor/bin:/opt/ros/jazzy/opt/gz_ogre_next_vendor/bin:/opt/ros/jazzy/bin:/home/houndsito/.local/bin:/home/houndsito/bin:/usr/local/sbin:/usr/local/bin:/usr/sbin:/usr/bin:/sbin:/bin:/usr/games:/usr/local/games:/snap/bin:/snap/bin', 'SESSION_MANAGER': 'local/DPM:@/tmp/.ICE-unix/2532,unix/DPM:/tmp/.ICE-unix/2532', 'INVOCATION_ID': '910b4d1297b44c2d9caf735e8cc2acd7', 'XDG_MENU_PREFIX': 'gnome-', 'XDG_RUNTIME_DIR': '/run/user/1000', 'DISPLAY': ':1', 'LANG': 'en_US.UTF-8', 'XDG_CURRENT_DESKTOP': 'ubuntu:GNOME', 'XMODIFIERS': '@im=ibus', 'XDG_SESSION_DESKTOP': 'ubuntu', 'XAUTHORITY': '/run/user/1000/gdm/Xauthority', 'SSH_AUTH_SOCK': '/run/user/1000/keyring/ssh', 'AMENT_PREFIX_PATH': '/opt/ros/jazzy', 'SHELL': '/usr/bin/fish', 'QT_ACCESSIBILITY': '1', 'GDMSESSION': 'ubuntu', 'KITTY_WINDOW_ID': '1', 'GPG_AGENT_INFO': '/run/user/1000/gnupg/S.gpg-agent:0:1', 'ROS_AUTOMATIC_DISCOVERY_RANGE': 'SUBNET', 'QT_IM_MODULE': 'ibus', 'PWD': '/home/houndsito/vt-cro/robogamescode/car_ws/build/articubot_one', 'LC_ALL': 'en_US.UTF-8', 'XDG_CONFIG_DIRS': '/etc/xdg/xdg-ubuntu:/etc/xdg', 'XDG_DATA_DIRS': '/usr/share/ubuntu:/usr/share/gnome:/usr/local/share/:/usr/share/:/var/lib/snapd/desktop', 'OMF_CONFIG': '/home/houndsito/.config/omf', 'PYTHONPATH': '/opt/ros/jazzy/lib/python3.12/site-packages', 'COLCON': '1', 'MEMORY_PRESSURE_WRITE': 'c29tZSAyMDAwMDAgMjAwMDAwMAA=', 'CMAKE_PREFIX_PATH': '/opt/ros/jazzy/opt/gz_launch_vendor:/opt/ros/jazzy/opt/gz_sim_vendor:/opt/ros/jazzy/opt/gz_sensors_vendor:/opt/ros/jazzy/opt/gz_physics_vendor:/opt/ros/jazzy/opt/sdformat_vendor:/opt/ros/jazzy/opt/gz_gui_vendor:/opt/ros/jazzy/opt/gz_transport_vendor:/opt/ros/jazzy/opt/gz_rendering_vendor:/opt/ros/jazzy/opt/gz_plugin_vendor:/opt/ros/jazzy/opt/gz_fuel_tools_vendor:/opt/ros/jazzy/opt/gz_msgs_vendor:/opt/ros/jazzy/opt/gz_common_vendor:/opt/ros/jazzy/opt/gz_math_vendor:/opt/ros/jazzy/opt/gz_utils_vendor:/opt/ros/jazzy/opt/gz_tools_vendor:/opt/ros/jazzy/opt/gz_ogre_next_vendor:/opt/ros/jazzy/opt/gz_dartsim_vendor:/opt/ros/jazzy/opt/gz_cmake_vendor:/opt/ros/jazzy'}), 'shell': False}
[1.293881] (articubot_one) StdoutLine: {'line': b'-- Install configuration: ""\n'}
[1.294098] (articubot_one) StdoutLine: {'line': b'-- Installing: /home/houndsito/vt-cro/robogamescode/car_ws/install/articubot_one/lib/articubot_one/depth_to_scan.py\n'}
[1.294253] (articubot_one) StdoutLine: {'line': b'-- Installing: /home/houndsito/vt-cro/robogamescode/car_ws/install/articubot_one/share/articubot_one/config\n'}
[1.294389] (articubot_one) StdoutLine: {'line': b'-- Installing: /home/houndsito/vt-cro/robogamescode/car_ws/install/articubot_one/share/articubot_one/config/navigate_w_replanning_and_recovery.xml\n'}
[1.294482] (articubot_one) StdoutLine: {'line': b'-- Installing: /home/houndsito/vt-cro/robogamescode/car_ws/install/articubot_one/share/articubot_one/config/speedlimit_params.yaml\n'}
[1.294571] (articubot_one) StdoutLine: {'line': b'-- Installing: /home/houndsito/vt-cro/robogamescode/car_ws/install/articubot_one/share/articubot_one/config/twist_mux.yaml\n'}
[1.294617] (articubot_one) StdoutLine: {'line': b'-- Installing: /home/houndsito/vt-cro/robogamescode/car_ws/install/articubot_one/share/articubot_one/config/ball_tracker_params_sim.yaml\n'}
[1.294680] (articubot_one) StdoutLine: {'line': b'-- Installing: /home/houndsito/vt-cro/robogamescode/car_ws/install/articubot_one/share/articubot_one/config/gaz_ros2_ctl_use_sim.yaml\n'}
[1.294751] (articubot_one) StdoutLine: {'line': b'-- Installing: /home/houndsito/vt-cro/robogamescode/car_ws/install/articubot_one/share/articubot_one/config/drive_bot.rviz\n'}
[1.294852] (articubot_one) StdoutLine: {'line': b'-- Installing: /home/houndsito/vt-cro/robogamescode/car_ws/install/articubot_one/share/articubot_one/config/main.rviz\n'}
[1.294975] (articubot_one) StdoutLine: {'line': b'-- Installing: /home/houndsito/vt-cro/robogamescode/car_ws/install/articubot_one/share/articubot_one/config/gz_bridge.yaml\n'}
[1.295070] (articubot_one) StdoutLine: {'line': b'-- Installing: /home/houndsito/vt-cro/robogamescode/car_ws/install/articubot_one/share/articubot_one/config/speedlimit_nav2_params.yaml\n'}
[1.295173] (articubot_one) StdoutLine: {'line': b'-- Installing: /home/houndsito/vt-cro/robogamescode/car_ws/install/articubot_one/share/articubot_one/config/map.rviz\n'}
[1.295279] (articubot_one) StdoutLine: {'line': b'-- Installing: /home/houndsito/vt-cro/robogamescode/car_ws/install/articubot_one/share/articubot_one/config/nav2_params.yaml\n'}
[1.295376] (articubot_one) StdoutLine: {'line': b'-- Installing: /home/houndsito/vt-cro/robogamescode/car_ws/install/articubot_one/share/articubot_one/config/empty.yaml\n'}
[1.295475] (articubot_one) StdoutLine: {'line': b'-- Installing: /home/houndsito/vt-cro/robogamescode/car_ws/install/articubot_one/share/articubot_one/config/keepout_params.yaml\n'}
[1.295567] (articubot_one) StdoutLine: {'line': b'-- Installing: /home/houndsito/vt-cro/robogamescode/car_ws/install/articubot_one/share/articubot_one/config/view_bot.rviz\n'}
[1.295664] (articubot_one) StdoutLine: {'line': b'-- Installing: /home/houndsito/vt-cro/robogamescode/car_ws/install/articubot_one/share/articubot_one/config/mapper_params_online_async.yaml\n'}
[1.295752] (articubot_one) StdoutLine: {'line': b'-- Installing: /home/houndsito/vt-cro/robogamescode/car_ws/install/articubot_one/share/articubot_one/config/my_controllers.yaml\n'}
[1.295846] (articubot_one) StdoutLine: {'line': b'-- Installing: /home/houndsito/vt-cro/robogamescode/car_ws/install/articubot_one/share/articubot_one/config/joystick.yaml\n'}
[1.295950] (articubot_one) StdoutLine: {'line': b'-- Installing: /home/houndsito/vt-cro/robogamescode/car_ws/install/articubot_one/share/articubot_one/config/ball_tracker_params_robot.yaml\n'}
[1.296048] (articubot_one) StdoutLine: {'line': b'-- Installing: /home/houndsito/vt-cro/robogamescode/car_ws/install/articubot_one/share/articubot_one/config/keepout_nav2_params.yaml\n'}
[1.296155] (articubot_one) StdoutLine: {'line': b'-- Installing: /home/houndsito/vt-cro/robogamescode/car_ws/install/articubot_one/share/articubot_one/description\n'}
[1.296222] (articubot_one) StdoutLine: {'line': b'-- Installing: /home/houndsito/vt-cro/robogamescode/car_ws/install/articubot_one/share/articubot_one/description/robot.urdf.xacro\n'}
[1.296318] (articubot_one) StdoutLine: {'line': b'-- Installing: /home/houndsito/vt-cro/robogamescode/car_ws/install/articubot_one/share/articubot_one/description/inertial_macros.xacro\n'}
[1.296409] (articubot_one) StdoutLine: {'line': b'-- Installing: /home/houndsito/vt-cro/robogamescode/car_ws/install/articubot_one/share/articubot_one/description/camera.xacro\n'}
[1.296503] (articubot_one) StdoutLine: {'line': b'-- Installing: /home/houndsito/vt-cro/robogamescode/car_ws/install/articubot_one/share/articubot_one/description/gazebo_control.xacro\n'}
[1.296593] (articubot_one) StdoutLine: {'line': b'-- Installing: /home/houndsito/vt-cro/robogamescode/car_ws/install/articubot_one/share/articubot_one/description/face.xacro\n'}
[1.296688] (articubot_one) StdoutLine: {'line': b'-- Installing: /home/houndsito/vt-cro/robogamescode/car_ws/install/articubot_one/share/articubot_one/description/depth_camera.xacro\n'}
[1.296807] (articubot_one) StdoutLine: {'line': b'-- Installing: /home/houndsito/vt-cro/robogamescode/car_ws/install/articubot_one/share/articubot_one/description/lidar.xacro\n'}
[1.297116] (articubot_one) StdoutLine: {'line': b'-- Installing: /home/houndsito/vt-cro/robogamescode/car_ws/install/articubot_one/share/articubot_one/description/ros2_control.xacro\n'}
[1.297255] (articubot_one) StdoutLine: {'line': b'-- Installing: /home/houndsito/vt-cro/robogamescode/car_ws/install/articubot_one/share/articubot_one/description/robot_core.xacro\n'}
[1.297363] (articubot_one) StdoutLine: {'line': b'-- Installing: /home/houndsito/vt-cro/robogamescode/car_ws/install/articubot_one/share/articubot_one/launch\n'}
[1.297513] (articubot_one) StdoutLine: {'line': b'-- Installing: /home/houndsito/vt-cro/robogamescode/car_ws/install/articubot_one/share/articubot_one/launch/rsp.launch.py\n'}
[1.297641] (articubot_one) StdoutLine: {'line': b'-- Installing: /home/houndsito/vt-cro/robogamescode/car_ws/install/articubot_one/share/articubot_one/launch/localization_launch.py\n'}
[1.297757] (articubot_one) StdoutLine: {'line': b'-- Installing: /home/houndsito/vt-cro/robogamescode/car_ws/install/articubot_one/share/articubot_one/launch/ball_tracker.launch.py\n'}
[1.297856] (articubot_one) StdoutLine: {'line': b'-- Installing: /home/houndsito/vt-cro/robogamescode/car_ws/install/articubot_one/share/articubot_one/launch/launch_sim.launch.py\n'}
[1.298054] (articubot_one) StdoutLine: {'line': b'-- Installing: /home/houndsito/vt-cro/robogamescode/car_ws/install/articubot_one/share/articubot_one/launch/rplidar.launch.py\n'}
[1.298111] (articubot_one) StdoutLine: {'line': b'-- Installing: /home/houndsito/vt-cro/robogamescode/car_ws/install/articubot_one/share/articubot_one/launch/navigation_launch.py\n'}
[1.298154] (articubot_one) StdoutLine: {'line': b'-- Installing: /home/houndsito/vt-cro/robogamescode/car_ws/install/articubot_one/share/articubot_one/launch/online_async_launch.py\n'}
[1.298197] (articubot_one) StdoutLine: {'line': b'-- Installing: /home/houndsito/vt-cro/robogamescode/car_ws/install/articubot_one/share/articubot_one/launch/launch_robot.launch.py\n'}
[1.298240] (articubot_one) StdoutLine: {'line': b'-- Installing: /home/houndsito/vt-cro/robogamescode/car_ws/install/articubot_one/share/articubot_one/launch/camera.launch.py\n'}
[1.298282] (articubot_one) StdoutLine: {'line': b'-- Installing: /home/houndsito/vt-cro/robogamescode/car_ws/install/articubot_one/share/articubot_one/launch/joystick.launch.py\n'}
[1.298332] (articubot_one) StdoutLine: {'line': b'-- Installing: /home/houndsito/vt-cro/robogamescode/car_ws/install/articubot_one/share/articubot_one/worlds\n'}
[1.298392] (articubot_one) StdoutLine: {'line': b'-- Installing: /home/houndsito/vt-cro/robogamescode/car_ws/install/articubot_one/share/articubot_one/worlds/prev_empty.world\n'}
[1.298437] (articubot_one) StdoutLine: {'line': b'-- Installing: /home/houndsito/vt-cro/robogamescode/car_ws/install/articubot_one/share/articubot_one/worlds/model.sdf\n'}
[1.298495] (articubot_one) StdoutLine: {'line': b'-- Installing: /home/houndsito/vt-cro/robogamescode/car_ws/install/articubot_one/share/articubot_one/worlds/simple.world\n'}
[1.298611] (articubot_one) StdoutLine: {'line': b'-- Installing: /home/houndsito/vt-cro/robogamescode/car_ws/install/articubot_one/share/articubot_one/worlds/obstacles.world\n'}
[1.298775] (articubot_one) StdoutLine: {'line': b'-- Installing: /home/houndsito/vt-cro/robogamescode/car_ws/install/articubot_one/share/articubot_one/worlds/model.config\n'}
[1.298925] (articubot_one) StdoutLine: {'line': b'-- Installing: /home/houndsito/vt-cro/robogamescode/car_ws/install/articubot_one/share/articubot_one/worlds/security\n'}
[1.299012] (articubot_one) StdoutLine: {'line': b'-- Installing: /home/houndsito/vt-cro/robogamescode/car_ws/install/articubot_one/share/articubot_one/worlds/security/yellow3.stl\n'}
[1.299435] (articubot_one) StdoutLine: {'line': b'-- Installing: /home/houndsito/vt-cro/robogamescode/car_ws/install/articubot_one/share/articubot_one/worlds/security/red2.stl\n'}
[1.299564] (articubot_one) StdoutLine: {'line': b'-- Installing: /home/houndsito/vt-cro/robogamescode/car_ws/install/articubot_one/share/articubot_one/worlds/security/yellow2.stl\n'}
[1.299875] (articubot_one) StdoutLine: {'line': b'-- Installing: /home/houndsito/vt-cro/robogamescode/car_ws/install/articubot_one/share/articubot_one/worlds/security/yellow.obj\n'}
[1.300262] (articubot_one) StdoutLine: {'line': b'-- Installing: /home/houndsito/vt-cro/robogamescode/car_ws/install/articubot_one/share/articubot_one/worlds/security/ramp.mtl\n'}
[1.300357] (articubot_one) StdoutLine: {'line': b'-- Installing: /home/houndsito/vt-cro/robogamescode/car_ws/install/articubot_one/share/articubot_one/worlds/security/blue.obj\n'}
[1.300744] (articubot_one) StdoutLine: {'line': b'-- Installing: /home/houndsito/vt-cro/robogamescode/car_ws/install/articubot_one/share/articubot_one/worlds/security/yellow1.stl\n'}
[1.300790] (-) TimerEvent: {}
[1.301109] (articubot_one) StdoutLine: {'line': b'-- Installing: /home/houndsito/vt-cro/robogamescode/car_ws/install/articubot_one/share/articubot_one/worlds/security/yellow5.stl\n'}
[1.301446] (articubot_one) StdoutLine: {'line': b'-- Installing: /home/houndsito/vt-cro/robogamescode/car_ws/install/articubot_one/share/articubot_one/worlds/security/block.mtl\n'}
[1.301542] (articubot_one) StdoutLine: {'line': b'-- Installing: /home/houndsito/vt-cro/robogamescode/car_ws/install/articubot_one/share/articubot_one/worlds/security/wood.obj\n'}
[1.301636] (articubot_one) StdoutLine: {'line': b'-- Installing: /home/houndsito/vt-cro/robogamescode/car_ws/install/articubot_one/share/articubot_one/worlds/security/blue.stl\n'}
[1.301977] (articubot_one) StdoutLine: {'line': b'-- Installing: /home/houndsito/vt-cro/robogamescode/car_ws/install/articubot_one/share/articubot_one/worlds/security/blue.mtl\n'}
[1.302077] (articubot_one) StdoutLine: {'line': b'-- Installing: /home/houndsito/vt-cro/robogamescode/car_ws/install/articubot_one/share/articubot_one/worlds/security/block.obj\n'}
[1.302176] (articubot_one) StdoutLine: {'line': b'-- Installing: /home/houndsito/vt-cro/robogamescode/car_ws/install/articubot_one/share/articubot_one/worlds/security/wood.mtl\n'}
[1.302271] (articubot_one) StdoutLine: {'line': b'-- Installing: /home/houndsito/vt-cro/robogamescode/car_ws/install/articubot_one/share/articubot_one/worlds/security/block.stl\n'}
[1.302367] (articubot_one) StdoutLine: {'line': b'-- Installing: /home/houndsito/vt-cro/robogamescode/car_ws/install/articubot_one/share/articubot_one/worlds/security/red.mtl\n'}
[1.302465] (articubot_one) StdoutLine: {'line': b'-- Installing: /home/houndsito/vt-cro/robogamescode/car_ws/install/articubot_one/share/articubot_one/worlds/security/wood.stl\n'}
[1.302560] (articubot_one) StdoutLine: {'line': b'-- Installing: /home/houndsito/vt-cro/robogamescode/car_ws/install/articubot_one/share/articubot_one/worlds/security/ramp.obj\n'}
[1.302667] (articubot_one) StdoutLine: {'line': b'-- Installing: /home/houndsito/vt-cro/robogamescode/car_ws/install/articubot_one/share/articubot_one/worlds/security/red1.stl\n'}
[1.302806] (articubot_one) StdoutLine: {'line': b'-- Installing: /home/houndsito/vt-cro/robogamescode/car_ws/install/articubot_one/share/articubot_one/worlds/security/yellow4.stl\n'}
[1.303149] (articubot_one) StdoutLine: {'line': b'-- Installing: /home/houndsito/vt-cro/robogamescode/car_ws/install/articubot_one/share/articubot_one/worlds/security/red.obj\n'}
[1.303276] (articubot_one) StdoutLine: {'line': b'-- Installing: /home/houndsito/vt-cro/robogamescode/car_ws/install/articubot_one/share/articubot_one/worlds/security/yellow.mtl\n'}
[1.303454] (articubot_one) StdoutLine: {'line': b'-- Installing: /home/houndsito/vt-cro/robogamescode/car_ws/install/articubot_one/share/articubot_one/worlds/security/bridge.mtl\n'}
[1.303640] (articubot_one) StdoutLine: {'line': b'-- Installing: /home/houndsito/vt-cro/robogamescode/car_ws/install/articubot_one/share/articubot_one/worlds/security/ramp.stl\n'}
[1.303937] (articubot_one) StdoutLine: {'line': b'-- Installing: /home/houndsito/vt-cro/robogamescode/car_ws/install/articubot_one/share/articubot_one/worlds/security/bridge.obj\n'}
[1.304120] (articubot_one) StdoutLine: {'line': b'-- Installing: /home/houndsito/vt-cro/robogamescode/car_ws/install/articubot_one/share/articubot_one/worlds/security/world1.stl\n'}
[1.306504] (articubot_one) StdoutLine: {'line': b'-- Installing: /home/houndsito/vt-cro/robogamescode/car_ws/install/articubot_one/share/articubot_one/worlds/empty.world\n'}
[1.306653] (articubot_one) StdoutLine: {'line': b'-- Installing: /home/houndsito/vt-cro/robogamescode/car_ws/install/articubot_one/share/articubot_one/worlds/meshes\n'}
[1.306775] (articubot_one) StdoutLine: {'line': b'-- Installing: /home/houndsito/vt-cro/robogamescode/car_ws/install/articubot_one/share/articubot_one/worlds/meshes/yellow3.stl\n'}
[1.307067] (articubot_one) StdoutLine: {'line': b'-- Installing: /home/houndsito/vt-cro/robogamescode/car_ws/install/articubot_one/share/articubot_one/worlds/meshes/red2.stl\n'}
[1.307202] (articubot_one) StdoutLine: {'line': b'-- Installing: /home/houndsito/vt-cro/robogamescode/car_ws/install/articubot_one/share/articubot_one/worlds/meshes/yellow2.stl\n'}
[1.307587] (articubot_one) StdoutLine: {'line': b'-- Installing: /home/houndsito/vt-cro/robogamescode/car_ws/install/articubot_one/share/articubot_one/worlds/meshes/yellow.obj\n'}
[1.307987] (articubot_one) StdoutLine: {'line': b'-- Installing: /home/houndsito/vt-cro/robogamescode/car_ws/install/articubot_one/share/articubot_one/worlds/meshes/ramp.mtl\n'}
[1.308083] (articubot_one) StdoutLine: {'line': b'-- Installing: /home/houndsito/vt-cro/robogamescode/car_ws/install/articubot_one/share/articubot_one/worlds/meshes/blue.obj\n'}
[1.308489] (articubot_one) StdoutLine: {'line': b'-- Installing: /home/houndsito/vt-cro/robogamescode/car_ws/install/articubot_one/share/articubot_one/worlds/meshes/yellow1.stl\n'}
[1.308841] (articubot_one) StdoutLine: {'line': b'-- Installing: /home/houndsito/vt-cro/robogamescode/car_ws/install/articubot_one/share/articubot_one/worlds/meshes/yellow5.stl\n'}
[1.309212] (articubot_one) StdoutLine: {'line': b'-- Installing: /home/houndsito/vt-cro/robogamescode/car_ws/install/articubot_one/share/articubot_one/worlds/meshes/block.mtl\n'}
[1.309319] (articubot_one) StdoutLine: {'line': b'-- Installing: /home/houndsito/vt-cro/robogamescode/car_ws/install/articubot_one/share/articubot_one/worlds/meshes/wood.obj\n'}
[1.309413] (articubot_one) StdoutLine: {'line': b'-- Installing: /home/houndsito/vt-cro/robogamescode/car_ws/install/articubot_one/share/articubot_one/worlds/meshes/blue.stl\n'}
[1.309765] (articubot_one) StdoutLine: {'line': b'-- Installing: /home/houndsito/vt-cro/robogamescode/car_ws/install/articubot_one/share/articubot_one/worlds/meshes/blue.mtl\n'}
[1.309860] (articubot_one) StdoutLine: {'line': b'-- Installing: /home/houndsito/vt-cro/robogamescode/car_ws/install/articubot_one/share/articubot_one/worlds/meshes/block.obj\n'}
[1.309977] (articubot_one) StdoutLine: {'line': b'-- Installing: /home/houndsito/vt-cro/robogamescode/car_ws/install/articubot_one/share/articubot_one/worlds/meshes/wood.mtl\n'}
[1.310127] (articubot_one) StdoutLine: {'line': b'-- Installing: /home/houndsito/vt-cro/robogamescode/car_ws/install/articubot_one/share/articubot_one/worlds/meshes/block.stl\n'}
[1.310249] (articubot_one) StdoutLine: {'line': b'-- Installing: /home/houndsito/vt-cro/robogamescode/car_ws/install/articubot_one/share/articubot_one/worlds/meshes/red.mtl\n'}
[1.310343] (articubot_one) StdoutLine: {'line': b'-- Installing: /home/houndsito/vt-cro/robogamescode/car_ws/install/articubot_one/share/articubot_one/worlds/meshes/wood.stl\n'}
[1.310453] (articubot_one) StdoutLine: {'line': b'-- Installing: /home/houndsito/vt-cro/robogamescode/car_ws/install/articubot_one/share/articubot_one/worlds/meshes/ramp.obj\n'}
[1.310541] (articubot_one) StdoutLine: {'line': b'-- Installing: /home/houndsito/vt-cro/robogamescode/car_ws/install/articubot_one/share/articubot_one/worlds/meshes/red1.stl\n'}
[1.310647] (articubot_one) StdoutLine: {'line': b'-- Installing: /home/houndsito/vt-cro/robogamescode/car_ws/install/articubot_one/share/articubot_one/worlds/meshes/yellow4.stl\n'}
[1.310998] (articubot_one) StdoutLine: {'line': b'-- Installing: /home/houndsito/vt-cro/robogamescode/car_ws/install/articubot_one/share/articubot_one/worlds/meshes/red.obj\n'}
[1.311124] (articubot_one) StdoutLine: {'line': b'-- Installing: /home/houndsito/vt-cro/robogamescode/car_ws/install/articubot_one/share/articubot_one/worlds/meshes/yellow.mtl\n'}
[1.311248] (articubot_one) StdoutLine: {'line': b'-- Installing: /home/houndsito/vt-cro/robogamescode/car_ws/install/articubot_one/share/articubot_one/worlds/meshes/bridge.mtl\n'}
[1.311412] (articubot_one) StdoutLine: {'line': b'-- Installing: /home/houndsito/vt-cro/robogamescode/car_ws/install/articubot_one/share/articubot_one/worlds/meshes/ramp.stl\n'}
[1.311519] (articubot_one) StdoutLine: {'line': b'-- Installing: /home/houndsito/vt-cro/robogamescode/car_ws/install/articubot_one/share/articubot_one/worlds/meshes/bridge.obj\n'}
[1.311631] (articubot_one) StdoutLine: {'line': b'-- Installing: /home/houndsito/vt-cro/robogamescode/car_ws/install/articubot_one/share/articubot_one/worlds/meshes/world1.stl\n'}
[1.313202] (articubot_one) StdoutLine: {'line': b'-- Installing: /home/houndsito/vt-cro/robogamescode/car_ws/install/articubot_one/share/articubot_one/maps\n'}
[1.313566] (articubot_one) StdoutLine: {'line': b'-- Installing: /home/houndsito/vt-cro/robogamescode/car_ws/install/articubot_one/share/ament_index/resource_index/package_run_dependencies/articubot_one\n'}
[1.313785] (articubot_one) StdoutLine: {'line': b'-- Installing: /home/houndsito/vt-cro/robogamescode/car_ws/install/articubot_one/share/ament_index/resource_index/parent_prefix_path/articubot_one\n'}
[1.313964] (articubot_one) StdoutLine: {'line': b'-- Installing: /home/houndsito/vt-cro/robogamescode/car_ws/install/articubot_one/share/articubot_one/environment/ament_prefix_path.sh\n'}
[1.314103] (articubot_one) StdoutLine: {'line': b'-- Installing: /home/houndsito/vt-cro/robogamescode/car_ws/install/articubot_one/share/articubot_one/environment/ament_prefix_path.dsv\n'}
[1.314250] (articubot_one) StdoutLine: {'line': b'-- Installing: /home/houndsito/vt-cro/robogamescode/car_ws/install/articubot_one/share/articubot_one/environment/path.sh\n'}
[1.314381] (articubot_one) StdoutLine: {'line': b'-- Installing: /home/houndsito/vt-cro/robogamescode/car_ws/install/articubot_one/share/articubot_one/environment/path.dsv\n'}
[1.314799] (articubot_one) StdoutLine: {'line': b'-- Installing: /home/houndsito/vt-cro/robogamescode/car_ws/install/articubot_one/share/articubot_one/local_setup.bash\n'}
[1.314876] (articubot_one) StdoutLine: {'line': b'-- Installing: /home/houndsito/vt-cro/robogamescode/car_ws/install/articubot_one/share/articubot_one/local_setup.sh\n'}
[1.315004] (articubot_one) StdoutLine: {'line': b'-- Installing: /home/houndsito/vt-cro/robogamescode/car_ws/install/articubot_one/share/articubot_one/local_setup.zsh\n'}
[1.315168] (articubot_one) StdoutLine: {'line': b'-- Installing: /home/houndsito/vt-cro/robogamescode/car_ws/install/articubot_one/share/articubot_one/local_setup.dsv\n'}
[1.315280] (articubot_one) StdoutLine: {'line': b'-- Installing: /home/houndsito/vt-cro/robogamescode/car_ws/install/articubot_one/share/articubot_one/package.dsv\n'}
[1.315382] (articubot_one) StdoutLine: {'line': b'-- Installing: /home/houndsito/vt-cro/robogamescode/car_ws/install/articubot_one/share/ament_index/resource_index/packages/articubot_one\n'}
[1.315525] (articubot_one) StdoutLine: {'line': b'-- Installing: /home/houndsito/vt-cro/robogamescode/car_ws/install/articubot_one/share/articubot_one/cmake/articubot_oneConfig.cmake\n'}
[1.315627] (articubot_one) StdoutLine: {'line': b'-- Installing: /home/houndsito/vt-cro/robogamescode/car_ws/install/articubot_one/share/articubot_one/cmake/articubot_oneConfig-version.cmake\n'}
[1.315718] (articubot_one) StdoutLine: {'line': b'-- Installing: /home/houndsito/vt-cro/robogamescode/car_ws/install/articubot_one/share/articubot_one/package.xml\n'}
[1.317508] (articubot_one) CommandEnded: {'returncode': 0}
[1.328580] (articubot_one) JobEnded: {'identifier': 'articubot_one', 'rc': 0}
[1.329166] (-) EventReactorShutdown: {}
