[0.000000] (-) TimerEvent: {}
[0.000172] (articubot_one) JobQueued: {'identifier': 'articubot_one', 'dependencies': OrderedDict()}
[0.000261] (mini_car_bot) JobQueued: {'identifier': 'mini_car_bot', 'dependencies': OrderedDict()}
[0.000293] (articubot_one) JobStarted: {'identifier': 'articubot_one'}
[0.004551] (mini_car_bot) JobStarted: {'identifier': 'mini_car_bot'}
[0.008047] (articubot_one) JobProgress: {'identifier': 'articubot_one', 'progress': 'cmake'}
[0.008545] (articubot_one) Command: {'cmd': ['/usr/bin/cmake', '/home/houndsito/vt-cro/robogamescode/car_ws/src/articubot_one', '-DCMAKE_INSTALL_PREFIX=/home/houndsito/vt-cro/robogamescode/car_ws/install/articubot_one'], 'cwd': '/home/houndsito/vt-cro/robogamescode/car_ws/build/articubot_one', 'env': OrderedDict({'USER': 'houndsito', 'GZ_CONFIG_PATH': '/opt/ros/jazzy/opt/gz_launch_vendor/share/gz:/opt/ros/jazzy/opt/gz_sim_vendor/share/gz:/opt/ros/jazzy/opt/sdformat_vendor/share/gz:/opt/ros/jazzy/opt/gz_gui_vendor/share/gz:/opt/ros/jazzy/opt/gz_transport_vendor/share/gz:/opt/ros/jazzy/opt/gz_rendering_vendor/share/gz:/opt/ros/jazzy/opt/gz_plugin_vendor/share/gz:/opt/ros/jazzy/opt/gz_fuel_tools_vendor/share/gz:/opt/ros/jazzy/opt/gz_msgs_vendor/share/gz:/opt/ros/jazzy/opt/gz_common_vendor/share/gz', 'XDG_SESSION_TYPE': 'x11', 'SHLVL': '2', 'LD_LIBRARY_PATH': '/opt/ros/jazzy/opt/gz_launch_vendor/lib:/opt/ros/jazzy/opt/gz_sim_vendor/lib:/opt/ros/jazzy/opt/gz_sensors_vendor/lib:/opt/ros/jazzy/opt/gz_physics_vendor/lib:/opt/ros/jazzy/opt/sdformat_vendor/lib:/opt/ros/jazzy/opt/rviz_ogre_vendor/lib:/opt/ros/jazzy/lib/x86_64-linux-gnu:/opt/ros/jazzy/opt/gz_gui_vendor/lib:/opt/ros/jazzy/opt/gz_transport_vendor/lib:/opt/ros/jazzy/opt/gz_rendering_vendor/lib:/opt/ros/jazzy/opt/gz_plugin_vendor/lib:/opt/ros/jazzy/opt/gz_fuel_tools_vendor/lib:/opt/ros/jazzy/opt/gz_msgs_vendor/lib:/opt/ros/jazzy/opt/gz_common_vendor/lib:/opt/ros/jazzy/opt/gz_math_vendor/lib:/opt/ros/jazzy/opt/gz_utils_vendor/lib:/opt/ros/jazzy/opt/gz_tools_vendor/lib:/opt/ros/jazzy/opt/gz_ogre_next_vendor/lib:/opt/ros/jazzy/opt/gz_dartsim_vendor/lib:/opt/ros/jazzy/opt/gz_cmake_vendor/lib:/opt/ros/jazzy/lib', 'HOME': '/home/houndsito', 'TERMINFO': '/usr/lib/kitty/terminfo', 'DESKTOP_SESSION': 'ubuntu', 'KITTY_INSTALLATION_DIR': '/usr/lib/kitty', 'ROS_PYTHON_VERSION': '3', 'GNOME_SHELL_SESSION_MODE': 'ubuntu', 'GTK_MODULES': 'gail:atk-bridge', 'KITTY_PID': '5062', 'MANAGERPID': '2159', 'SYSTEMD_EXEC_PID': '2775', 'GSM_SKIP_SSH_AGENT_WORKAROUND': 'true', 'DBUS_SESSION_BUS_ADDRESS': 'unix:path=/run/user/1000/bus', 'COLORTERM': 'truecolor', 'GIO_LAUNCHED_DESKTOP_FILE_PID': '5062', 'GNOME_KEYRING_CONTROL': '/run/user/1000/keyring', 'DEBUGINFOD_URLS': 'https://debuginfod.ubuntu.com', 'OMF_PATH': '/home/houndsito/.local/share/omf', 'ROS_DISTRO': 'jazzy', 'LOGNAME': 'houndsito', 'WINDOWID': '48234507', 'JOURNAL_STREAM': '9:11672', '_': '/usr/bin/colcon', 'ROS_VERSION': '2', 'MEMORY_PRESSURE_WATCH': '/sys/fs/cgroup/user.slice/user-1000.slice/user@1000.service/session.slice/org.gnome.SettingsDaemon.MediaKeys.service/memory.pressure', 'XDG_SESSION_CLASS': 'user', 'KITTY_PUBLIC_KEY': '1:{D?n0S-=Pa62A(7^cpnLATAd^A*b+71@0*AnQS6E', 'USERNAME': 'houndsito', 'TERM': 'xterm-kitty', 'GNOME_DESKTOP_SESSION_ID': 'this-is-deprecated', 'WINDOWPATH': '2', 'PATH': '/opt/ros/jazzy/opt/gz_msgs_vendor/bin:/opt/ros/jazzy/opt/gz_tools_vendor/bin:/opt/ros/jazzy/opt/gz_ogre_next_vendor/bin:/opt/ros/jazzy/bin:/home/houndsito/.local/bin:/home/houndsito/bin:/usr/local/sbin:/usr/local/bin:/usr/sbin:/usr/bin:/sbin:/bin:/usr/games:/usr/local/games:/snap/bin:/snap/bin', 'SESSION_MANAGER': 'local/DPM:@/tmp/.ICE-unix/2558,unix/DPM:/tmp/.ICE-unix/2558', 'INVOCATION_ID': 'bebc0455435d4d28b007c7a10f267b90', 'XDG_MENU_PREFIX': 'gnome-', 'XDG_RUNTIME_DIR': '/run/user/1000', 'DISPLAY': ':1', 'LANG': 'en_US.UTF-8', 'XDG_CURRENT_DESKTOP': 'ubuntu:GNOME', 'XMODIFIERS': '@im=ibus', 'XDG_SESSION_DESKTOP': 'ubuntu', 'XAUTHORITY': '/run/user/1000/gdm/Xauthority', 'SSH_AUTH_SOCK': '/run/user/1000/keyring/ssh', 'AMENT_PREFIX_PATH': '/opt/ros/jazzy', 'SHELL': '/usr/bin/fish', 'QT_ACCESSIBILITY': '1', 'GDMSESSION': 'ubuntu', 'KITTY_WINDOW_ID': '1', 'GPG_AGENT_INFO': '/run/user/1000/gnupg/S.gpg-agent:0:1', 'ROS_AUTOMATIC_DISCOVERY_RANGE': 'SUBNET', 'QT_IM_MODULE': 'ibus', 'PWD': '/home/houndsito/vt-cro/robogamescode/car_ws/build/articubot_one', 'LC_ALL': 'en_US.UTF-8', 'XDG_CONFIG_DIRS': '/etc/xdg/xdg-ubuntu:/etc/xdg', 'XDG_DATA_DIRS': '/usr/share/ubuntu:/usr/share/gnome:/usr/local/share/:/usr/share/:/var/lib/snapd/desktop', 'OMF_CONFIG': '/home/houndsito/.config/omf', 'PYTHONPATH': '/opt/ros/jazzy/lib/python3.12/site-packages', 'COLCON': '1', 'MEMORY_PRESSURE_WRITE': 'c29tZSAyMDAwMDAgMjAwMDAwMAA=', 'CMAKE_PREFIX_PATH': '/opt/ros/jazzy/opt/gz_launch_vendor:/opt/ros/jazzy/opt/gz_sim_vendor:/opt/ros/jazzy/opt/gz_sensors_vendor:/opt/ros/jazzy/opt/gz_physics_vendor:/opt/ros/jazzy/opt/sdformat_vendor:/opt/ros/jazzy/opt/gz_gui_vendor:/opt/ros/jazzy/opt/gz_transport_vendor:/opt/ros/jazzy/opt/gz_rendering_vendor:/opt/ros/jazzy/opt/gz_plugin_vendor:/opt/ros/jazzy/opt/gz_fuel_tools_vendor:/opt/ros/jazzy/opt/gz_msgs_vendor:/opt/ros/jazzy/opt/gz_common_vendor:/opt/ros/jazzy/opt/gz_math_vendor:/opt/ros/jazzy/opt/gz_utils_vendor:/opt/ros/jazzy/opt/gz_tools_vendor:/opt/ros/jazzy/opt/gz_ogre_next_vendor:/opt/ros/jazzy/opt/gz_dartsim_vendor:/opt/ros/jazzy/opt/gz_cmake_vendor:/opt/ros/jazzy'}), 'shell': False}
[0.011317] (mini_car_bot) JobProgress: {'identifier': 'mini_car_bot', 'progress': 'cmake'}
[0.011805] (mini_car_bot) Command: {'cmd': ['/usr/bin/cmake', '/home/houndsito/vt-cro/robogamescode/car_ws/src/mini_car_bot', '-DCMAKE_INSTALL_PREFIX=/home/houndsito/vt-cro/robogamescode/car_ws/install/mini_car_bot'], 'cwd': '/home/houndsito/vt-cro/robogamescode/car_ws/build/mini_car_bot', 'env': OrderedDict({'USER': 'houndsito', 'GZ_CONFIG_PATH': '/opt/ros/jazzy/opt/gz_launch_vendor/share/gz:/opt/ros/jazzy/opt/gz_sim_vendor/share/gz:/opt/ros/jazzy/opt/sdformat_vendor/share/gz:/opt/ros/jazzy/opt/gz_gui_vendor/share/gz:/opt/ros/jazzy/opt/gz_transport_vendor/share/gz:/opt/ros/jazzy/opt/gz_rendering_vendor/share/gz:/opt/ros/jazzy/opt/gz_plugin_vendor/share/gz:/opt/ros/jazzy/opt/gz_fuel_tools_vendor/share/gz:/opt/ros/jazzy/opt/gz_msgs_vendor/share/gz:/opt/ros/jazzy/opt/gz_common_vendor/share/gz', 'XDG_SESSION_TYPE': 'x11', 'SHLVL': '2', 'LD_LIBRARY_PATH': '/opt/ros/jazzy/opt/gz_launch_vendor/lib:/opt/ros/jazzy/opt/gz_sim_vendor/lib:/opt/ros/jazzy/opt/gz_sensors_vendor/lib:/opt/ros/jazzy/opt/gz_physics_vendor/lib:/opt/ros/jazzy/opt/sdformat_vendor/lib:/opt/ros/jazzy/opt/rviz_ogre_vendor/lib:/opt/ros/jazzy/lib/x86_64-linux-gnu:/opt/ros/jazzy/opt/gz_gui_vendor/lib:/opt/ros/jazzy/opt/gz_transport_vendor/lib:/opt/ros/jazzy/opt/gz_rendering_vendor/lib:/opt/ros/jazzy/opt/gz_plugin_vendor/lib:/opt/ros/jazzy/opt/gz_fuel_tools_vendor/lib:/opt/ros/jazzy/opt/gz_msgs_vendor/lib:/opt/ros/jazzy/opt/gz_common_vendor/lib:/opt/ros/jazzy/opt/gz_math_vendor/lib:/opt/ros/jazzy/opt/gz_utils_vendor/lib:/opt/ros/jazzy/opt/gz_tools_vendor/lib:/opt/ros/jazzy/opt/gz_ogre_next_vendor/lib:/opt/ros/jazzy/opt/gz_dartsim_vendor/lib:/opt/ros/jazzy/opt/gz_cmake_vendor/lib:/opt/ros/jazzy/lib', 'HOME': '/home/houndsito', 'TERMINFO': '/usr/lib/kitty/terminfo', 'DESKTOP_SESSION': 'ubuntu', 'KITTY_INSTALLATION_DIR': '/usr/lib/kitty', 'ROS_PYTHON_VERSION': '3', 'GNOME_SHELL_SESSION_MODE': 'ubuntu', 'GTK_MODULES': 'gail:atk-bridge', 'KITTY_PID': '5062', 'MANAGERPID': '2159', 'SYSTEMD_EXEC_PID': '2775', 'GSM_SKIP_SSH_AGENT_WORKAROUND': 'true', 'DBUS_SESSION_BUS_ADDRESS': 'unix:path=/run/user/1000/bus', 'COLORTERM': 'truecolor', 'GIO_LAUNCHED_DESKTOP_FILE_PID': '5062', 'GNOME_KEYRING_CONTROL': '/run/user/1000/keyring', 'DEBUGINFOD_URLS': 'https://debuginfod.ubuntu.com', 'OMF_PATH': '/home/houndsito/.local/share/omf', 'ROS_DISTRO': 'jazzy', 'LOGNAME': 'houndsito', 'WINDOWID': '48234507', 'JOURNAL_STREAM': '9:11672', '_': '/usr/bin/colcon', 'ROS_VERSION': '2', 'MEMORY_PRESSURE_WATCH': '/sys/fs/cgroup/user.slice/user-1000.slice/user@1000.service/session.slice/org.gnome.SettingsDaemon.MediaKeys.service/memory.pressure', 'XDG_SESSION_CLASS': 'user', 'KITTY_PUBLIC_KEY': '1:{D?n0S-=Pa62A(7^cpnLATAd^A*b+71@0*AnQS6E', 'USERNAME': 'houndsito', 'TERM': 'xterm-kitty', 'GNOME_DESKTOP_SESSION_ID': 'this-is-deprecated', 'WINDOWPATH': '2', 'PATH': '/opt/ros/jazzy/opt/gz_msgs_vendor/bin:/opt/ros/jazzy/opt/gz_tools_vendor/bin:/opt/ros/jazzy/opt/gz_ogre_next_vendor/bin:/opt/ros/jazzy/bin:/home/houndsito/.local/bin:/home/houndsito/bin:/usr/local/sbin:/usr/local/bin:/usr/sbin:/usr/bin:/sbin:/bin:/usr/games:/usr/local/games:/snap/bin:/snap/bin', 'SESSION_MANAGER': 'local/DPM:@/tmp/.ICE-unix/2558,unix/DPM:/tmp/.ICE-unix/2558', 'INVOCATION_ID': 'bebc0455435d4d28b007c7a10f267b90', 'XDG_MENU_PREFIX': 'gnome-', 'XDG_RUNTIME_DIR': '/run/user/1000', 'DISPLAY': ':1', 'LANG': 'en_US.UTF-8', 'XDG_CURRENT_DESKTOP': 'ubuntu:GNOME', 'XMODIFIERS': '@im=ibus', 'XDG_SESSION_DESKTOP': 'ubuntu', 'XAUTHORITY': '/run/user/1000/gdm/Xauthority', 'SSH_AUTH_SOCK': '/run/user/1000/keyring/ssh', 'AMENT_PREFIX_PATH': '/opt/ros/jazzy', 'SHELL': '/usr/bin/fish', 'QT_ACCESSIBILITY': '1', 'GDMSESSION': 'ubuntu', 'KITTY_WINDOW_ID': '1', 'GPG_AGENT_INFO': '/run/user/1000/gnupg/S.gpg-agent:0:1', 'ROS_AUTOMATIC_DISCOVERY_RANGE': 'SUBNET', 'QT_IM_MODULE': 'ibus', 'PWD': '/home/houndsito/vt-cro/robogamescode/car_ws/build/mini_car_bot', 'LC_ALL': 'en_US.UTF-8', 'XDG_CONFIG_DIRS': '/etc/xdg/xdg-ubuntu:/etc/xdg', 'XDG_DATA_DIRS': '/usr/share/ubuntu:/usr/share/gnome:/usr/local/share/:/usr/share/:/var/lib/snapd/desktop', 'OMF_CONFIG': '/home/houndsito/.config/omf', 'PYTHONPATH': '/opt/ros/jazzy/lib/python3.12/site-packages', 'COLCON': '1', 'MEMORY_PRESSURE_WRITE': 'c29tZSAyMDAwMDAgMjAwMDAwMAA=', 'CMAKE_PREFIX_PATH': '/opt/ros/jazzy/opt/gz_launch_vendor:/opt/ros/jazzy/opt/gz_sim_vendor:/opt/ros/jazzy/opt/gz_sensors_vendor:/opt/ros/jazzy/opt/gz_physics_vendor:/opt/ros/jazzy/opt/sdformat_vendor:/opt/ros/jazzy/opt/gz_gui_vendor:/opt/ros/jazzy/opt/gz_transport_vendor:/opt/ros/jazzy/opt/gz_rendering_vendor:/opt/ros/jazzy/opt/gz_plugin_vendor:/opt/ros/jazzy/opt/gz_fuel_tools_vendor:/opt/ros/jazzy/opt/gz_msgs_vendor:/opt/ros/jazzy/opt/gz_common_vendor:/opt/ros/jazzy/opt/gz_math_vendor:/opt/ros/jazzy/opt/gz_utils_vendor:/opt/ros/jazzy/opt/gz_tools_vendor:/opt/ros/jazzy/opt/gz_ogre_next_vendor:/opt/ros/jazzy/opt/gz_dartsim_vendor:/opt/ros/jazzy/opt/gz_cmake_vendor:/opt/ros/jazzy'}), 'shell': False}
[0.057238] (mini_car_bot) StdoutLine: {'line': b'-- The C compiler identification is GNU 13.3.0\n'}
[0.059219] (articubot_one) StdoutLine: {'line': b'-- The C compiler identification is GNU 13.3.0\n'}
[0.099467] (-) TimerEvent: {}
[0.105152] (articubot_one) StdoutLine: {'line': b'-- The CXX compiler identification is GNU 13.3.0\n'}
[0.105600] (mini_car_bot) StdoutLine: {'line': b'-- The CXX compiler identification is GNU 13.3.0\n'}
[0.121055] (articubot_one) StdoutLine: {'line': b'-- Detecting C compiler ABI info\n'}
[0.121297] (mini_car_bot) StdoutLine: {'line': b'-- Detecting C compiler ABI info\n'}
[0.199572] (-) TimerEvent: {}
[0.204489] (articubot_one) StdoutLine: {'line': b'-- Detecting C compiler ABI info - done\n'}
[0.207379] (mini_car_bot) StdoutLine: {'line': b'-- Detecting C compiler ABI info - done\n'}
[0.211272] (articubot_one) StdoutLine: {'line': b'-- Check for working C compiler: /usr/bin/cc - skipped\n'}
[0.211459] (articubot_one) StdoutLine: {'line': b'-- Detecting C compile features\n'}
[0.211739] (articubot_one) StdoutLine: {'line': b'-- Detecting C compile features - done\n'}
[0.214612] (mini_car_bot) StdoutLine: {'line': b'-- Check for working C compiler: /usr/bin/cc - skipped\n'}
[0.214791] (mini_car_bot) StdoutLine: {'line': b'-- Detecting C compile features\n'}
[0.215065] (mini_car_bot) StdoutLine: {'line': b'-- Detecting C compile features - done\n'}
[0.220979] (articubot_one) StdoutLine: {'line': b'-- Detecting CXX compiler ABI info\n'}
[0.222957] (mini_car_bot) StdoutLine: {'line': b'-- Detecting CXX compiler ABI info\n'}
[0.299670] (-) TimerEvent: {}
[0.312505] (mini_car_bot) StdoutLine: {'line': b'-- Detecting CXX compiler ABI info - done\n'}
[0.313588] (articubot_one) StdoutLine: {'line': b'-- Detecting CXX compiler ABI info - done\n'}
[0.319528] (mini_car_bot) StdoutLine: {'line': b'-- Check for working CXX compiler: /usr/bin/c++ - skipped\n'}
[0.319747] (mini_car_bot) StdoutLine: {'line': b'-- Detecting CXX compile features\n'}
[0.320096] (mini_car_bot) StdoutLine: {'line': b'-- Detecting CXX compile features - done\n'}
[0.320577] (articubot_one) StdoutLine: {'line': b'-- Check for working CXX compiler: /usr/bin/c++ - skipped\n'}
[0.320807] (articubot_one) StdoutLine: {'line': b'-- Detecting CXX compile features\n'}
[0.321135] (articubot_one) StdoutLine: {'line': b'-- Detecting CXX compile features - done\n'}
[0.324566] (mini_car_bot) StdoutLine: {'line': b'-- Found ament_cmake: 2.5.3 (/opt/ros/jazzy/share/ament_cmake/cmake)\n'}
[0.325278] (articubot_one) StdoutLine: {'line': b'-- Found ament_cmake: 2.5.3 (/opt/ros/jazzy/share/ament_cmake/cmake)\n'}
[0.399787] (-) TimerEvent: {}
[0.453183] (articubot_one) StdoutLine: {'line': b'-- Found Python3: /usr/bin/python3 (found version "3.12.3") found components: Interpreter \n'}
[0.454172] (mini_car_bot) StdoutLine: {'line': b'-- Found Python3: /usr/bin/python3 (found version "3.12.3") found components: Interpreter \n'}
[0.499897] (-) TimerEvent: {}
[0.561927] (mini_car_bot) StdoutLine: {'line': b'-- Found ament_lint_auto: 0.17.1 (/opt/ros/jazzy/share/ament_lint_auto/cmake)\n'}
[0.563024] (articubot_one) StdoutLine: {'line': b'-- Found rclpy: 7.1.3 (/opt/ros/jazzy/share/rclpy/cmake)\n'}
[0.566225] (articubot_one) StdoutLine: {'line': b'-- Found sensor_msgs: 5.3.5 (/opt/ros/jazzy/share/sensor_msgs/cmake)\n'}
[0.600059] (-) TimerEvent: {}
[0.615259] (articubot_one) StdoutLine: {'line': b'-- Found rosidl_generator_c: 4.6.5 (/opt/ros/jazzy/share/rosidl_generator_c/cmake)\n'}
[0.631464] (articubot_one) StdoutLine: {'line': b'-- Found rosidl_generator_cpp: 4.6.5 (/opt/ros/jazzy/share/rosidl_generator_cpp/cmake)\n'}
[0.649178] (articubot_one) StdoutLine: {'line': b'-- Using all available rosidl_typesupport_c: rosidl_typesupport_fastrtps_c;rosidl_typesupport_introspection_c\n'}
[0.654460] (mini_car_bot) StdoutLine: {'line': b"-- Added test 'flake8' to check Python code syntax and style conventions\n"}
[0.654545] (mini_car_bot) StdoutLine: {'line': b"-- Configured 'flake8' exclude dirs and/or files: \n"}
[0.655551] (mini_car_bot) StdoutLine: {'line': b"-- Added test 'lint_cmake' to check CMake code style\n"}
[0.656261] (mini_car_bot) StdoutLine: {'line': b"-- Added test 'pep257' to check Python code against some of the docstring style conventions in PEP 257\n"}
[0.658762] (mini_car_bot) StdoutLine: {'line': b"-- Added test 'xmllint' to check XML markup files\n"}
[0.660269] (mini_car_bot) StdoutLine: {'line': b'-- Configuring done (0.6s)\n'}
[0.662998] (mini_car_bot) StdoutLine: {'line': b'-- Generating done (0.0s)\n'}
[0.664375] (mini_car_bot) StdoutLine: {'line': b'-- Build files have been written to: /home/houndsito/vt-cro/robogamescode/car_ws/build/mini_car_bot\n'}
[0.669044] (mini_car_bot) CommandEnded: {'returncode': 0}
[0.669590] (mini_car_bot) JobProgress: {'identifier': 'mini_car_bot', 'progress': 'build'}
[0.670387] (mini_car_bot) Command: {'cmd': ['/usr/bin/cmake', '--build', '/home/houndsito/vt-cro/robogamescode/car_ws/build/mini_car_bot', '--', '-j16', '-l16'], 'cwd': '/home/houndsito/vt-cro/robogamescode/car_ws/build/mini_car_bot', 'env': OrderedDict({'USER': 'houndsito', 'GZ_CONFIG_PATH': '/opt/ros/jazzy/opt/gz_launch_vendor/share/gz:/opt/ros/jazzy/opt/gz_sim_vendor/share/gz:/opt/ros/jazzy/opt/sdformat_vendor/share/gz:/opt/ros/jazzy/opt/gz_gui_vendor/share/gz:/opt/ros/jazzy/opt/gz_transport_vendor/share/gz:/opt/ros/jazzy/opt/gz_rendering_vendor/share/gz:/opt/ros/jazzy/opt/gz_plugin_vendor/share/gz:/opt/ros/jazzy/opt/gz_fuel_tools_vendor/share/gz:/opt/ros/jazzy/opt/gz_msgs_vendor/share/gz:/opt/ros/jazzy/opt/gz_common_vendor/share/gz', 'XDG_SESSION_TYPE': 'x11', 'SHLVL': '2', 'LD_LIBRARY_PATH': '/opt/ros/jazzy/opt/gz_launch_vendor/lib:/opt/ros/jazzy/opt/gz_sim_vendor/lib:/opt/ros/jazzy/opt/gz_sensors_vendor/lib:/opt/ros/jazzy/opt/gz_physics_vendor/lib:/opt/ros/jazzy/opt/sdformat_vendor/lib:/opt/ros/jazzy/opt/rviz_ogre_vendor/lib:/opt/ros/jazzy/lib/x86_64-linux-gnu:/opt/ros/jazzy/opt/gz_gui_vendor/lib:/opt/ros/jazzy/opt/gz_transport_vendor/lib:/opt/ros/jazzy/opt/gz_rendering_vendor/lib:/opt/ros/jazzy/opt/gz_plugin_vendor/lib:/opt/ros/jazzy/opt/gz_fuel_tools_vendor/lib:/opt/ros/jazzy/opt/gz_msgs_vendor/lib:/opt/ros/jazzy/opt/gz_common_vendor/lib:/opt/ros/jazzy/opt/gz_math_vendor/lib:/opt/ros/jazzy/opt/gz_utils_vendor/lib:/opt/ros/jazzy/opt/gz_tools_vendor/lib:/opt/ros/jazzy/opt/gz_ogre_next_vendor/lib:/opt/ros/jazzy/opt/gz_dartsim_vendor/lib:/opt/ros/jazzy/opt/gz_cmake_vendor/lib:/opt/ros/jazzy/lib', 'HOME': '/home/houndsito', 'TERMINFO': '/usr/lib/kitty/terminfo', 'DESKTOP_SESSION': 'ubuntu', 'KITTY_INSTALLATION_DIR': '/usr/lib/kitty', 'ROS_PYTHON_VERSION': '3', 'GNOME_SHELL_SESSION_MODE': 'ubuntu', 'GTK_MODULES': 'gail:atk-bridge', 'KITTY_PID': '5062', 'MANAGERPID': '2159', 'SYSTEMD_EXEC_PID': '2775', 'GSM_SKIP_SSH_AGENT_WORKAROUND': 'true', 'DBUS_SESSION_BUS_ADDRESS': 'unix:path=/run/user/1000/bus', 'COLORTERM': 'truecolor', 'GIO_LAUNCHED_DESKTOP_FILE_PID': '5062', 'GNOME_KEYRING_CONTROL': '/run/user/1000/keyring', 'DEBUGINFOD_URLS': 'https://debuginfod.ubuntu.com', 'OMF_PATH': '/home/houndsito/.local/share/omf', 'ROS_DISTRO': 'jazzy', 'LOGNAME': 'houndsito', 'WINDOWID': '48234507', 'JOURNAL_STREAM': '9:11672', '_': '/usr/bin/colcon', 'ROS_VERSION': '2', 'MEMORY_PRESSURE_WATCH': '/sys/fs/cgroup/user.slice/user-1000.slice/user@1000.service/session.slice/org.gnome.SettingsDaemon.MediaKeys.service/memory.pressure', 'XDG_SESSION_CLASS': 'user', 'KITTY_PUBLIC_KEY': '1:{D?n0S-=Pa62A(7^cpnLATAd^A*b+71@0*AnQS6E', 'USERNAME': 'houndsito', 'TERM': 'xterm-kitty', 'GNOME_DESKTOP_SESSION_ID': 'this-is-deprecated', 'WINDOWPATH': '2', 'PATH': '/opt/ros/jazzy/opt/gz_msgs_vendor/bin:/opt/ros/jazzy/opt/gz_tools_vendor/bin:/opt/ros/jazzy/opt/gz_ogre_next_vendor/bin:/opt/ros/jazzy/bin:/home/houndsito/.local/bin:/home/houndsito/bin:/usr/local/sbin:/usr/local/bin:/usr/sbin:/usr/bin:/sbin:/bin:/usr/games:/usr/local/games:/snap/bin:/snap/bin', 'SESSION_MANAGER': 'local/DPM:@/tmp/.ICE-unix/2558,unix/DPM:/tmp/.ICE-unix/2558', 'INVOCATION_ID': 'bebc0455435d4d28b007c7a10f267b90', 'XDG_MENU_PREFIX': 'gnome-', 'XDG_RUNTIME_DIR': '/run/user/1000', 'DISPLAY': ':1', 'LANG': 'en_US.UTF-8', 'XDG_CURRENT_DESKTOP': 'ubuntu:GNOME', 'XMODIFIERS': '@im=ibus', 'XDG_SESSION_DESKTOP': 'ubuntu', 'XAUTHORITY': '/run/user/1000/gdm/Xauthority', 'SSH_AUTH_SOCK': '/run/user/1000/keyring/ssh', 'AMENT_PREFIX_PATH': '/opt/ros/jazzy', 'SHELL': '/usr/bin/fish', 'QT_ACCESSIBILITY': '1', 'GDMSESSION': 'ubuntu', 'KITTY_WINDOW_ID': '1', 'GPG_AGENT_INFO': '/run/user/1000/gnupg/S.gpg-agent:0:1', 'ROS_AUTOMATIC_DISCOVERY_RANGE': 'SUBNET', 'QT_IM_MODULE': 'ibus', 'PWD': '/home/houndsito/vt-cro/robogamescode/car_ws/build/mini_car_bot', 'LC_ALL': 'en_US.UTF-8', 'XDG_CONFIG_DIRS': '/etc/xdg/xdg-ubuntu:/etc/xdg', 'XDG_DATA_DIRS': '/usr/share/ubuntu:/usr/share/gnome:/usr/local/share/:/usr/share/:/var/lib/snapd/desktop', 'OMF_CONFIG': '/home/houndsito/.config/omf', 'PYTHONPATH': '/opt/ros/jazzy/lib/python3.12/site-packages', 'COLCON': '1', 'MEMORY_PRESSURE_WRITE': 'c29tZSAyMDAwMDAgMjAwMDAwMAA=', 'CMAKE_PREFIX_PATH': '/opt/ros/jazzy/opt/gz_launch_vendor:/opt/ros/jazzy/opt/gz_sim_vendor:/opt/ros/jazzy/opt/gz_sensors_vendor:/opt/ros/jazzy/opt/gz_physics_vendor:/opt/ros/jazzy/opt/sdformat_vendor:/opt/ros/jazzy/opt/gz_gui_vendor:/opt/ros/jazzy/opt/gz_transport_vendor:/opt/ros/jazzy/opt/gz_rendering_vendor:/opt/ros/jazzy/opt/gz_plugin_vendor:/opt/ros/jazzy/opt/gz_fuel_tools_vendor:/opt/ros/jazzy/opt/gz_msgs_vendor:/opt/ros/jazzy/opt/gz_common_vendor:/opt/ros/jazzy/opt/gz_math_vendor:/opt/ros/jazzy/opt/gz_utils_vendor:/opt/ros/jazzy/opt/gz_tools_vendor:/opt/ros/jazzy/opt/gz_ogre_next_vendor:/opt/ros/jazzy/opt/gz_dartsim_vendor:/opt/ros/jazzy/opt/gz_cmake_vendor:/opt/ros/jazzy'}), 'shell': False}
[0.670641] (articubot_one) StdoutLine: {'line': b'-- Using all available rosidl_typesupport_cpp: rosidl_typesupport_fastrtps_cpp;rosidl_typesupport_introspection_cpp\n'}
[0.700193] (-) TimerEvent: {}
[0.712376] (mini_car_bot) CommandEnded: {'returncode': 0}
[0.713039] (mini_car_bot) JobProgress: {'identifier': 'mini_car_bot', 'progress': 'install'}
[0.722960] (mini_car_bot) Command: {'cmd': ['/usr/bin/cmake', '--install', '/home/houndsito/vt-cro/robogamescode/car_ws/build/mini_car_bot'], 'cwd': '/home/houndsito/vt-cro/robogamescode/car_ws/build/mini_car_bot', 'env': OrderedDict({'USER': 'houndsito', 'GZ_CONFIG_PATH': '/opt/ros/jazzy/opt/gz_launch_vendor/share/gz:/opt/ros/jazzy/opt/gz_sim_vendor/share/gz:/opt/ros/jazzy/opt/sdformat_vendor/share/gz:/opt/ros/jazzy/opt/gz_gui_vendor/share/gz:/opt/ros/jazzy/opt/gz_transport_vendor/share/gz:/opt/ros/jazzy/opt/gz_rendering_vendor/share/gz:/opt/ros/jazzy/opt/gz_plugin_vendor/share/gz:/opt/ros/jazzy/opt/gz_fuel_tools_vendor/share/gz:/opt/ros/jazzy/opt/gz_msgs_vendor/share/gz:/opt/ros/jazzy/opt/gz_common_vendor/share/gz', 'XDG_SESSION_TYPE': 'x11', 'SHLVL': '2', 'LD_LIBRARY_PATH': '/opt/ros/jazzy/opt/gz_launch_vendor/lib:/opt/ros/jazzy/opt/gz_sim_vendor/lib:/opt/ros/jazzy/opt/gz_sensors_vendor/lib:/opt/ros/jazzy/opt/gz_physics_vendor/lib:/opt/ros/jazzy/opt/sdformat_vendor/lib:/opt/ros/jazzy/opt/rviz_ogre_vendor/lib:/opt/ros/jazzy/lib/x86_64-linux-gnu:/opt/ros/jazzy/opt/gz_gui_vendor/lib:/opt/ros/jazzy/opt/gz_transport_vendor/lib:/opt/ros/jazzy/opt/gz_rendering_vendor/lib:/opt/ros/jazzy/opt/gz_plugin_vendor/lib:/opt/ros/jazzy/opt/gz_fuel_tools_vendor/lib:/opt/ros/jazzy/opt/gz_msgs_vendor/lib:/opt/ros/jazzy/opt/gz_common_vendor/lib:/opt/ros/jazzy/opt/gz_math_vendor/lib:/opt/ros/jazzy/opt/gz_utils_vendor/lib:/opt/ros/jazzy/opt/gz_tools_vendor/lib:/opt/ros/jazzy/opt/gz_ogre_next_vendor/lib:/opt/ros/jazzy/opt/gz_dartsim_vendor/lib:/opt/ros/jazzy/opt/gz_cmake_vendor/lib:/opt/ros/jazzy/lib', 'HOME': '/home/houndsito', 'TERMINFO': '/usr/lib/kitty/terminfo', 'DESKTOP_SESSION': 'ubuntu', 'KITTY_INSTALLATION_DIR': '/usr/lib/kitty', 'ROS_PYTHON_VERSION': '3', 'GNOME_SHELL_SESSION_MODE': 'ubuntu', 'GTK_MODULES': 'gail:atk-bridge', 'KITTY_PID': '5062', 'MANAGERPID': '2159', 'SYSTEMD_EXEC_PID': '2775', 'GSM_SKIP_SSH_AGENT_WORKAROUND': 'true', 'DBUS_SESSION_BUS_ADDRESS': 'unix:path=/run/user/1000/bus', 'COLORTERM': 'truecolor', 'GIO_LAUNCHED_DESKTOP_FILE_PID': '5062', 'GNOME_KEYRING_CONTROL': '/run/user/1000/keyring', 'DEBUGINFOD_URLS': 'https://debuginfod.ubuntu.com', 'OMF_PATH': '/home/houndsito/.local/share/omf', 'ROS_DISTRO': 'jazzy', 'LOGNAME': 'houndsito', 'WINDOWID': '48234507', 'JOURNAL_STREAM': '9:11672', '_': '/usr/bin/colcon', 'ROS_VERSION': '2', 'MEMORY_PRESSURE_WATCH': '/sys/fs/cgroup/user.slice/user-1000.slice/user@1000.service/session.slice/org.gnome.SettingsDaemon.MediaKeys.service/memory.pressure', 'XDG_SESSION_CLASS': 'user', 'KITTY_PUBLIC_KEY': '1:{D?n0S-=Pa62A(7^cpnLATAd^A*b+71@0*AnQS6E', 'USERNAME': 'houndsito', 'TERM': 'xterm-kitty', 'GNOME_DESKTOP_SESSION_ID': 'this-is-deprecated', 'WINDOWPATH': '2', 'PATH': '/opt/ros/jazzy/opt/gz_msgs_vendor/bin:/opt/ros/jazzy/opt/gz_tools_vendor/bin:/opt/ros/jazzy/opt/gz_ogre_next_vendor/bin:/opt/ros/jazzy/bin:/home/houndsito/.local/bin:/home/houndsito/bin:/usr/local/sbin:/usr/local/bin:/usr/sbin:/usr/bin:/sbin:/bin:/usr/games:/usr/local/games:/snap/bin:/snap/bin', 'SESSION_MANAGER': 'local/DPM:@/tmp/.ICE-unix/2558,unix/DPM:/tmp/.ICE-unix/2558', 'INVOCATION_ID': 'bebc0455435d4d28b007c7a10f267b90', 'XDG_MENU_PREFIX': 'gnome-', 'XDG_RUNTIME_DIR': '/run/user/1000', 'DISPLAY': ':1', 'LANG': 'en_US.UTF-8', 'XDG_CURRENT_DESKTOP': 'ubuntu:GNOME', 'XMODIFIERS': '@im=ibus', 'XDG_SESSION_DESKTOP': 'ubuntu', 'XAUTHORITY': '/run/user/1000/gdm/Xauthority', 'SSH_AUTH_SOCK': '/run/user/1000/keyring/ssh', 'AMENT_PREFIX_PATH': '/opt/ros/jazzy', 'SHELL': '/usr/bin/fish', 'QT_ACCESSIBILITY': '1', 'GDMSESSION': 'ubuntu', 'KITTY_WINDOW_ID': '1', 'GPG_AGENT_INFO': '/run/user/1000/gnupg/S.gpg-agent:0:1', 'ROS_AUTOMATIC_DISCOVERY_RANGE': 'SUBNET', 'QT_IM_MODULE': 'ibus', 'PWD': '/home/houndsito/vt-cro/robogamescode/car_ws/build/mini_car_bot', 'LC_ALL': 'en_US.UTF-8', 'XDG_CONFIG_DIRS': '/etc/xdg/xdg-ubuntu:/etc/xdg', 'XDG_DATA_DIRS': '/usr/share/ubuntu:/usr/share/gnome:/usr/local/share/:/usr/share/:/var/lib/snapd/desktop', 'OMF_CONFIG': '/home/houndsito/.config/omf', 'PYTHONPATH': '/opt/ros/jazzy/lib/python3.12/site-packages', 'COLCON': '1', 'MEMORY_PRESSURE_WRITE': 'c29tZSAyMDAwMDAgMjAwMDAwMAA=', 'CMAKE_PREFIX_PATH': '/opt/ros/jazzy/opt/gz_launch_vendor:/opt/ros/jazzy/opt/gz_sim_vendor:/opt/ros/jazzy/opt/gz_sensors_vendor:/opt/ros/jazzy/opt/gz_physics_vendor:/opt/ros/jazzy/opt/sdformat_vendor:/opt/ros/jazzy/opt/gz_gui_vendor:/opt/ros/jazzy/opt/gz_transport_vendor:/opt/ros/jazzy/opt/gz_rendering_vendor:/opt/ros/jazzy/opt/gz_plugin_vendor:/opt/ros/jazzy/opt/gz_fuel_tools_vendor:/opt/ros/jazzy/opt/gz_msgs_vendor:/opt/ros/jazzy/opt/gz_common_vendor:/opt/ros/jazzy/opt/gz_math_vendor:/opt/ros/jazzy/opt/gz_utils_vendor:/opt/ros/jazzy/opt/gz_tools_vendor:/opt/ros/jazzy/opt/gz_ogre_next_vendor:/opt/ros/jazzy/opt/gz_dartsim_vendor:/opt/ros/jazzy/opt/gz_cmake_vendor:/opt/ros/jazzy'}), 'shell': False}
[0.732008] (mini_car_bot) StdoutLine: {'line': b'-- Install configuration: ""\n'}
[0.732230] (mini_car_bot) StdoutLine: {'line': b'-- Installing: /home/houndsito/vt-cro/robogamescode/car_ws/install/mini_car_bot/share/mini_car_bot/config\n'}
[0.732383] (mini_car_bot) StdoutLine: {'line': b'-- Installing: /home/houndsito/vt-cro/robogamescode/car_ws/install/mini_car_bot/share/mini_car_bot/config/twist_mux.yaml\n'}
[0.732612] (mini_car_bot) StdoutLine: {'line': b'-- Installing: /home/houndsito/vt-cro/robogamescode/car_ws/install/mini_car_bot/share/mini_car_bot/config/gaz_ros2_ctl_use_sim.yaml\n'}
[0.732796] (mini_car_bot) StdoutLine: {'line': b'-- Installing: /home/houndsito/vt-cro/robogamescode/car_ws/install/mini_car_bot/share/mini_car_bot/config/gz_bridge.yaml\n'}
[0.732961] (mini_car_bot) StdoutLine: {'line': b'-- Installing: /home/houndsito/vt-cro/robogamescode/car_ws/install/mini_car_bot/share/mini_car_bot/config/view_bot.rviz\n'}
[0.733076] (mini_car_bot) StdoutLine: {'line': b'-- Installing: /home/houndsito/vt-cro/robogamescode/car_ws/install/mini_car_bot/share/mini_car_bot/config/mapper_params_online_async.yaml\n'}
[0.733168] (mini_car_bot) StdoutLine: {'line': b'-- Installing: /home/houndsito/vt-cro/robogamescode/car_ws/install/mini_car_bot/share/mini_car_bot/config/my_controllers.yaml\n'}
[0.733256] (mini_car_bot) StdoutLine: {'line': b'-- Installing: /home/houndsito/vt-cro/robogamescode/car_ws/install/mini_car_bot/share/mini_car_bot/description\n'}
[0.733324] (mini_car_bot) StdoutLine: {'line': b'-- Installing: /home/houndsito/vt-cro/robogamescode/car_ws/install/mini_car_bot/share/mini_car_bot/description/robot.urdf.xacro\n'}
[0.733425] (mini_car_bot) StdoutLine: {'line': b'-- Installing: /home/houndsito/vt-cro/robogamescode/car_ws/install/mini_car_bot/share/mini_car_bot/description/inertial_macros.xacro\n'}
[0.733520] (mini_car_bot) StdoutLine: {'line': b'-- Installing: /home/houndsito/vt-cro/robogamescode/car_ws/install/mini_car_bot/share/mini_car_bot/description/camera.xacro\n'}
[0.733613] (mini_car_bot) StdoutLine: {'line': b'-- Installing: /home/houndsito/vt-cro/robogamescode/car_ws/install/mini_car_bot/share/mini_car_bot/description/gazebo_control.xacro\n'}
[0.733707] (mini_car_bot) StdoutLine: {'line': b'-- Installing: /home/houndsito/vt-cro/robogamescode/car_ws/install/mini_car_bot/share/mini_car_bot/description/depth_camera.xacro\n'}
[0.733801] (mini_car_bot) StdoutLine: {'line': b'-- Installing: /home/houndsito/vt-cro/robogamescode/car_ws/install/mini_car_bot/share/mini_car_bot/description/lidar.xacro\n'}
[0.733895] (mini_car_bot) StdoutLine: {'line': b'-- Installing: /home/houndsito/vt-cro/robogamescode/car_ws/install/mini_car_bot/share/mini_car_bot/description/ros2_control.xacro\n'}
[0.733997] (mini_car_bot) StdoutLine: {'line': b'-- Installing: /home/houndsito/vt-cro/robogamescode/car_ws/install/mini_car_bot/share/mini_car_bot/description/robot.core.xacro\n'}
[0.734098] (mini_car_bot) StdoutLine: {'line': b'-- Installing: /home/houndsito/vt-cro/robogamescode/car_ws/install/mini_car_bot/share/mini_car_bot/launch\n'}
[0.734166] (mini_car_bot) StdoutLine: {'line': b'-- Installing: /home/houndsito/vt-cro/robogamescode/car_ws/install/mini_car_bot/share/mini_car_bot/launch/rsp.launch.py\n'}
[0.734262] (mini_car_bot) StdoutLine: {'line': b'-- Installing: /home/houndsito/vt-cro/robogamescode/car_ws/install/mini_car_bot/share/mini_car_bot/launch/launch_sim.launch.py\n'}
[0.734358] (mini_car_bot) StdoutLine: {'line': b'-- Installing: /home/houndsito/vt-cro/robogamescode/car_ws/install/mini_car_bot/share/mini_car_bot/launch/rplidar.launch.py\n'}
[0.734588] (mini_car_bot) StdoutLine: {'line': b'-- Installing: /home/houndsito/vt-cro/robogamescode/car_ws/install/mini_car_bot/share/mini_car_bot/launch/__pycache__\n'}
[0.734650] (mini_car_bot) StdoutLine: {'line': b'-- Installing: /home/houndsito/vt-cro/robogamescode/car_ws/install/mini_car_bot/share/mini_car_bot/launch/__pycache__/joystick.launch.cpython-312.pyc\n'}
[0.734694] (mini_car_bot) StdoutLine: {'line': b'-- Installing: /home/houndsito/vt-cro/robogamescode/car_ws/install/mini_car_bot/share/mini_car_bot/launch/online_async_launch.py\n'}
[0.734770] (mini_car_bot) StdoutLine: {'line': b'-- Installing: /home/houndsito/vt-cro/robogamescode/car_ws/install/mini_car_bot/share/mini_car_bot/launch/launch_robot.launch.py\n'}
[0.734840] (mini_car_bot) StdoutLine: {'line': b'-- Installing: /home/houndsito/vt-cro/robogamescode/car_ws/install/mini_car_bot/share/mini_car_bot/launch/camera.launch.py\n'}
[0.734909] (mini_car_bot) StdoutLine: {'line': b'-- Installing: /home/houndsito/vt-cro/robogamescode/car_ws/install/mini_car_bot/share/mini_car_bot/launch/joystick.launch.py\n'}
[0.734999] (mini_car_bot) StdoutLine: {'line': b'-- Installing: /home/houndsito/vt-cro/robogamescode/car_ws/install/mini_car_bot/share/mini_car_bot/worlds\n'}
[0.735084] (mini_car_bot) StdoutLine: {'line': b'-- Installing: /home/houndsito/vt-cro/robogamescode/car_ws/install/mini_car_bot/share/mini_car_bot/worlds/prev_empty.world\n'}
[0.735168] (mini_car_bot) StdoutLine: {'line': b'-- Installing: /home/houndsito/vt-cro/robogamescode/car_ws/install/mini_car_bot/share/mini_car_bot/worlds/model.sdf\n'}
[0.735274] (mini_car_bot) StdoutLine: {'line': b'-- Installing: /home/houndsito/vt-cro/robogamescode/car_ws/install/mini_car_bot/share/mini_car_bot/worlds/simple.world\n'}
[0.735370] (mini_car_bot) StdoutLine: {'line': b'-- Installing: /home/houndsito/vt-cro/robogamescode/car_ws/install/mini_car_bot/share/mini_car_bot/worlds/model.config\n'}
[0.735464] (mini_car_bot) StdoutLine: {'line': b'-- Installing: /home/houndsito/vt-cro/robogamescode/car_ws/install/mini_car_bot/share/mini_car_bot/worlds/empty.world\n'}
[0.735554] (mini_car_bot) StdoutLine: {'line': b'-- Installing: /home/houndsito/vt-cro/robogamescode/car_ws/install/mini_car_bot/share/mini_car_bot/worlds/meshes\n'}
[0.735620] (mini_car_bot) StdoutLine: {'line': b'-- Installing: /home/houndsito/vt-cro/robogamescode/car_ws/install/mini_car_bot/share/mini_car_bot/worlds/meshes/yellow3.stl\n'}
[0.735958] (mini_car_bot) StdoutLine: {'line': b'-- Installing: /home/houndsito/vt-cro/robogamescode/car_ws/install/mini_car_bot/share/mini_car_bot/worlds/meshes/red2.stl\n'}
[0.736077] (mini_car_bot) StdoutLine: {'line': b'-- Installing: /home/houndsito/vt-cro/robogamescode/car_ws/install/mini_car_bot/share/mini_car_bot/worlds/meshes/yellow2.stl\n'}
[0.736427] (mini_car_bot) StdoutLine: {'line': b'-- Installing: /home/houndsito/vt-cro/robogamescode/car_ws/install/mini_car_bot/share/mini_car_bot/worlds/meshes/yellow1.stl\n'}
[0.736769] (mini_car_bot) StdoutLine: {'line': b'-- Installing: /home/houndsito/vt-cro/robogamescode/car_ws/install/mini_car_bot/share/mini_car_bot/worlds/meshes/yellow5.stl\n'}
[0.737145] (mini_car_bot) StdoutLine: {'line': b'-- Installing: /home/houndsito/vt-cro/robogamescode/car_ws/install/mini_car_bot/share/mini_car_bot/worlds/meshes/blue.stl\n'}
[0.737484] (mini_car_bot) StdoutLine: {'line': b'-- Installing: /home/houndsito/vt-cro/robogamescode/car_ws/install/mini_car_bot/share/mini_car_bot/worlds/meshes/block.stl\n'}
[0.737581] (mini_car_bot) StdoutLine: {'line': b'-- Installing: /home/houndsito/vt-cro/robogamescode/car_ws/install/mini_car_bot/share/mini_car_bot/worlds/meshes/wood.stl\n'}
[0.737678] (mini_car_bot) StdoutLine: {'line': b'-- Installing: /home/houndsito/vt-cro/robogamescode/car_ws/install/mini_car_bot/share/mini_car_bot/worlds/meshes/red1.stl\n'}
[0.737784] (mini_car_bot) StdoutLine: {'line': b'-- Installing: /home/houndsito/vt-cro/robogamescode/car_ws/install/mini_car_bot/share/mini_car_bot/worlds/meshes/yellow4.stl\n'}
[0.738126] (mini_car_bot) StdoutLine: {'line': b'-- Installing: /home/houndsito/vt-cro/robogamescode/car_ws/install/mini_car_bot/share/mini_car_bot/worlds/meshes/ramp.stl\n'}
[0.738223] (mini_car_bot) StdoutLine: {'line': b'-- Installing: /home/houndsito/vt-cro/robogamescode/car_ws/install/mini_car_bot/share/mini_car_bot/worlds/meshes/world1.stl\n'}
[0.740039] (mini_car_bot) StdoutLine: {'line': b'-- Installing: /home/houndsito/vt-cro/robogamescode/car_ws/install/mini_car_bot/share/ament_index/resource_index/package_run_dependencies/mini_car_bot\n'}
[0.740193] (mini_car_bot) StdoutLine: {'line': b'-- Installing: /home/houndsito/vt-cro/robogamescode/car_ws/install/mini_car_bot/share/ament_index/resource_index/parent_prefix_path/mini_car_bot\n'}
[0.740350] (mini_car_bot) StdoutLine: {'line': b'-- Installing: /home/houndsito/vt-cro/robogamescode/car_ws/install/mini_car_bot/share/mini_car_bot/environment/ament_prefix_path.sh\n'}
[0.740473] (mini_car_bot) StdoutLine: {'line': b'-- Installing: /home/houndsito/vt-cro/robogamescode/car_ws/install/mini_car_bot/share/mini_car_bot/environment/ament_prefix_path.dsv\n'}
[0.740586] (mini_car_bot) StdoutLine: {'line': b'-- Installing: /home/houndsito/vt-cro/robogamescode/car_ws/install/mini_car_bot/share/mini_car_bot/environment/path.sh\n'}
[0.740710] (mini_car_bot) StdoutLine: {'line': b'-- Installing: /home/houndsito/vt-cro/robogamescode/car_ws/install/mini_car_bot/share/mini_car_bot/environment/path.dsv\n'}
[0.740829] (mini_car_bot) StdoutLine: {'line': b'-- Installing: /home/houndsito/vt-cro/robogamescode/car_ws/install/mini_car_bot/share/mini_car_bot/local_setup.bash\n'}
[0.740943] (mini_car_bot) StdoutLine: {'line': b'-- Installing: /home/houndsito/vt-cro/robogamescode/car_ws/install/mini_car_bot/share/mini_car_bot/local_setup.sh\n'}
[0.741075] (mini_car_bot) StdoutLine: {'line': b'-- Installing: /home/houndsito/vt-cro/robogamescode/car_ws/install/mini_car_bot/share/mini_car_bot/local_setup.zsh\n'}
[0.741193] (mini_car_bot) StdoutLine: {'line': b'-- Installing: /home/houndsito/vt-cro/robogamescode/car_ws/install/mini_car_bot/share/mini_car_bot/local_setup.dsv\n'}
[0.741306] (mini_car_bot) StdoutLine: {'line': b'-- Installing: /home/houndsito/vt-cro/robogamescode/car_ws/install/mini_car_bot/share/mini_car_bot/package.dsv\n'}
[0.741526] (mini_car_bot) StdoutLine: {'line': b'-- Installing: /home/houndsito/vt-cro/robogamescode/car_ws/install/mini_car_bot/share/ament_index/resource_index/packages/mini_car_bot\n'}
[0.741603] (mini_car_bot) StdoutLine: {'line': b'-- Installing: /home/houndsito/vt-cro/robogamescode/car_ws/install/mini_car_bot/share/mini_car_bot/cmake/mini_car_botConfig.cmake\n'}
[0.741677] (mini_car_bot) StdoutLine: {'line': b'-- Installing: /home/houndsito/vt-cro/robogamescode/car_ws/install/mini_car_bot/share/mini_car_bot/cmake/mini_car_botConfig-version.cmake\n'}
[0.741791] (mini_car_bot) StdoutLine: {'line': b'-- Installing: /home/houndsito/vt-cro/robogamescode/car_ws/install/mini_car_bot/share/mini_car_bot/package.xml\n'}
[0.743302] (mini_car_bot) CommandEnded: {'returncode': 0}
[0.751333] (articubot_one) StdoutLine: {'line': b'-- Found cv_bridge: 4.1.0 (/opt/ros/jazzy/share/cv_bridge/cmake)\n'}
[0.753828] (mini_car_bot) JobEnded: {'identifier': 'mini_car_bot', 'rc': 0}
[0.800298] (-) TimerEvent: {}
[0.817920] (articubot_one) StdoutLine: {'line': b'-- Found rmw_implementation_cmake: 7.3.1 (/opt/ros/jazzy/share/rmw_implementation_cmake/cmake)\n'}
[0.821985] (articubot_one) StdoutLine: {'line': b'-- Found rmw_fastrtps_cpp: 8.4.1 (/opt/ros/jazzy/share/rmw_fastrtps_cpp/cmake)\n'}
[0.900385] (-) TimerEvent: {}
[0.924808] (articubot_one) StdoutLine: {'line': b'-- Found OpenSSL: /usr/lib/x86_64-linux-gnu/libcrypto.so (found version "3.0.13")  \n'}
[0.942548] (articubot_one) StdoutLine: {'line': b'-- Found FastRTPS: /opt/ros/jazzy/include (Required is at least version "2.13") \n'}
[0.963255] (articubot_one) StdoutLine: {'line': b"-- Using RMW implementation 'rmw_fastrtps_cpp' as default\n"}
[1.000467] (-) TimerEvent: {}
[1.033203] (articubot_one) StdoutLine: {'line': b'-- Found image_transport: 5.1.5 (/opt/ros/jazzy/share/image_transport/cmake)\n'}
[1.064932] (articubot_one) StdoutLine: {'line': b'-- Found image_geometry: 4.1.0 (/opt/ros/jazzy/share/image_geometry/cmake)\n'}
[1.069807] (articubot_one) StdoutLine: {'line': b'-- Found ament_lint_auto: 0.17.1 (/opt/ros/jazzy/share/ament_lint_auto/cmake)\n'}
[1.100597] (-) TimerEvent: {}
[1.169591] (articubot_one) StdoutLine: {'line': b"-- Added test 'copyright' to check source files copyright and LICENSE\n"}
[1.173317] (articubot_one) StdoutLine: {'line': b"-- Added test 'cppcheck' to perform static code analysis on C / C++ code\n"}
[1.173499] (articubot_one) StdoutLine: {'line': b'-- Configured cppcheck include dirs: \n'}
[1.173606] (articubot_one) StdoutLine: {'line': b'-- Configured cppcheck exclude dirs and/or files: \n'}
[1.176822] (articubot_one) StdoutLine: {'line': b"-- Added test 'cpplint' to check C / C++ code against the Google style\n"}
[1.177006] (articubot_one) StdoutLine: {'line': b'-- Configured cpplint exclude dirs and/or files: \n'}
[1.177777] (articubot_one) StdoutLine: {'line': b"-- Added test 'flake8' to check Python code syntax and style conventions\n"}
[1.177930] (articubot_one) StdoutLine: {'line': b"-- Configured 'flake8' exclude dirs and/or files: \n"}
[1.179034] (articubot_one) StdoutLine: {'line': b"-- Added test 'lint_cmake' to check CMake code style\n"}
[1.179938] (articubot_one) StdoutLine: {'line': b"-- Added test 'pep257' to check Python code against some of the docstring style conventions in PEP 257\n"}
[1.183498] (articubot_one) StdoutLine: {'line': b"-- Added test 'uncrustify' to check C / C++ code style\n"}
[1.183663] (articubot_one) StdoutLine: {'line': b'-- Configured uncrustify additional arguments: \n'}
[1.184451] (articubot_one) StdoutLine: {'line': b"-- Added test 'xmllint' to check XML markup files\n"}
[1.185966] (articubot_one) StdoutLine: {'line': b'-- Configuring done (1.2s)\n'}
[1.191041] (articubot_one) StdoutLine: {'line': b'-- Generating done (0.0s)\n'}
[1.192961] (articubot_one) StdoutLine: {'line': b'-- Build files have been written to: /home/houndsito/vt-cro/robogamescode/car_ws/build/articubot_one\n'}
[1.200742] (-) TimerEvent: {}
[1.202854] (articubot_one) CommandEnded: {'returncode': 0}
[1.204104] (articubot_one) JobProgress: {'identifier': 'articubot_one', 'progress': 'build'}
[1.204712] (articubot_one) Command: {'cmd': ['/usr/bin/cmake', '--build', '/home/houndsito/vt-cro/robogamescode/car_ws/build/articubot_one', '--', '-j16', '-l16'], 'cwd': '/home/houndsito/vt-cro/robogamescode/car_ws/build/articubot_one', 'env': OrderedDict({'USER': 'houndsito', 'GZ_CONFIG_PATH': '/opt/ros/jazzy/opt/gz_launch_vendor/share/gz:/opt/ros/jazzy/opt/gz_sim_vendor/share/gz:/opt/ros/jazzy/opt/sdformat_vendor/share/gz:/opt/ros/jazzy/opt/gz_gui_vendor/share/gz:/opt/ros/jazzy/opt/gz_transport_vendor/share/gz:/opt/ros/jazzy/opt/gz_rendering_vendor/share/gz:/opt/ros/jazzy/opt/gz_plugin_vendor/share/gz:/opt/ros/jazzy/opt/gz_fuel_tools_vendor/share/gz:/opt/ros/jazzy/opt/gz_msgs_vendor/share/gz:/opt/ros/jazzy/opt/gz_common_vendor/share/gz', 'XDG_SESSION_TYPE': 'x11', 'SHLVL': '2', 'LD_LIBRARY_PATH': '/opt/ros/jazzy/opt/gz_launch_vendor/lib:/opt/ros/jazzy/opt/gz_sim_vendor/lib:/opt/ros/jazzy/opt/gz_sensors_vendor/lib:/opt/ros/jazzy/opt/gz_physics_vendor/lib:/opt/ros/jazzy/opt/sdformat_vendor/lib:/opt/ros/jazzy/opt/rviz_ogre_vendor/lib:/opt/ros/jazzy/lib/x86_64-linux-gnu:/opt/ros/jazzy/opt/gz_gui_vendor/lib:/opt/ros/jazzy/opt/gz_transport_vendor/lib:/opt/ros/jazzy/opt/gz_rendering_vendor/lib:/opt/ros/jazzy/opt/gz_plugin_vendor/lib:/opt/ros/jazzy/opt/gz_fuel_tools_vendor/lib:/opt/ros/jazzy/opt/gz_msgs_vendor/lib:/opt/ros/jazzy/opt/gz_common_vendor/lib:/opt/ros/jazzy/opt/gz_math_vendor/lib:/opt/ros/jazzy/opt/gz_utils_vendor/lib:/opt/ros/jazzy/opt/gz_tools_vendor/lib:/opt/ros/jazzy/opt/gz_ogre_next_vendor/lib:/opt/ros/jazzy/opt/gz_dartsim_vendor/lib:/opt/ros/jazzy/opt/gz_cmake_vendor/lib:/opt/ros/jazzy/lib', 'HOME': '/home/houndsito', 'TERMINFO': '/usr/lib/kitty/terminfo', 'DESKTOP_SESSION': 'ubuntu', 'KITTY_INSTALLATION_DIR': '/usr/lib/kitty', 'ROS_PYTHON_VERSION': '3', 'GNOME_SHELL_SESSION_MODE': 'ubuntu', 'GTK_MODULES': 'gail:atk-bridge', 'KITTY_PID': '5062', 'MANAGERPID': '2159', 'SYSTEMD_EXEC_PID': '2775', 'GSM_SKIP_SSH_AGENT_WORKAROUND': 'true', 'DBUS_SESSION_BUS_ADDRESS': 'unix:path=/run/user/1000/bus', 'COLORTERM': 'truecolor', 'GIO_LAUNCHED_DESKTOP_FILE_PID': '5062', 'GNOME_KEYRING_CONTROL': '/run/user/1000/keyring', 'DEBUGINFOD_URLS': 'https://debuginfod.ubuntu.com', 'OMF_PATH': '/home/houndsito/.local/share/omf', 'ROS_DISTRO': 'jazzy', 'LOGNAME': 'houndsito', 'WINDOWID': '48234507', 'JOURNAL_STREAM': '9:11672', '_': '/usr/bin/colcon', 'ROS_VERSION': '2', 'MEMORY_PRESSURE_WATCH': '/sys/fs/cgroup/user.slice/user-1000.slice/user@1000.service/session.slice/org.gnome.SettingsDaemon.MediaKeys.service/memory.pressure', 'XDG_SESSION_CLASS': 'user', 'KITTY_PUBLIC_KEY': '1:{D?n0S-=Pa62A(7^cpnLATAd^A*b+71@0*AnQS6E', 'USERNAME': 'houndsito', 'TERM': 'xterm-kitty', 'GNOME_DESKTOP_SESSION_ID': 'this-is-deprecated', 'WINDOWPATH': '2', 'PATH': '/opt/ros/jazzy/opt/gz_msgs_vendor/bin:/opt/ros/jazzy/opt/gz_tools_vendor/bin:/opt/ros/jazzy/opt/gz_ogre_next_vendor/bin:/opt/ros/jazzy/bin:/home/houndsito/.local/bin:/home/houndsito/bin:/usr/local/sbin:/usr/local/bin:/usr/sbin:/usr/bin:/sbin:/bin:/usr/games:/usr/local/games:/snap/bin:/snap/bin', 'SESSION_MANAGER': 'local/DPM:@/tmp/.ICE-unix/2558,unix/DPM:/tmp/.ICE-unix/2558', 'INVOCATION_ID': 'bebc0455435d4d28b007c7a10f267b90', 'XDG_MENU_PREFIX': 'gnome-', 'XDG_RUNTIME_DIR': '/run/user/1000', 'DISPLAY': ':1', 'LANG': 'en_US.UTF-8', 'XDG_CURRENT_DESKTOP': 'ubuntu:GNOME', 'XMODIFIERS': '@im=ibus', 'XDG_SESSION_DESKTOP': 'ubuntu', 'XAUTHORITY': '/run/user/1000/gdm/Xauthority', 'SSH_AUTH_SOCK': '/run/user/1000/keyring/ssh', 'AMENT_PREFIX_PATH': '/opt/ros/jazzy', 'SHELL': '/usr/bin/fish', 'QT_ACCESSIBILITY': '1', 'GDMSESSION': 'ubuntu', 'KITTY_WINDOW_ID': '1', 'GPG_AGENT_INFO': '/run/user/1000/gnupg/S.gpg-agent:0:1', 'ROS_AUTOMATIC_DISCOVERY_RANGE': 'SUBNET', 'QT_IM_MODULE': 'ibus', 'PWD': '/home/houndsito/vt-cro/robogamescode/car_ws/build/articubot_one', 'LC_ALL': 'en_US.UTF-8', 'XDG_CONFIG_DIRS': '/etc/xdg/xdg-ubuntu:/etc/xdg', 'XDG_DATA_DIRS': '/usr/share/ubuntu:/usr/share/gnome:/usr/local/share/:/usr/share/:/var/lib/snapd/desktop', 'OMF_CONFIG': '/home/houndsito/.config/omf', 'PYTHONPATH': '/opt/ros/jazzy/lib/python3.12/site-packages', 'COLCON': '1', 'MEMORY_PRESSURE_WRITE': 'c29tZSAyMDAwMDAgMjAwMDAwMAA=', 'CMAKE_PREFIX_PATH': '/opt/ros/jazzy/opt/gz_launch_vendor:/opt/ros/jazzy/opt/gz_sim_vendor:/opt/ros/jazzy/opt/gz_sensors_vendor:/opt/ros/jazzy/opt/gz_physics_vendor:/opt/ros/jazzy/opt/sdformat_vendor:/opt/ros/jazzy/opt/gz_gui_vendor:/opt/ros/jazzy/opt/gz_transport_vendor:/opt/ros/jazzy/opt/gz_rendering_vendor:/opt/ros/jazzy/opt/gz_plugin_vendor:/opt/ros/jazzy/opt/gz_fuel_tools_vendor:/opt/ros/jazzy/opt/gz_msgs_vendor:/opt/ros/jazzy/opt/gz_common_vendor:/opt/ros/jazzy/opt/gz_math_vendor:/opt/ros/jazzy/opt/gz_utils_vendor:/opt/ros/jazzy/opt/gz_tools_vendor:/opt/ros/jazzy/opt/gz_ogre_next_vendor:/opt/ros/jazzy/opt/gz_dartsim_vendor:/opt/ros/jazzy/opt/gz_cmake_vendor:/opt/ros/jazzy'}), 'shell': False}
[1.248884] (articubot_one) CommandEnded: {'returncode': 0}
[1.249676] (articubot_one) JobProgress: {'identifier': 'articubot_one', 'progress': 'install'}
[1.250244] (articubot_one) Command: {'cmd': ['/usr/bin/cmake', '--install', '/home/houndsito/vt-cro/robogamescode/car_ws/build/articubot_one'], 'cwd': '/home/houndsito/vt-cro/robogamescode/car_ws/build/articubot_one', 'env': OrderedDict({'USER': 'houndsito', 'GZ_CONFIG_PATH': '/opt/ros/jazzy/opt/gz_launch_vendor/share/gz:/opt/ros/jazzy/opt/gz_sim_vendor/share/gz:/opt/ros/jazzy/opt/sdformat_vendor/share/gz:/opt/ros/jazzy/opt/gz_gui_vendor/share/gz:/opt/ros/jazzy/opt/gz_transport_vendor/share/gz:/opt/ros/jazzy/opt/gz_rendering_vendor/share/gz:/opt/ros/jazzy/opt/gz_plugin_vendor/share/gz:/opt/ros/jazzy/opt/gz_fuel_tools_vendor/share/gz:/opt/ros/jazzy/opt/gz_msgs_vendor/share/gz:/opt/ros/jazzy/opt/gz_common_vendor/share/gz', 'XDG_SESSION_TYPE': 'x11', 'SHLVL': '2', 'LD_LIBRARY_PATH': '/opt/ros/jazzy/opt/gz_launch_vendor/lib:/opt/ros/jazzy/opt/gz_sim_vendor/lib:/opt/ros/jazzy/opt/gz_sensors_vendor/lib:/opt/ros/jazzy/opt/gz_physics_vendor/lib:/opt/ros/jazzy/opt/sdformat_vendor/lib:/opt/ros/jazzy/opt/rviz_ogre_vendor/lib:/opt/ros/jazzy/lib/x86_64-linux-gnu:/opt/ros/jazzy/opt/gz_gui_vendor/lib:/opt/ros/jazzy/opt/gz_transport_vendor/lib:/opt/ros/jazzy/opt/gz_rendering_vendor/lib:/opt/ros/jazzy/opt/gz_plugin_vendor/lib:/opt/ros/jazzy/opt/gz_fuel_tools_vendor/lib:/opt/ros/jazzy/opt/gz_msgs_vendor/lib:/opt/ros/jazzy/opt/gz_common_vendor/lib:/opt/ros/jazzy/opt/gz_math_vendor/lib:/opt/ros/jazzy/opt/gz_utils_vendor/lib:/opt/ros/jazzy/opt/gz_tools_vendor/lib:/opt/ros/jazzy/opt/gz_ogre_next_vendor/lib:/opt/ros/jazzy/opt/gz_dartsim_vendor/lib:/opt/ros/jazzy/opt/gz_cmake_vendor/lib:/opt/ros/jazzy/lib', 'HOME': '/home/houndsito', 'TERMINFO': '/usr/lib/kitty/terminfo', 'DESKTOP_SESSION': 'ubuntu', 'KITTY_INSTALLATION_DIR': '/usr/lib/kitty', 'ROS_PYTHON_VERSION': '3', 'GNOME_SHELL_SESSION_MODE': 'ubuntu', 'GTK_MODULES': 'gail:atk-bridge', 'KITTY_PID': '5062', 'MANAGERPID': '2159', 'SYSTEMD_EXEC_PID': '2775', 'GSM_SKIP_SSH_AGENT_WORKAROUND': 'true', 'DBUS_SESSION_BUS_ADDRESS': 'unix:path=/run/user/1000/bus', 'COLORTERM': 'truecolor', 'GIO_LAUNCHED_DESKTOP_FILE_PID': '5062', 'GNOME_KEYRING_CONTROL': '/run/user/1000/keyring', 'DEBUGINFOD_URLS': 'https://debuginfod.ubuntu.com', 'OMF_PATH': '/home/houndsito/.local/share/omf', 'ROS_DISTRO': 'jazzy', 'LOGNAME': 'houndsito', 'WINDOWID': '48234507', 'JOURNAL_STREAM': '9:11672', '_': '/usr/bin/colcon', 'ROS_VERSION': '2', 'MEMORY_PRESSURE_WATCH': '/sys/fs/cgroup/user.slice/user-1000.slice/user@1000.service/session.slice/org.gnome.SettingsDaemon.MediaKeys.service/memory.pressure', 'XDG_SESSION_CLASS': 'user', 'KITTY_PUBLIC_KEY': '1:{D?n0S-=Pa62A(7^cpnLATAd^A*b+71@0*AnQS6E', 'USERNAME': 'houndsito', 'TERM': 'xterm-kitty', 'GNOME_DESKTOP_SESSION_ID': 'this-is-deprecated', 'WINDOWPATH': '2', 'PATH': '/opt/ros/jazzy/opt/gz_msgs_vendor/bin:/opt/ros/jazzy/opt/gz_tools_vendor/bin:/opt/ros/jazzy/opt/gz_ogre_next_vendor/bin:/opt/ros/jazzy/bin:/home/houndsito/.local/bin:/home/houndsito/bin:/usr/local/sbin:/usr/local/bin:/usr/sbin:/usr/bin:/sbin:/bin:/usr/games:/usr/local/games:/snap/bin:/snap/bin', 'SESSION_MANAGER': 'local/DPM:@/tmp/.ICE-unix/2558,unix/DPM:/tmp/.ICE-unix/2558', 'INVOCATION_ID': 'bebc0455435d4d28b007c7a10f267b90', 'XDG_MENU_PREFIX': 'gnome-', 'XDG_RUNTIME_DIR': '/run/user/1000', 'DISPLAY': ':1', 'LANG': 'en_US.UTF-8', 'XDG_CURRENT_DESKTOP': 'ubuntu:GNOME', 'XMODIFIERS': '@im=ibus', 'XDG_SESSION_DESKTOP': 'ubuntu', 'XAUTHORITY': '/run/user/1000/gdm/Xauthority', 'SSH_AUTH_SOCK': '/run/user/1000/keyring/ssh', 'AMENT_PREFIX_PATH': '/opt/ros/jazzy', 'SHELL': '/usr/bin/fish', 'QT_ACCESSIBILITY': '1', 'GDMSESSION': 'ubuntu', 'KITTY_WINDOW_ID': '1', 'GPG_AGENT_INFO': '/run/user/1000/gnupg/S.gpg-agent:0:1', 'ROS_AUTOMATIC_DISCOVERY_RANGE': 'SUBNET', 'QT_IM_MODULE': 'ibus', 'PWD': '/home/houndsito/vt-cro/robogamescode/car_ws/build/articubot_one', 'LC_ALL': 'en_US.UTF-8', 'XDG_CONFIG_DIRS': '/etc/xdg/xdg-ubuntu:/etc/xdg', 'XDG_DATA_DIRS': '/usr/share/ubuntu:/usr/share/gnome:/usr/local/share/:/usr/share/:/var/lib/snapd/desktop', 'OMF_CONFIG': '/home/houndsito/.config/omf', 'PYTHONPATH': '/opt/ros/jazzy/lib/python3.12/site-packages', 'COLCON': '1', 'MEMORY_PRESSURE_WRITE': 'c29tZSAyMDAwMDAgMjAwMDAwMAA=', 'CMAKE_PREFIX_PATH': '/opt/ros/jazzy/opt/gz_launch_vendor:/opt/ros/jazzy/opt/gz_sim_vendor:/opt/ros/jazzy/opt/gz_sensors_vendor:/opt/ros/jazzy/opt/gz_physics_vendor:/opt/ros/jazzy/opt/sdformat_vendor:/opt/ros/jazzy/opt/gz_gui_vendor:/opt/ros/jazzy/opt/gz_transport_vendor:/opt/ros/jazzy/opt/gz_rendering_vendor:/opt/ros/jazzy/opt/gz_plugin_vendor:/opt/ros/jazzy/opt/gz_fuel_tools_vendor:/opt/ros/jazzy/opt/gz_msgs_vendor:/opt/ros/jazzy/opt/gz_common_vendor:/opt/ros/jazzy/opt/gz_math_vendor:/opt/ros/jazzy/opt/gz_utils_vendor:/opt/ros/jazzy/opt/gz_tools_vendor:/opt/ros/jazzy/opt/gz_ogre_next_vendor:/opt/ros/jazzy/opt/gz_dartsim_vendor:/opt/ros/jazzy/opt/gz_cmake_vendor:/opt/ros/jazzy'}), 'shell': False}
[1.258127] (articubot_one) StdoutLine: {'line': b'-- Install configuration: ""\n'}
[1.258414] (articubot_one) StdoutLine: {'line': b'-- Installing: /home/houndsito/vt-cro/robogamescode/car_ws/install/articubot_one/lib/articubot_one/depth_to_scan.py\n'}
[1.258556] (articubot_one) StdoutLine: {'line': b'-- Installing: /home/houndsito/vt-cro/robogamescode/car_ws/install/articubot_one/share/articubot_one/config\n'}
[1.258711] (articubot_one) StdoutLine: {'line': b'-- Installing: /home/houndsito/vt-cro/robogamescode/car_ws/install/articubot_one/share/articubot_one/config/navigate_w_replanning_and_recovery.xml\n'}
[1.258820] (articubot_one) StdoutLine: {'line': b'-- Installing: /home/houndsito/vt-cro/robogamescode/car_ws/install/articubot_one/share/articubot_one/config/speedlimit_params.yaml\n'}
[1.259004] (articubot_one) StdoutLine: {'line': b'-- Installing: /home/houndsito/vt-cro/robogamescode/car_ws/install/articubot_one/share/articubot_one/config/twist_mux.yaml\n'}
[1.259137] (articubot_one) StdoutLine: {'line': b'-- Installing: /home/houndsito/vt-cro/robogamescode/car_ws/install/articubot_one/share/articubot_one/config/ball_tracker_params_sim.yaml\n'}
[1.259236] (articubot_one) StdoutLine: {'line': b'-- Installing: /home/houndsito/vt-cro/robogamescode/car_ws/install/articubot_one/share/articubot_one/config/gaz_ros2_ctl_use_sim.yaml\n'}
[1.259376] (articubot_one) StdoutLine: {'line': b'-- Installing: /home/houndsito/vt-cro/robogamescode/car_ws/install/articubot_one/share/articubot_one/config/drive_bot.rviz\n'}
[1.259487] (articubot_one) StdoutLine: {'line': b'-- Installing: /home/houndsito/vt-cro/robogamescode/car_ws/install/articubot_one/share/articubot_one/config/main.rviz\n'}
[1.259584] (articubot_one) StdoutLine: {'line': b'-- Installing: /home/houndsito/vt-cro/robogamescode/car_ws/install/articubot_one/share/articubot_one/config/gz_bridge.yaml\n'}
[1.259743] (articubot_one) StdoutLine: {'line': b'-- Installing: /home/houndsito/vt-cro/robogamescode/car_ws/install/articubot_one/share/articubot_one/config/speedlimit_nav2_params.yaml\n'}
[1.259787] (articubot_one) StdoutLine: {'line': b'-- Installing: /home/houndsito/vt-cro/robogamescode/car_ws/install/articubot_one/share/articubot_one/config/map.rviz\n'}
[1.259833] (articubot_one) StdoutLine: {'line': b'-- Installing: /home/houndsito/vt-cro/robogamescode/car_ws/install/articubot_one/share/articubot_one/config/nav2_params.yaml\n'}
[1.259877] (articubot_one) StdoutLine: {'line': b'-- Installing: /home/houndsito/vt-cro/robogamescode/car_ws/install/articubot_one/share/articubot_one/config/empty.yaml\n'}
[1.259953] (articubot_one) StdoutLine: {'line': b'-- Installing: /home/houndsito/vt-cro/robogamescode/car_ws/install/articubot_one/share/articubot_one/config/keepout_params.yaml\n'}
[1.260019] (articubot_one) StdoutLine: {'line': b'-- Installing: /home/houndsito/vt-cro/robogamescode/car_ws/install/articubot_one/share/articubot_one/config/view_bot.rviz\n'}
[1.260088] (articubot_one) StdoutLine: {'line': b'-- Installing: /home/houndsito/vt-cro/robogamescode/car_ws/install/articubot_one/share/articubot_one/config/mapper_params_online_async.yaml\n'}
[1.260152] (articubot_one) StdoutLine: {'line': b'-- Installing: /home/houndsito/vt-cro/robogamescode/car_ws/install/articubot_one/share/articubot_one/config/my_controllers.yaml\n'}
[1.260223] (articubot_one) StdoutLine: {'line': b'-- Installing: /home/houndsito/vt-cro/robogamescode/car_ws/install/articubot_one/share/articubot_one/config/joystick.yaml\n'}
[1.260326] (articubot_one) StdoutLine: {'line': b'-- Installing: /home/houndsito/vt-cro/robogamescode/car_ws/install/articubot_one/share/articubot_one/config/ball_tracker_params_robot.yaml\n'}
[1.260428] (articubot_one) StdoutLine: {'line': b'-- Installing: /home/houndsito/vt-cro/robogamescode/car_ws/install/articubot_one/share/articubot_one/config/keepout_nav2_params.yaml\n'}
[1.260533] (articubot_one) StdoutLine: {'line': b'-- Installing: /home/houndsito/vt-cro/robogamescode/car_ws/install/articubot_one/share/articubot_one/description\n'}
[1.260606] (articubot_one) StdoutLine: {'line': b'-- Installing: /home/houndsito/vt-cro/robogamescode/car_ws/install/articubot_one/share/articubot_one/description/robot.urdf.xacro\n'}
[1.260708] (articubot_one) StdoutLine: {'line': b'-- Installing: /home/houndsito/vt-cro/robogamescode/car_ws/install/articubot_one/share/articubot_one/description/inertial_macros.xacro\n'}
[1.260805] (articubot_one) StdoutLine: {'line': b'-- Installing: /home/houndsito/vt-cro/robogamescode/car_ws/install/articubot_one/share/articubot_one/description/camera.xacro\n'}
[1.260898] (articubot_one) StdoutLine: {'line': b'-- Installing: /home/houndsito/vt-cro/robogamescode/car_ws/install/articubot_one/share/articubot_one/description/gazebo_control.xacro\n'}
[1.261015] (articubot_one) StdoutLine: {'line': b'-- Installing: /home/houndsito/vt-cro/robogamescode/car_ws/install/articubot_one/share/articubot_one/description/face.xacro\n'}
[1.261115] (articubot_one) StdoutLine: {'line': b'-- Installing: /home/houndsito/vt-cro/robogamescode/car_ws/install/articubot_one/share/articubot_one/description/depth_camera.xacro\n'}
[1.261216] (articubot_one) StdoutLine: {'line': b'-- Installing: /home/houndsito/vt-cro/robogamescode/car_ws/install/articubot_one/share/articubot_one/description/lidar.xacro\n'}
[1.261316] (articubot_one) StdoutLine: {'line': b'-- Installing: /home/houndsito/vt-cro/robogamescode/car_ws/install/articubot_one/share/articubot_one/description/ros2_control.xacro\n'}
[1.261453] (articubot_one) StdoutLine: {'line': b'-- Installing: /home/houndsito/vt-cro/robogamescode/car_ws/install/articubot_one/share/articubot_one/description/robot_core.xacro\n'}
[1.261647] (articubot_one) StdoutLine: {'line': b'-- Installing: /home/houndsito/vt-cro/robogamescode/car_ws/install/articubot_one/share/articubot_one/launch\n'}
[1.261768] (articubot_one) StdoutLine: {'line': b'-- Installing: /home/houndsito/vt-cro/robogamescode/car_ws/install/articubot_one/share/articubot_one/launch/rsp.launch.py\n'}
[1.261893] (articubot_one) StdoutLine: {'line': b'-- Installing: /home/houndsito/vt-cro/robogamescode/car_ws/install/articubot_one/share/articubot_one/launch/localization_launch.py\n'}
[1.262016] (articubot_one) StdoutLine: {'line': b'-- Installing: /home/houndsito/vt-cro/robogamescode/car_ws/install/articubot_one/share/articubot_one/launch/ball_tracker.launch.py\n'}
[1.262120] (articubot_one) StdoutLine: {'line': b'-- Installing: /home/houndsito/vt-cro/robogamescode/car_ws/install/articubot_one/share/articubot_one/launch/launch_sim.launch.py\n'}
[1.262164] (articubot_one) StdoutLine: {'line': b'-- Installing: /home/houndsito/vt-cro/robogamescode/car_ws/install/articubot_one/share/articubot_one/launch/rplidar.launch.py\n'}
[1.262230] (articubot_one) StdoutLine: {'line': b'-- Installing: /home/houndsito/vt-cro/robogamescode/car_ws/install/articubot_one/share/articubot_one/launch/navigation_launch.py\n'}
[1.262278] (articubot_one) StdoutLine: {'line': b'-- Installing: /home/houndsito/vt-cro/robogamescode/car_ws/install/articubot_one/share/articubot_one/launch/online_async_launch.py\n'}
[1.262343] (articubot_one) StdoutLine: {'line': b'-- Installing: /home/houndsito/vt-cro/robogamescode/car_ws/install/articubot_one/share/articubot_one/launch/launch_robot.launch.py\n'}
[1.262426] (articubot_one) StdoutLine: {'line': b'-- Installing: /home/houndsito/vt-cro/robogamescode/car_ws/install/articubot_one/share/articubot_one/launch/camera.launch.py\n'}
[1.262531] (articubot_one) StdoutLine: {'line': b'-- Installing: /home/houndsito/vt-cro/robogamescode/car_ws/install/articubot_one/share/articubot_one/launch/joystick.launch.py\n'}
[1.262627] (articubot_one) StdoutLine: {'line': b'-- Installing: /home/houndsito/vt-cro/robogamescode/car_ws/install/articubot_one/share/articubot_one/worlds\n'}
[1.262713] (articubot_one) StdoutLine: {'line': b'-- Installing: /home/houndsito/vt-cro/robogamescode/car_ws/install/articubot_one/share/articubot_one/worlds/prev_empty.world\n'}
[1.262793] (articubot_one) StdoutLine: {'line': b'-- Installing: /home/houndsito/vt-cro/robogamescode/car_ws/install/articubot_one/share/articubot_one/worlds/model.sdf\n'}
[1.262898] (articubot_one) StdoutLine: {'line': b'-- Installing: /home/houndsito/vt-cro/robogamescode/car_ws/install/articubot_one/share/articubot_one/worlds/simple.world\n'}
[1.263014] (articubot_one) StdoutLine: {'line': b'-- Installing: /home/houndsito/vt-cro/robogamescode/car_ws/install/articubot_one/share/articubot_one/worlds/obstacles.world\n'}
[1.263126] (articubot_one) StdoutLine: {'line': b'-- Installing: /home/houndsito/vt-cro/robogamescode/car_ws/install/articubot_one/share/articubot_one/worlds/model.config\n'}
[1.263227] (articubot_one) StdoutLine: {'line': b'-- Installing: /home/houndsito/vt-cro/robogamescode/car_ws/install/articubot_one/share/articubot_one/worlds/empty.world\n'}
[1.263320] (articubot_one) StdoutLine: {'line': b'-- Installing: /home/houndsito/vt-cro/robogamescode/car_ws/install/articubot_one/share/articubot_one/worlds/meshes\n'}
[1.263394] (articubot_one) StdoutLine: {'line': b'-- Installing: /home/houndsito/vt-cro/robogamescode/car_ws/install/articubot_one/share/articubot_one/worlds/meshes/yellow3.stl\n'}
[1.263740] (articubot_one) StdoutLine: {'line': b'-- Installing: /home/houndsito/vt-cro/robogamescode/car_ws/install/articubot_one/share/articubot_one/worlds/meshes/red2.stl\n'}
[1.263854] (articubot_one) StdoutLine: {'line': b'-- Installing: /home/houndsito/vt-cro/robogamescode/car_ws/install/articubot_one/share/articubot_one/worlds/meshes/yellow2.stl\n'}
[1.264246] (articubot_one) StdoutLine: {'line': b'-- Installing: /home/houndsito/vt-cro/robogamescode/car_ws/install/articubot_one/share/articubot_one/worlds/meshes/yellow.obj\n'}
[1.264660] (articubot_one) StdoutLine: {'line': b'-- Installing: /home/houndsito/vt-cro/robogamescode/car_ws/install/articubot_one/share/articubot_one/worlds/meshes/ramp.mtl\n'}
[1.264793] (articubot_one) StdoutLine: {'line': b'-- Installing: /home/houndsito/vt-cro/robogamescode/car_ws/install/articubot_one/share/articubot_one/worlds/meshes/blue.obj\n'}
[1.265153] (articubot_one) StdoutLine: {'line': b'-- Installing: /home/houndsito/vt-cro/robogamescode/car_ws/install/articubot_one/share/articubot_one/worlds/meshes/yellow1.stl\n'}
[1.265497] (articubot_one) StdoutLine: {'line': b'-- Installing: /home/houndsito/vt-cro/robogamescode/car_ws/install/articubot_one/share/articubot_one/worlds/meshes/yellow5.stl\n'}
[1.265823] (articubot_one) StdoutLine: {'line': b'-- Installing: /home/houndsito/vt-cro/robogamescode/car_ws/install/articubot_one/share/articubot_one/worlds/meshes/block.mtl\n'}
[1.265919] (articubot_one) StdoutLine: {'line': b'-- Installing: /home/houndsito/vt-cro/robogamescode/car_ws/install/articubot_one/share/articubot_one/worlds/meshes/wood.obj\n'}
[1.266025] (articubot_one) StdoutLine: {'line': b'-- Installing: /home/houndsito/vt-cro/robogamescode/car_ws/install/articubot_one/share/articubot_one/worlds/meshes/blue.stl\n'}
[1.266365] (articubot_one) StdoutLine: {'line': b'-- Installing: /home/houndsito/vt-cro/robogamescode/car_ws/install/articubot_one/share/articubot_one/worlds/meshes/blue.mtl\n'}
[1.266461] (articubot_one) StdoutLine: {'line': b'-- Installing: /home/houndsito/vt-cro/robogamescode/car_ws/install/articubot_one/share/articubot_one/worlds/meshes/block.obj\n'}
[1.266556] (articubot_one) StdoutLine: {'line': b'-- Installing: /home/houndsito/vt-cro/robogamescode/car_ws/install/articubot_one/share/articubot_one/worlds/meshes/wood.mtl\n'}
[1.266659] (articubot_one) StdoutLine: {'line': b'-- Installing: /home/houndsito/vt-cro/robogamescode/car_ws/install/articubot_one/share/articubot_one/worlds/meshes/block.stl\n'}
[1.266756] (articubot_one) StdoutLine: {'line': b'-- Installing: /home/houndsito/vt-cro/robogamescode/car_ws/install/articubot_one/share/articubot_one/worlds/meshes/red.mtl\n'}
[1.266848] (articubot_one) StdoutLine: {'line': b'-- Installing: /home/houndsito/vt-cro/robogamescode/car_ws/install/articubot_one/share/articubot_one/worlds/meshes/wood.stl\n'}
[1.266948] (articubot_one) StdoutLine: {'line': b'-- Installing: /home/houndsito/vt-cro/robogamescode/car_ws/install/articubot_one/share/articubot_one/worlds/meshes/ramp.obj\n'}
[1.267057] (articubot_one) StdoutLine: {'line': b'-- Installing: /home/houndsito/vt-cro/robogamescode/car_ws/install/articubot_one/share/articubot_one/worlds/meshes/red1.stl\n'}
[1.267166] (articubot_one) StdoutLine: {'line': b'-- Installing: /home/houndsito/vt-cro/robogamescode/car_ws/install/articubot_one/share/articubot_one/worlds/meshes/yellow4.stl\n'}
[1.267506] (articubot_one) StdoutLine: {'line': b'-- Installing: /home/houndsito/vt-cro/robogamescode/car_ws/install/articubot_one/share/articubot_one/worlds/meshes/red.obj\n'}
[1.267606] (articubot_one) StdoutLine: {'line': b'-- Installing: /home/houndsito/vt-cro/robogamescode/car_ws/install/articubot_one/share/articubot_one/worlds/meshes/yellow.mtl\n'}
[1.267701] (articubot_one) StdoutLine: {'line': b'-- Installing: /home/houndsito/vt-cro/robogamescode/car_ws/install/articubot_one/share/articubot_one/worlds/meshes/bridge.mtl\n'}
[1.267802] (articubot_one) StdoutLine: {'line': b'-- Installing: /home/houndsito/vt-cro/robogamescode/car_ws/install/articubot_one/share/articubot_one/worlds/meshes/ramp.stl\n'}
[1.267899] (articubot_one) StdoutLine: {'line': b'-- Installing: /home/houndsito/vt-cro/robogamescode/car_ws/install/articubot_one/share/articubot_one/worlds/meshes/bridge.obj\n'}
[1.268016] (articubot_one) StdoutLine: {'line': b'-- Installing: /home/houndsito/vt-cro/robogamescode/car_ws/install/articubot_one/share/articubot_one/worlds/meshes/world1.stl\n'}
[1.269597] (articubot_one) StdoutLine: {'line': b'-- Installing: /home/houndsito/vt-cro/robogamescode/car_ws/install/articubot_one/share/articubot_one/maps\n'}
[1.269789] (articubot_one) StdoutLine: {'line': b'-- Installing: /home/houndsito/vt-cro/robogamescode/car_ws/install/articubot_one/share/ament_index/resource_index/package_run_dependencies/articubot_one\n'}
[1.269951] (articubot_one) StdoutLine: {'line': b'-- Installing: /home/houndsito/vt-cro/robogamescode/car_ws/install/articubot_one/share/ament_index/resource_index/parent_prefix_path/articubot_one\n'}
[1.270119] (articubot_one) StdoutLine: {'line': b'-- Installing: /home/houndsito/vt-cro/robogamescode/car_ws/install/articubot_one/share/articubot_one/environment/ament_prefix_path.sh\n'}
[1.270237] (articubot_one) StdoutLine: {'line': b'-- Installing: /home/houndsito/vt-cro/robogamescode/car_ws/install/articubot_one/share/articubot_one/environment/ament_prefix_path.dsv\n'}
[1.270355] (articubot_one) StdoutLine: {'line': b'-- Installing: /home/houndsito/vt-cro/robogamescode/car_ws/install/articubot_one/share/articubot_one/environment/path.sh\n'}
[1.270468] (articubot_one) StdoutLine: {'line': b'-- Installing: /home/houndsito/vt-cro/robogamescode/car_ws/install/articubot_one/share/articubot_one/environment/path.dsv\n'}
[1.270581] (articubot_one) StdoutLine: {'line': b'-- Installing: /home/houndsito/vt-cro/robogamescode/car_ws/install/articubot_one/share/articubot_one/local_setup.bash\n'}
[1.270694] (articubot_one) StdoutLine: {'line': b'-- Installing: /home/houndsito/vt-cro/robogamescode/car_ws/install/articubot_one/share/articubot_one/local_setup.sh\n'}
[1.270814] (articubot_one) StdoutLine: {'line': b'-- Installing: /home/houndsito/vt-cro/robogamescode/car_ws/install/articubot_one/share/articubot_one/local_setup.zsh\n'}
[1.270927] (articubot_one) StdoutLine: {'line': b'-- Installing: /home/houndsito/vt-cro/robogamescode/car_ws/install/articubot_one/share/articubot_one/local_setup.dsv\n'}
[1.271050] (articubot_one) StdoutLine: {'line': b'-- Installing: /home/houndsito/vt-cro/robogamescode/car_ws/install/articubot_one/share/articubot_one/package.dsv\n'}
[1.271209] (articubot_one) StdoutLine: {'line': b'-- Installing: /home/houndsito/vt-cro/robogamescode/car_ws/install/articubot_one/share/ament_index/resource_index/packages/articubot_one\n'}
[1.271356] (articubot_one) StdoutLine: {'line': b'-- Installing: /home/houndsito/vt-cro/robogamescode/car_ws/install/articubot_one/share/articubot_one/cmake/articubot_oneConfig.cmake\n'}
[1.271457] (articubot_one) StdoutLine: {'line': b'-- Installing: /home/houndsito/vt-cro/robogamescode/car_ws/install/articubot_one/share/articubot_one/cmake/articubot_oneConfig-version.cmake\n'}
[1.271570] (articubot_one) StdoutLine: {'line': b'-- Installing: /home/houndsito/vt-cro/robogamescode/car_ws/install/articubot_one/share/articubot_one/package.xml\n'}
[1.273457] (articubot_one) CommandEnded: {'returncode': 0}
[1.280983] (articubot_one) JobEnded: {'identifier': 'articubot_one', 'rc': 0}
[1.281593] (-) EventReactorShutdown: {}
