[0.000000] (-) TimerEvent: {}
[0.000109] (mini_car_bot) JobQueued: {'identifier': 'mini_car_bot', 'dependencies': OrderedDict()}
[0.000612] (mini_car_bot) JobStarted: {'identifier': 'mini_car_bot'}
[0.008221] (mini_car_bot) JobProgress: {'identifier': 'mini_car_bot', 'progress': 'cmake'}
[0.008646] (mini_car_bot) Command: {'cmd': ['/usr/bin/cmake', '/home/houndsito/vt-cro/robogamescode/car_ws/src/mini_car_bot', '-DCMAKE_INSTALL_PREFIX=/home/houndsito/vt-cro/robogamescode/car_ws/install/mini_car_bot'], 'cwd': '/home/houndsito/vt-cro/robogamescode/car_ws/build/mini_car_bot', 'env': OrderedDict({'USER': 'houndsito', 'GZ_CONFIG_PATH': '/opt/ros/jazzy/opt/gz_launch_vendor/share/gz:/opt/ros/jazzy/opt/gz_sim_vendor/share/gz:/opt/ros/jazzy/opt/sdformat_vendor/share/gz:/opt/ros/jazzy/opt/gz_gui_vendor/share/gz:/opt/ros/jazzy/opt/gz_transport_vendor/share/gz:/opt/ros/jazzy/opt/gz_rendering_vendor/share/gz:/opt/ros/jazzy/opt/gz_plugin_vendor/share/gz:/opt/ros/jazzy/opt/gz_fuel_tools_vendor/share/gz:/opt/ros/jazzy/opt/gz_msgs_vendor/share/gz:/opt/ros/jazzy/opt/gz_common_vendor/share/gz', 'XDG_SESSION_TYPE': 'x11', 'SHLVL': '2', 'LD_LIBRARY_PATH': '/opt/ros/jazzy/opt/gz_launch_vendor/lib:/opt/ros/jazzy/opt/gz_sim_vendor/lib:/opt/ros/jazzy/opt/gz_sensors_vendor/lib:/opt/ros/jazzy/opt/gz_physics_vendor/lib:/opt/ros/jazzy/opt/sdformat_vendor/lib:/opt/ros/jazzy/opt/rviz_ogre_vendor/lib:/opt/ros/jazzy/lib/x86_64-linux-gnu:/opt/ros/jazzy/opt/gz_gui_vendor/lib:/opt/ros/jazzy/opt/gz_transport_vendor/lib:/opt/ros/jazzy/opt/gz_rendering_vendor/lib:/opt/ros/jazzy/opt/gz_plugin_vendor/lib:/opt/ros/jazzy/opt/gz_fuel_tools_vendor/lib:/opt/ros/jazzy/opt/gz_msgs_vendor/lib:/opt/ros/jazzy/opt/gz_common_vendor/lib:/opt/ros/jazzy/opt/gz_math_vendor/lib:/opt/ros/jazzy/opt/gz_utils_vendor/lib:/opt/ros/jazzy/opt/gz_tools_vendor/lib:/opt/ros/jazzy/opt/gz_ogre_next_vendor/lib:/opt/ros/jazzy/opt/gz_dartsim_vendor/lib:/opt/ros/jazzy/opt/gz_cmake_vendor/lib:/opt/ros/jazzy/lib', 'HOME': '/home/houndsito', 'TERMINFO': '/usr/lib/kitty/terminfo', 'DESKTOP_SESSION': 'ubuntu', 'KITTY_INSTALLATION_DIR': '/usr/lib/kitty', 'ROS_PYTHON_VERSION': '3', 'GNOME_SHELL_SESSION_MODE': 'ubuntu', 'GTK_MODULES': 'gail:atk-bridge', 'KITTY_PID': '28239', 'MANAGERPID': '2216', 'SYSTEMD_EXEC_PID': '2831', 'GSM_SKIP_SSH_AGENT_WORKAROUND': 'true', 'DBUS_SESSION_BUS_ADDRESS': 'unix:path=/run/user/1000/bus', 'COLORTERM': 'truecolor', 'GIO_LAUNCHED_DESKTOP_FILE_PID': '28239', 'GNOME_KEYRING_CONTROL': '/run/user/1000/keyring', 'DEBUGINFOD_URLS': 'https://debuginfod.ubuntu.com', 'OMF_PATH': '/home/houndsito/.local/share/omf', 'ROS_DISTRO': 'jazzy', 'LOGNAME': 'houndsito', 'WINDOWID': '29360139', 'IGN_GAZEBO_MODEL_PATH': '/opt/ros/jazzy/share', 'JOURNAL_STREAM': '9:25905', '_': '/usr/bin/colcon', 'ROS_VERSION': '2', 'MEMORY_PRESSURE_WATCH': '/sys/fs/cgroup/user.slice/user-1000.slice/user@1000.service/session.slice/org.gnome.SettingsDaemon.MediaKeys.service/memory.pressure', 'XDG_SESSION_CLASS': 'user', 'KITTY_PUBLIC_KEY': '1:qh`=>{^wJ^xSQ)3_dtNWY<MmsOZ5yIx9n;+Ch*Dx', 'USERNAME': 'houndsito', 'TERM': 'xterm-kitty', 'GAZEBO_MODEL_PATH': '/opt/ros/jazzy/share', 'GNOME_DESKTOP_SESSION_ID': 'this-is-deprecated', 'WINDOWPATH': '2', 'PATH': '/opt/ros/jazzy/opt/gz_msgs_vendor/bin:/opt/ros/jazzy/opt/gz_tools_vendor/bin:/opt/ros/jazzy/opt/gz_ogre_next_vendor/bin:/opt/ros/jazzy/bin:/home/houndsito/.local/bin:/home/houndsito/bin:/usr/local/sbin:/usr/local/bin:/usr/sbin:/usr/bin:/sbin:/bin:/usr/games:/usr/local/games:/snap/bin:/snap/bin', 'SESSION_MANAGER': 'local/DPM:@/tmp/.ICE-unix/2619,unix/DPM:/tmp/.ICE-unix/2619', 'INVOCATION_ID': '5d49d5350caf443fa7752fb52353a79c', 'XDG_MENU_PREFIX': 'gnome-', 'XDG_RUNTIME_DIR': '/run/user/1000', 'DISPLAY': ':1', 'LANG': 'en_US.UTF-8', 'XDG_CURRENT_DESKTOP': 'ubuntu:GNOME', 'XMODIFIERS': '@im=ibus', 'XDG_SESSION_DESKTOP': 'ubuntu', 'XAUTHORITY': '/run/user/1000/gdm/Xauthority', 'SSH_AUTH_SOCK': '/run/user/1000/keyring/ssh', 'AMENT_PREFIX_PATH': '/opt/ros/jazzy', 'SHELL': '/usr/bin/fish', 'QT_ACCESSIBILITY': '1', 'GDMSESSION': 'ubuntu', 'KITTY_WINDOW_ID': '1', 'IGN_GAZEBO_RESOURCE_PATH': '/opt/ros/jazzy/share', 'GPG_AGENT_INFO': '/run/user/1000/gnupg/S.gpg-agent:0:1', 'GAZEBO_RESOURCE_PATH': '/opt/ros/jazzy/share', 'ROS_AUTOMATIC_DISCOVERY_RANGE': 'SUBNET', 'QT_IM_MODULE': 'ibus', 'PWD': '/home/houndsito/vt-cro/robogamescode/car_ws/build/mini_car_bot', 'LC_ALL': 'en_US.UTF-8', 'XDG_CONFIG_DIRS': '/etc/xdg/xdg-ubuntu:/etc/xdg', 'XDG_DATA_DIRS': '/usr/share/ubuntu:/usr/share/gnome:/usr/local/share/:/usr/share/:/var/lib/snapd/desktop', 'OMF_CONFIG': '/home/houndsito/.config/omf', 'PYTHONPATH': '/opt/ros/jazzy/lib/python3.12/site-packages', 'COLCON': '1', 'MEMORY_PRESSURE_WRITE': 'c29tZSAyMDAwMDAgMjAwMDAwMAA=', 'CMAKE_PREFIX_PATH': '/opt/ros/jazzy/opt/gz_launch_vendor:/opt/ros/jazzy/opt/gz_sim_vendor:/opt/ros/jazzy/opt/gz_sensors_vendor:/opt/ros/jazzy/opt/gz_physics_vendor:/opt/ros/jazzy/opt/sdformat_vendor:/opt/ros/jazzy/opt/gz_gui_vendor:/opt/ros/jazzy/opt/gz_transport_vendor:/opt/ros/jazzy/opt/gz_rendering_vendor:/opt/ros/jazzy/opt/gz_plugin_vendor:/opt/ros/jazzy/opt/gz_fuel_tools_vendor:/opt/ros/jazzy/opt/gz_msgs_vendor:/opt/ros/jazzy/opt/gz_common_vendor:/opt/ros/jazzy/opt/gz_math_vendor:/opt/ros/jazzy/opt/gz_utils_vendor:/opt/ros/jazzy/opt/gz_tools_vendor:/opt/ros/jazzy/opt/gz_ogre_next_vendor:/opt/ros/jazzy/opt/gz_dartsim_vendor:/opt/ros/jazzy/opt/gz_cmake_vendor:/opt/ros/jazzy'}), 'shell': False}
[0.059869] (mini_car_bot) StdoutLine: {'line': b'-- The C compiler identification is GNU 13.3.0\n'}
[0.099803] (-) TimerEvent: {}
[0.107518] (mini_car_bot) StdoutLine: {'line': b'-- The CXX compiler identification is GNU 13.3.0\n'}
[0.125174] (mini_car_bot) StdoutLine: {'line': b'-- Detecting C compiler ABI info\n'}
[0.199911] (-) TimerEvent: {}
[0.215286] (mini_car_bot) StdoutLine: {'line': b'-- Detecting C compiler ABI info - done\n'}
[0.221929] (mini_car_bot) StdoutLine: {'line': b'-- Check for working C compiler: /usr/bin/cc - skipped\n'}
[0.222113] (mini_car_bot) StdoutLine: {'line': b'-- Detecting C compile features\n'}
[0.222408] (mini_car_bot) StdoutLine: {'line': b'-- Detecting C compile features - done\n'}
[0.232097] (mini_car_bot) StdoutLine: {'line': b'-- Detecting CXX compiler ABI info\n'}
[0.300007] (-) TimerEvent: {}
[0.325984] (mini_car_bot) StdoutLine: {'line': b'-- Detecting CXX compiler ABI info - done\n'}
[0.334091] (mini_car_bot) StdoutLine: {'line': b'-- Check for working CXX compiler: /usr/bin/c++ - skipped\n'}
[0.334317] (mini_car_bot) StdoutLine: {'line': b'-- Detecting CXX compile features\n'}
[0.334642] (mini_car_bot) StdoutLine: {'line': b'-- Detecting CXX compile features - done\n'}
[0.339002] (mini_car_bot) StdoutLine: {'line': b'-- Found ament_cmake: 2.5.3 (/opt/ros/jazzy/share/ament_cmake/cmake)\n'}
[0.400097] (-) TimerEvent: {}
[0.466227] (mini_car_bot) StdoutLine: {'line': b'-- Found Python3: /usr/bin/python3 (found version "3.12.3") found components: Interpreter \n'}
[0.500213] (-) TimerEvent: {}
[0.574523] (mini_car_bot) StdoutLine: {'line': b'-- Found ament_lint_auto: 0.17.1 (/opt/ros/jazzy/share/ament_lint_auto/cmake)\n'}
[0.600313] (-) TimerEvent: {}
[0.667782] (mini_car_bot) StdoutLine: {'line': b"-- Added test 'flake8' to check Python code syntax and style conventions\n"}
[0.668008] (mini_car_bot) StdoutLine: {'line': b"-- Configured 'flake8' exclude dirs and/or files: \n"}
[0.668796] (mini_car_bot) StdoutLine: {'line': b"-- Added test 'lint_cmake' to check CMake code style\n"}
[0.669580] (mini_car_bot) StdoutLine: {'line': b"-- Added test 'pep257' to check Python code against some of the docstring style conventions in PEP 257\n"}
[0.672194] (mini_car_bot) StdoutLine: {'line': b"-- Added test 'xmllint' to check XML markup files\n"}
[0.673697] (mini_car_bot) StdoutLine: {'line': b'-- Configuring done (0.7s)\n'}
[0.676522] (mini_car_bot) StdoutLine: {'line': b'-- Generating done (0.0s)\n'}
[0.677954] (mini_car_bot) StdoutLine: {'line': b'-- Build files have been written to: /home/houndsito/vt-cro/robogamescode/car_ws/build/mini_car_bot\n'}
[0.683767] (mini_car_bot) CommandEnded: {'returncode': 0}
[0.684380] (mini_car_bot) JobProgress: {'identifier': 'mini_car_bot', 'progress': 'build'}
[0.685264] (mini_car_bot) Command: {'cmd': ['/usr/bin/cmake', '--build', '/home/houndsito/vt-cro/robogamescode/car_ws/build/mini_car_bot', '--', '-j16', '-l16'], 'cwd': '/home/houndsito/vt-cro/robogamescode/car_ws/build/mini_car_bot', 'env': OrderedDict({'USER': 'houndsito', 'GZ_CONFIG_PATH': '/opt/ros/jazzy/opt/gz_launch_vendor/share/gz:/opt/ros/jazzy/opt/gz_sim_vendor/share/gz:/opt/ros/jazzy/opt/sdformat_vendor/share/gz:/opt/ros/jazzy/opt/gz_gui_vendor/share/gz:/opt/ros/jazzy/opt/gz_transport_vendor/share/gz:/opt/ros/jazzy/opt/gz_rendering_vendor/share/gz:/opt/ros/jazzy/opt/gz_plugin_vendor/share/gz:/opt/ros/jazzy/opt/gz_fuel_tools_vendor/share/gz:/opt/ros/jazzy/opt/gz_msgs_vendor/share/gz:/opt/ros/jazzy/opt/gz_common_vendor/share/gz', 'XDG_SESSION_TYPE': 'x11', 'SHLVL': '2', 'LD_LIBRARY_PATH': '/opt/ros/jazzy/opt/gz_launch_vendor/lib:/opt/ros/jazzy/opt/gz_sim_vendor/lib:/opt/ros/jazzy/opt/gz_sensors_vendor/lib:/opt/ros/jazzy/opt/gz_physics_vendor/lib:/opt/ros/jazzy/opt/sdformat_vendor/lib:/opt/ros/jazzy/opt/rviz_ogre_vendor/lib:/opt/ros/jazzy/lib/x86_64-linux-gnu:/opt/ros/jazzy/opt/gz_gui_vendor/lib:/opt/ros/jazzy/opt/gz_transport_vendor/lib:/opt/ros/jazzy/opt/gz_rendering_vendor/lib:/opt/ros/jazzy/opt/gz_plugin_vendor/lib:/opt/ros/jazzy/opt/gz_fuel_tools_vendor/lib:/opt/ros/jazzy/opt/gz_msgs_vendor/lib:/opt/ros/jazzy/opt/gz_common_vendor/lib:/opt/ros/jazzy/opt/gz_math_vendor/lib:/opt/ros/jazzy/opt/gz_utils_vendor/lib:/opt/ros/jazzy/opt/gz_tools_vendor/lib:/opt/ros/jazzy/opt/gz_ogre_next_vendor/lib:/opt/ros/jazzy/opt/gz_dartsim_vendor/lib:/opt/ros/jazzy/opt/gz_cmake_vendor/lib:/opt/ros/jazzy/lib', 'HOME': '/home/houndsito', 'TERMINFO': '/usr/lib/kitty/terminfo', 'DESKTOP_SESSION': 'ubuntu', 'KITTY_INSTALLATION_DIR': '/usr/lib/kitty', 'ROS_PYTHON_VERSION': '3', 'GNOME_SHELL_SESSION_MODE': 'ubuntu', 'GTK_MODULES': 'gail:atk-bridge', 'KITTY_PID': '28239', 'MANAGERPID': '2216', 'SYSTEMD_EXEC_PID': '2831', 'GSM_SKIP_SSH_AGENT_WORKAROUND': 'true', 'DBUS_SESSION_BUS_ADDRESS': 'unix:path=/run/user/1000/bus', 'COLORTERM': 'truecolor', 'GIO_LAUNCHED_DESKTOP_FILE_PID': '28239', 'GNOME_KEYRING_CONTROL': '/run/user/1000/keyring', 'DEBUGINFOD_URLS': 'https://debuginfod.ubuntu.com', 'OMF_PATH': '/home/houndsito/.local/share/omf', 'ROS_DISTRO': 'jazzy', 'LOGNAME': 'houndsito', 'WINDOWID': '29360139', 'IGN_GAZEBO_MODEL_PATH': '/opt/ros/jazzy/share', 'JOURNAL_STREAM': '9:25905', '_': '/usr/bin/colcon', 'ROS_VERSION': '2', 'MEMORY_PRESSURE_WATCH': '/sys/fs/cgroup/user.slice/user-1000.slice/user@1000.service/session.slice/org.gnome.SettingsDaemon.MediaKeys.service/memory.pressure', 'XDG_SESSION_CLASS': 'user', 'KITTY_PUBLIC_KEY': '1:qh`=>{^wJ^xSQ)3_dtNWY<MmsOZ5yIx9n;+Ch*Dx', 'USERNAME': 'houndsito', 'TERM': 'xterm-kitty', 'GAZEBO_MODEL_PATH': '/opt/ros/jazzy/share', 'GNOME_DESKTOP_SESSION_ID': 'this-is-deprecated', 'WINDOWPATH': '2', 'PATH': '/opt/ros/jazzy/opt/gz_msgs_vendor/bin:/opt/ros/jazzy/opt/gz_tools_vendor/bin:/opt/ros/jazzy/opt/gz_ogre_next_vendor/bin:/opt/ros/jazzy/bin:/home/houndsito/.local/bin:/home/houndsito/bin:/usr/local/sbin:/usr/local/bin:/usr/sbin:/usr/bin:/sbin:/bin:/usr/games:/usr/local/games:/snap/bin:/snap/bin', 'SESSION_MANAGER': 'local/DPM:@/tmp/.ICE-unix/2619,unix/DPM:/tmp/.ICE-unix/2619', 'INVOCATION_ID': '5d49d5350caf443fa7752fb52353a79c', 'XDG_MENU_PREFIX': 'gnome-', 'XDG_RUNTIME_DIR': '/run/user/1000', 'DISPLAY': ':1', 'LANG': 'en_US.UTF-8', 'XDG_CURRENT_DESKTOP': 'ubuntu:GNOME', 'XMODIFIERS': '@im=ibus', 'XDG_SESSION_DESKTOP': 'ubuntu', 'XAUTHORITY': '/run/user/1000/gdm/Xauthority', 'SSH_AUTH_SOCK': '/run/user/1000/keyring/ssh', 'AMENT_PREFIX_PATH': '/opt/ros/jazzy', 'SHELL': '/usr/bin/fish', 'QT_ACCESSIBILITY': '1', 'GDMSESSION': 'ubuntu', 'KITTY_WINDOW_ID': '1', 'IGN_GAZEBO_RESOURCE_PATH': '/opt/ros/jazzy/share', 'GPG_AGENT_INFO': '/run/user/1000/gnupg/S.gpg-agent:0:1', 'GAZEBO_RESOURCE_PATH': '/opt/ros/jazzy/share', 'ROS_AUTOMATIC_DISCOVERY_RANGE': 'SUBNET', 'QT_IM_MODULE': 'ibus', 'PWD': '/home/houndsito/vt-cro/robogamescode/car_ws/build/mini_car_bot', 'LC_ALL': 'en_US.UTF-8', 'XDG_CONFIG_DIRS': '/etc/xdg/xdg-ubuntu:/etc/xdg', 'XDG_DATA_DIRS': '/usr/share/ubuntu:/usr/share/gnome:/usr/local/share/:/usr/share/:/var/lib/snapd/desktop', 'OMF_CONFIG': '/home/houndsito/.config/omf', 'PYTHONPATH': '/opt/ros/jazzy/lib/python3.12/site-packages', 'COLCON': '1', 'MEMORY_PRESSURE_WRITE': 'c29tZSAyMDAwMDAgMjAwMDAwMAA=', 'CMAKE_PREFIX_PATH': '/opt/ros/jazzy/opt/gz_launch_vendor:/opt/ros/jazzy/opt/gz_sim_vendor:/opt/ros/jazzy/opt/gz_sensors_vendor:/opt/ros/jazzy/opt/gz_physics_vendor:/opt/ros/jazzy/opt/sdformat_vendor:/opt/ros/jazzy/opt/gz_gui_vendor:/opt/ros/jazzy/opt/gz_transport_vendor:/opt/ros/jazzy/opt/gz_rendering_vendor:/opt/ros/jazzy/opt/gz_plugin_vendor:/opt/ros/jazzy/opt/gz_fuel_tools_vendor:/opt/ros/jazzy/opt/gz_msgs_vendor:/opt/ros/jazzy/opt/gz_common_vendor:/opt/ros/jazzy/opt/gz_math_vendor:/opt/ros/jazzy/opt/gz_utils_vendor:/opt/ros/jazzy/opt/gz_tools_vendor:/opt/ros/jazzy/opt/gz_ogre_next_vendor:/opt/ros/jazzy/opt/gz_dartsim_vendor:/opt/ros/jazzy/opt/gz_cmake_vendor:/opt/ros/jazzy'}), 'shell': False}
[0.700393] (-) TimerEvent: {}
[0.728597] (mini_car_bot) CommandEnded: {'returncode': 0}
[0.729461] (mini_car_bot) JobProgress: {'identifier': 'mini_car_bot', 'progress': 'install'}
[0.739654] (mini_car_bot) Command: {'cmd': ['/usr/bin/cmake', '--install', '/home/houndsito/vt-cro/robogamescode/car_ws/build/mini_car_bot'], 'cwd': '/home/houndsito/vt-cro/robogamescode/car_ws/build/mini_car_bot', 'env': OrderedDict({'USER': 'houndsito', 'GZ_CONFIG_PATH': '/opt/ros/jazzy/opt/gz_launch_vendor/share/gz:/opt/ros/jazzy/opt/gz_sim_vendor/share/gz:/opt/ros/jazzy/opt/sdformat_vendor/share/gz:/opt/ros/jazzy/opt/gz_gui_vendor/share/gz:/opt/ros/jazzy/opt/gz_transport_vendor/share/gz:/opt/ros/jazzy/opt/gz_rendering_vendor/share/gz:/opt/ros/jazzy/opt/gz_plugin_vendor/share/gz:/opt/ros/jazzy/opt/gz_fuel_tools_vendor/share/gz:/opt/ros/jazzy/opt/gz_msgs_vendor/share/gz:/opt/ros/jazzy/opt/gz_common_vendor/share/gz', 'XDG_SESSION_TYPE': 'x11', 'SHLVL': '2', 'LD_LIBRARY_PATH': '/opt/ros/jazzy/opt/gz_launch_vendor/lib:/opt/ros/jazzy/opt/gz_sim_vendor/lib:/opt/ros/jazzy/opt/gz_sensors_vendor/lib:/opt/ros/jazzy/opt/gz_physics_vendor/lib:/opt/ros/jazzy/opt/sdformat_vendor/lib:/opt/ros/jazzy/opt/rviz_ogre_vendor/lib:/opt/ros/jazzy/lib/x86_64-linux-gnu:/opt/ros/jazzy/opt/gz_gui_vendor/lib:/opt/ros/jazzy/opt/gz_transport_vendor/lib:/opt/ros/jazzy/opt/gz_rendering_vendor/lib:/opt/ros/jazzy/opt/gz_plugin_vendor/lib:/opt/ros/jazzy/opt/gz_fuel_tools_vendor/lib:/opt/ros/jazzy/opt/gz_msgs_vendor/lib:/opt/ros/jazzy/opt/gz_common_vendor/lib:/opt/ros/jazzy/opt/gz_math_vendor/lib:/opt/ros/jazzy/opt/gz_utils_vendor/lib:/opt/ros/jazzy/opt/gz_tools_vendor/lib:/opt/ros/jazzy/opt/gz_ogre_next_vendor/lib:/opt/ros/jazzy/opt/gz_dartsim_vendor/lib:/opt/ros/jazzy/opt/gz_cmake_vendor/lib:/opt/ros/jazzy/lib', 'HOME': '/home/houndsito', 'TERMINFO': '/usr/lib/kitty/terminfo', 'DESKTOP_SESSION': 'ubuntu', 'KITTY_INSTALLATION_DIR': '/usr/lib/kitty', 'ROS_PYTHON_VERSION': '3', 'GNOME_SHELL_SESSION_MODE': 'ubuntu', 'GTK_MODULES': 'gail:atk-bridge', 'KITTY_PID': '28239', 'MANAGERPID': '2216', 'SYSTEMD_EXEC_PID': '2831', 'GSM_SKIP_SSH_AGENT_WORKAROUND': 'true', 'DBUS_SESSION_BUS_ADDRESS': 'unix:path=/run/user/1000/bus', 'COLORTERM': 'truecolor', 'GIO_LAUNCHED_DESKTOP_FILE_PID': '28239', 'GNOME_KEYRING_CONTROL': '/run/user/1000/keyring', 'DEBUGINFOD_URLS': 'https://debuginfod.ubuntu.com', 'OMF_PATH': '/home/houndsito/.local/share/omf', 'ROS_DISTRO': 'jazzy', 'LOGNAME': 'houndsito', 'WINDOWID': '29360139', 'IGN_GAZEBO_MODEL_PATH': '/opt/ros/jazzy/share', 'JOURNAL_STREAM': '9:25905', '_': '/usr/bin/colcon', 'ROS_VERSION': '2', 'MEMORY_PRESSURE_WATCH': '/sys/fs/cgroup/user.slice/user-1000.slice/user@1000.service/session.slice/org.gnome.SettingsDaemon.MediaKeys.service/memory.pressure', 'XDG_SESSION_CLASS': 'user', 'KITTY_PUBLIC_KEY': '1:qh`=>{^wJ^xSQ)3_dtNWY<MmsOZ5yIx9n;+Ch*Dx', 'USERNAME': 'houndsito', 'TERM': 'xterm-kitty', 'GAZEBO_MODEL_PATH': '/opt/ros/jazzy/share', 'GNOME_DESKTOP_SESSION_ID': 'this-is-deprecated', 'WINDOWPATH': '2', 'PATH': '/opt/ros/jazzy/opt/gz_msgs_vendor/bin:/opt/ros/jazzy/opt/gz_tools_vendor/bin:/opt/ros/jazzy/opt/gz_ogre_next_vendor/bin:/opt/ros/jazzy/bin:/home/houndsito/.local/bin:/home/houndsito/bin:/usr/local/sbin:/usr/local/bin:/usr/sbin:/usr/bin:/sbin:/bin:/usr/games:/usr/local/games:/snap/bin:/snap/bin', 'SESSION_MANAGER': 'local/DPM:@/tmp/.ICE-unix/2619,unix/DPM:/tmp/.ICE-unix/2619', 'INVOCATION_ID': '5d49d5350caf443fa7752fb52353a79c', 'XDG_MENU_PREFIX': 'gnome-', 'XDG_RUNTIME_DIR': '/run/user/1000', 'DISPLAY': ':1', 'LANG': 'en_US.UTF-8', 'XDG_CURRENT_DESKTOP': 'ubuntu:GNOME', 'XMODIFIERS': '@im=ibus', 'XDG_SESSION_DESKTOP': 'ubuntu', 'XAUTHORITY': '/run/user/1000/gdm/Xauthority', 'SSH_AUTH_SOCK': '/run/user/1000/keyring/ssh', 'AMENT_PREFIX_PATH': '/opt/ros/jazzy', 'SHELL': '/usr/bin/fish', 'QT_ACCESSIBILITY': '1', 'GDMSESSION': 'ubuntu', 'KITTY_WINDOW_ID': '1', 'IGN_GAZEBO_RESOURCE_PATH': '/opt/ros/jazzy/share', 'GPG_AGENT_INFO': '/run/user/1000/gnupg/S.gpg-agent:0:1', 'GAZEBO_RESOURCE_PATH': '/opt/ros/jazzy/share', 'ROS_AUTOMATIC_DISCOVERY_RANGE': 'SUBNET', 'QT_IM_MODULE': 'ibus', 'PWD': '/home/houndsito/vt-cro/robogamescode/car_ws/build/mini_car_bot', 'LC_ALL': 'en_US.UTF-8', 'XDG_CONFIG_DIRS': '/etc/xdg/xdg-ubuntu:/etc/xdg', 'XDG_DATA_DIRS': '/usr/share/ubuntu:/usr/share/gnome:/usr/local/share/:/usr/share/:/var/lib/snapd/desktop', 'OMF_CONFIG': '/home/houndsito/.config/omf', 'PYTHONPATH': '/opt/ros/jazzy/lib/python3.12/site-packages', 'COLCON': '1', 'MEMORY_PRESSURE_WRITE': 'c29tZSAyMDAwMDAgMjAwMDAwMAA=', 'CMAKE_PREFIX_PATH': '/opt/ros/jazzy/opt/gz_launch_vendor:/opt/ros/jazzy/opt/gz_sim_vendor:/opt/ros/jazzy/opt/gz_sensors_vendor:/opt/ros/jazzy/opt/gz_physics_vendor:/opt/ros/jazzy/opt/sdformat_vendor:/opt/ros/jazzy/opt/gz_gui_vendor:/opt/ros/jazzy/opt/gz_transport_vendor:/opt/ros/jazzy/opt/gz_rendering_vendor:/opt/ros/jazzy/opt/gz_plugin_vendor:/opt/ros/jazzy/opt/gz_fuel_tools_vendor:/opt/ros/jazzy/opt/gz_msgs_vendor:/opt/ros/jazzy/opt/gz_common_vendor:/opt/ros/jazzy/opt/gz_math_vendor:/opt/ros/jazzy/opt/gz_utils_vendor:/opt/ros/jazzy/opt/gz_tools_vendor:/opt/ros/jazzy/opt/gz_ogre_next_vendor:/opt/ros/jazzy/opt/gz_dartsim_vendor:/opt/ros/jazzy/opt/gz_cmake_vendor:/opt/ros/jazzy'}), 'shell': False}
[0.748639] (mini_car_bot) StdoutLine: {'line': b'-- Install configuration: ""\n'}
[0.749098] (mini_car_bot) StdoutLine: {'line': b'-- Installing: /home/houndsito/vt-cro/robogamescode/car_ws/install/mini_car_bot/share/mini_car_bot/config\n'}
[0.749300] (mini_car_bot) StdoutLine: {'line': b'-- Installing: /home/houndsito/vt-cro/robogamescode/car_ws/install/mini_car_bot/share/mini_car_bot/config/twist_mux.yaml\n'}
[0.749498] (mini_car_bot) StdoutLine: {'line': b'-- Installing: /home/houndsito/vt-cro/robogamescode/car_ws/install/mini_car_bot/share/mini_car_bot/config/gaz_ros2_ctl_use_sim.yaml\n'}
[0.749648] (mini_car_bot) StdoutLine: {'line': b'-- Installing: /home/houndsito/vt-cro/robogamescode/car_ws/install/mini_car_bot/share/mini_car_bot/config/gz_bridge.yaml\n'}
[0.749786] (mini_car_bot) StdoutLine: {'line': b'-- Installing: /home/houndsito/vt-cro/robogamescode/car_ws/install/mini_car_bot/share/mini_car_bot/config/view_bot.rviz\n'}
[0.749922] (mini_car_bot) StdoutLine: {'line': b'-- Installing: /home/houndsito/vt-cro/robogamescode/car_ws/install/mini_car_bot/share/mini_car_bot/config/mapper_params_online_async.yaml\n'}
[0.749994] (mini_car_bot) StdoutLine: {'line': b'-- Installing: /home/houndsito/vt-cro/robogamescode/car_ws/install/mini_car_bot/share/mini_car_bot/config/my_controllers.yaml\n'}
[0.750101] (mini_car_bot) StdoutLine: {'line': b'-- Installing: /home/houndsito/vt-cro/robogamescode/car_ws/install/mini_car_bot/share/mini_car_bot/description\n'}
[0.750226] (mini_car_bot) StdoutLine: {'line': b'-- Installing: /home/houndsito/vt-cro/robogamescode/car_ws/install/mini_car_bot/share/mini_car_bot/description/robot.urdf.xacro\n'}
[0.750343] (mini_car_bot) StdoutLine: {'line': b'-- Installing: /home/houndsito/vt-cro/robogamescode/car_ws/install/mini_car_bot/share/mini_car_bot/description/inertial_macros.xacro\n'}
[0.750422] (mini_car_bot) StdoutLine: {'line': b'-- Installing: /home/houndsito/vt-cro/robogamescode/car_ws/install/mini_car_bot/share/mini_car_bot/description/camera.xacro\n'}
[0.750505] (mini_car_bot) StdoutLine: {'line': b'-- Installing: /home/houndsito/vt-cro/robogamescode/car_ws/install/mini_car_bot/share/mini_car_bot/description/gazebo_control.xacro\n'}
[0.750571] (mini_car_bot) StdoutLine: {'line': b'-- Installing: /home/houndsito/vt-cro/robogamescode/car_ws/install/mini_car_bot/share/mini_car_bot/description/depth_camera.xacro\n'}
[0.750633] (mini_car_bot) StdoutLine: {'line': b'-- Installing: /home/houndsito/vt-cro/robogamescode/car_ws/install/mini_car_bot/share/mini_car_bot/description/lidar.xacro\n'}
[0.750695] (mini_car_bot) StdoutLine: {'line': b'-- Installing: /home/houndsito/vt-cro/robogamescode/car_ws/install/mini_car_bot/share/mini_car_bot/description/ros2_control.xacro\n'}
[0.750754] (mini_car_bot) StdoutLine: {'line': b'-- Installing: /home/houndsito/vt-cro/robogamescode/car_ws/install/mini_car_bot/share/mini_car_bot/description/robot.core.xacro\n'}
[0.750814] (mini_car_bot) StdoutLine: {'line': b'-- Installing: /home/houndsito/vt-cro/robogamescode/car_ws/install/mini_car_bot/share/mini_car_bot/launch\n'}
[0.750873] (mini_car_bot) StdoutLine: {'line': b'-- Installing: /home/houndsito/vt-cro/robogamescode/car_ws/install/mini_car_bot/share/mini_car_bot/launch/rsp.launch.py\n'}
[0.750933] (mini_car_bot) StdoutLine: {'line': b'-- Installing: /home/houndsito/vt-cro/robogamescode/car_ws/install/mini_car_bot/share/mini_car_bot/launch/launch_sim.launch.py\n'}
[0.751013] (mini_car_bot) StdoutLine: {'line': b'-- Installing: /home/houndsito/vt-cro/robogamescode/car_ws/install/mini_car_bot/share/mini_car_bot/launch/rplidar.launch.py\n'}
[0.751113] (mini_car_bot) StdoutLine: {'line': b'-- Installing: /home/houndsito/vt-cro/robogamescode/car_ws/install/mini_car_bot/share/mini_car_bot/launch/__pycache__\n'}
[0.751174] (mini_car_bot) StdoutLine: {'line': b'-- Installing: /home/houndsito/vt-cro/robogamescode/car_ws/install/mini_car_bot/share/mini_car_bot/launch/__pycache__/joystick.launch.cpython-312.pyc\n'}
[0.751253] (mini_car_bot) StdoutLine: {'line': b'-- Installing: /home/houndsito/vt-cro/robogamescode/car_ws/install/mini_car_bot/share/mini_car_bot/launch/online_async_launch.py\n'}
[0.751333] (mini_car_bot) StdoutLine: {'line': b'-- Installing: /home/houndsito/vt-cro/robogamescode/car_ws/install/mini_car_bot/share/mini_car_bot/launch/launch_robot.launch.py\n'}
[0.751397] (mini_car_bot) StdoutLine: {'line': b'-- Installing: /home/houndsito/vt-cro/robogamescode/car_ws/install/mini_car_bot/share/mini_car_bot/launch/camera.launch.py\n'}
[0.751458] (mini_car_bot) StdoutLine: {'line': b'-- Installing: /home/houndsito/vt-cro/robogamescode/car_ws/install/mini_car_bot/share/mini_car_bot/launch/joystick.launch.py\n'}
[0.751518] (mini_car_bot) StdoutLine: {'line': b'-- Installing: /home/houndsito/vt-cro/robogamescode/car_ws/install/mini_car_bot/share/mini_car_bot/worlds\n'}
[0.751577] (mini_car_bot) StdoutLine: {'line': b'-- Installing: /home/houndsito/vt-cro/robogamescode/car_ws/install/mini_car_bot/share/mini_car_bot/worlds/prev_empty.world\n'}
[0.751665] (mini_car_bot) StdoutLine: {'line': b'-- Installing: /home/houndsito/vt-cro/robogamescode/car_ws/install/mini_car_bot/share/mini_car_bot/worlds/model.sdf\n'}
[0.751713] (mini_car_bot) StdoutLine: {'line': b'-- Installing: /home/houndsito/vt-cro/robogamescode/car_ws/install/mini_car_bot/share/mini_car_bot/worlds/simple.world\n'}
[0.751773] (mini_car_bot) StdoutLine: {'line': b'-- Installing: /home/houndsito/vt-cro/robogamescode/car_ws/install/mini_car_bot/share/mini_car_bot/worlds/model.config\n'}
[0.751835] (mini_car_bot) StdoutLine: {'line': b'-- Installing: /home/houndsito/vt-cro/robogamescode/car_ws/install/mini_car_bot/share/mini_car_bot/worlds/empty.world\n'}
[0.751881] (mini_car_bot) StdoutLine: {'line': b'-- Installing: /home/houndsito/vt-cro/robogamescode/car_ws/install/mini_car_bot/share/mini_car_bot/worlds/meshes\n'}
[0.751923] (mini_car_bot) StdoutLine: {'line': b'-- Installing: /home/houndsito/vt-cro/robogamescode/car_ws/install/mini_car_bot/share/mini_car_bot/worlds/meshes/yellow3.stl\n'}
[0.752174] (mini_car_bot) StdoutLine: {'line': b'-- Installing: /home/houndsito/vt-cro/robogamescode/car_ws/install/mini_car_bot/share/mini_car_bot/worlds/meshes/red2.stl\n'}
[0.752286] (mini_car_bot) StdoutLine: {'line': b'-- Installing: /home/houndsito/vt-cro/robogamescode/car_ws/install/mini_car_bot/share/mini_car_bot/worlds/meshes/yellow2.stl\n'}
[0.752666] (mini_car_bot) StdoutLine: {'line': b'-- Installing: /home/houndsito/vt-cro/robogamescode/car_ws/install/mini_car_bot/share/mini_car_bot/worlds/meshes/yellow1.stl\n'}
[0.753012] (mini_car_bot) StdoutLine: {'line': b'-- Installing: /home/houndsito/vt-cro/robogamescode/car_ws/install/mini_car_bot/share/mini_car_bot/worlds/meshes/yellow5.stl\n'}
[0.753369] (mini_car_bot) StdoutLine: {'line': b'-- Installing: /home/houndsito/vt-cro/robogamescode/car_ws/install/mini_car_bot/share/mini_car_bot/worlds/meshes/blue.stl\n'}
[0.753694] (mini_car_bot) StdoutLine: {'line': b'-- Installing: /home/houndsito/vt-cro/robogamescode/car_ws/install/mini_car_bot/share/mini_car_bot/worlds/meshes/block.stl\n'}
[0.753817] (mini_car_bot) StdoutLine: {'line': b'-- Installing: /home/houndsito/vt-cro/robogamescode/car_ws/install/mini_car_bot/share/mini_car_bot/worlds/meshes/wood.stl\n'}
[0.753893] (mini_car_bot) StdoutLine: {'line': b'-- Installing: /home/houndsito/vt-cro/robogamescode/car_ws/install/mini_car_bot/share/mini_car_bot/worlds/meshes/red1.stl\n'}
[0.753984] (mini_car_bot) StdoutLine: {'line': b'-- Installing: /home/houndsito/vt-cro/robogamescode/car_ws/install/mini_car_bot/share/mini_car_bot/worlds/meshes/yellow4.stl\n'}
[0.754324] (mini_car_bot) StdoutLine: {'line': b'-- Installing: /home/houndsito/vt-cro/robogamescode/car_ws/install/mini_car_bot/share/mini_car_bot/worlds/meshes/ramp.stl\n'}
[0.754415] (mini_car_bot) StdoutLine: {'line': b'-- Installing: /home/houndsito/vt-cro/robogamescode/car_ws/install/mini_car_bot/share/mini_car_bot/worlds/meshes/world1.stl\n'}
[0.756147] (mini_car_bot) StdoutLine: {'line': b'-- Installing: /home/houndsito/vt-cro/robogamescode/car_ws/install/mini_car_bot/share/ament_index/resource_index/package_run_dependencies/mini_car_bot\n'}
[0.756309] (mini_car_bot) StdoutLine: {'line': b'-- Installing: /home/houndsito/vt-cro/robogamescode/car_ws/install/mini_car_bot/share/ament_index/resource_index/parent_prefix_path/mini_car_bot\n'}
[0.756467] (mini_car_bot) StdoutLine: {'line': b'-- Installing: /home/houndsito/vt-cro/robogamescode/car_ws/install/mini_car_bot/share/mini_car_bot/environment/ament_prefix_path.sh\n'}
[0.756589] (mini_car_bot) StdoutLine: {'line': b'-- Installing: /home/houndsito/vt-cro/robogamescode/car_ws/install/mini_car_bot/share/mini_car_bot/environment/ament_prefix_path.dsv\n'}
[0.756704] (mini_car_bot) StdoutLine: {'line': b'-- Installing: /home/houndsito/vt-cro/robogamescode/car_ws/install/mini_car_bot/share/mini_car_bot/environment/path.sh\n'}
[0.756818] (mini_car_bot) StdoutLine: {'line': b'-- Installing: /home/houndsito/vt-cro/robogamescode/car_ws/install/mini_car_bot/share/mini_car_bot/environment/path.dsv\n'}
[0.756932] (mini_car_bot) StdoutLine: {'line': b'-- Installing: /home/houndsito/vt-cro/robogamescode/car_ws/install/mini_car_bot/share/mini_car_bot/local_setup.bash\n'}
[0.757046] (mini_car_bot) StdoutLine: {'line': b'-- Installing: /home/houndsito/vt-cro/robogamescode/car_ws/install/mini_car_bot/share/mini_car_bot/local_setup.sh\n'}
[0.757174] (mini_car_bot) StdoutLine: {'line': b'-- Installing: /home/houndsito/vt-cro/robogamescode/car_ws/install/mini_car_bot/share/mini_car_bot/local_setup.zsh\n'}
[0.757288] (mini_car_bot) StdoutLine: {'line': b'-- Installing: /home/houndsito/vt-cro/robogamescode/car_ws/install/mini_car_bot/share/mini_car_bot/local_setup.dsv\n'}
[0.757401] (mini_car_bot) StdoutLine: {'line': b'-- Installing: /home/houndsito/vt-cro/robogamescode/car_ws/install/mini_car_bot/share/mini_car_bot/package.dsv\n'}
[0.757557] (mini_car_bot) StdoutLine: {'line': b'-- Installing: /home/houndsito/vt-cro/robogamescode/car_ws/install/mini_car_bot/share/ament_index/resource_index/packages/mini_car_bot\n'}
[0.757709] (mini_car_bot) StdoutLine: {'line': b'-- Installing: /home/houndsito/vt-cro/robogamescode/car_ws/install/mini_car_bot/share/mini_car_bot/cmake/mini_car_botConfig.cmake\n'}
[0.757809] (mini_car_bot) StdoutLine: {'line': b'-- Installing: /home/houndsito/vt-cro/robogamescode/car_ws/install/mini_car_bot/share/mini_car_bot/cmake/mini_car_botConfig-version.cmake\n'}
[0.757921] (mini_car_bot) StdoutLine: {'line': b'-- Installing: /home/houndsito/vt-cro/robogamescode/car_ws/install/mini_car_bot/share/mini_car_bot/package.xml\n'}
[0.759908] (mini_car_bot) CommandEnded: {'returncode': 0}
[0.769585] (mini_car_bot) JobEnded: {'identifier': 'mini_car_bot', 'rc': 0}
[0.770258] (-) EventReactorShutdown: {}
