[0.015s] Invoking command in '/home/lab/vt-cro/robogamescode/car_ws/build/mini_car_bot': CMAKE_PREFIX_PATH=${CMAKE_PREFIX_PATH}:/opt/ros/jazzy DEBUGINFOD_URLS=https://debuginfod.ubuntu.com /usr/bin/cmake /home/lab/vt-cro/robogamescode/car_ws/src/mini_car_bot -DCMAKE_INSTALL_PREFIX=/home/lab/vt-cro/robogamescode/car_ws/install/mini_car_bot
[0.111s] -- The C compiler identification is GNU 13.3.0
[0.203s] -- The CXX compiler identification is GNU 13.3.0
[0.234s] -- Detecting C compiler ABI info
[0.399s] -- Detecting C compiler ABI info - done
[0.413s] -- Check for working C compiler: /usr/bin/cc - skipped
[0.413s] -- Detecting C compile features
[0.414s] -- Detecting C compile features - done
[0.432s] -- Detecting CXX compiler ABI info
[0.619s] -- Detecting CXX compiler ABI info - done
[0.634s] -- Check for working CXX compiler: /usr/bin/c++ - skipped
[0.634s] -- Detecting CXX compile features
[0.635s] -- Detecting CXX compile features - done
[0.644s] -- Found ament_cmake: 2.5.3 (/opt/ros/jazzy/share/ament_cmake/cmake)
[0.911s] -- Found Python3: /usr/bin/python3 (found version "3.12.3") found components: Interpreter 
[1.134s] -- Found ament_lint_auto: 0.17.1 (/opt/ros/jazzy/share/ament_lint_auto/cmake)
[1.321s] -- Added test 'flake8' to check Python code syntax and style conventions
[1.321s] -- Configured 'flake8' exclude dirs and/or files: 
[1.323s] -- Added test 'lint_cmake' to check CMake code style
[1.325s] -- Added test 'pep257' to check Python code against some of the docstring style conventions in PEP 257
[1.330s] -- Added test 'xmllint' to check XML markup files
[1.333s] -- Configuring done (1.3s)
[1.338s] -- Generating done (0.0s)
[1.341s] -- Build files have been written to: /home/lab/vt-cro/robogamescode/car_ws/build/mini_car_bot
[1.352s] Invoked command in '/home/lab/vt-cro/robogamescode/car_ws/build/mini_car_bot' returned '0': CMAKE_PREFIX_PATH=${CMAKE_PREFIX_PATH}:/opt/ros/jazzy DEBUGINFOD_URLS=https://debuginfod.ubuntu.com /usr/bin/cmake /home/lab/vt-cro/robogamescode/car_ws/src/mini_car_bot -DCMAKE_INSTALL_PREFIX=/home/lab/vt-cro/robogamescode/car_ws/install/mini_car_bot
[1.355s] Invoking command in '/home/lab/vt-cro/robogamescode/car_ws/build/mini_car_bot': CMAKE_PREFIX_PATH=${CMAKE_PREFIX_PATH}:/opt/ros/jazzy DEBUGINFOD_URLS=https://debuginfod.ubuntu.com /usr/bin/cmake --build /home/lab/vt-cro/robogamescode/car_ws/build/mini_car_bot -- -j16 -l16
[1.437s] Invoked command in '/home/lab/vt-cro/robogamescode/car_ws/build/mini_car_bot' returned '0': CMAKE_PREFIX_PATH=${CMAKE_PREFIX_PATH}:/opt/ros/jazzy DEBUGINFOD_URLS=https://debuginfod.ubuntu.com /usr/bin/cmake --build /home/lab/vt-cro/robogamescode/car_ws/build/mini_car_bot -- -j16 -l16
[1.456s] Invoking command in '/home/lab/vt-cro/robogamescode/car_ws/build/mini_car_bot': CMAKE_PREFIX_PATH=${CMAKE_PREFIX_PATH}:/opt/ros/jazzy DEBUGINFOD_URLS=https://debuginfod.ubuntu.com /usr/bin/cmake --install /home/lab/vt-cro/robogamescode/car_ws/build/mini_car_bot
[1.471s] -- Install configuration: ""
[1.472s] -- Installing: /home/lab/vt-cro/robogamescode/car_ws/install/mini_car_bot/share/mini_car_bot/config
[1.472s] -- Installing: /home/lab/vt-cro/robogamescode/car_ws/install/mini_car_bot/share/mini_car_bot/config/twist_mux.yaml
[1.472s] -- Installing: /home/lab/vt-cro/robogamescode/car_ws/install/mini_car_bot/share/mini_car_bot/config/gaz_ros2_ctl_use_sim.yaml
[1.473s] -- Installing: /home/lab/vt-cro/robogamescode/car_ws/install/mini_car_bot/share/mini_car_bot/config/gz_bridge.yaml
[1.473s] -- Installing: /home/lab/vt-cro/robogamescode/car_ws/install/mini_car_bot/share/mini_car_bot/config/view_bot.rviz
[1.473s] -- Installing: /home/lab/vt-cro/robogamescode/car_ws/install/mini_car_bot/share/mini_car_bot/config/mapper_params_online_async.yaml
[1.473s] -- Installing: /home/lab/vt-cro/robogamescode/car_ws/install/mini_car_bot/share/mini_car_bot/config/my_controllers.yaml
[1.473s] -- Installing: /home/lab/vt-cro/robogamescode/car_ws/install/mini_car_bot/share/mini_car_bot/description
[1.473s] -- Installing: /home/lab/vt-cro/robogamescode/car_ws/install/mini_car_bot/share/mini_car_bot/description/robot.urdf.xacro
[1.474s] -- Installing: /home/lab/vt-cro/robogamescode/car_ws/install/mini_car_bot/share/mini_car_bot/description/inertial_macros.xacro
[1.474s] -- Installing: /home/lab/vt-cro/robogamescode/car_ws/install/mini_car_bot/share/mini_car_bot/description/camera.xacro
[1.474s] -- Installing: /home/lab/vt-cro/robogamescode/car_ws/install/mini_car_bot/share/mini_car_bot/description/gazebo_control.xacro
[1.474s] -- Installing: /home/lab/vt-cro/robogamescode/car_ws/install/mini_car_bot/share/mini_car_bot/description/depth_camera.xacro
[1.474s] -- Installing: /home/lab/vt-cro/robogamescode/car_ws/install/mini_car_bot/share/mini_car_bot/description/lidar.xacro
[1.475s] -- Installing: /home/lab/vt-cro/robogamescode/car_ws/install/mini_car_bot/share/mini_car_bot/description/ros2_control.xacro
[1.475s] -- Installing: /home/lab/vt-cro/robogamescode/car_ws/install/mini_car_bot/share/mini_car_bot/description/robot.core.xacro
[1.475s] -- Installing: /home/lab/vt-cro/robogamescode/car_ws/install/mini_car_bot/share/mini_car_bot/launch
[1.475s] -- Installing: /home/lab/vt-cro/robogamescode/car_ws/install/mini_car_bot/share/mini_car_bot/launch/rsp.launch.py
[1.475s] -- Installing: /home/lab/vt-cro/robogamescode/car_ws/install/mini_car_bot/share/mini_car_bot/launch/launch_sim.launch.py
[1.475s] -- Installing: /home/lab/vt-cro/robogamescode/car_ws/install/mini_car_bot/share/mini_car_bot/launch/rplidar.launch.py
[1.476s] -- Installing: /home/lab/vt-cro/robogamescode/car_ws/install/mini_car_bot/share/mini_car_bot/launch/online_async_launch.py
[1.476s] -- Installing: /home/lab/vt-cro/robogamescode/car_ws/install/mini_car_bot/share/mini_car_bot/launch/launch_robot.launch.py
[1.476s] -- Installing: /home/lab/vt-cro/robogamescode/car_ws/install/mini_car_bot/share/mini_car_bot/launch/camera.launch.py
[1.476s] -- Installing: /home/lab/vt-cro/robogamescode/car_ws/install/mini_car_bot/share/mini_car_bot/launch/joystick.launch.py
[1.477s] -- Installing: /home/lab/vt-cro/robogamescode/car_ws/install/mini_car_bot/share/mini_car_bot/worlds
[1.477s] -- Installing: /home/lab/vt-cro/robogamescode/car_ws/install/mini_car_bot/share/mini_car_bot/worlds/prev_empty.world
[1.477s] -- Installing: /home/lab/vt-cro/robogamescode/car_ws/install/mini_car_bot/share/mini_car_bot/worlds/model.sdf
[1.477s] -- Installing: /home/lab/vt-cro/robogamescode/car_ws/install/mini_car_bot/share/mini_car_bot/worlds/simple.world
[1.477s] -- Installing: /home/lab/vt-cro/robogamescode/car_ws/install/mini_car_bot/share/mini_car_bot/worlds/model.config
[1.477s] -- Installing: /home/lab/vt-cro/robogamescode/car_ws/install/mini_car_bot/share/mini_car_bot/worlds/empty.world
[1.478s] -- Installing: /home/lab/vt-cro/robogamescode/car_ws/install/mini_car_bot/share/mini_car_bot/worlds/meshes
[1.478s] -- Installing: /home/lab/vt-cro/robogamescode/car_ws/install/mini_car_bot/share/mini_car_bot/worlds/meshes/yellow3.stl
[1.479s] -- Installing: /home/lab/vt-cro/robogamescode/car_ws/install/mini_car_bot/share/mini_car_bot/worlds/meshes/red2.stl
[1.479s] -- Installing: /home/lab/vt-cro/robogamescode/car_ws/install/mini_car_bot/share/mini_car_bot/worlds/meshes/yellow2.stl
[1.480s] -- Installing: /home/lab/vt-cro/robogamescode/car_ws/install/mini_car_bot/share/mini_car_bot/worlds/meshes/yellow1.stl
[1.480s] -- Installing: /home/lab/vt-cro/robogamescode/car_ws/install/mini_car_bot/share/mini_car_bot/worlds/meshes/yellow5.stl
[1.481s] -- Installing: /home/lab/vt-cro/robogamescode/car_ws/install/mini_car_bot/share/mini_car_bot/worlds/meshes/blue.stl
[1.482s] -- Installing: /home/lab/vt-cro/robogamescode/car_ws/install/mini_car_bot/share/mini_car_bot/worlds/meshes/block.stl
[1.482s] -- Installing: /home/lab/vt-cro/robogamescode/car_ws/install/mini_car_bot/share/mini_car_bot/worlds/meshes/wood.stl
[1.483s] -- Installing: /home/lab/vt-cro/robogamescode/car_ws/install/mini_car_bot/share/mini_car_bot/worlds/meshes/red1.stl
[1.483s] -- Installing: /home/lab/vt-cro/robogamescode/car_ws/install/mini_car_bot/share/mini_car_bot/worlds/meshes/yellow4.stl
[1.484s] -- Installing: /home/lab/vt-cro/robogamescode/car_ws/install/mini_car_bot/share/mini_car_bot/worlds/meshes/ramp.stl
[1.484s] -- Installing: /home/lab/vt-cro/robogamescode/car_ws/install/mini_car_bot/share/mini_car_bot/worlds/meshes/world1.stl
[1.488s] -- Installing: /home/lab/vt-cro/robogamescode/car_ws/install/mini_car_bot/share/ament_index/resource_index/package_run_dependencies/mini_car_bot
[1.488s] -- Installing: /home/lab/vt-cro/robogamescode/car_ws/install/mini_car_bot/share/ament_index/resource_index/parent_prefix_path/mini_car_bot
[1.488s] -- Installing: /home/lab/vt-cro/robogamescode/car_ws/install/mini_car_bot/share/mini_car_bot/environment/ament_prefix_path.sh
[1.489s] -- Installing: /home/lab/vt-cro/robogamescode/car_ws/install/mini_car_bot/share/mini_car_bot/environment/ament_prefix_path.dsv
[1.489s] -- Installing: /home/lab/vt-cro/robogamescode/car_ws/install/mini_car_bot/share/mini_car_bot/environment/path.sh
[1.489s] -- Installing: /home/lab/vt-cro/robogamescode/car_ws/install/mini_car_bot/share/mini_car_bot/environment/path.dsv
[1.489s] -- Installing: /home/lab/vt-cro/robogamescode/car_ws/install/mini_car_bot/share/mini_car_bot/local_setup.bash
[1.490s] -- Installing: /home/lab/vt-cro/robogamescode/car_ws/install/mini_car_bot/share/mini_car_bot/local_setup.sh
[1.490s] -- Installing: /home/lab/vt-cro/robogamescode/car_ws/install/mini_car_bot/share/mini_car_bot/local_setup.zsh
[1.490s] -- Installing: /home/lab/vt-cro/robogamescode/car_ws/install/mini_car_bot/share/mini_car_bot/local_setup.dsv
[1.490s] -- Installing: /home/lab/vt-cro/robogamescode/car_ws/install/mini_car_bot/share/mini_car_bot/package.dsv
[1.491s] -- Installing: /home/lab/vt-cro/robogamescode/car_ws/install/mini_car_bot/share/ament_index/resource_index/packages/mini_car_bot
[1.491s] -- Installing: /home/lab/vt-cro/robogamescode/car_ws/install/mini_car_bot/share/mini_car_bot/cmake/mini_car_botConfig.cmake
[1.491s] -- Installing: /home/lab/vt-cro/robogamescode/car_ws/install/mini_car_bot/share/mini_car_bot/cmake/mini_car_botConfig-version.cmake
[1.491s] -- Installing: /home/lab/vt-cro/robogamescode/car_ws/install/mini_car_bot/share/mini_car_bot/package.xml
[1.496s] Invoked command in '/home/lab/vt-cro/robogamescode/car_ws/build/mini_car_bot' returned '0': CMAKE_PREFIX_PATH=${CMAKE_PREFIX_PATH}:/opt/ros/jazzy DEBUGINFOD_URLS=https://debuginfod.ubuntu.com /usr/bin/cmake --install /home/lab/vt-cro/robogamescode/car_ws/build/mini_car_bot
