[0.015s] Invoking command in '/home/lab/vt-cro/robogamescode/car_ws/build/articubot_one': CMAKE_PREFIX_PATH=${CMAKE_PREFIX_PATH}:/opt/ros/jazzy DEBUGINFOD_URLS=https://debuginfod.ubuntu.com /usr/bin/cmake --build /home/lab/vt-cro/robogamescode/car_ws/build/articubot_one -- -j16 -l16
[0.048s] -- Found ament_cmake: 2.5.3 (/opt/ros/jazzy/share/ament_cmake/cmake)
[0.300s] -- Found ament_lint_auto: 0.17.1 (/opt/ros/jazzy/share/ament_lint_auto/cmake)
[0.404s] -- Added test 'copyright' to check source files copyright and LICENSE
[0.412s] -- Added test 'cppcheck' to perform static code analysis on C / C++ code
[0.412s] -- Configured cppcheck include dirs: 
[0.412s] -- Configured cppcheck exclude dirs and/or files: 
[0.420s] -- Added test 'cpplint' to check C / C++ code against the Google style
[0.421s] -- Configured cpplint exclude dirs and/or files: 
[0.422s] -- Added test 'flake8' to check Python code syntax and style conventions
[0.422s] -- Configured 'flake8' exclude dirs and/or files: 
[0.424s] -- Added test 'lint_cmake' to check CMake code style
[0.425s] -- Added test 'pep257' to check Python code against some of the docstring style conventions in PEP 257
[0.433s] -- Added test 'uncrustify' to check C / C++ code style
[0.433s] -- Configured uncrustify additional arguments: 
[0.435s] -- Added test 'xmllint' to check XML markup files
[0.436s] -- Configuring done (0.4s)
[0.441s] -- Generating done (0.0s)
[0.443s] -- Build files have been written to: /home/lab/vt-cro/robogamescode/car_ws/build/articubot_one
[0.475s] Invoked command in '/home/lab/vt-cro/robogamescode/car_ws/build/articubot_one' returned '0': CMAKE_PREFIX_PATH=${CMAKE_PREFIX_PATH}:/opt/ros/jazzy DEBUGINFOD_URLS=https://debuginfod.ubuntu.com /usr/bin/cmake --build /home/lab/vt-cro/robogamescode/car_ws/build/articubot_one -- -j16 -l16
[0.476s] Invoking command in '/home/lab/vt-cro/robogamescode/car_ws/build/articubot_one': CMAKE_PREFIX_PATH=${CMAKE_PREFIX_PATH}:/opt/ros/jazzy DEBUGINFOD_URLS=https://debuginfod.ubuntu.com /usr/bin/cmake --install /home/lab/vt-cro/robogamescode/car_ws/build/articubot_one
[0.486s] -- Install configuration: ""
[0.486s] -- Installing: /home/lab/vt-cro/robogamescode/car_ws/install/articubot_one/share/articubot_one/src
[0.486s] -- Installing: /home/lab/vt-cro/robogamescode/car_ws/install/articubot_one/share/articubot_one/src/my_nav2_goal_client.cpp
[0.487s] -- Up-to-date: /home/lab/vt-cro/robogamescode/car_ws/install/articubot_one/share/articubot_one/config
[0.487s] -- Installing: /home/lab/vt-cro/robogamescode/car_ws/install/articubot_one/share/articubot_one/config/navigate_w_replanning_and_recovery.xml
[0.487s] -- Installing: /home/lab/vt-cro/robogamescode/car_ws/install/articubot_one/share/articubot_one/config/speedlimit_params.yaml
[0.487s] -- Up-to-date: /home/lab/vt-cro/robogamescode/car_ws/install/articubot_one/share/articubot_one/config/twist_mux.yaml
[0.487s] -- Up-to-date: /home/lab/vt-cro/robogamescode/car_ws/install/articubot_one/share/articubot_one/config/ball_tracker_params_sim.yaml
[0.487s] -- Up-to-date: /home/lab/vt-cro/robogamescode/car_ws/install/articubot_one/share/articubot_one/config/gaz_ros2_ctl_use_sim.yaml
[0.487s] -- Up-to-date: /home/lab/vt-cro/robogamescode/car_ws/install/articubot_one/share/articubot_one/config/drive_bot.rviz
[0.487s] -- Up-to-date: /home/lab/vt-cro/robogamescode/car_ws/install/articubot_one/share/articubot_one/config/main.rviz
[0.487s] -- Up-to-date: /home/lab/vt-cro/robogamescode/car_ws/install/articubot_one/share/articubot_one/config/gz_bridge.yaml
[0.488s] -- Installing: /home/lab/vt-cro/robogamescode/car_ws/install/articubot_one/share/articubot_one/config/speedlimit_nav2_params.yaml
[0.488s] -- Up-to-date: /home/lab/vt-cro/robogamescode/car_ws/install/articubot_one/share/articubot_one/config/map.rviz
[0.488s] -- Up-to-date: /home/lab/vt-cro/robogamescode/car_ws/install/articubot_one/share/articubot_one/config/nav2_params.yaml
[0.488s] -- Up-to-date: /home/lab/vt-cro/robogamescode/car_ws/install/articubot_one/share/articubot_one/config/empty.yaml
[0.488s] -- Installing: /home/lab/vt-cro/robogamescode/car_ws/install/articubot_one/share/articubot_one/config/keepout_params.yaml
[0.488s] -- Up-to-date: /home/lab/vt-cro/robogamescode/car_ws/install/articubot_one/share/articubot_one/config/view_bot.rviz
[0.488s] -- Up-to-date: /home/lab/vt-cro/robogamescode/car_ws/install/articubot_one/share/articubot_one/config/mapper_params_online_async.yaml
[0.488s] -- Up-to-date: /home/lab/vt-cro/robogamescode/car_ws/install/articubot_one/share/articubot_one/config/my_controllers.yaml
[0.488s] -- Up-to-date: /home/lab/vt-cro/robogamescode/car_ws/install/articubot_one/share/articubot_one/config/joystick.yaml
[0.488s] -- Up-to-date: /home/lab/vt-cro/robogamescode/car_ws/install/articubot_one/share/articubot_one/config/ball_tracker_params_robot.yaml
[0.488s] -- Installing: /home/lab/vt-cro/robogamescode/car_ws/install/articubot_one/share/articubot_one/config/keepout_nav2_params.yaml
[0.488s] -- Up-to-date: /home/lab/vt-cro/robogamescode/car_ws/install/articubot_one/share/articubot_one/description
[0.488s] -- Up-to-date: /home/lab/vt-cro/robogamescode/car_ws/install/articubot_one/share/articubot_one/description/robot.urdf.xacro
[0.489s] -- Up-to-date: /home/lab/vt-cro/robogamescode/car_ws/install/articubot_one/share/articubot_one/description/inertial_macros.xacro
[0.489s] -- Up-to-date: /home/lab/vt-cro/robogamescode/car_ws/install/articubot_one/share/articubot_one/description/camera.xacro
[0.489s] -- Up-to-date: /home/lab/vt-cro/robogamescode/car_ws/install/articubot_one/share/articubot_one/description/gazebo_control.xacro
[0.489s] -- Up-to-date: /home/lab/vt-cro/robogamescode/car_ws/install/articubot_one/share/articubot_one/description/face.xacro
[0.489s] -- Up-to-date: /home/lab/vt-cro/robogamescode/car_ws/install/articubot_one/share/articubot_one/description/depth_camera.xacro
[0.489s] -- Up-to-date: /home/lab/vt-cro/robogamescode/car_ws/install/articubot_one/share/articubot_one/description/lidar.xacro
[0.489s] -- Up-to-date: /home/lab/vt-cro/robogamescode/car_ws/install/articubot_one/share/articubot_one/description/ros2_control.xacro
[0.489s] -- Up-to-date: /home/lab/vt-cro/robogamescode/car_ws/install/articubot_one/share/articubot_one/description/robot_core.xacro
[0.489s] -- Up-to-date: /home/lab/vt-cro/robogamescode/car_ws/install/articubot_one/share/articubot_one/launch
[0.489s] -- Up-to-date: /home/lab/vt-cro/robogamescode/car_ws/install/articubot_one/share/articubot_one/launch/rsp.launch.py
[0.489s] -- Up-to-date: /home/lab/vt-cro/robogamescode/car_ws/install/articubot_one/share/articubot_one/launch/localization_launch.py
[0.489s] -- Up-to-date: /home/lab/vt-cro/robogamescode/car_ws/install/articubot_one/share/articubot_one/launch/ball_tracker.launch.py
[0.489s] -- Installing: /home/lab/vt-cro/robogamescode/car_ws/install/articubot_one/share/articubot_one/launch/launch_sim.launch.py
[0.489s] -- Up-to-date: /home/lab/vt-cro/robogamescode/car_ws/install/articubot_one/share/articubot_one/launch/rplidar.launch.py
[0.489s] -- Up-to-date: /home/lab/vt-cro/robogamescode/car_ws/install/articubot_one/share/articubot_one/launch/navigation_launch.py
[0.489s] -- Up-to-date: /home/lab/vt-cro/robogamescode/car_ws/install/articubot_one/share/articubot_one/launch/online_async_launch.py
[0.489s] -- Up-to-date: /home/lab/vt-cro/robogamescode/car_ws/install/articubot_one/share/articubot_one/launch/launch_robot.launch.py
[0.489s] -- Up-to-date: /home/lab/vt-cro/robogamescode/car_ws/install/articubot_one/share/articubot_one/launch/camera.launch.py
[0.489s] -- Up-to-date: /home/lab/vt-cro/robogamescode/car_ws/install/articubot_one/share/articubot_one/launch/joystick.launch.py
[0.490s] -- Up-to-date: /home/lab/vt-cro/robogamescode/car_ws/install/articubot_one/share/articubot_one/worlds
[0.490s] -- Installing: /home/lab/vt-cro/robogamescode/car_ws/install/articubot_one/share/articubot_one/worlds/prev_empty.world
[0.490s] -- Installing: /home/lab/vt-cro/robogamescode/car_ws/install/articubot_one/share/articubot_one/worlds/model.sdf
[0.490s] -- Installing: /home/lab/vt-cro/robogamescode/car_ws/install/articubot_one/share/articubot_one/worlds/simple.world
[0.490s] -- Up-to-date: /home/lab/vt-cro/robogamescode/car_ws/install/articubot_one/share/articubot_one/worlds/obstacles.world
[0.490s] -- Installing: /home/lab/vt-cro/robogamescode/car_ws/install/articubot_one/share/articubot_one/worlds/model.config
[0.490s] -- Up-to-date: /home/lab/vt-cro/robogamescode/car_ws/install/articubot_one/share/articubot_one/worlds/empty.world
[0.490s] -- Installing: /home/lab/vt-cro/robogamescode/car_ws/install/articubot_one/share/articubot_one/worlds/meshes
[0.490s] -- Installing: /home/lab/vt-cro/robogamescode/car_ws/install/articubot_one/share/articubot_one/worlds/meshes/yellow3.stl
[0.490s] -- Installing: /home/lab/vt-cro/robogamescode/car_ws/install/articubot_one/share/articubot_one/worlds/meshes/red2.stl
[0.490s] -- Installing: /home/lab/vt-cro/robogamescode/car_ws/install/articubot_one/share/articubot_one/worlds/meshes/yellow2.stl
[0.490s] -- Installing: /home/lab/vt-cro/robogamescode/car_ws/install/articubot_one/share/articubot_one/worlds/meshes/yellow1.stl
[0.490s] -- Installing: /home/lab/vt-cro/robogamescode/car_ws/install/articubot_one/share/articubot_one/worlds/meshes/yellow5.stl
[0.490s] -- Installing: /home/lab/vt-cro/robogamescode/car_ws/install/articubot_one/share/articubot_one/worlds/meshes/blue.stl
[0.490s] -- Installing: /home/lab/vt-cro/robogamescode/car_ws/install/articubot_one/share/articubot_one/worlds/meshes/block.stl
[0.490s] -- Installing: /home/lab/vt-cro/robogamescode/car_ws/install/articubot_one/share/articubot_one/worlds/meshes/wood.stl
[0.490s] -- Installing: /home/lab/vt-cro/robogamescode/car_ws/install/articubot_one/share/articubot_one/worlds/meshes/red1.stl
[0.491s] -- Installing: /home/lab/vt-cro/robogamescode/car_ws/install/articubot_one/share/articubot_one/worlds/meshes/yellow4.stl
[0.491s] -- Installing: /home/lab/vt-cro/robogamescode/car_ws/install/articubot_one/share/articubot_one/worlds/meshes/ramp.stl
[0.491s] -- Installing: /home/lab/vt-cro/robogamescode/car_ws/install/articubot_one/share/articubot_one/worlds/meshes/world1.stl
[0.493s] -- Installing: /home/lab/vt-cro/robogamescode/car_ws/install/articubot_one/share/articubot_one/maps
[0.493s] -- Up-to-date: /home/lab/vt-cro/robogamescode/car_ws/install/articubot_one/share/ament_index/resource_index/package_run_dependencies/articubot_one
[0.493s] -- Installing: /home/lab/vt-cro/robogamescode/car_ws/install/articubot_one/share/ament_index/resource_index/parent_prefix_path/articubot_one
[0.493s] -- Up-to-date: /home/lab/vt-cro/robogamescode/car_ws/install/articubot_one/share/articubot_one/environment/ament_prefix_path.sh
[0.493s] -- Up-to-date: /home/lab/vt-cro/robogamescode/car_ws/install/articubot_one/share/articubot_one/environment/ament_prefix_path.dsv
[0.493s] -- Up-to-date: /home/lab/vt-cro/robogamescode/car_ws/install/articubot_one/share/articubot_one/environment/path.sh
[0.493s] -- Up-to-date: /home/lab/vt-cro/robogamescode/car_ws/install/articubot_one/share/articubot_one/environment/path.dsv
[0.493s] -- Up-to-date: /home/lab/vt-cro/robogamescode/car_ws/install/articubot_one/share/articubot_one/local_setup.bash
[0.494s] -- Up-to-date: /home/lab/vt-cro/robogamescode/car_ws/install/articubot_one/share/articubot_one/local_setup.sh
[0.494s] -- Up-to-date: /home/lab/vt-cro/robogamescode/car_ws/install/articubot_one/share/articubot_one/local_setup.zsh
[0.494s] -- Up-to-date: /home/lab/vt-cro/robogamescode/car_ws/install/articubot_one/share/articubot_one/local_setup.dsv
[0.494s] -- Installing: /home/lab/vt-cro/robogamescode/car_ws/install/articubot_one/share/articubot_one/package.dsv
[0.494s] -- Up-to-date: /home/lab/vt-cro/robogamescode/car_ws/install/articubot_one/share/ament_index/resource_index/packages/articubot_one
[0.494s] -- Up-to-date: /home/lab/vt-cro/robogamescode/car_ws/install/articubot_one/share/articubot_one/cmake/articubot_oneConfig.cmake
[0.494s] -- Up-to-date: /home/lab/vt-cro/robogamescode/car_ws/install/articubot_one/share/articubot_one/cmake/articubot_oneConfig-version.cmake
[0.494s] -- Up-to-date: /home/lab/vt-cro/robogamescode/car_ws/install/articubot_one/share/articubot_one/package.xml
[0.495s] Invoked command in '/home/lab/vt-cro/robogamescode/car_ws/build/articubot_one' returned '0': CMAKE_PREFIX_PATH=${CMAKE_PREFIX_PATH}:/opt/ros/jazzy DEBUGINFOD_URLS=https://debuginfod.ubuntu.com /usr/bin/cmake --install /home/lab/vt-cro/robogamescode/car_ws/build/articubot_one
