[0.007s] Invoking command in '/home/lab/vt-cro/robogamescode/car_ws/build/mini_car_bot': CMAKE_PREFIX_PATH=${CMAKE_PREFIX_PATH}:/opt/ros/jazzy DEBUGINFOD_URLS=https://debuginfod.ubuntu.com /usr/bin/cmake /home/lab/vt-cro/robogamescode/car_ws/src/mini_car_bot -DCMAKE_INSTALL_PREFIX=/home/lab/vt-cro/robogamescode/car_ws/install/mini_car_bot
[0.054s] -- The C compiler identification is GNU 13.3.0
[0.100s] -- The CXX compiler identification is GNU 13.3.0
[0.117s] -- Detecting C compiler ABI info
[0.199s] -- Detecting C compiler ABI info - done
[0.206s] -- Check for working C compiler: /usr/bin/cc - skipped
[0.206s] -- Detecting C compile features
[0.206s] -- Detecting C compile features - done
[0.215s] -- Detecting CXX compiler ABI info
[0.306s] -- Detecting CXX compiler ABI info - done
[0.313s] -- Check for working CXX compiler: /usr/bin/c++ - skipped
[0.314s] -- Detecting CXX compile features
[0.314s] -- Detecting CXX compile features - done
[0.318s] -- Found ament_cmake: 2.5.3 (/opt/ros/jazzy/share/ament_cmake/cmake)
[0.444s] -- Found Python3: /usr/bin/python3 (found version "3.12.3") found components: Interpreter 
[0.551s] -- Found ament_lint_auto: 0.17.1 (/opt/ros/jazzy/share/ament_lint_auto/cmake)
[0.643s] -- Added test 'flake8' to check Python code syntax and style conventions
[0.643s] -- Configured 'flake8' exclude dirs and/or files: 
[0.644s] -- Added test 'lint_cmake' to check CMake code style
[0.645s] -- Added test 'pep257' to check Python code against some of the docstring style conventions in PEP 257
[0.647s] -- Added test 'xmllint' to check XML markup files
[0.649s] -- Configuring done (0.6s)
[0.651s] -- Generating done (0.0s)
[0.653s] -- Build files have been written to: /home/lab/vt-cro/robogamescode/car_ws/build/mini_car_bot
[0.658s] Invoked command in '/home/lab/vt-cro/robogamescode/car_ws/build/mini_car_bot' returned '0': CMAKE_PREFIX_PATH=${CMAKE_PREFIX_PATH}:/opt/ros/jazzy DEBUGINFOD_URLS=https://debuginfod.ubuntu.com /usr/bin/cmake /home/lab/vt-cro/robogamescode/car_ws/src/mini_car_bot -DCMAKE_INSTALL_PREFIX=/home/lab/vt-cro/robogamescode/car_ws/install/mini_car_bot
[0.659s] Invoking command in '/home/lab/vt-cro/robogamescode/car_ws/build/mini_car_bot': CMAKE_PREFIX_PATH=${CMAKE_PREFIX_PATH}:/opt/ros/jazzy DEBUGINFOD_URLS=https://debuginfod.ubuntu.com /usr/bin/cmake --build /home/lab/vt-cro/robogamescode/car_ws/build/mini_car_bot -- -j16 -l16
[0.702s] Invoked command in '/home/lab/vt-cro/robogamescode/car_ws/build/mini_car_bot' returned '0': CMAKE_PREFIX_PATH=${CMAKE_PREFIX_PATH}:/opt/ros/jazzy DEBUGINFOD_URLS=https://debuginfod.ubuntu.com /usr/bin/cmake --build /home/lab/vt-cro/robogamescode/car_ws/build/mini_car_bot -- -j16 -l16
[0.712s] Invoking command in '/home/lab/vt-cro/robogamescode/car_ws/build/mini_car_bot': CMAKE_PREFIX_PATH=${CMAKE_PREFIX_PATH}:/opt/ros/jazzy DEBUGINFOD_URLS=https://debuginfod.ubuntu.com /usr/bin/cmake --install /home/lab/vt-cro/robogamescode/car_ws/build/mini_car_bot
[0.720s] -- Install configuration: ""
[0.720s] -- Installing: /home/lab/vt-cro/robogamescode/car_ws/install/mini_car_bot/share/mini_car_bot/config
[0.720s] -- Installing: /home/lab/vt-cro/robogamescode/car_ws/install/mini_car_bot/share/mini_car_bot/config/twist_mux.yaml
[0.720s] -- Installing: /home/lab/vt-cro/robogamescode/car_ws/install/mini_car_bot/share/mini_car_bot/config/gaz_ros2_ctl_use_sim.yaml
[0.721s] -- Installing: /home/lab/vt-cro/robogamescode/car_ws/install/mini_car_bot/share/mini_car_bot/config/gz_bridge.yaml
[0.721s] -- Installing: /home/lab/vt-cro/robogamescode/car_ws/install/mini_car_bot/share/mini_car_bot/config/view_bot.rviz
[0.721s] -- Installing: /home/lab/vt-cro/robogamescode/car_ws/install/mini_car_bot/share/mini_car_bot/config/mapper_params_online_async.yaml
[0.721s] -- Installing: /home/lab/vt-cro/robogamescode/car_ws/install/mini_car_bot/share/mini_car_bot/config/my_controllers.yaml
[0.721s] -- Installing: /home/lab/vt-cro/robogamescode/car_ws/install/mini_car_bot/share/mini_car_bot/description
[0.722s] -- Installing: /home/lab/vt-cro/robogamescode/car_ws/install/mini_car_bot/share/mini_car_bot/description/robot.urdf.xacro
[0.722s] -- Installing: /home/lab/vt-cro/robogamescode/car_ws/install/mini_car_bot/share/mini_car_bot/description/inertial_macros.xacro
[0.722s] -- Installing: /home/lab/vt-cro/robogamescode/car_ws/install/mini_car_bot/share/mini_car_bot/description/camera.xacro
[0.722s] -- Installing: /home/lab/vt-cro/robogamescode/car_ws/install/mini_car_bot/share/mini_car_bot/description/gazebo_control.xacro
[0.722s] -- Installing: /home/lab/vt-cro/robogamescode/car_ws/install/mini_car_bot/share/mini_car_bot/description/depth_camera.xacro
[0.722s] -- Installing: /home/lab/vt-cro/robogamescode/car_ws/install/mini_car_bot/share/mini_car_bot/description/lidar.xacro
[0.723s] -- Installing: /home/lab/vt-cro/robogamescode/car_ws/install/mini_car_bot/share/mini_car_bot/description/ros2_control.xacro
[0.723s] -- Installing: /home/lab/vt-cro/robogamescode/car_ws/install/mini_car_bot/share/mini_car_bot/description/robot.core.xacro
[0.723s] -- Installing: /home/lab/vt-cro/robogamescode/car_ws/install/mini_car_bot/share/mini_car_bot/launch
[0.723s] -- Installing: /home/lab/vt-cro/robogamescode/car_ws/install/mini_car_bot/share/mini_car_bot/launch/rsp.launch.py
[0.723s] -- Installing: /home/lab/vt-cro/robogamescode/car_ws/install/mini_car_bot/share/mini_car_bot/launch/launch_sim.launch.py
[0.724s] -- Installing: /home/lab/vt-cro/robogamescode/car_ws/install/mini_car_bot/share/mini_car_bot/launch/rplidar.launch.py
[0.724s] -- Installing: /home/lab/vt-cro/robogamescode/car_ws/install/mini_car_bot/share/mini_car_bot/launch/online_async_launch.py
[0.724s] -- Installing: /home/lab/vt-cro/robogamescode/car_ws/install/mini_car_bot/share/mini_car_bot/launch/launch_robot.launch.py
[0.724s] -- Installing: /home/lab/vt-cro/robogamescode/car_ws/install/mini_car_bot/share/mini_car_bot/launch/camera.launch.py
[0.725s] -- Installing: /home/lab/vt-cro/robogamescode/car_ws/install/mini_car_bot/share/mini_car_bot/launch/joystick.launch.py
[0.725s] -- Installing: /home/lab/vt-cro/robogamescode/car_ws/install/mini_car_bot/share/mini_car_bot/worlds
[0.725s] -- Installing: /home/lab/vt-cro/robogamescode/car_ws/install/mini_car_bot/share/mini_car_bot/worlds/prev_empty.world
[0.725s] -- Installing: /home/lab/vt-cro/robogamescode/car_ws/install/mini_car_bot/share/mini_car_bot/worlds/model.sdf
[0.725s] -- Installing: /home/lab/vt-cro/robogamescode/car_ws/install/mini_car_bot/share/mini_car_bot/worlds/simple.world
[0.726s] -- Installing: /home/lab/vt-cro/robogamescode/car_ws/install/mini_car_bot/share/mini_car_bot/worlds/model.config
[0.726s] -- Installing: /home/lab/vt-cro/robogamescode/car_ws/install/mini_car_bot/share/mini_car_bot/worlds/empty.world
[0.726s] -- Installing: /home/lab/vt-cro/robogamescode/car_ws/install/mini_car_bot/share/mini_car_bot/worlds/meshes
[0.726s] -- Installing: /home/lab/vt-cro/robogamescode/car_ws/install/mini_car_bot/share/mini_car_bot/worlds/meshes/yellow3.stl
[0.727s] -- Installing: /home/lab/vt-cro/robogamescode/car_ws/install/mini_car_bot/share/mini_car_bot/worlds/meshes/red2.stl
[0.728s] -- Installing: /home/lab/vt-cro/robogamescode/car_ws/install/mini_car_bot/share/mini_car_bot/worlds/meshes/yellow2.stl
[0.729s] -- Installing: /home/lab/vt-cro/robogamescode/car_ws/install/mini_car_bot/share/mini_car_bot/worlds/meshes/yellow1.stl
[0.730s] -- Installing: /home/lab/vt-cro/robogamescode/car_ws/install/mini_car_bot/share/mini_car_bot/worlds/meshes/yellow5.stl
[0.731s] -- Installing: /home/lab/vt-cro/robogamescode/car_ws/install/mini_car_bot/share/mini_car_bot/worlds/meshes/blue.stl
[0.731s] -- Installing: /home/lab/vt-cro/robogamescode/car_ws/install/mini_car_bot/share/mini_car_bot/worlds/meshes/block.stl
[0.731s] -- Installing: /home/lab/vt-cro/robogamescode/car_ws/install/mini_car_bot/share/mini_car_bot/worlds/meshes/wood.stl
[0.732s] -- Installing: /home/lab/vt-cro/robogamescode/car_ws/install/mini_car_bot/share/mini_car_bot/worlds/meshes/red1.stl
[0.732s] -- Installing: /home/lab/vt-cro/robogamescode/car_ws/install/mini_car_bot/share/mini_car_bot/worlds/meshes/yellow4.stl
[0.733s] -- Installing: /home/lab/vt-cro/robogamescode/car_ws/install/mini_car_bot/share/mini_car_bot/worlds/meshes/ramp.stl
[0.733s] -- Installing: /home/lab/vt-cro/robogamescode/car_ws/install/mini_car_bot/share/mini_car_bot/worlds/meshes/world1.stl
[0.737s] -- Installing: /home/lab/vt-cro/robogamescode/car_ws/install/mini_car_bot/share/ament_index/resource_index/package_run_dependencies/mini_car_bot
[0.737s] -- Installing: /home/lab/vt-cro/robogamescode/car_ws/install/mini_car_bot/share/ament_index/resource_index/parent_prefix_path/mini_car_bot
[0.737s] -- Installing: /home/lab/vt-cro/robogamescode/car_ws/install/mini_car_bot/share/mini_car_bot/environment/ament_prefix_path.sh
[0.737s] -- Installing: /home/lab/vt-cro/robogamescode/car_ws/install/mini_car_bot/share/mini_car_bot/environment/ament_prefix_path.dsv
[0.737s] -- Installing: /home/lab/vt-cro/robogamescode/car_ws/install/mini_car_bot/share/mini_car_bot/environment/path.sh
[0.737s] -- Installing: /home/lab/vt-cro/robogamescode/car_ws/install/mini_car_bot/share/mini_car_bot/environment/path.dsv
[0.737s] -- Installing: /home/lab/vt-cro/robogamescode/car_ws/install/mini_car_bot/share/mini_car_bot/local_setup.bash
[0.737s] -- Installing: /home/lab/vt-cro/robogamescode/car_ws/install/mini_car_bot/share/mini_car_bot/local_setup.sh
[0.738s] -- Installing: /home/lab/vt-cro/robogamescode/car_ws/install/mini_car_bot/share/mini_car_bot/local_setup.zsh
[0.738s] -- Installing: /home/lab/vt-cro/robogamescode/car_ws/install/mini_car_bot/share/mini_car_bot/local_setup.dsv
[0.738s] -- Installing: /home/lab/vt-cro/robogamescode/car_ws/install/mini_car_bot/share/mini_car_bot/package.dsv
[0.738s] -- Installing: /home/lab/vt-cro/robogamescode/car_ws/install/mini_car_bot/share/ament_index/resource_index/packages/mini_car_bot
[0.738s] -- Installing: /home/lab/vt-cro/robogamescode/car_ws/install/mini_car_bot/share/mini_car_bot/cmake/mini_car_botConfig.cmake
[0.738s] -- Installing: /home/lab/vt-cro/robogamescode/car_ws/install/mini_car_bot/share/mini_car_bot/cmake/mini_car_botConfig-version.cmake
[0.738s] -- Installing: /home/lab/vt-cro/robogamescode/car_ws/install/mini_car_bot/share/mini_car_bot/package.xml
[0.740s] Invoked command in '/home/lab/vt-cro/robogamescode/car_ws/build/mini_car_bot' returned '0': CMAKE_PREFIX_PATH=${CMAKE_PREFIX_PATH}:/opt/ros/jazzy DEBUGINFOD_URLS=https://debuginfod.ubuntu.com /usr/bin/cmake --install /home/lab/vt-cro/robogamescode/car_ws/build/mini_car_bot
