[0.010s] Invoking command in '/home/lab/vt-cro/robogamescode/car_ws/build/articubot_one': CMAKE_PREFIX_PATH=${CMAKE_PREFIX_PATH}:/opt/ros/jazzy DEBUGINFOD_URLS=https://debuginfod.ubuntu.com /usr/bin/cmake /home/lab/vt-cro/robogamescode/car_ws/src/articubot_one -DCMAKE_INSTALL_PREFIX=/home/lab/vt-cro/robogamescode/car_ws/install/articubot_one
[0.060s] -- The C compiler identification is GNU 13.3.0
[0.109s] -- The CXX compiler identification is GNU 13.3.0
[0.125s] -- Detecting C compiler ABI info
[0.208s] -- Detecting C compiler ABI info - done
[0.216s] -- Check for working C compiler: /usr/bin/cc - skipped
[0.216s] -- Detecting C compile features
[0.217s] -- Detecting C compile features - done
[0.225s] -- Detecting CXX compiler ABI info
[0.320s] -- Detecting CXX compiler ABI info - done
[0.328s] -- Check for working CXX compiler: /usr/bin/c++ - skipped
[0.328s] -- Detecting CXX compile features
[0.328s] -- Detecting CXX compile features - done
[0.333s] -- Found ament_cmake: 2.5.3 (/opt/ros/jazzy/share/ament_cmake/cmake)
[0.470s] -- Found Python3: /usr/bin/python3 (found version "3.12.3") found components: Interpreter 
[0.584s] -- Found ament_lint_auto: 0.17.1 (/opt/ros/jazzy/share/ament_lint_auto/cmake)
[0.690s] -- Added test 'copyright' to check source files copyright and LICENSE
[0.699s] -- Added test 'flake8' to check Python code syntax and style conventions
[0.699s] -- Configured 'flake8' exclude dirs and/or files: 
[0.701s] -- Added test 'lint_cmake' to check CMake code style
[0.702s] -- Added test 'pep257' to check Python code against some of the docstring style conventions in PEP 257
[0.707s] -- Added test 'xmllint' to check XML markup files
[0.709s] -- Configuring done (0.7s)
[0.712s] -- Generating done (0.0s)
[0.713s] -- Build files have been written to: /home/lab/vt-cro/robogamescode/car_ws/build/articubot_one
[0.718s] Invoked command in '/home/lab/vt-cro/robogamescode/car_ws/build/articubot_one' returned '0': CMAKE_PREFIX_PATH=${CMAKE_PREFIX_PATH}:/opt/ros/jazzy DEBUGINFOD_URLS=https://debuginfod.ubuntu.com /usr/bin/cmake /home/lab/vt-cro/robogamescode/car_ws/src/articubot_one -DCMAKE_INSTALL_PREFIX=/home/lab/vt-cro/robogamescode/car_ws/install/articubot_one
[0.718s] Invoking command in '/home/lab/vt-cro/robogamescode/car_ws/build/articubot_one': CMAKE_PREFIX_PATH=${CMAKE_PREFIX_PATH}:/opt/ros/jazzy DEBUGINFOD_URLS=https://debuginfod.ubuntu.com /usr/bin/cmake --build /home/lab/vt-cro/robogamescode/car_ws/build/articubot_one -- -j16 -l16
[0.761s] Invoked command in '/home/lab/vt-cro/robogamescode/car_ws/build/articubot_one' returned '0': CMAKE_PREFIX_PATH=${CMAKE_PREFIX_PATH}:/opt/ros/jazzy DEBUGINFOD_URLS=https://debuginfod.ubuntu.com /usr/bin/cmake --build /home/lab/vt-cro/robogamescode/car_ws/build/articubot_one -- -j16 -l16
[0.763s] Invoking command in '/home/lab/vt-cro/robogamescode/car_ws/build/articubot_one': CMAKE_PREFIX_PATH=${CMAKE_PREFIX_PATH}:/opt/ros/jazzy DEBUGINFOD_URLS=https://debuginfod.ubuntu.com /usr/bin/cmake --install /home/lab/vt-cro/robogamescode/car_ws/build/articubot_one
[0.772s] -- Install configuration: ""
[0.772s] -- Installing: /home/lab/vt-cro/robogamescode/car_ws/install/articubot_one/share/articubot_one/config
[0.772s] -- Installing: /home/lab/vt-cro/robogamescode/car_ws/install/articubot_one/share/articubot_one/config/twist_mux.yaml
[0.772s] -- Installing: /home/lab/vt-cro/robogamescode/car_ws/install/articubot_one/share/articubot_one/config/ball_tracker_params_sim.yaml
[0.773s] -- Installing: /home/lab/vt-cro/robogamescode/car_ws/install/articubot_one/share/articubot_one/config/gaz_ros2_ctl_use_sim.yaml
[0.773s] -- Installing: /home/lab/vt-cro/robogamescode/car_ws/install/articubot_one/share/articubot_one/config/drive_bot.rviz
[0.773s] -- Installing: /home/lab/vt-cro/robogamescode/car_ws/install/articubot_one/share/articubot_one/config/main.rviz
[0.773s] -- Installing: /home/lab/vt-cro/robogamescode/car_ws/install/articubot_one/share/articubot_one/config/gz_bridge.yaml
[0.773s] -- Installing: /home/lab/vt-cro/robogamescode/car_ws/install/articubot_one/share/articubot_one/config/map.rviz
[0.773s] -- Installing: /home/lab/vt-cro/robogamescode/car_ws/install/articubot_one/share/articubot_one/config/nav2_params.yaml
[0.773s] -- Installing: /home/lab/vt-cro/robogamescode/car_ws/install/articubot_one/share/articubot_one/config/empty.yaml
[0.773s] -- Installing: /home/lab/vt-cro/robogamescode/car_ws/install/articubot_one/share/articubot_one/config/view_bot.rviz
[0.773s] -- Installing: /home/lab/vt-cro/robogamescode/car_ws/install/articubot_one/share/articubot_one/config/mapper_params_online_async.yaml
[0.773s] -- Installing: /home/lab/vt-cro/robogamescode/car_ws/install/articubot_one/share/articubot_one/config/my_controllers.yaml
[0.774s] -- Installing: /home/lab/vt-cro/robogamescode/car_ws/install/articubot_one/share/articubot_one/config/joystick.yaml
[0.774s] -- Installing: /home/lab/vt-cro/robogamescode/car_ws/install/articubot_one/share/articubot_one/config/ball_tracker_params_robot.yaml
[0.774s] -- Installing: /home/lab/vt-cro/robogamescode/car_ws/install/articubot_one/share/articubot_one/description
[0.774s] -- Installing: /home/lab/vt-cro/robogamescode/car_ws/install/articubot_one/share/articubot_one/description/robot.urdf.xacro
[0.774s] -- Installing: /home/lab/vt-cro/robogamescode/car_ws/install/articubot_one/share/articubot_one/description/inertial_macros.xacro
[0.774s] -- Installing: /home/lab/vt-cro/robogamescode/car_ws/install/articubot_one/share/articubot_one/description/camera.xacro
[0.774s] -- Installing: /home/lab/vt-cro/robogamescode/car_ws/install/articubot_one/share/articubot_one/description/gazebo_control.xacro
[0.774s] -- Installing: /home/lab/vt-cro/robogamescode/car_ws/install/articubot_one/share/articubot_one/description/face.xacro
[0.774s] -- Installing: /home/lab/vt-cro/robogamescode/car_ws/install/articubot_one/share/articubot_one/description/depth_camera.xacro
[0.774s] -- Installing: /home/lab/vt-cro/robogamescode/car_ws/install/articubot_one/share/articubot_one/description/lidar.xacro
[0.774s] -- Installing: /home/lab/vt-cro/robogamescode/car_ws/install/articubot_one/share/articubot_one/description/ros2_control.xacro
[0.775s] -- Installing: /home/lab/vt-cro/robogamescode/car_ws/install/articubot_one/share/articubot_one/description/robot_core.xacro
[0.775s] -- Installing: /home/lab/vt-cro/robogamescode/car_ws/install/articubot_one/share/articubot_one/launch
[0.775s] -- Installing: /home/lab/vt-cro/robogamescode/car_ws/install/articubot_one/share/articubot_one/launch/rsp.launch.py
[0.775s] -- Installing: /home/lab/vt-cro/robogamescode/car_ws/install/articubot_one/share/articubot_one/launch/localization_launch.py
[0.775s] -- Installing: /home/lab/vt-cro/robogamescode/car_ws/install/articubot_one/share/articubot_one/launch/ball_tracker.launch.py
[0.775s] -- Installing: /home/lab/vt-cro/robogamescode/car_ws/install/articubot_one/share/articubot_one/launch/launch_sim.launch.py
[0.775s] -- Installing: /home/lab/vt-cro/robogamescode/car_ws/install/articubot_one/share/articubot_one/launch/rplidar.launch.py
[0.775s] -- Installing: /home/lab/vt-cro/robogamescode/car_ws/install/articubot_one/share/articubot_one/launch/navigation_launch.py
[0.775s] -- Installing: /home/lab/vt-cro/robogamescode/car_ws/install/articubot_one/share/articubot_one/launch/online_async_launch.py
[0.776s] -- Installing: /home/lab/vt-cro/robogamescode/car_ws/install/articubot_one/share/articubot_one/launch/launch_robot.launch.py
[0.776s] -- Installing: /home/lab/vt-cro/robogamescode/car_ws/install/articubot_one/share/articubot_one/launch/camera.launch.py
[0.776s] -- Installing: /home/lab/vt-cro/robogamescode/car_ws/install/articubot_one/share/articubot_one/launch/joystick.launch.py
[0.776s] -- Installing: /home/lab/vt-cro/robogamescode/car_ws/install/articubot_one/share/articubot_one/worlds
[0.776s] -- Installing: /home/lab/vt-cro/robogamescode/car_ws/install/articubot_one/share/articubot_one/worlds/obstacles.world
[0.776s] -- Installing: /home/lab/vt-cro/robogamescode/car_ws/install/articubot_one/share/articubot_one/worlds/empty.world
[0.777s] -- Installing: /home/lab/vt-cro/robogamescode/car_ws/install/articubot_one/share/ament_index/resource_index/package_run_dependencies/articubot_one
[0.777s] -- Installing: /home/lab/vt-cro/robogamescode/car_ws/install/articubot_one/share/ament_index/resource_index/parent_prefix_path/articubot_one
[0.777s] -- Installing: /home/lab/vt-cro/robogamescode/car_ws/install/articubot_one/share/articubot_one/environment/ament_prefix_path.sh
[0.777s] -- Installing: /home/lab/vt-cro/robogamescode/car_ws/install/articubot_one/share/articubot_one/environment/ament_prefix_path.dsv
[0.777s] -- Installing: /home/lab/vt-cro/robogamescode/car_ws/install/articubot_one/share/articubot_one/environment/path.sh
[0.777s] -- Installing: /home/lab/vt-cro/robogamescode/car_ws/install/articubot_one/share/articubot_one/environment/path.dsv
[0.777s] -- Installing: /home/lab/vt-cro/robogamescode/car_ws/install/articubot_one/share/articubot_one/local_setup.bash
[0.777s] -- Installing: /home/lab/vt-cro/robogamescode/car_ws/install/articubot_one/share/articubot_one/local_setup.sh
[0.778s] -- Installing: /home/lab/vt-cro/robogamescode/car_ws/install/articubot_one/share/articubot_one/local_setup.zsh
[0.778s] -- Installing: /home/lab/vt-cro/robogamescode/car_ws/install/articubot_one/share/articubot_one/local_setup.dsv
[0.778s] -- Installing: /home/lab/vt-cro/robogamescode/car_ws/install/articubot_one/share/articubot_one/package.dsv
[0.778s] -- Installing: /home/lab/vt-cro/robogamescode/car_ws/install/articubot_one/share/ament_index/resource_index/packages/articubot_one
[0.778s] -- Installing: /home/lab/vt-cro/robogamescode/car_ws/install/articubot_one/share/articubot_one/cmake/articubot_oneConfig.cmake
[0.778s] -- Installing: /home/lab/vt-cro/robogamescode/car_ws/install/articubot_one/share/articubot_one/cmake/articubot_oneConfig-version.cmake
[0.778s] -- Installing: /home/lab/vt-cro/robogamescode/car_ws/install/articubot_one/share/articubot_one/package.xml
[0.787s] Invoked command in '/home/lab/vt-cro/robogamescode/car_ws/build/articubot_one' returned '0': CMAKE_PREFIX_PATH=${CMAKE_PREFIX_PATH}:/opt/ros/jazzy DEBUGINFOD_URLS=https://debuginfod.ubuntu.com /usr/bin/cmake --install /home/lab/vt-cro/robogamescode/car_ws/build/articubot_one
