[0.013s] Invoking command in '/home/lab/vt-cro/robogamescode/car_ws/build/mini_car_bot': CMAKE_PREFIX_PATH=${CMAKE_PREFIX_PATH}:/opt/ros/jazzy DEBUGINFOD_URLS=https://debuginfod.ubuntu.com /usr/bin/cmake --build /home/lab/vt-cro/robogamescode/car_ws/build/mini_car_bot -- -j16 -l16
[0.080s] Invoked command in '/home/lab/vt-cro/robogamescode/car_ws/build/mini_car_bot' returned '0': CMAKE_PREFIX_PATH=${CMAKE_PREFIX_PATH}:/opt/ros/jazzy DEBUGINFOD_URLS=https://debuginfod.ubuntu.com /usr/bin/cmake --build /home/lab/vt-cro/robogamescode/car_ws/build/mini_car_bot -- -j16 -l16
[0.081s] Invoking command in '/home/lab/vt-cro/robogamescode/car_ws/build/mini_car_bot': CMAKE_PREFIX_PATH=${CMAKE_PREFIX_PATH}:/opt/ros/jazzy DEBUGINFOD_URLS=https://debuginfod.ubuntu.com /usr/bin/cmake --install /home/lab/vt-cro/robogamescode/car_ws/build/mini_car_bot
[0.093s] -- Install configuration: ""
[0.096s] -- Up-to-date: /home/lab/vt-cro/robogamescode/car_ws/install/mini_car_bot/share/mini_car_bot/config
[0.096s] -- Up-to-date: /home/lab/vt-cro/robogamescode/car_ws/install/mini_car_bot/share/mini_car_bot/config/twist_mux.yaml
[0.096s] -- Up-to-date: /home/lab/vt-cro/robogamescode/car_ws/install/mini_car_bot/share/mini_car_bot/config/gaz_ros2_ctl_use_sim.yaml
[0.096s] -- Up-to-date: /home/lab/vt-cro/robogamescode/car_ws/install/mini_car_bot/share/mini_car_bot/config/gz_bridge.yaml
[0.096s] -- Up-to-date: /home/lab/vt-cro/robogamescode/car_ws/install/mini_car_bot/share/mini_car_bot/config/view_bot.rviz
[0.096s] -- Up-to-date: /home/lab/vt-cro/robogamescode/car_ws/install/mini_car_bot/share/mini_car_bot/config/mapper_params_online_async.yaml
[0.096s] -- Up-to-date: /home/lab/vt-cro/robogamescode/car_ws/install/mini_car_bot/share/mini_car_bot/config/my_controllers.yaml
[0.096s] -- Up-to-date: /home/lab/vt-cro/robogamescode/car_ws/install/mini_car_bot/share/mini_car_bot/description
[0.098s] -- Up-to-date: /home/lab/vt-cro/robogamescode/car_ws/install/mini_car_bot/share/mini_car_bot/description/robot.urdf.xacro
[0.098s] -- Up-to-date: /home/lab/vt-cro/robogamescode/car_ws/install/mini_car_bot/share/mini_car_bot/description/inertial_macros.xacro
[0.099s] -- Up-to-date: /home/lab/vt-cro/robogamescode/car_ws/install/mini_car_bot/share/mini_car_bot/description/camera.xacro
[0.099s] -- Up-to-date: /home/lab/vt-cro/robogamescode/car_ws/install/mini_car_bot/share/mini_car_bot/description/gazebo_control.xacro
[0.099s] -- Up-to-date: /home/lab/vt-cro/robogamescode/car_ws/install/mini_car_bot/share/mini_car_bot/description/depth_camera.xacro
[0.099s] -- Up-to-date: /home/lab/vt-cro/robogamescode/car_ws/install/mini_car_bot/share/mini_car_bot/description/lidar.xacro
[0.100s] -- Up-to-date: /home/lab/vt-cro/robogamescode/car_ws/install/mini_car_bot/share/mini_car_bot/description/ros2_control.xacro
[0.100s] -- Up-to-date: /home/lab/vt-cro/robogamescode/car_ws/install/mini_car_bot/share/mini_car_bot/description/robot.core.xacro
[0.100s] -- Up-to-date: /home/lab/vt-cro/robogamescode/car_ws/install/mini_car_bot/share/mini_car_bot/launch
[0.100s] -- Up-to-date: /home/lab/vt-cro/robogamescode/car_ws/install/mini_car_bot/share/mini_car_bot/launch/rsp.launch.py
[0.100s] -- Up-to-date: /home/lab/vt-cro/robogamescode/car_ws/install/mini_car_bot/share/mini_car_bot/launch/launch_sim.launch.py
[0.100s] -- Up-to-date: /home/lab/vt-cro/robogamescode/car_ws/install/mini_car_bot/share/mini_car_bot/launch/rplidar.launch.py
[0.101s] -- Up-to-date: /home/lab/vt-cro/robogamescode/car_ws/install/mini_car_bot/share/mini_car_bot/launch/online_async_launch.py
[0.101s] -- Up-to-date: /home/lab/vt-cro/robogamescode/car_ws/install/mini_car_bot/share/mini_car_bot/launch/launch_robot.launch.py
[0.101s] -- Up-to-date: /home/lab/vt-cro/robogamescode/car_ws/install/mini_car_bot/share/mini_car_bot/launch/camera.launch.py
[0.101s] -- Up-to-date: /home/lab/vt-cro/robogamescode/car_ws/install/mini_car_bot/share/mini_car_bot/launch/joystick.launch.py
[0.101s] -- Up-to-date: /home/lab/vt-cro/robogamescode/car_ws/install/mini_car_bot/share/mini_car_bot/worlds
[0.101s] -- Up-to-date: /home/lab/vt-cro/robogamescode/car_ws/install/mini_car_bot/share/mini_car_bot/worlds/prev_empty.world
[0.101s] -- Up-to-date: /home/lab/vt-cro/robogamescode/car_ws/install/mini_car_bot/share/mini_car_bot/worlds/model.sdf
[0.101s] -- Up-to-date: /home/lab/vt-cro/robogamescode/car_ws/install/mini_car_bot/share/mini_car_bot/worlds/simple.world
[0.101s] -- Up-to-date: /home/lab/vt-cro/robogamescode/car_ws/install/mini_car_bot/share/mini_car_bot/worlds/model.config
[0.101s] -- Up-to-date: /home/lab/vt-cro/robogamescode/car_ws/install/mini_car_bot/share/mini_car_bot/worlds/empty.world
[0.101s] -- Up-to-date: /home/lab/vt-cro/robogamescode/car_ws/install/mini_car_bot/share/mini_car_bot/worlds/meshes
[0.101s] -- Up-to-date: /home/lab/vt-cro/robogamescode/car_ws/install/mini_car_bot/share/mini_car_bot/worlds/meshes/yellow3.stl
[0.101s] -- Up-to-date: /home/lab/vt-cro/robogamescode/car_ws/install/mini_car_bot/share/mini_car_bot/worlds/meshes/red2.stl
[0.102s] -- Up-to-date: /home/lab/vt-cro/robogamescode/car_ws/install/mini_car_bot/share/mini_car_bot/worlds/meshes/yellow2.stl
[0.103s] -- Up-to-date: /home/lab/vt-cro/robogamescode/car_ws/install/mini_car_bot/share/mini_car_bot/worlds/meshes/yellow1.stl
[0.103s] -- Up-to-date: /home/lab/vt-cro/robogamescode/car_ws/install/mini_car_bot/share/mini_car_bot/worlds/meshes/yellow5.stl
[0.103s] -- Up-to-date: /home/lab/vt-cro/robogamescode/car_ws/install/mini_car_bot/share/mini_car_bot/worlds/meshes/blue.stl
[0.104s] -- Up-to-date: /home/lab/vt-cro/robogamescode/car_ws/install/mini_car_bot/share/mini_car_bot/worlds/meshes/block.stl
[0.104s] -- Up-to-date: /home/lab/vt-cro/robogamescode/car_ws/install/mini_car_bot/share/mini_car_bot/worlds/meshes/wood.stl
[0.104s] -- Up-to-date: /home/lab/vt-cro/robogamescode/car_ws/install/mini_car_bot/share/mini_car_bot/worlds/meshes/red1.stl
[0.104s] -- Up-to-date: /home/lab/vt-cro/robogamescode/car_ws/install/mini_car_bot/share/mini_car_bot/worlds/meshes/yellow4.stl
[0.104s] -- Up-to-date: /home/lab/vt-cro/robogamescode/car_ws/install/mini_car_bot/share/mini_car_bot/worlds/meshes/ramp.stl
[0.104s] -- Up-to-date: /home/lab/vt-cro/robogamescode/car_ws/install/mini_car_bot/share/mini_car_bot/worlds/meshes/world1.stl
[0.104s] -- Up-to-date: /home/lab/vt-cro/robogamescode/car_ws/install/mini_car_bot/share/ament_index/resource_index/package_run_dependencies/mini_car_bot
[0.104s] -- Up-to-date: /home/lab/vt-cro/robogamescode/car_ws/install/mini_car_bot/share/ament_index/resource_index/parent_prefix_path/mini_car_bot
[0.104s] -- Up-to-date: /home/lab/vt-cro/robogamescode/car_ws/install/mini_car_bot/share/mini_car_bot/environment/ament_prefix_path.sh
[0.104s] -- Up-to-date: /home/lab/vt-cro/robogamescode/car_ws/install/mini_car_bot/share/mini_car_bot/environment/ament_prefix_path.dsv
[0.104s] -- Up-to-date: /home/lab/vt-cro/robogamescode/car_ws/install/mini_car_bot/share/mini_car_bot/environment/path.sh
[0.104s] -- Up-to-date: /home/lab/vt-cro/robogamescode/car_ws/install/mini_car_bot/share/mini_car_bot/environment/path.dsv
[0.105s] -- Up-to-date: /home/lab/vt-cro/robogamescode/car_ws/install/mini_car_bot/share/mini_car_bot/local_setup.bash
[0.105s] -- Up-to-date: /home/lab/vt-cro/robogamescode/car_ws/install/mini_car_bot/share/mini_car_bot/local_setup.sh
[0.105s] -- Up-to-date: /home/lab/vt-cro/robogamescode/car_ws/install/mini_car_bot/share/mini_car_bot/local_setup.zsh
[0.105s] -- Up-to-date: /home/lab/vt-cro/robogamescode/car_ws/install/mini_car_bot/share/mini_car_bot/local_setup.dsv
[0.105s] -- Installing: /home/lab/vt-cro/robogamescode/car_ws/install/mini_car_bot/share/mini_car_bot/package.dsv
[0.105s] -- Up-to-date: /home/lab/vt-cro/robogamescode/car_ws/install/mini_car_bot/share/ament_index/resource_index/packages/mini_car_bot
[0.105s] -- Up-to-date: /home/lab/vt-cro/robogamescode/car_ws/install/mini_car_bot/share/mini_car_bot/cmake/mini_car_botConfig.cmake
[0.105s] -- Up-to-date: /home/lab/vt-cro/robogamescode/car_ws/install/mini_car_bot/share/mini_car_bot/cmake/mini_car_botConfig-version.cmake
[0.105s] -- Up-to-date: /home/lab/vt-cro/robogamescode/car_ws/install/mini_car_bot/share/mini_car_bot/package.xml
[0.121s] Invoked command in '/home/lab/vt-cro/robogamescode/car_ws/build/mini_car_bot' returned '0': CMAKE_PREFIX_PATH=${CMAKE_PREFIX_PATH}:/opt/ros/jazzy DEBUGINFOD_URLS=https://debuginfod.ubuntu.com /usr/bin/cmake --install /home/lab/vt-cro/robogamescode/car_ws/build/mini_car_bot
