[0.000000] (-) TimerEvent: {}
[0.000857] (articubot_one) JobQueued: {'identifier': 'articubot_one', 'dependencies': OrderedDict()}
[0.000901] (mini_car_bot) JobQueued: {'identifier': 'mini_car_bot', 'dependencies': OrderedDict()}
[0.000929] (articubot_one) JobStarted: {'identifier': 'articubot_one'}
[0.007960] (mini_car_bot) JobStarted: {'identifier': 'mini_car_bot'}
[0.013101] (articubot_one) JobProgress: {'identifier': 'articubot_one', 'progress': 'cmake'}
[0.013667] (articubot_one) Command: {'cmd': ['/usr/bin/cmake', '/home/houndsito/vt-cro/robogamescode/car_ws/src/articubot_one', '-DCMAKE_INSTALL_PREFIX=/home/houndsito/vt-cro/robogamescode/car_ws/install/articubot_one'], 'cwd': '/home/houndsito/vt-cro/robogamescode/car_ws/build/articubot_one', 'env': OrderedDict({'USER': 'houndsito', 'GZ_CONFIG_PATH': '/opt/ros/jazzy/opt/gz_launch_vendor/share/gz:/opt/ros/jazzy/opt/gz_sim_vendor/share/gz:/opt/ros/jazzy/opt/sdformat_vendor/share/gz:/opt/ros/jazzy/opt/gz_gui_vendor/share/gz:/opt/ros/jazzy/opt/gz_transport_vendor/share/gz:/opt/ros/jazzy/opt/gz_rendering_vendor/share/gz:/opt/ros/jazzy/opt/gz_plugin_vendor/share/gz:/opt/ros/jazzy/opt/gz_fuel_tools_vendor/share/gz:/opt/ros/jazzy/opt/gz_msgs_vendor/share/gz:/opt/ros/jazzy/opt/gz_common_vendor/share/gz', 'XDG_SESSION_TYPE': 'x11', 'SHLVL': '2', 'LD_LIBRARY_PATH': '/opt/ros/jazzy/opt/gz_launch_vendor/lib:/opt/ros/jazzy/opt/gz_sim_vendor/lib:/opt/ros/jazzy/opt/gz_sensors_vendor/lib:/opt/ros/jazzy/opt/gz_physics_vendor/lib:/opt/ros/jazzy/opt/sdformat_vendor/lib:/opt/ros/jazzy/opt/rviz_ogre_vendor/lib:/opt/ros/jazzy/lib/x86_64-linux-gnu:/opt/ros/jazzy/opt/gz_gui_vendor/lib:/opt/ros/jazzy/opt/gz_transport_vendor/lib:/opt/ros/jazzy/opt/gz_rendering_vendor/lib:/opt/ros/jazzy/opt/gz_plugin_vendor/lib:/opt/ros/jazzy/opt/gz_fuel_tools_vendor/lib:/opt/ros/jazzy/opt/gz_msgs_vendor/lib:/opt/ros/jazzy/opt/gz_common_vendor/lib:/opt/ros/jazzy/opt/gz_math_vendor/lib:/opt/ros/jazzy/opt/gz_utils_vendor/lib:/opt/ros/jazzy/opt/gz_tools_vendor/lib:/opt/ros/jazzy/opt/gz_ogre_next_vendor/lib:/opt/ros/jazzy/opt/gz_dartsim_vendor/lib:/opt/ros/jazzy/opt/gz_cmake_vendor/lib:/opt/ros/jazzy/lib', 'HOME': '/home/houndsito', 'TERMINFO': '/usr/lib/kitty/terminfo', 'DESKTOP_SESSION': 'ubuntu', 'KITTY_INSTALLATION_DIR': '/usr/lib/kitty', 'ROS_PYTHON_VERSION': '3', 'GNOME_SHELL_SESSION_MODE': 'ubuntu', 'GTK_MODULES': 'gail:atk-bridge', 'KITTY_PID': '5062', 'MANAGERPID': '2159', 'SYSTEMD_EXEC_PID': '2775', 'GSM_SKIP_SSH_AGENT_WORKAROUND': 'true', 'DBUS_SESSION_BUS_ADDRESS': 'unix:path=/run/user/1000/bus', 'COLORTERM': 'truecolor', 'GIO_LAUNCHED_DESKTOP_FILE_PID': '5062', 'GNOME_KEYRING_CONTROL': '/run/user/1000/keyring', 'DEBUGINFOD_URLS': 'https://debuginfod.ubuntu.com', 'OMF_PATH': '/home/houndsito/.local/share/omf', 'ROS_DISTRO': 'jazzy', 'LOGNAME': 'houndsito', 'WINDOWID': '48234507', 'JOURNAL_STREAM': '9:11672', '_': '/usr/bin/colcon', 'ROS_VERSION': '2', 'MEMORY_PRESSURE_WATCH': '/sys/fs/cgroup/user.slice/user-1000.slice/user@1000.service/session.slice/org.gnome.SettingsDaemon.MediaKeys.service/memory.pressure', 'XDG_SESSION_CLASS': 'user', 'KITTY_PUBLIC_KEY': '1:{D?n0S-=Pa62A(7^cpnLATAd^A*b+71@0*AnQS6E', 'USERNAME': 'houndsito', 'TERM': 'xterm-kitty', 'GNOME_DESKTOP_SESSION_ID': 'this-is-deprecated', 'WINDOWPATH': '2', 'PATH': '/opt/ros/jazzy/opt/gz_msgs_vendor/bin:/opt/ros/jazzy/opt/gz_tools_vendor/bin:/opt/ros/jazzy/opt/gz_ogre_next_vendor/bin:/opt/ros/jazzy/bin:/home/houndsito/.local/bin:/home/houndsito/bin:/usr/local/sbin:/usr/local/bin:/usr/sbin:/usr/bin:/sbin:/bin:/usr/games:/usr/local/games:/snap/bin:/snap/bin', 'SESSION_MANAGER': 'local/DPM:@/tmp/.ICE-unix/2558,unix/DPM:/tmp/.ICE-unix/2558', 'INVOCATION_ID': 'bebc0455435d4d28b007c7a10f267b90', 'XDG_MENU_PREFIX': 'gnome-', 'XDG_RUNTIME_DIR': '/run/user/1000', 'DISPLAY': ':1', 'LANG': 'en_US.UTF-8', 'XDG_CURRENT_DESKTOP': 'ubuntu:GNOME', 'XMODIFIERS': '@im=ibus', 'XDG_SESSION_DESKTOP': 'ubuntu', 'XAUTHORITY': '/run/user/1000/gdm/Xauthority', 'SSH_AUTH_SOCK': '/run/user/1000/keyring/ssh', 'AMENT_PREFIX_PATH': '/opt/ros/jazzy', 'SHELL': '/usr/bin/fish', 'QT_ACCESSIBILITY': '1', 'GDMSESSION': 'ubuntu', 'KITTY_WINDOW_ID': '1', 'GPG_AGENT_INFO': '/run/user/1000/gnupg/S.gpg-agent:0:1', 'ROS_AUTOMATIC_DISCOVERY_RANGE': 'SUBNET', 'QT_IM_MODULE': 'ibus', 'PWD': '/home/houndsito/vt-cro/robogamescode/car_ws/build/articubot_one', 'LC_ALL': 'en_US.UTF-8', 'XDG_CONFIG_DIRS': '/etc/xdg/xdg-ubuntu:/etc/xdg', 'XDG_DATA_DIRS': '/usr/share/ubuntu:/usr/share/gnome:/usr/local/share/:/usr/share/:/var/lib/snapd/desktop', 'OMF_CONFIG': '/home/houndsito/.config/omf', 'PYTHONPATH': '/opt/ros/jazzy/lib/python3.12/site-packages', 'COLCON': '1', 'MEMORY_PRESSURE_WRITE': 'c29tZSAyMDAwMDAgMjAwMDAwMAA=', 'CMAKE_PREFIX_PATH': '/opt/ros/jazzy/opt/gz_launch_vendor:/opt/ros/jazzy/opt/gz_sim_vendor:/opt/ros/jazzy/opt/gz_sensors_vendor:/opt/ros/jazzy/opt/gz_physics_vendor:/opt/ros/jazzy/opt/sdformat_vendor:/opt/ros/jazzy/opt/gz_gui_vendor:/opt/ros/jazzy/opt/gz_transport_vendor:/opt/ros/jazzy/opt/gz_rendering_vendor:/opt/ros/jazzy/opt/gz_plugin_vendor:/opt/ros/jazzy/opt/gz_fuel_tools_vendor:/opt/ros/jazzy/opt/gz_msgs_vendor:/opt/ros/jazzy/opt/gz_common_vendor:/opt/ros/jazzy/opt/gz_math_vendor:/opt/ros/jazzy/opt/gz_utils_vendor:/opt/ros/jazzy/opt/gz_tools_vendor:/opt/ros/jazzy/opt/gz_ogre_next_vendor:/opt/ros/jazzy/opt/gz_dartsim_vendor:/opt/ros/jazzy/opt/gz_cmake_vendor:/opt/ros/jazzy'}), 'shell': False}
[0.017509] (mini_car_bot) JobProgress: {'identifier': 'mini_car_bot', 'progress': 'cmake'}
[0.018148] (mini_car_bot) Command: {'cmd': ['/usr/bin/cmake', '/home/houndsito/vt-cro/robogamescode/car_ws/src/mini_car_bot', '-DCMAKE_INSTALL_PREFIX=/home/houndsito/vt-cro/robogamescode/car_ws/install/mini_car_bot'], 'cwd': '/home/houndsito/vt-cro/robogamescode/car_ws/build/mini_car_bot', 'env': OrderedDict({'USER': 'houndsito', 'GZ_CONFIG_PATH': '/opt/ros/jazzy/opt/gz_launch_vendor/share/gz:/opt/ros/jazzy/opt/gz_sim_vendor/share/gz:/opt/ros/jazzy/opt/sdformat_vendor/share/gz:/opt/ros/jazzy/opt/gz_gui_vendor/share/gz:/opt/ros/jazzy/opt/gz_transport_vendor/share/gz:/opt/ros/jazzy/opt/gz_rendering_vendor/share/gz:/opt/ros/jazzy/opt/gz_plugin_vendor/share/gz:/opt/ros/jazzy/opt/gz_fuel_tools_vendor/share/gz:/opt/ros/jazzy/opt/gz_msgs_vendor/share/gz:/opt/ros/jazzy/opt/gz_common_vendor/share/gz', 'XDG_SESSION_TYPE': 'x11', 'SHLVL': '2', 'LD_LIBRARY_PATH': '/opt/ros/jazzy/opt/gz_launch_vendor/lib:/opt/ros/jazzy/opt/gz_sim_vendor/lib:/opt/ros/jazzy/opt/gz_sensors_vendor/lib:/opt/ros/jazzy/opt/gz_physics_vendor/lib:/opt/ros/jazzy/opt/sdformat_vendor/lib:/opt/ros/jazzy/opt/rviz_ogre_vendor/lib:/opt/ros/jazzy/lib/x86_64-linux-gnu:/opt/ros/jazzy/opt/gz_gui_vendor/lib:/opt/ros/jazzy/opt/gz_transport_vendor/lib:/opt/ros/jazzy/opt/gz_rendering_vendor/lib:/opt/ros/jazzy/opt/gz_plugin_vendor/lib:/opt/ros/jazzy/opt/gz_fuel_tools_vendor/lib:/opt/ros/jazzy/opt/gz_msgs_vendor/lib:/opt/ros/jazzy/opt/gz_common_vendor/lib:/opt/ros/jazzy/opt/gz_math_vendor/lib:/opt/ros/jazzy/opt/gz_utils_vendor/lib:/opt/ros/jazzy/opt/gz_tools_vendor/lib:/opt/ros/jazzy/opt/gz_ogre_next_vendor/lib:/opt/ros/jazzy/opt/gz_dartsim_vendor/lib:/opt/ros/jazzy/opt/gz_cmake_vendor/lib:/opt/ros/jazzy/lib', 'HOME': '/home/houndsito', 'TERMINFO': '/usr/lib/kitty/terminfo', 'DESKTOP_SESSION': 'ubuntu', 'KITTY_INSTALLATION_DIR': '/usr/lib/kitty', 'ROS_PYTHON_VERSION': '3', 'GNOME_SHELL_SESSION_MODE': 'ubuntu', 'GTK_MODULES': 'gail:atk-bridge', 'KITTY_PID': '5062', 'MANAGERPID': '2159', 'SYSTEMD_EXEC_PID': '2775', 'GSM_SKIP_SSH_AGENT_WORKAROUND': 'true', 'DBUS_SESSION_BUS_ADDRESS': 'unix:path=/run/user/1000/bus', 'COLORTERM': 'truecolor', 'GIO_LAUNCHED_DESKTOP_FILE_PID': '5062', 'GNOME_KEYRING_CONTROL': '/run/user/1000/keyring', 'DEBUGINFOD_URLS': 'https://debuginfod.ubuntu.com', 'OMF_PATH': '/home/houndsito/.local/share/omf', 'ROS_DISTRO': 'jazzy', 'LOGNAME': 'houndsito', 'WINDOWID': '48234507', 'JOURNAL_STREAM': '9:11672', '_': '/usr/bin/colcon', 'ROS_VERSION': '2', 'MEMORY_PRESSURE_WATCH': '/sys/fs/cgroup/user.slice/user-1000.slice/user@1000.service/session.slice/org.gnome.SettingsDaemon.MediaKeys.service/memory.pressure', 'XDG_SESSION_CLASS': 'user', 'KITTY_PUBLIC_KEY': '1:{D?n0S-=Pa62A(7^cpnLATAd^A*b+71@0*AnQS6E', 'USERNAME': 'houndsito', 'TERM': 'xterm-kitty', 'GNOME_DESKTOP_SESSION_ID': 'this-is-deprecated', 'WINDOWPATH': '2', 'PATH': '/opt/ros/jazzy/opt/gz_msgs_vendor/bin:/opt/ros/jazzy/opt/gz_tools_vendor/bin:/opt/ros/jazzy/opt/gz_ogre_next_vendor/bin:/opt/ros/jazzy/bin:/home/houndsito/.local/bin:/home/houndsito/bin:/usr/local/sbin:/usr/local/bin:/usr/sbin:/usr/bin:/sbin:/bin:/usr/games:/usr/local/games:/snap/bin:/snap/bin', 'SESSION_MANAGER': 'local/DPM:@/tmp/.ICE-unix/2558,unix/DPM:/tmp/.ICE-unix/2558', 'INVOCATION_ID': 'bebc0455435d4d28b007c7a10f267b90', 'XDG_MENU_PREFIX': 'gnome-', 'XDG_RUNTIME_DIR': '/run/user/1000', 'DISPLAY': ':1', 'LANG': 'en_US.UTF-8', 'XDG_CURRENT_DESKTOP': 'ubuntu:GNOME', 'XMODIFIERS': '@im=ibus', 'XDG_SESSION_DESKTOP': 'ubuntu', 'XAUTHORITY': '/run/user/1000/gdm/Xauthority', 'SSH_AUTH_SOCK': '/run/user/1000/keyring/ssh', 'AMENT_PREFIX_PATH': '/opt/ros/jazzy', 'SHELL': '/usr/bin/fish', 'QT_ACCESSIBILITY': '1', 'GDMSESSION': 'ubuntu', 'KITTY_WINDOW_ID': '1', 'GPG_AGENT_INFO': '/run/user/1000/gnupg/S.gpg-agent:0:1', 'ROS_AUTOMATIC_DISCOVERY_RANGE': 'SUBNET', 'QT_IM_MODULE': 'ibus', 'PWD': '/home/houndsito/vt-cro/robogamescode/car_ws/build/mini_car_bot', 'LC_ALL': 'en_US.UTF-8', 'XDG_CONFIG_DIRS': '/etc/xdg/xdg-ubuntu:/etc/xdg', 'XDG_DATA_DIRS': '/usr/share/ubuntu:/usr/share/gnome:/usr/local/share/:/usr/share/:/var/lib/snapd/desktop', 'OMF_CONFIG': '/home/houndsito/.config/omf', 'PYTHONPATH': '/opt/ros/jazzy/lib/python3.12/site-packages', 'COLCON': '1', 'MEMORY_PRESSURE_WRITE': 'c29tZSAyMDAwMDAgMjAwMDAwMAA=', 'CMAKE_PREFIX_PATH': '/opt/ros/jazzy/opt/gz_launch_vendor:/opt/ros/jazzy/opt/gz_sim_vendor:/opt/ros/jazzy/opt/gz_sensors_vendor:/opt/ros/jazzy/opt/gz_physics_vendor:/opt/ros/jazzy/opt/sdformat_vendor:/opt/ros/jazzy/opt/gz_gui_vendor:/opt/ros/jazzy/opt/gz_transport_vendor:/opt/ros/jazzy/opt/gz_rendering_vendor:/opt/ros/jazzy/opt/gz_plugin_vendor:/opt/ros/jazzy/opt/gz_fuel_tools_vendor:/opt/ros/jazzy/opt/gz_msgs_vendor:/opt/ros/jazzy/opt/gz_common_vendor:/opt/ros/jazzy/opt/gz_math_vendor:/opt/ros/jazzy/opt/gz_utils_vendor:/opt/ros/jazzy/opt/gz_tools_vendor:/opt/ros/jazzy/opt/gz_ogre_next_vendor:/opt/ros/jazzy/opt/gz_dartsim_vendor:/opt/ros/jazzy/opt/gz_cmake_vendor:/opt/ros/jazzy'}), 'shell': False}
[0.069605] (mini_car_bot) StdoutLine: {'line': b'-- The C compiler identification is GNU 13.3.0\n'}
[0.070379] (articubot_one) StdoutLine: {'line': b'-- The C compiler identification is GNU 13.3.0\n'}
[0.099651] (-) TimerEvent: {}
[0.118143] (mini_car_bot) StdoutLine: {'line': b'-- The CXX compiler identification is GNU 13.3.0\n'}
[0.118471] (articubot_one) StdoutLine: {'line': b'-- The CXX compiler identification is GNU 13.3.0\n'}
[0.135093] (articubot_one) StdoutLine: {'line': b'-- Detecting C compiler ABI info\n'}
[0.135268] (mini_car_bot) StdoutLine: {'line': b'-- Detecting C compiler ABI info\n'}
[0.199749] (-) TimerEvent: {}
[0.218047] (mini_car_bot) StdoutLine: {'line': b'-- Detecting C compiler ABI info - done\n'}
[0.219290] (articubot_one) StdoutLine: {'line': b'-- Detecting C compiler ABI info - done\n'}
[0.225286] (mini_car_bot) StdoutLine: {'line': b'-- Check for working C compiler: /usr/bin/cc - skipped\n'}
[0.225488] (mini_car_bot) StdoutLine: {'line': b'-- Detecting C compile features\n'}
[0.225765] (mini_car_bot) StdoutLine: {'line': b'-- Detecting C compile features - done\n'}
[0.226071] (articubot_one) StdoutLine: {'line': b'-- Check for working C compiler: /usr/bin/cc - skipped\n'}
[0.226249] (articubot_one) StdoutLine: {'line': b'-- Detecting C compile features\n'}
[0.226536] (articubot_one) StdoutLine: {'line': b'-- Detecting C compile features - done\n'}
[0.234984] (mini_car_bot) StdoutLine: {'line': b'-- Detecting CXX compiler ABI info\n'}
[0.235215] (articubot_one) StdoutLine: {'line': b'-- Detecting CXX compiler ABI info\n'}
[0.299852] (-) TimerEvent: {}
[0.327660] (articubot_one) StdoutLine: {'line': b'-- Detecting CXX compiler ABI info - done\n'}
[0.327909] (mini_car_bot) StdoutLine: {'line': b'-- Detecting CXX compiler ABI info - done\n'}
[0.334894] (mini_car_bot) StdoutLine: {'line': b'-- Check for working CXX compiler: /usr/bin/c++ - skipped\n'}
[0.335107] (mini_car_bot) StdoutLine: {'line': b'-- Detecting CXX compile features\n'}
[0.335249] (articubot_one) StdoutLine: {'line': b'-- Check for working CXX compiler: /usr/bin/c++ - skipped\n'}
[0.335380] (articubot_one) StdoutLine: {'line': b'-- Detecting CXX compile features\n'}
[0.335527] (mini_car_bot) StdoutLine: {'line': b'-- Detecting CXX compile features - done\n'}
[0.335707] (articubot_one) StdoutLine: {'line': b'-- Detecting CXX compile features - done\n'}
[0.339655] (mini_car_bot) StdoutLine: {'line': b'-- Found ament_cmake: 2.5.3 (/opt/ros/jazzy/share/ament_cmake/cmake)\n'}
[0.339785] (articubot_one) StdoutLine: {'line': b'-- Found ament_cmake: 2.5.3 (/opt/ros/jazzy/share/ament_cmake/cmake)\n'}
[0.399947] (-) TimerEvent: {}
[0.465034] (articubot_one) StdoutLine: {'line': b'-- Found Python3: /usr/bin/python3 (found version "3.12.3") found components: Interpreter \n'}
[0.465290] (mini_car_bot) StdoutLine: {'line': b'-- Found Python3: /usr/bin/python3 (found version "3.12.3") found components: Interpreter \n'}
[0.500067] (-) TimerEvent: {}
[0.570994] (mini_car_bot) StdoutLine: {'line': b'-- Found ament_lint_auto: 0.17.1 (/opt/ros/jazzy/share/ament_lint_auto/cmake)\n'}
[0.571597] (articubot_one) StdoutLine: {'line': b'-- Found rclpy: 7.1.3 (/opt/ros/jazzy/share/rclpy/cmake)\n'}
[0.574782] (articubot_one) StdoutLine: {'line': b'-- Found sensor_msgs: 5.3.5 (/opt/ros/jazzy/share/sensor_msgs/cmake)\n'}
[0.600184] (-) TimerEvent: {}
[0.623937] (articubot_one) StdoutLine: {'line': b'-- Found rosidl_generator_c: 4.6.5 (/opt/ros/jazzy/share/rosidl_generator_c/cmake)\n'}
[0.640178] (articubot_one) StdoutLine: {'line': b'-- Found rosidl_generator_cpp: 4.6.5 (/opt/ros/jazzy/share/rosidl_generator_cpp/cmake)\n'}
[0.657867] (articubot_one) StdoutLine: {'line': b'-- Using all available rosidl_typesupport_c: rosidl_typesupport_fastrtps_c;rosidl_typesupport_introspection_c\n'}
[0.662948] (mini_car_bot) StdoutLine: {'line': b"-- Added test 'flake8' to check Python code syntax and style conventions\n"}
[0.663126] (mini_car_bot) StdoutLine: {'line': b"-- Configured 'flake8' exclude dirs and/or files: \n"}
[0.664045] (mini_car_bot) StdoutLine: {'line': b"-- Added test 'lint_cmake' to check CMake code style\n"}
[0.664764] (mini_car_bot) StdoutLine: {'line': b"-- Added test 'pep257' to check Python code against some of the docstring style conventions in PEP 257\n"}
[0.667372] (mini_car_bot) StdoutLine: {'line': b"-- Added test 'xmllint' to check XML markup files\n"}
[0.669038] (mini_car_bot) StdoutLine: {'line': b'-- Configuring done (0.6s)\n'}
[0.672133] (mini_car_bot) StdoutLine: {'line': b'-- Generating done (0.0s)\n'}
[0.673336] (mini_car_bot) StdoutLine: {'line': b'-- Build files have been written to: /home/houndsito/vt-cro/robogamescode/car_ws/build/mini_car_bot\n'}
[0.677071] (articubot_one) StdoutLine: {'line': b'-- Using all available rosidl_typesupport_cpp: rosidl_typesupport_fastrtps_cpp;rosidl_typesupport_introspection_cpp\n'}
[0.677886] (mini_car_bot) CommandEnded: {'returncode': 0}
[0.678467] (mini_car_bot) JobProgress: {'identifier': 'mini_car_bot', 'progress': 'build'}
[0.678860] (mini_car_bot) Command: {'cmd': ['/usr/bin/cmake', '--build', '/home/houndsito/vt-cro/robogamescode/car_ws/build/mini_car_bot', '--', '-j16', '-l16'], 'cwd': '/home/houndsito/vt-cro/robogamescode/car_ws/build/mini_car_bot', 'env': OrderedDict({'USER': 'houndsito', 'GZ_CONFIG_PATH': '/opt/ros/jazzy/opt/gz_launch_vendor/share/gz:/opt/ros/jazzy/opt/gz_sim_vendor/share/gz:/opt/ros/jazzy/opt/sdformat_vendor/share/gz:/opt/ros/jazzy/opt/gz_gui_vendor/share/gz:/opt/ros/jazzy/opt/gz_transport_vendor/share/gz:/opt/ros/jazzy/opt/gz_rendering_vendor/share/gz:/opt/ros/jazzy/opt/gz_plugin_vendor/share/gz:/opt/ros/jazzy/opt/gz_fuel_tools_vendor/share/gz:/opt/ros/jazzy/opt/gz_msgs_vendor/share/gz:/opt/ros/jazzy/opt/gz_common_vendor/share/gz', 'XDG_SESSION_TYPE': 'x11', 'SHLVL': '2', 'LD_LIBRARY_PATH': '/opt/ros/jazzy/opt/gz_launch_vendor/lib:/opt/ros/jazzy/opt/gz_sim_vendor/lib:/opt/ros/jazzy/opt/gz_sensors_vendor/lib:/opt/ros/jazzy/opt/gz_physics_vendor/lib:/opt/ros/jazzy/opt/sdformat_vendor/lib:/opt/ros/jazzy/opt/rviz_ogre_vendor/lib:/opt/ros/jazzy/lib/x86_64-linux-gnu:/opt/ros/jazzy/opt/gz_gui_vendor/lib:/opt/ros/jazzy/opt/gz_transport_vendor/lib:/opt/ros/jazzy/opt/gz_rendering_vendor/lib:/opt/ros/jazzy/opt/gz_plugin_vendor/lib:/opt/ros/jazzy/opt/gz_fuel_tools_vendor/lib:/opt/ros/jazzy/opt/gz_msgs_vendor/lib:/opt/ros/jazzy/opt/gz_common_vendor/lib:/opt/ros/jazzy/opt/gz_math_vendor/lib:/opt/ros/jazzy/opt/gz_utils_vendor/lib:/opt/ros/jazzy/opt/gz_tools_vendor/lib:/opt/ros/jazzy/opt/gz_ogre_next_vendor/lib:/opt/ros/jazzy/opt/gz_dartsim_vendor/lib:/opt/ros/jazzy/opt/gz_cmake_vendor/lib:/opt/ros/jazzy/lib', 'HOME': '/home/houndsito', 'TERMINFO': '/usr/lib/kitty/terminfo', 'DESKTOP_SESSION': 'ubuntu', 'KITTY_INSTALLATION_DIR': '/usr/lib/kitty', 'ROS_PYTHON_VERSION': '3', 'GNOME_SHELL_SESSION_MODE': 'ubuntu', 'GTK_MODULES': 'gail:atk-bridge', 'KITTY_PID': '5062', 'MANAGERPID': '2159', 'SYSTEMD_EXEC_PID': '2775', 'GSM_SKIP_SSH_AGENT_WORKAROUND': 'true', 'DBUS_SESSION_BUS_ADDRESS': 'unix:path=/run/user/1000/bus', 'COLORTERM': 'truecolor', 'GIO_LAUNCHED_DESKTOP_FILE_PID': '5062', 'GNOME_KEYRING_CONTROL': '/run/user/1000/keyring', 'DEBUGINFOD_URLS': 'https://debuginfod.ubuntu.com', 'OMF_PATH': '/home/houndsito/.local/share/omf', 'ROS_DISTRO': 'jazzy', 'LOGNAME': 'houndsito', 'WINDOWID': '48234507', 'JOURNAL_STREAM': '9:11672', '_': '/usr/bin/colcon', 'ROS_VERSION': '2', 'MEMORY_PRESSURE_WATCH': '/sys/fs/cgroup/user.slice/user-1000.slice/user@1000.service/session.slice/org.gnome.SettingsDaemon.MediaKeys.service/memory.pressure', 'XDG_SESSION_CLASS': 'user', 'KITTY_PUBLIC_KEY': '1:{D?n0S-=Pa62A(7^cpnLATAd^A*b+71@0*AnQS6E', 'USERNAME': 'houndsito', 'TERM': 'xterm-kitty', 'GNOME_DESKTOP_SESSION_ID': 'this-is-deprecated', 'WINDOWPATH': '2', 'PATH': '/opt/ros/jazzy/opt/gz_msgs_vendor/bin:/opt/ros/jazzy/opt/gz_tools_vendor/bin:/opt/ros/jazzy/opt/gz_ogre_next_vendor/bin:/opt/ros/jazzy/bin:/home/houndsito/.local/bin:/home/houndsito/bin:/usr/local/sbin:/usr/local/bin:/usr/sbin:/usr/bin:/sbin:/bin:/usr/games:/usr/local/games:/snap/bin:/snap/bin', 'SESSION_MANAGER': 'local/DPM:@/tmp/.ICE-unix/2558,unix/DPM:/tmp/.ICE-unix/2558', 'INVOCATION_ID': 'bebc0455435d4d28b007c7a10f267b90', 'XDG_MENU_PREFIX': 'gnome-', 'XDG_RUNTIME_DIR': '/run/user/1000', 'DISPLAY': ':1', 'LANG': 'en_US.UTF-8', 'XDG_CURRENT_DESKTOP': 'ubuntu:GNOME', 'XMODIFIERS': '@im=ibus', 'XDG_SESSION_DESKTOP': 'ubuntu', 'XAUTHORITY': '/run/user/1000/gdm/Xauthority', 'SSH_AUTH_SOCK': '/run/user/1000/keyring/ssh', 'AMENT_PREFIX_PATH': '/opt/ros/jazzy', 'SHELL': '/usr/bin/fish', 'QT_ACCESSIBILITY': '1', 'GDMSESSION': 'ubuntu', 'KITTY_WINDOW_ID': '1', 'GPG_AGENT_INFO': '/run/user/1000/gnupg/S.gpg-agent:0:1', 'ROS_AUTOMATIC_DISCOVERY_RANGE': 'SUBNET', 'QT_IM_MODULE': 'ibus', 'PWD': '/home/houndsito/vt-cro/robogamescode/car_ws/build/mini_car_bot', 'LC_ALL': 'en_US.UTF-8', 'XDG_CONFIG_DIRS': '/etc/xdg/xdg-ubuntu:/etc/xdg', 'XDG_DATA_DIRS': '/usr/share/ubuntu:/usr/share/gnome:/usr/local/share/:/usr/share/:/var/lib/snapd/desktop', 'OMF_CONFIG': '/home/houndsito/.config/omf', 'PYTHONPATH': '/opt/ros/jazzy/lib/python3.12/site-packages', 'COLCON': '1', 'MEMORY_PRESSURE_WRITE': 'c29tZSAyMDAwMDAgMjAwMDAwMAA=', 'CMAKE_PREFIX_PATH': '/opt/ros/jazzy/opt/gz_launch_vendor:/opt/ros/jazzy/opt/gz_sim_vendor:/opt/ros/jazzy/opt/gz_sensors_vendor:/opt/ros/jazzy/opt/gz_physics_vendor:/opt/ros/jazzy/opt/sdformat_vendor:/opt/ros/jazzy/opt/gz_gui_vendor:/opt/ros/jazzy/opt/gz_transport_vendor:/opt/ros/jazzy/opt/gz_rendering_vendor:/opt/ros/jazzy/opt/gz_plugin_vendor:/opt/ros/jazzy/opt/gz_fuel_tools_vendor:/opt/ros/jazzy/opt/gz_msgs_vendor:/opt/ros/jazzy/opt/gz_common_vendor:/opt/ros/jazzy/opt/gz_math_vendor:/opt/ros/jazzy/opt/gz_utils_vendor:/opt/ros/jazzy/opt/gz_tools_vendor:/opt/ros/jazzy/opt/gz_ogre_next_vendor:/opt/ros/jazzy/opt/gz_dartsim_vendor:/opt/ros/jazzy/opt/gz_cmake_vendor:/opt/ros/jazzy'}), 'shell': False}
[0.700283] (-) TimerEvent: {}
[0.723152] (mini_car_bot) CommandEnded: {'returncode': 0}
[0.723823] (mini_car_bot) JobProgress: {'identifier': 'mini_car_bot', 'progress': 'install'}
[0.735132] (mini_car_bot) Command: {'cmd': ['/usr/bin/cmake', '--install', '/home/houndsito/vt-cro/robogamescode/car_ws/build/mini_car_bot'], 'cwd': '/home/houndsito/vt-cro/robogamescode/car_ws/build/mini_car_bot', 'env': OrderedDict({'USER': 'houndsito', 'GZ_CONFIG_PATH': '/opt/ros/jazzy/opt/gz_launch_vendor/share/gz:/opt/ros/jazzy/opt/gz_sim_vendor/share/gz:/opt/ros/jazzy/opt/sdformat_vendor/share/gz:/opt/ros/jazzy/opt/gz_gui_vendor/share/gz:/opt/ros/jazzy/opt/gz_transport_vendor/share/gz:/opt/ros/jazzy/opt/gz_rendering_vendor/share/gz:/opt/ros/jazzy/opt/gz_plugin_vendor/share/gz:/opt/ros/jazzy/opt/gz_fuel_tools_vendor/share/gz:/opt/ros/jazzy/opt/gz_msgs_vendor/share/gz:/opt/ros/jazzy/opt/gz_common_vendor/share/gz', 'XDG_SESSION_TYPE': 'x11', 'SHLVL': '2', 'LD_LIBRARY_PATH': '/opt/ros/jazzy/opt/gz_launch_vendor/lib:/opt/ros/jazzy/opt/gz_sim_vendor/lib:/opt/ros/jazzy/opt/gz_sensors_vendor/lib:/opt/ros/jazzy/opt/gz_physics_vendor/lib:/opt/ros/jazzy/opt/sdformat_vendor/lib:/opt/ros/jazzy/opt/rviz_ogre_vendor/lib:/opt/ros/jazzy/lib/x86_64-linux-gnu:/opt/ros/jazzy/opt/gz_gui_vendor/lib:/opt/ros/jazzy/opt/gz_transport_vendor/lib:/opt/ros/jazzy/opt/gz_rendering_vendor/lib:/opt/ros/jazzy/opt/gz_plugin_vendor/lib:/opt/ros/jazzy/opt/gz_fuel_tools_vendor/lib:/opt/ros/jazzy/opt/gz_msgs_vendor/lib:/opt/ros/jazzy/opt/gz_common_vendor/lib:/opt/ros/jazzy/opt/gz_math_vendor/lib:/opt/ros/jazzy/opt/gz_utils_vendor/lib:/opt/ros/jazzy/opt/gz_tools_vendor/lib:/opt/ros/jazzy/opt/gz_ogre_next_vendor/lib:/opt/ros/jazzy/opt/gz_dartsim_vendor/lib:/opt/ros/jazzy/opt/gz_cmake_vendor/lib:/opt/ros/jazzy/lib', 'HOME': '/home/houndsito', 'TERMINFO': '/usr/lib/kitty/terminfo', 'DESKTOP_SESSION': 'ubuntu', 'KITTY_INSTALLATION_DIR': '/usr/lib/kitty', 'ROS_PYTHON_VERSION': '3', 'GNOME_SHELL_SESSION_MODE': 'ubuntu', 'GTK_MODULES': 'gail:atk-bridge', 'KITTY_PID': '5062', 'MANAGERPID': '2159', 'SYSTEMD_EXEC_PID': '2775', 'GSM_SKIP_SSH_AGENT_WORKAROUND': 'true', 'DBUS_SESSION_BUS_ADDRESS': 'unix:path=/run/user/1000/bus', 'COLORTERM': 'truecolor', 'GIO_LAUNCHED_DESKTOP_FILE_PID': '5062', 'GNOME_KEYRING_CONTROL': '/run/user/1000/keyring', 'DEBUGINFOD_URLS': 'https://debuginfod.ubuntu.com', 'OMF_PATH': '/home/houndsito/.local/share/omf', 'ROS_DISTRO': 'jazzy', 'LOGNAME': 'houndsito', 'WINDOWID': '48234507', 'JOURNAL_STREAM': '9:11672', '_': '/usr/bin/colcon', 'ROS_VERSION': '2', 'MEMORY_PRESSURE_WATCH': '/sys/fs/cgroup/user.slice/user-1000.slice/user@1000.service/session.slice/org.gnome.SettingsDaemon.MediaKeys.service/memory.pressure', 'XDG_SESSION_CLASS': 'user', 'KITTY_PUBLIC_KEY': '1:{D?n0S-=Pa62A(7^cpnLATAd^A*b+71@0*AnQS6E', 'USERNAME': 'houndsito', 'TERM': 'xterm-kitty', 'GNOME_DESKTOP_SESSION_ID': 'this-is-deprecated', 'WINDOWPATH': '2', 'PATH': '/opt/ros/jazzy/opt/gz_msgs_vendor/bin:/opt/ros/jazzy/opt/gz_tools_vendor/bin:/opt/ros/jazzy/opt/gz_ogre_next_vendor/bin:/opt/ros/jazzy/bin:/home/houndsito/.local/bin:/home/houndsito/bin:/usr/local/sbin:/usr/local/bin:/usr/sbin:/usr/bin:/sbin:/bin:/usr/games:/usr/local/games:/snap/bin:/snap/bin', 'SESSION_MANAGER': 'local/DPM:@/tmp/.ICE-unix/2558,unix/DPM:/tmp/.ICE-unix/2558', 'INVOCATION_ID': 'bebc0455435d4d28b007c7a10f267b90', 'XDG_MENU_PREFIX': 'gnome-', 'XDG_RUNTIME_DIR': '/run/user/1000', 'DISPLAY': ':1', 'LANG': 'en_US.UTF-8', 'XDG_CURRENT_DESKTOP': 'ubuntu:GNOME', 'XMODIFIERS': '@im=ibus', 'XDG_SESSION_DESKTOP': 'ubuntu', 'XAUTHORITY': '/run/user/1000/gdm/Xauthority', 'SSH_AUTH_SOCK': '/run/user/1000/keyring/ssh', 'AMENT_PREFIX_PATH': '/opt/ros/jazzy', 'SHELL': '/usr/bin/fish', 'QT_ACCESSIBILITY': '1', 'GDMSESSION': 'ubuntu', 'KITTY_WINDOW_ID': '1', 'GPG_AGENT_INFO': '/run/user/1000/gnupg/S.gpg-agent:0:1', 'ROS_AUTOMATIC_DISCOVERY_RANGE': 'SUBNET', 'QT_IM_MODULE': 'ibus', 'PWD': '/home/houndsito/vt-cro/robogamescode/car_ws/build/mini_car_bot', 'LC_ALL': 'en_US.UTF-8', 'XDG_CONFIG_DIRS': '/etc/xdg/xdg-ubuntu:/etc/xdg', 'XDG_DATA_DIRS': '/usr/share/ubuntu:/usr/share/gnome:/usr/local/share/:/usr/share/:/var/lib/snapd/desktop', 'OMF_CONFIG': '/home/houndsito/.config/omf', 'PYTHONPATH': '/opt/ros/jazzy/lib/python3.12/site-packages', 'COLCON': '1', 'MEMORY_PRESSURE_WRITE': 'c29tZSAyMDAwMDAgMjAwMDAwMAA=', 'CMAKE_PREFIX_PATH': '/opt/ros/jazzy/opt/gz_launch_vendor:/opt/ros/jazzy/opt/gz_sim_vendor:/opt/ros/jazzy/opt/gz_sensors_vendor:/opt/ros/jazzy/opt/gz_physics_vendor:/opt/ros/jazzy/opt/sdformat_vendor:/opt/ros/jazzy/opt/gz_gui_vendor:/opt/ros/jazzy/opt/gz_transport_vendor:/opt/ros/jazzy/opt/gz_rendering_vendor:/opt/ros/jazzy/opt/gz_plugin_vendor:/opt/ros/jazzy/opt/gz_fuel_tools_vendor:/opt/ros/jazzy/opt/gz_msgs_vendor:/opt/ros/jazzy/opt/gz_common_vendor:/opt/ros/jazzy/opt/gz_math_vendor:/opt/ros/jazzy/opt/gz_utils_vendor:/opt/ros/jazzy/opt/gz_tools_vendor:/opt/ros/jazzy/opt/gz_ogre_next_vendor:/opt/ros/jazzy/opt/gz_dartsim_vendor:/opt/ros/jazzy/opt/gz_cmake_vendor:/opt/ros/jazzy'}), 'shell': False}
[0.743213] (mini_car_bot) StdoutLine: {'line': b'-- Install configuration: ""\n'}
[0.743543] (mini_car_bot) StdoutLine: {'line': b'-- Installing: /home/houndsito/vt-cro/robogamescode/car_ws/install/mini_car_bot/share/mini_car_bot/config\n'}
[0.743687] (mini_car_bot) StdoutLine: {'line': b'-- Installing: /home/houndsito/vt-cro/robogamescode/car_ws/install/mini_car_bot/share/mini_car_bot/config/twist_mux.yaml\n'}
[0.743783] (mini_car_bot) StdoutLine: {'line': b'-- Installing: /home/houndsito/vt-cro/robogamescode/car_ws/install/mini_car_bot/share/mini_car_bot/config/gaz_ros2_ctl_use_sim.yaml\n'}
[0.743926] (mini_car_bot) StdoutLine: {'line': b'-- Installing: /home/houndsito/vt-cro/robogamescode/car_ws/install/mini_car_bot/share/mini_car_bot/config/gz_bridge.yaml\n'}
[0.744020] (mini_car_bot) StdoutLine: {'line': b'-- Installing: /home/houndsito/vt-cro/robogamescode/car_ws/install/mini_car_bot/share/mini_car_bot/config/view_bot.rviz\n'}
[0.744133] (mini_car_bot) StdoutLine: {'line': b'-- Installing: /home/houndsito/vt-cro/robogamescode/car_ws/install/mini_car_bot/share/mini_car_bot/config/mapper_params_online_async.yaml\n'}
[0.744216] (mini_car_bot) StdoutLine: {'line': b'-- Installing: /home/houndsito/vt-cro/robogamescode/car_ws/install/mini_car_bot/share/mini_car_bot/config/my_controllers.yaml\n'}
[0.744347] (mini_car_bot) StdoutLine: {'line': b'-- Installing: /home/houndsito/vt-cro/robogamescode/car_ws/install/mini_car_bot/share/mini_car_bot/description\n'}
[0.744549] (mini_car_bot) StdoutLine: {'line': b'-- Installing: /home/houndsito/vt-cro/robogamescode/car_ws/install/mini_car_bot/share/mini_car_bot/description/robot.urdf.xacro\n'}
[0.744615] (mini_car_bot) StdoutLine: {'line': b'-- Installing: /home/houndsito/vt-cro/robogamescode/car_ws/install/mini_car_bot/share/mini_car_bot/description/inertial_macros.xacro\n'}
[0.744698] (mini_car_bot) StdoutLine: {'line': b'-- Installing: /home/houndsito/vt-cro/robogamescode/car_ws/install/mini_car_bot/share/mini_car_bot/description/camera.xacro\n'}
[0.744746] (mini_car_bot) StdoutLine: {'line': b'-- Installing: /home/houndsito/vt-cro/robogamescode/car_ws/install/mini_car_bot/share/mini_car_bot/description/gazebo_control.xacro\n'}
[0.744815] (mini_car_bot) StdoutLine: {'line': b'-- Installing: /home/houndsito/vt-cro/robogamescode/car_ws/install/mini_car_bot/share/mini_car_bot/description/depth_camera.xacro\n'}
[0.744887] (mini_car_bot) StdoutLine: {'line': b'-- Installing: /home/houndsito/vt-cro/robogamescode/car_ws/install/mini_car_bot/share/mini_car_bot/description/lidar.xacro\n'}
[0.744979] (mini_car_bot) StdoutLine: {'line': b'-- Installing: /home/houndsito/vt-cro/robogamescode/car_ws/install/mini_car_bot/share/mini_car_bot/description/ros2_control.xacro\n'}
[0.745085] (mini_car_bot) StdoutLine: {'line': b'-- Installing: /home/houndsito/vt-cro/robogamescode/car_ws/install/mini_car_bot/share/mini_car_bot/description/robot.core.xacro\n'}
[0.745193] (mini_car_bot) StdoutLine: {'line': b'-- Installing: /home/houndsito/vt-cro/robogamescode/car_ws/install/mini_car_bot/share/mini_car_bot/launch\n'}
[0.745267] (mini_car_bot) StdoutLine: {'line': b'-- Installing: /home/houndsito/vt-cro/robogamescode/car_ws/install/mini_car_bot/share/mini_car_bot/launch/rsp.launch.py\n'}
[0.745375] (mini_car_bot) StdoutLine: {'line': b'-- Installing: /home/houndsito/vt-cro/robogamescode/car_ws/install/mini_car_bot/share/mini_car_bot/launch/launch_sim.launch.py\n'}
[0.745493] (mini_car_bot) StdoutLine: {'line': b'-- Installing: /home/houndsito/vt-cro/robogamescode/car_ws/install/mini_car_bot/share/mini_car_bot/launch/rplidar.launch.py\n'}
[0.745595] (mini_car_bot) StdoutLine: {'line': b'-- Installing: /home/houndsito/vt-cro/robogamescode/car_ws/install/mini_car_bot/share/mini_car_bot/launch/__pycache__\n'}
[0.745668] (mini_car_bot) StdoutLine: {'line': b'-- Installing: /home/houndsito/vt-cro/robogamescode/car_ws/install/mini_car_bot/share/mini_car_bot/launch/__pycache__/joystick.launch.cpython-312.pyc\n'}
[0.745780] (mini_car_bot) StdoutLine: {'line': b'-- Installing: /home/houndsito/vt-cro/robogamescode/car_ws/install/mini_car_bot/share/mini_car_bot/launch/online_async_launch.py\n'}
[0.745886] (mini_car_bot) StdoutLine: {'line': b'-- Installing: /home/houndsito/vt-cro/robogamescode/car_ws/install/mini_car_bot/share/mini_car_bot/launch/launch_robot.launch.py\n'}
[0.745991] (mini_car_bot) StdoutLine: {'line': b'-- Installing: /home/houndsito/vt-cro/robogamescode/car_ws/install/mini_car_bot/share/mini_car_bot/launch/camera.launch.py\n'}
[0.746109] (mini_car_bot) StdoutLine: {'line': b'-- Installing: /home/houndsito/vt-cro/robogamescode/car_ws/install/mini_car_bot/share/mini_car_bot/launch/joystick.launch.py\n'}
[0.746214] (mini_car_bot) StdoutLine: {'line': b'-- Installing: /home/houndsito/vt-cro/robogamescode/car_ws/install/mini_car_bot/share/mini_car_bot/worlds\n'}
[0.746286] (mini_car_bot) StdoutLine: {'line': b'-- Installing: /home/houndsito/vt-cro/robogamescode/car_ws/install/mini_car_bot/share/mini_car_bot/worlds/prev_empty.world\n'}
[0.746400] (mini_car_bot) StdoutLine: {'line': b'-- Installing: /home/houndsito/vt-cro/robogamescode/car_ws/install/mini_car_bot/share/mini_car_bot/worlds/model.sdf\n'}
[0.746519] (mini_car_bot) StdoutLine: {'line': b'-- Installing: /home/houndsito/vt-cro/robogamescode/car_ws/install/mini_car_bot/share/mini_car_bot/worlds/simple.world\n'}
[0.746632] (mini_car_bot) StdoutLine: {'line': b'-- Installing: /home/houndsito/vt-cro/robogamescode/car_ws/install/mini_car_bot/share/mini_car_bot/worlds/model.config\n'}
[0.746737] (mini_car_bot) StdoutLine: {'line': b'-- Installing: /home/houndsito/vt-cro/robogamescode/car_ws/install/mini_car_bot/share/mini_car_bot/worlds/empty.world\n'}
[0.746838] (mini_car_bot) StdoutLine: {'line': b'-- Installing: /home/houndsito/vt-cro/robogamescode/car_ws/install/mini_car_bot/share/mini_car_bot/worlds/meshes\n'}
[0.746915] (mini_car_bot) StdoutLine: {'line': b'-- Installing: /home/houndsito/vt-cro/robogamescode/car_ws/install/mini_car_bot/share/mini_car_bot/worlds/meshes/yellow3.stl\n'}
[0.747268] (mini_car_bot) StdoutLine: {'line': b'-- Installing: /home/houndsito/vt-cro/robogamescode/car_ws/install/mini_car_bot/share/mini_car_bot/worlds/meshes/red2.stl\n'}
[0.747383] (mini_car_bot) StdoutLine: {'line': b'-- Installing: /home/houndsito/vt-cro/robogamescode/car_ws/install/mini_car_bot/share/mini_car_bot/worlds/meshes/yellow2.stl\n'}
[0.747740] (mini_car_bot) StdoutLine: {'line': b'-- Installing: /home/houndsito/vt-cro/robogamescode/car_ws/install/mini_car_bot/share/mini_car_bot/worlds/meshes/yellow1.stl\n'}
[0.748085] (mini_car_bot) StdoutLine: {'line': b'-- Installing: /home/houndsito/vt-cro/robogamescode/car_ws/install/mini_car_bot/share/mini_car_bot/worlds/meshes/yellow5.stl\n'}
[0.748443] (mini_car_bot) StdoutLine: {'line': b'-- Installing: /home/houndsito/vt-cro/robogamescode/car_ws/install/mini_car_bot/share/mini_car_bot/worlds/meshes/blue.stl\n'}
[0.748794] (mini_car_bot) StdoutLine: {'line': b'-- Installing: /home/houndsito/vt-cro/robogamescode/car_ws/install/mini_car_bot/share/mini_car_bot/worlds/meshes/block.stl\n'}
[0.748902] (mini_car_bot) StdoutLine: {'line': b'-- Installing: /home/houndsito/vt-cro/robogamescode/car_ws/install/mini_car_bot/share/mini_car_bot/worlds/meshes/wood.stl\n'}
[0.749009] (mini_car_bot) StdoutLine: {'line': b'-- Installing: /home/houndsito/vt-cro/robogamescode/car_ws/install/mini_car_bot/share/mini_car_bot/worlds/meshes/red1.stl\n'}
[0.749126] (mini_car_bot) StdoutLine: {'line': b'-- Installing: /home/houndsito/vt-cro/robogamescode/car_ws/install/mini_car_bot/share/mini_car_bot/worlds/meshes/yellow4.stl\n'}
[0.749489] (mini_car_bot) StdoutLine: {'line': b'-- Installing: /home/houndsito/vt-cro/robogamescode/car_ws/install/mini_car_bot/share/mini_car_bot/worlds/meshes/ramp.stl\n'}
[0.749597] (mini_car_bot) StdoutLine: {'line': b'-- Installing: /home/houndsito/vt-cro/robogamescode/car_ws/install/mini_car_bot/share/mini_car_bot/worlds/meshes/world1.stl\n'}
[0.751367] (mini_car_bot) StdoutLine: {'line': b'-- Installing: /home/houndsito/vt-cro/robogamescode/car_ws/install/mini_car_bot/share/ament_index/resource_index/package_run_dependencies/mini_car_bot\n'}
[0.751565] (mini_car_bot) StdoutLine: {'line': b'-- Installing: /home/houndsito/vt-cro/robogamescode/car_ws/install/mini_car_bot/share/ament_index/resource_index/parent_prefix_path/mini_car_bot\n'}
[0.751747] (mini_car_bot) StdoutLine: {'line': b'-- Installing: /home/houndsito/vt-cro/robogamescode/car_ws/install/mini_car_bot/share/mini_car_bot/environment/ament_prefix_path.sh\n'}
[0.751877] (mini_car_bot) StdoutLine: {'line': b'-- Installing: /home/houndsito/vt-cro/robogamescode/car_ws/install/mini_car_bot/share/mini_car_bot/environment/ament_prefix_path.dsv\n'}
[0.752006] (mini_car_bot) StdoutLine: {'line': b'-- Installing: /home/houndsito/vt-cro/robogamescode/car_ws/install/mini_car_bot/share/mini_car_bot/environment/path.sh\n'}
[0.752132] (mini_car_bot) StdoutLine: {'line': b'-- Installing: /home/houndsito/vt-cro/robogamescode/car_ws/install/mini_car_bot/share/mini_car_bot/environment/path.dsv\n'}
[0.752261] (mini_car_bot) StdoutLine: {'line': b'-- Installing: /home/houndsito/vt-cro/robogamescode/car_ws/install/mini_car_bot/share/mini_car_bot/local_setup.bash\n'}
[0.752403] (mini_car_bot) StdoutLine: {'line': b'-- Installing: /home/houndsito/vt-cro/robogamescode/car_ws/install/mini_car_bot/share/mini_car_bot/local_setup.sh\n'}
[0.752529] (mini_car_bot) StdoutLine: {'line': b'-- Installing: /home/houndsito/vt-cro/robogamescode/car_ws/install/mini_car_bot/share/mini_car_bot/local_setup.zsh\n'}
[0.752660] (mini_car_bot) StdoutLine: {'line': b'-- Installing: /home/houndsito/vt-cro/robogamescode/car_ws/install/mini_car_bot/share/mini_car_bot/local_setup.dsv\n'}
[0.752787] (mini_car_bot) StdoutLine: {'line': b'-- Installing: /home/houndsito/vt-cro/robogamescode/car_ws/install/mini_car_bot/share/mini_car_bot/package.dsv\n'}
[0.752951] (mini_car_bot) StdoutLine: {'line': b'-- Installing: /home/houndsito/vt-cro/robogamescode/car_ws/install/mini_car_bot/share/ament_index/resource_index/packages/mini_car_bot\n'}
[0.753110] (mini_car_bot) StdoutLine: {'line': b'-- Installing: /home/houndsito/vt-cro/robogamescode/car_ws/install/mini_car_bot/share/mini_car_bot/cmake/mini_car_botConfig.cmake\n'}
[0.753219] (mini_car_bot) StdoutLine: {'line': b'-- Installing: /home/houndsito/vt-cro/robogamescode/car_ws/install/mini_car_bot/share/mini_car_bot/cmake/mini_car_botConfig-version.cmake\n'}
[0.753346] (mini_car_bot) StdoutLine: {'line': b'-- Installing: /home/houndsito/vt-cro/robogamescode/car_ws/install/mini_car_bot/share/mini_car_bot/package.xml\n'}
[0.755033] (mini_car_bot) CommandEnded: {'returncode': 0}
[0.761959] (articubot_one) StdoutLine: {'line': b'-- Found cv_bridge: 4.1.0 (/opt/ros/jazzy/share/cv_bridge/cmake)\n'}
[0.765430] (mini_car_bot) JobEnded: {'identifier': 'mini_car_bot', 'rc': 0}
[0.800395] (-) TimerEvent: {}
[0.827200] (articubot_one) StdoutLine: {'line': b'-- Found rmw_implementation_cmake: 7.3.1 (/opt/ros/jazzy/share/rmw_implementation_cmake/cmake)\n'}
[0.831322] (articubot_one) StdoutLine: {'line': b'-- Found rmw_fastrtps_cpp: 8.4.1 (/opt/ros/jazzy/share/rmw_fastrtps_cpp/cmake)\n'}
[0.900516] (-) TimerEvent: {}
[0.932422] (articubot_one) StdoutLine: {'line': b'-- Found OpenSSL: /usr/lib/x86_64-linux-gnu/libcrypto.so (found version "3.0.13")  \n'}
[0.950454] (articubot_one) StdoutLine: {'line': b'-- Found FastRTPS: /opt/ros/jazzy/include (Required is at least version "2.13") \n'}
[0.971348] (articubot_one) StdoutLine: {'line': b"-- Using RMW implementation 'rmw_fastrtps_cpp' as default\n"}
[1.000615] (-) TimerEvent: {}
[1.041785] (articubot_one) StdoutLine: {'line': b'-- Found image_transport: 5.1.5 (/opt/ros/jazzy/share/image_transport/cmake)\n'}
[1.073768] (articubot_one) StdoutLine: {'line': b'-- Found image_geometry: 4.1.0 (/opt/ros/jazzy/share/image_geometry/cmake)\n'}
[1.078485] (articubot_one) StdoutLine: {'line': b'-- Found ament_lint_auto: 0.17.1 (/opt/ros/jazzy/share/ament_lint_auto/cmake)\n'}
[1.100733] (-) TimerEvent: {}
[1.176580] (articubot_one) StdoutLine: {'line': b"-- Added test 'copyright' to check source files copyright and LICENSE\n"}
[1.180216] (articubot_one) StdoutLine: {'line': b"-- Added test 'cppcheck' to perform static code analysis on C / C++ code\n"}
[1.180383] (articubot_one) StdoutLine: {'line': b'-- Configured cppcheck include dirs: \n'}
[1.180521] (articubot_one) StdoutLine: {'line': b'-- Configured cppcheck exclude dirs and/or files: \n'}
[1.183742] (articubot_one) StdoutLine: {'line': b"-- Added test 'cpplint' to check C / C++ code against the Google style\n"}
[1.183908] (articubot_one) StdoutLine: {'line': b'-- Configured cpplint exclude dirs and/or files: \n'}
[1.184753] (articubot_one) StdoutLine: {'line': b"-- Added test 'flake8' to check Python code syntax and style conventions\n"}
[1.184924] (articubot_one) StdoutLine: {'line': b"-- Configured 'flake8' exclude dirs and/or files: \n"}
[1.186010] (articubot_one) StdoutLine: {'line': b"-- Added test 'lint_cmake' to check CMake code style\n"}
[1.186916] (articubot_one) StdoutLine: {'line': b"-- Added test 'pep257' to check Python code against some of the docstring style conventions in PEP 257\n"}
[1.190357] (articubot_one) StdoutLine: {'line': b"-- Added test 'uncrustify' to check C / C++ code style\n"}
[1.190540] (articubot_one) StdoutLine: {'line': b'-- Configured uncrustify additional arguments: \n'}
[1.191276] (articubot_one) StdoutLine: {'line': b"-- Added test 'xmllint' to check XML markup files\n"}
[1.192815] (articubot_one) StdoutLine: {'line': b'-- Configuring done (1.2s)\n'}
[1.197805] (articubot_one) StdoutLine: {'line': b'-- Generating done (0.0s)\n'}
[1.199738] (articubot_one) StdoutLine: {'line': b'-- Build files have been written to: /home/houndsito/vt-cro/robogamescode/car_ws/build/articubot_one\n'}
[1.200801] (-) TimerEvent: {}
[1.208887] (articubot_one) CommandEnded: {'returncode': 0}
[1.209561] (articubot_one) JobProgress: {'identifier': 'articubot_one', 'progress': 'build'}
[1.210284] (articubot_one) Command: {'cmd': ['/usr/bin/cmake', '--build', '/home/houndsito/vt-cro/robogamescode/car_ws/build/articubot_one', '--', '-j16', '-l16'], 'cwd': '/home/houndsito/vt-cro/robogamescode/car_ws/build/articubot_one', 'env': OrderedDict({'USER': 'houndsito', 'GZ_CONFIG_PATH': '/opt/ros/jazzy/opt/gz_launch_vendor/share/gz:/opt/ros/jazzy/opt/gz_sim_vendor/share/gz:/opt/ros/jazzy/opt/sdformat_vendor/share/gz:/opt/ros/jazzy/opt/gz_gui_vendor/share/gz:/opt/ros/jazzy/opt/gz_transport_vendor/share/gz:/opt/ros/jazzy/opt/gz_rendering_vendor/share/gz:/opt/ros/jazzy/opt/gz_plugin_vendor/share/gz:/opt/ros/jazzy/opt/gz_fuel_tools_vendor/share/gz:/opt/ros/jazzy/opt/gz_msgs_vendor/share/gz:/opt/ros/jazzy/opt/gz_common_vendor/share/gz', 'XDG_SESSION_TYPE': 'x11', 'SHLVL': '2', 'LD_LIBRARY_PATH': '/opt/ros/jazzy/opt/gz_launch_vendor/lib:/opt/ros/jazzy/opt/gz_sim_vendor/lib:/opt/ros/jazzy/opt/gz_sensors_vendor/lib:/opt/ros/jazzy/opt/gz_physics_vendor/lib:/opt/ros/jazzy/opt/sdformat_vendor/lib:/opt/ros/jazzy/opt/rviz_ogre_vendor/lib:/opt/ros/jazzy/lib/x86_64-linux-gnu:/opt/ros/jazzy/opt/gz_gui_vendor/lib:/opt/ros/jazzy/opt/gz_transport_vendor/lib:/opt/ros/jazzy/opt/gz_rendering_vendor/lib:/opt/ros/jazzy/opt/gz_plugin_vendor/lib:/opt/ros/jazzy/opt/gz_fuel_tools_vendor/lib:/opt/ros/jazzy/opt/gz_msgs_vendor/lib:/opt/ros/jazzy/opt/gz_common_vendor/lib:/opt/ros/jazzy/opt/gz_math_vendor/lib:/opt/ros/jazzy/opt/gz_utils_vendor/lib:/opt/ros/jazzy/opt/gz_tools_vendor/lib:/opt/ros/jazzy/opt/gz_ogre_next_vendor/lib:/opt/ros/jazzy/opt/gz_dartsim_vendor/lib:/opt/ros/jazzy/opt/gz_cmake_vendor/lib:/opt/ros/jazzy/lib', 'HOME': '/home/houndsito', 'TERMINFO': '/usr/lib/kitty/terminfo', 'DESKTOP_SESSION': 'ubuntu', 'KITTY_INSTALLATION_DIR': '/usr/lib/kitty', 'ROS_PYTHON_VERSION': '3', 'GNOME_SHELL_SESSION_MODE': 'ubuntu', 'GTK_MODULES': 'gail:atk-bridge', 'KITTY_PID': '5062', 'MANAGERPID': '2159', 'SYSTEMD_EXEC_PID': '2775', 'GSM_SKIP_SSH_AGENT_WORKAROUND': 'true', 'DBUS_SESSION_BUS_ADDRESS': 'unix:path=/run/user/1000/bus', 'COLORTERM': 'truecolor', 'GIO_LAUNCHED_DESKTOP_FILE_PID': '5062', 'GNOME_KEYRING_CONTROL': '/run/user/1000/keyring', 'DEBUGINFOD_URLS': 'https://debuginfod.ubuntu.com', 'OMF_PATH': '/home/houndsito/.local/share/omf', 'ROS_DISTRO': 'jazzy', 'LOGNAME': 'houndsito', 'WINDOWID': '48234507', 'JOURNAL_STREAM': '9:11672', '_': '/usr/bin/colcon', 'ROS_VERSION': '2', 'MEMORY_PRESSURE_WATCH': '/sys/fs/cgroup/user.slice/user-1000.slice/user@1000.service/session.slice/org.gnome.SettingsDaemon.MediaKeys.service/memory.pressure', 'XDG_SESSION_CLASS': 'user', 'KITTY_PUBLIC_KEY': '1:{D?n0S-=Pa62A(7^cpnLATAd^A*b+71@0*AnQS6E', 'USERNAME': 'houndsito', 'TERM': 'xterm-kitty', 'GNOME_DESKTOP_SESSION_ID': 'this-is-deprecated', 'WINDOWPATH': '2', 'PATH': '/opt/ros/jazzy/opt/gz_msgs_vendor/bin:/opt/ros/jazzy/opt/gz_tools_vendor/bin:/opt/ros/jazzy/opt/gz_ogre_next_vendor/bin:/opt/ros/jazzy/bin:/home/houndsito/.local/bin:/home/houndsito/bin:/usr/local/sbin:/usr/local/bin:/usr/sbin:/usr/bin:/sbin:/bin:/usr/games:/usr/local/games:/snap/bin:/snap/bin', 'SESSION_MANAGER': 'local/DPM:@/tmp/.ICE-unix/2558,unix/DPM:/tmp/.ICE-unix/2558', 'INVOCATION_ID': 'bebc0455435d4d28b007c7a10f267b90', 'XDG_MENU_PREFIX': 'gnome-', 'XDG_RUNTIME_DIR': '/run/user/1000', 'DISPLAY': ':1', 'LANG': 'en_US.UTF-8', 'XDG_CURRENT_DESKTOP': 'ubuntu:GNOME', 'XMODIFIERS': '@im=ibus', 'XDG_SESSION_DESKTOP': 'ubuntu', 'XAUTHORITY': '/run/user/1000/gdm/Xauthority', 'SSH_AUTH_SOCK': '/run/user/1000/keyring/ssh', 'AMENT_PREFIX_PATH': '/opt/ros/jazzy', 'SHELL': '/usr/bin/fish', 'QT_ACCESSIBILITY': '1', 'GDMSESSION': 'ubuntu', 'KITTY_WINDOW_ID': '1', 'GPG_AGENT_INFO': '/run/user/1000/gnupg/S.gpg-agent:0:1', 'ROS_AUTOMATIC_DISCOVERY_RANGE': 'SUBNET', 'QT_IM_MODULE': 'ibus', 'PWD': '/home/houndsito/vt-cro/robogamescode/car_ws/build/articubot_one', 'LC_ALL': 'en_US.UTF-8', 'XDG_CONFIG_DIRS': '/etc/xdg/xdg-ubuntu:/etc/xdg', 'XDG_DATA_DIRS': '/usr/share/ubuntu:/usr/share/gnome:/usr/local/share/:/usr/share/:/var/lib/snapd/desktop', 'OMF_CONFIG': '/home/houndsito/.config/omf', 'PYTHONPATH': '/opt/ros/jazzy/lib/python3.12/site-packages', 'COLCON': '1', 'MEMORY_PRESSURE_WRITE': 'c29tZSAyMDAwMDAgMjAwMDAwMAA=', 'CMAKE_PREFIX_PATH': '/opt/ros/jazzy/opt/gz_launch_vendor:/opt/ros/jazzy/opt/gz_sim_vendor:/opt/ros/jazzy/opt/gz_sensors_vendor:/opt/ros/jazzy/opt/gz_physics_vendor:/opt/ros/jazzy/opt/sdformat_vendor:/opt/ros/jazzy/opt/gz_gui_vendor:/opt/ros/jazzy/opt/gz_transport_vendor:/opt/ros/jazzy/opt/gz_rendering_vendor:/opt/ros/jazzy/opt/gz_plugin_vendor:/opt/ros/jazzy/opt/gz_fuel_tools_vendor:/opt/ros/jazzy/opt/gz_msgs_vendor:/opt/ros/jazzy/opt/gz_common_vendor:/opt/ros/jazzy/opt/gz_math_vendor:/opt/ros/jazzy/opt/gz_utils_vendor:/opt/ros/jazzy/opt/gz_tools_vendor:/opt/ros/jazzy/opt/gz_ogre_next_vendor:/opt/ros/jazzy/opt/gz_dartsim_vendor:/opt/ros/jazzy/opt/gz_cmake_vendor:/opt/ros/jazzy'}), 'shell': False}
[1.253371] (articubot_one) CommandEnded: {'returncode': 0}
[1.253812] (articubot_one) JobProgress: {'identifier': 'articubot_one', 'progress': 'install'}
[1.254100] (articubot_one) Command: {'cmd': ['/usr/bin/cmake', '--install', '/home/houndsito/vt-cro/robogamescode/car_ws/build/articubot_one'], 'cwd': '/home/houndsito/vt-cro/robogamescode/car_ws/build/articubot_one', 'env': OrderedDict({'USER': 'houndsito', 'GZ_CONFIG_PATH': '/opt/ros/jazzy/opt/gz_launch_vendor/share/gz:/opt/ros/jazzy/opt/gz_sim_vendor/share/gz:/opt/ros/jazzy/opt/sdformat_vendor/share/gz:/opt/ros/jazzy/opt/gz_gui_vendor/share/gz:/opt/ros/jazzy/opt/gz_transport_vendor/share/gz:/opt/ros/jazzy/opt/gz_rendering_vendor/share/gz:/opt/ros/jazzy/opt/gz_plugin_vendor/share/gz:/opt/ros/jazzy/opt/gz_fuel_tools_vendor/share/gz:/opt/ros/jazzy/opt/gz_msgs_vendor/share/gz:/opt/ros/jazzy/opt/gz_common_vendor/share/gz', 'XDG_SESSION_TYPE': 'x11', 'SHLVL': '2', 'LD_LIBRARY_PATH': '/opt/ros/jazzy/opt/gz_launch_vendor/lib:/opt/ros/jazzy/opt/gz_sim_vendor/lib:/opt/ros/jazzy/opt/gz_sensors_vendor/lib:/opt/ros/jazzy/opt/gz_physics_vendor/lib:/opt/ros/jazzy/opt/sdformat_vendor/lib:/opt/ros/jazzy/opt/rviz_ogre_vendor/lib:/opt/ros/jazzy/lib/x86_64-linux-gnu:/opt/ros/jazzy/opt/gz_gui_vendor/lib:/opt/ros/jazzy/opt/gz_transport_vendor/lib:/opt/ros/jazzy/opt/gz_rendering_vendor/lib:/opt/ros/jazzy/opt/gz_plugin_vendor/lib:/opt/ros/jazzy/opt/gz_fuel_tools_vendor/lib:/opt/ros/jazzy/opt/gz_msgs_vendor/lib:/opt/ros/jazzy/opt/gz_common_vendor/lib:/opt/ros/jazzy/opt/gz_math_vendor/lib:/opt/ros/jazzy/opt/gz_utils_vendor/lib:/opt/ros/jazzy/opt/gz_tools_vendor/lib:/opt/ros/jazzy/opt/gz_ogre_next_vendor/lib:/opt/ros/jazzy/opt/gz_dartsim_vendor/lib:/opt/ros/jazzy/opt/gz_cmake_vendor/lib:/opt/ros/jazzy/lib', 'HOME': '/home/houndsito', 'TERMINFO': '/usr/lib/kitty/terminfo', 'DESKTOP_SESSION': 'ubuntu', 'KITTY_INSTALLATION_DIR': '/usr/lib/kitty', 'ROS_PYTHON_VERSION': '3', 'GNOME_SHELL_SESSION_MODE': 'ubuntu', 'GTK_MODULES': 'gail:atk-bridge', 'KITTY_PID': '5062', 'MANAGERPID': '2159', 'SYSTEMD_EXEC_PID': '2775', 'GSM_SKIP_SSH_AGENT_WORKAROUND': 'true', 'DBUS_SESSION_BUS_ADDRESS': 'unix:path=/run/user/1000/bus', 'COLORTERM': 'truecolor', 'GIO_LAUNCHED_DESKTOP_FILE_PID': '5062', 'GNOME_KEYRING_CONTROL': '/run/user/1000/keyring', 'DEBUGINFOD_URLS': 'https://debuginfod.ubuntu.com', 'OMF_PATH': '/home/houndsito/.local/share/omf', 'ROS_DISTRO': 'jazzy', 'LOGNAME': 'houndsito', 'WINDOWID': '48234507', 'JOURNAL_STREAM': '9:11672', '_': '/usr/bin/colcon', 'ROS_VERSION': '2', 'MEMORY_PRESSURE_WATCH': '/sys/fs/cgroup/user.slice/user-1000.slice/user@1000.service/session.slice/org.gnome.SettingsDaemon.MediaKeys.service/memory.pressure', 'XDG_SESSION_CLASS': 'user', 'KITTY_PUBLIC_KEY': '1:{D?n0S-=Pa62A(7^cpnLATAd^A*b+71@0*AnQS6E', 'USERNAME': 'houndsito', 'TERM': 'xterm-kitty', 'GNOME_DESKTOP_SESSION_ID': 'this-is-deprecated', 'WINDOWPATH': '2', 'PATH': '/opt/ros/jazzy/opt/gz_msgs_vendor/bin:/opt/ros/jazzy/opt/gz_tools_vendor/bin:/opt/ros/jazzy/opt/gz_ogre_next_vendor/bin:/opt/ros/jazzy/bin:/home/houndsito/.local/bin:/home/houndsito/bin:/usr/local/sbin:/usr/local/bin:/usr/sbin:/usr/bin:/sbin:/bin:/usr/games:/usr/local/games:/snap/bin:/snap/bin', 'SESSION_MANAGER': 'local/DPM:@/tmp/.ICE-unix/2558,unix/DPM:/tmp/.ICE-unix/2558', 'INVOCATION_ID': 'bebc0455435d4d28b007c7a10f267b90', 'XDG_MENU_PREFIX': 'gnome-', 'XDG_RUNTIME_DIR': '/run/user/1000', 'DISPLAY': ':1', 'LANG': 'en_US.UTF-8', 'XDG_CURRENT_DESKTOP': 'ubuntu:GNOME', 'XMODIFIERS': '@im=ibus', 'XDG_SESSION_DESKTOP': 'ubuntu', 'XAUTHORITY': '/run/user/1000/gdm/Xauthority', 'SSH_AUTH_SOCK': '/run/user/1000/keyring/ssh', 'AMENT_PREFIX_PATH': '/opt/ros/jazzy', 'SHELL': '/usr/bin/fish', 'QT_ACCESSIBILITY': '1', 'GDMSESSION': 'ubuntu', 'KITTY_WINDOW_ID': '1', 'GPG_AGENT_INFO': '/run/user/1000/gnupg/S.gpg-agent:0:1', 'ROS_AUTOMATIC_DISCOVERY_RANGE': 'SUBNET', 'QT_IM_MODULE': 'ibus', 'PWD': '/home/houndsito/vt-cro/robogamescode/car_ws/build/articubot_one', 'LC_ALL': 'en_US.UTF-8', 'XDG_CONFIG_DIRS': '/etc/xdg/xdg-ubuntu:/etc/xdg', 'XDG_DATA_DIRS': '/usr/share/ubuntu:/usr/share/gnome:/usr/local/share/:/usr/share/:/var/lib/snapd/desktop', 'OMF_CONFIG': '/home/houndsito/.config/omf', 'PYTHONPATH': '/opt/ros/jazzy/lib/python3.12/site-packages', 'COLCON': '1', 'MEMORY_PRESSURE_WRITE': 'c29tZSAyMDAwMDAgMjAwMDAwMAA=', 'CMAKE_PREFIX_PATH': '/opt/ros/jazzy/opt/gz_launch_vendor:/opt/ros/jazzy/opt/gz_sim_vendor:/opt/ros/jazzy/opt/gz_sensors_vendor:/opt/ros/jazzy/opt/gz_physics_vendor:/opt/ros/jazzy/opt/sdformat_vendor:/opt/ros/jazzy/opt/gz_gui_vendor:/opt/ros/jazzy/opt/gz_transport_vendor:/opt/ros/jazzy/opt/gz_rendering_vendor:/opt/ros/jazzy/opt/gz_plugin_vendor:/opt/ros/jazzy/opt/gz_fuel_tools_vendor:/opt/ros/jazzy/opt/gz_msgs_vendor:/opt/ros/jazzy/opt/gz_common_vendor:/opt/ros/jazzy/opt/gz_math_vendor:/opt/ros/jazzy/opt/gz_utils_vendor:/opt/ros/jazzy/opt/gz_tools_vendor:/opt/ros/jazzy/opt/gz_ogre_next_vendor:/opt/ros/jazzy/opt/gz_dartsim_vendor:/opt/ros/jazzy/opt/gz_cmake_vendor:/opt/ros/jazzy'}), 'shell': False}
[1.262470] (articubot_one) StdoutLine: {'line': b'-- Install configuration: ""\n'}
[1.262735] (articubot_one) StdoutLine: {'line': b'-- Installing: /home/houndsito/vt-cro/robogamescode/car_ws/install/articubot_one/lib/articubot_one/depth_to_scan.py\n'}
[1.262981] (articubot_one) StdoutLine: {'line': b'-- Installing: /home/houndsito/vt-cro/robogamescode/car_ws/install/articubot_one/share/articubot_one/config\n'}
[1.263034] (articubot_one) StdoutLine: {'line': b'-- Installing: /home/houndsito/vt-cro/robogamescode/car_ws/install/articubot_one/share/articubot_one/config/navigate_w_replanning_and_recovery.xml\n'}
[1.263104] (articubot_one) StdoutLine: {'line': b'-- Installing: /home/houndsito/vt-cro/robogamescode/car_ws/install/articubot_one/share/articubot_one/config/speedlimit_params.yaml\n'}
[1.263172] (articubot_one) StdoutLine: {'line': b'-- Installing: /home/houndsito/vt-cro/robogamescode/car_ws/install/articubot_one/share/articubot_one/config/twist_mux.yaml\n'}
[1.263261] (articubot_one) StdoutLine: {'line': b'-- Installing: /home/houndsito/vt-cro/robogamescode/car_ws/install/articubot_one/share/articubot_one/config/ball_tracker_params_sim.yaml\n'}
[1.263309] (articubot_one) StdoutLine: {'line': b'-- Installing: /home/houndsito/vt-cro/robogamescode/car_ws/install/articubot_one/share/articubot_one/config/gaz_ros2_ctl_use_sim.yaml\n'}
[1.263371] (articubot_one) StdoutLine: {'line': b'-- Installing: /home/houndsito/vt-cro/robogamescode/car_ws/install/articubot_one/share/articubot_one/config/drive_bot.rviz\n'}
[1.263469] (articubot_one) StdoutLine: {'line': b'-- Installing: /home/houndsito/vt-cro/robogamescode/car_ws/install/articubot_one/share/articubot_one/config/main.rviz\n'}
[1.263519] (articubot_one) StdoutLine: {'line': b'-- Installing: /home/houndsito/vt-cro/robogamescode/car_ws/install/articubot_one/share/articubot_one/config/gz_bridge.yaml\n'}
[1.263595] (articubot_one) StdoutLine: {'line': b'-- Installing: /home/houndsito/vt-cro/robogamescode/car_ws/install/articubot_one/share/articubot_one/config/speedlimit_nav2_params.yaml\n'}
[1.263665] (articubot_one) StdoutLine: {'line': b'-- Installing: /home/houndsito/vt-cro/robogamescode/car_ws/install/articubot_one/share/articubot_one/config/map.rviz\n'}
[1.263741] (articubot_one) StdoutLine: {'line': b'-- Installing: /home/houndsito/vt-cro/robogamescode/car_ws/install/articubot_one/share/articubot_one/config/nav2_params.yaml\n'}
[1.263844] (articubot_one) StdoutLine: {'line': b'-- Installing: /home/houndsito/vt-cro/robogamescode/car_ws/install/articubot_one/share/articubot_one/config/empty.yaml\n'}
[1.263938] (articubot_one) StdoutLine: {'line': b'-- Installing: /home/houndsito/vt-cro/robogamescode/car_ws/install/articubot_one/share/articubot_one/config/keepout_params.yaml\n'}
[1.264034] (articubot_one) StdoutLine: {'line': b'-- Installing: /home/houndsito/vt-cro/robogamescode/car_ws/install/articubot_one/share/articubot_one/config/view_bot.rviz\n'}
[1.264136] (articubot_one) StdoutLine: {'line': b'-- Installing: /home/houndsito/vt-cro/robogamescode/car_ws/install/articubot_one/share/articubot_one/config/mapper_params_online_async.yaml\n'}
[1.264262] (articubot_one) StdoutLine: {'line': b'-- Installing: /home/houndsito/vt-cro/robogamescode/car_ws/install/articubot_one/share/articubot_one/config/my_controllers.yaml\n'}
[1.264359] (articubot_one) StdoutLine: {'line': b'-- Installing: /home/houndsito/vt-cro/robogamescode/car_ws/install/articubot_one/share/articubot_one/config/joystick.yaml\n'}
[1.264435] (articubot_one) StdoutLine: {'line': b'-- Installing: /home/houndsito/vt-cro/robogamescode/car_ws/install/articubot_one/share/articubot_one/config/ball_tracker_params_robot.yaml\n'}
[1.264533] (articubot_one) StdoutLine: {'line': b'-- Installing: /home/houndsito/vt-cro/robogamescode/car_ws/install/articubot_one/share/articubot_one/config/keepout_nav2_params.yaml\n'}
[1.264664] (articubot_one) StdoutLine: {'line': b'-- Installing: /home/houndsito/vt-cro/robogamescode/car_ws/install/articubot_one/share/articubot_one/description\n'}
[1.264736] (articubot_one) StdoutLine: {'line': b'-- Installing: /home/houndsito/vt-cro/robogamescode/car_ws/install/articubot_one/share/articubot_one/description/robot.urdf.xacro\n'}
[1.264805] (articubot_one) StdoutLine: {'line': b'-- Installing: /home/houndsito/vt-cro/robogamescode/car_ws/install/articubot_one/share/articubot_one/description/inertial_macros.xacro\n'}
[1.264899] (articubot_one) StdoutLine: {'line': b'-- Installing: /home/houndsito/vt-cro/robogamescode/car_ws/install/articubot_one/share/articubot_one/description/camera.xacro\n'}
[1.264993] (articubot_one) StdoutLine: {'line': b'-- Installing: /home/houndsito/vt-cro/robogamescode/car_ws/install/articubot_one/share/articubot_one/description/gazebo_control.xacro\n'}
[1.265085] (articubot_one) StdoutLine: {'line': b'-- Installing: /home/houndsito/vt-cro/robogamescode/car_ws/install/articubot_one/share/articubot_one/description/face.xacro\n'}
[1.265177] (articubot_one) StdoutLine: {'line': b'-- Installing: /home/houndsito/vt-cro/robogamescode/car_ws/install/articubot_one/share/articubot_one/description/depth_camera.xacro\n'}
[1.265270] (articubot_one) StdoutLine: {'line': b'-- Installing: /home/houndsito/vt-cro/robogamescode/car_ws/install/articubot_one/share/articubot_one/description/lidar.xacro\n'}
[1.265363] (articubot_one) StdoutLine: {'line': b'-- Installing: /home/houndsito/vt-cro/robogamescode/car_ws/install/articubot_one/share/articubot_one/description/ros2_control.xacro\n'}
[1.265464] (articubot_one) StdoutLine: {'line': b'-- Installing: /home/houndsito/vt-cro/robogamescode/car_ws/install/articubot_one/share/articubot_one/description/robot_core.xacro\n'}
[1.265562] (articubot_one) StdoutLine: {'line': b'-- Installing: /home/houndsito/vt-cro/robogamescode/car_ws/install/articubot_one/share/articubot_one/launch\n'}
[1.265628] (articubot_one) StdoutLine: {'line': b'-- Installing: /home/houndsito/vt-cro/robogamescode/car_ws/install/articubot_one/share/articubot_one/launch/rsp.launch.py\n'}
[1.265727] (articubot_one) StdoutLine: {'line': b'-- Installing: /home/houndsito/vt-cro/robogamescode/car_ws/install/articubot_one/share/articubot_one/launch/localization_launch.py\n'}
[1.265820] (articubot_one) StdoutLine: {'line': b'-- Installing: /home/houndsito/vt-cro/robogamescode/car_ws/install/articubot_one/share/articubot_one/launch/ball_tracker.launch.py\n'}
[1.265913] (articubot_one) StdoutLine: {'line': b'-- Installing: /home/houndsito/vt-cro/robogamescode/car_ws/install/articubot_one/share/articubot_one/launch/launch_sim.launch.py\n'}
[1.266009] (articubot_one) StdoutLine: {'line': b'-- Installing: /home/houndsito/vt-cro/robogamescode/car_ws/install/articubot_one/share/articubot_one/launch/rplidar.launch.py\n'}
[1.266102] (articubot_one) StdoutLine: {'line': b'-- Installing: /home/houndsito/vt-cro/robogamescode/car_ws/install/articubot_one/share/articubot_one/launch/navigation_launch.py\n'}
[1.266203] (articubot_one) StdoutLine: {'line': b'-- Installing: /home/houndsito/vt-cro/robogamescode/car_ws/install/articubot_one/share/articubot_one/launch/online_async_launch.py\n'}
[1.266299] (articubot_one) StdoutLine: {'line': b'-- Installing: /home/houndsito/vt-cro/robogamescode/car_ws/install/articubot_one/share/articubot_one/launch/launch_robot.launch.py\n'}
[1.266406] (articubot_one) StdoutLine: {'line': b'-- Installing: /home/houndsito/vt-cro/robogamescode/car_ws/install/articubot_one/share/articubot_one/launch/camera.launch.py\n'}
[1.266502] (articubot_one) StdoutLine: {'line': b'-- Installing: /home/houndsito/vt-cro/robogamescode/car_ws/install/articubot_one/share/articubot_one/launch/joystick.launch.py\n'}
[1.266593] (articubot_one) StdoutLine: {'line': b'-- Installing: /home/houndsito/vt-cro/robogamescode/car_ws/install/articubot_one/share/articubot_one/worlds\n'}
[1.266670] (articubot_one) StdoutLine: {'line': b'-- Installing: /home/houndsito/vt-cro/robogamescode/car_ws/install/articubot_one/share/articubot_one/worlds/prev_empty.world\n'}
[1.266755] (articubot_one) StdoutLine: {'line': b'-- Installing: /home/houndsito/vt-cro/robogamescode/car_ws/install/articubot_one/share/articubot_one/worlds/model.sdf\n'}
[1.266855] (articubot_one) StdoutLine: {'line': b'-- Installing: /home/houndsito/vt-cro/robogamescode/car_ws/install/articubot_one/share/articubot_one/worlds/simple.world\n'}
[1.266957] (articubot_one) StdoutLine: {'line': b'-- Installing: /home/houndsito/vt-cro/robogamescode/car_ws/install/articubot_one/share/articubot_one/worlds/obstacles.world\n'}
[1.267052] (articubot_one) StdoutLine: {'line': b'-- Installing: /home/houndsito/vt-cro/robogamescode/car_ws/install/articubot_one/share/articubot_one/worlds/model.config\n'}
[1.267144] (articubot_one) StdoutLine: {'line': b'-- Installing: /home/houndsito/vt-cro/robogamescode/car_ws/install/articubot_one/share/articubot_one/worlds/empty.world\n'}
[1.267233] (articubot_one) StdoutLine: {'line': b'-- Installing: /home/houndsito/vt-cro/robogamescode/car_ws/install/articubot_one/share/articubot_one/worlds/meshes\n'}
[1.267304] (articubot_one) StdoutLine: {'line': b'-- Installing: /home/houndsito/vt-cro/robogamescode/car_ws/install/articubot_one/share/articubot_one/worlds/meshes/yellow3.stl\n'}
[1.267713] (articubot_one) StdoutLine: {'line': b'-- Installing: /home/houndsito/vt-cro/robogamescode/car_ws/install/articubot_one/share/articubot_one/worlds/meshes/red2.stl\n'}
[1.267824] (articubot_one) StdoutLine: {'line': b'-- Installing: /home/houndsito/vt-cro/robogamescode/car_ws/install/articubot_one/share/articubot_one/worlds/meshes/yellow2.stl\n'}
[1.268160] (articubot_one) StdoutLine: {'line': b'-- Installing: /home/houndsito/vt-cro/robogamescode/car_ws/install/articubot_one/share/articubot_one/worlds/meshes/yellow.obj\n'}
[1.268583] (articubot_one) StdoutLine: {'line': b'-- Installing: /home/houndsito/vt-cro/robogamescode/car_ws/install/articubot_one/share/articubot_one/worlds/meshes/ramp.mtl\n'}
[1.268710] (articubot_one) StdoutLine: {'line': b'-- Installing: /home/houndsito/vt-cro/robogamescode/car_ws/install/articubot_one/share/articubot_one/worlds/meshes/blue.obj\n'}
[1.269050] (articubot_one) StdoutLine: {'line': b'-- Installing: /home/houndsito/vt-cro/robogamescode/car_ws/install/articubot_one/share/articubot_one/worlds/meshes/yellow1.stl\n'}
[1.269425] (articubot_one) StdoutLine: {'line': b'-- Installing: /home/houndsito/vt-cro/robogamescode/car_ws/install/articubot_one/share/articubot_one/worlds/meshes/yellow5.stl\n'}
[1.269777] (articubot_one) StdoutLine: {'line': b'-- Installing: /home/houndsito/vt-cro/robogamescode/car_ws/install/articubot_one/share/articubot_one/worlds/meshes/block.mtl\n'}
[1.270031] (articubot_one) StdoutLine: {'line': b'-- Installing: /home/houndsito/vt-cro/robogamescode/car_ws/install/articubot_one/share/articubot_one/worlds/meshes/wood.obj\n'}
[1.270207] (articubot_one) StdoutLine: {'line': b'-- Installing: /home/houndsito/vt-cro/robogamescode/car_ws/install/articubot_one/share/articubot_one/worlds/meshes/blue.stl\n'}
[1.270594] (articubot_one) StdoutLine: {'line': b'-- Installing: /home/houndsito/vt-cro/robogamescode/car_ws/install/articubot_one/share/articubot_one/worlds/meshes/blue.mtl\n'}
[1.270739] (articubot_one) StdoutLine: {'line': b'-- Installing: /home/houndsito/vt-cro/robogamescode/car_ws/install/articubot_one/share/articubot_one/worlds/meshes/block.obj\n'}
[1.270862] (articubot_one) StdoutLine: {'line': b'-- Installing: /home/houndsito/vt-cro/robogamescode/car_ws/install/articubot_one/share/articubot_one/worlds/meshes/wood.mtl\n'}
[1.270982] (articubot_one) StdoutLine: {'line': b'-- Installing: /home/houndsito/vt-cro/robogamescode/car_ws/install/articubot_one/share/articubot_one/worlds/meshes/block.stl\n'}
[1.271076] (articubot_one) StdoutLine: {'line': b'-- Installing: /home/houndsito/vt-cro/robogamescode/car_ws/install/articubot_one/share/articubot_one/worlds/meshes/red.mtl\n'}
[1.271195] (articubot_one) StdoutLine: {'line': b'-- Installing: /home/houndsito/vt-cro/robogamescode/car_ws/install/articubot_one/share/articubot_one/worlds/meshes/wood.stl\n'}
[1.271298] (articubot_one) StdoutLine: {'line': b'-- Installing: /home/houndsito/vt-cro/robogamescode/car_ws/install/articubot_one/share/articubot_one/worlds/meshes/ramp.obj\n'}
[1.271377] (articubot_one) StdoutLine: {'line': b'-- Installing: /home/houndsito/vt-cro/robogamescode/car_ws/install/articubot_one/share/articubot_one/worlds/meshes/red1.stl\n'}
[1.271570] (articubot_one) StdoutLine: {'line': b'-- Installing: /home/houndsito/vt-cro/robogamescode/car_ws/install/articubot_one/share/articubot_one/worlds/meshes/yellow4.stl\n'}
[1.271789] (articubot_one) StdoutLine: {'line': b'-- Installing: /home/houndsito/vt-cro/robogamescode/car_ws/install/articubot_one/share/articubot_one/worlds/meshes/red.obj\n'}
[1.271914] (articubot_one) StdoutLine: {'line': b'-- Installing: /home/houndsito/vt-cro/robogamescode/car_ws/install/articubot_one/share/articubot_one/worlds/meshes/yellow.mtl\n'}
[1.272019] (articubot_one) StdoutLine: {'line': b'-- Installing: /home/houndsito/vt-cro/robogamescode/car_ws/install/articubot_one/share/articubot_one/worlds/meshes/bridge.mtl\n'}
[1.272131] (articubot_one) StdoutLine: {'line': b'-- Installing: /home/houndsito/vt-cro/robogamescode/car_ws/install/articubot_one/share/articubot_one/worlds/meshes/ramp.stl\n'}
[1.272245] (articubot_one) StdoutLine: {'line': b'-- Installing: /home/houndsito/vt-cro/robogamescode/car_ws/install/articubot_one/share/articubot_one/worlds/meshes/bridge.obj\n'}
[1.272360] (articubot_one) StdoutLine: {'line': b'-- Installing: /home/houndsito/vt-cro/robogamescode/car_ws/install/articubot_one/share/articubot_one/worlds/meshes/world1.stl\n'}
[1.273935] (articubot_one) StdoutLine: {'line': b'-- Installing: /home/houndsito/vt-cro/robogamescode/car_ws/install/articubot_one/share/articubot_one/maps\n'}
[1.274118] (articubot_one) StdoutLine: {'line': b'-- Installing: /home/houndsito/vt-cro/robogamescode/car_ws/install/articubot_one/share/ament_index/resource_index/package_run_dependencies/articubot_one\n'}
[1.274298] (articubot_one) StdoutLine: {'line': b'-- Installing: /home/houndsito/vt-cro/robogamescode/car_ws/install/articubot_one/share/ament_index/resource_index/parent_prefix_path/articubot_one\n'}
[1.274468] (articubot_one) StdoutLine: {'line': b'-- Installing: /home/houndsito/vt-cro/robogamescode/car_ws/install/articubot_one/share/articubot_one/environment/ament_prefix_path.sh\n'}
[1.274590] (articubot_one) StdoutLine: {'line': b'-- Installing: /home/houndsito/vt-cro/robogamescode/car_ws/install/articubot_one/share/articubot_one/environment/ament_prefix_path.dsv\n'}
[1.274708] (articubot_one) StdoutLine: {'line': b'-- Installing: /home/houndsito/vt-cro/robogamescode/car_ws/install/articubot_one/share/articubot_one/environment/path.sh\n'}
[1.274825] (articubot_one) StdoutLine: {'line': b'-- Installing: /home/houndsito/vt-cro/robogamescode/car_ws/install/articubot_one/share/articubot_one/environment/path.dsv\n'}
[1.274943] (articubot_one) StdoutLine: {'line': b'-- Installing: /home/houndsito/vt-cro/robogamescode/car_ws/install/articubot_one/share/articubot_one/local_setup.bash\n'}
[1.275057] (articubot_one) StdoutLine: {'line': b'-- Installing: /home/houndsito/vt-cro/robogamescode/car_ws/install/articubot_one/share/articubot_one/local_setup.sh\n'}
[1.275177] (articubot_one) StdoutLine: {'line': b'-- Installing: /home/houndsito/vt-cro/robogamescode/car_ws/install/articubot_one/share/articubot_one/local_setup.zsh\n'}
[1.275292] (articubot_one) StdoutLine: {'line': b'-- Installing: /home/houndsito/vt-cro/robogamescode/car_ws/install/articubot_one/share/articubot_one/local_setup.dsv\n'}
[1.275413] (articubot_one) StdoutLine: {'line': b'-- Installing: /home/houndsito/vt-cro/robogamescode/car_ws/install/articubot_one/share/articubot_one/package.dsv\n'}
[1.275609] (articubot_one) StdoutLine: {'line': b'-- Installing: /home/houndsito/vt-cro/robogamescode/car_ws/install/articubot_one/share/ament_index/resource_index/packages/articubot_one\n'}
[1.275977] (articubot_one) StdoutLine: {'line': b'-- Installing: /home/houndsito/vt-cro/robogamescode/car_ws/install/articubot_one/share/articubot_one/cmake/articubot_oneConfig.cmake\n'}
[1.276135] (articubot_one) StdoutLine: {'line': b'-- Installing: /home/houndsito/vt-cro/robogamescode/car_ws/install/articubot_one/share/articubot_one/cmake/articubot_oneConfig-version.cmake\n'}
[1.276231] (articubot_one) StdoutLine: {'line': b'-- Installing: /home/houndsito/vt-cro/robogamescode/car_ws/install/articubot_one/share/articubot_one/package.xml\n'}
[1.277695] (articubot_one) CommandEnded: {'returncode': 0}
[1.285285] (articubot_one) JobEnded: {'identifier': 'articubot_one', 'rc': 0}
[1.285974] (-) EventReactorShutdown: {}
