[0.079s] DEBUG:colcon:Command line arguments: ['/usr/bin/colcon', 'build']
[0.079s] DEBUG:colcon:Parsed command line arguments: Namespace(log_base=None, log_level=None, verb_name='build', build_base='build', install_base='install', merge_install=False, symlink_install=False, test_result_base=None, continue_on_error=False, executor='parallel', parallel_workers=16, event_handlers=None, ignore_user_meta=False, metas=['./colcon.meta'], base_paths=['.'], packages_ignore=None, packages_ignore_regex=None, paths=None, packages_up_to=None, packages_up_to_regex=None, packages_above=None, packages_above_and_dependencies=None, packages_above_depth=None, packages_select_by_dep=None, packages_skip_by_dep=None, packages_skip_up_to=None, packages_select_build_failed=False, packages_skip_build_finished=False, packages_select_test_failures=False, packages_skip_test_passed=False, packages_select=None, packages_skip=None, packages_select_regex=None, packages_skip_regex=None, packages_start=None, packages_end=None, allow_overriding=[], cmake_args=None, cmake_target=None, cmake_target_skip_unavailable=False, cmake_clean_cache=False, cmake_clean_first=False, cmake_force_configure=False, ament_cmake_args=None, catkin_cmake_args=None, catkin_skip_building_tests=False, mixin_files=None, mixin=None, verb_parser=<colcon_mixin.mixin.mixin_argument.MixinArgumentDecorator object at 0x72dc9eea2330>, verb_extension=<colcon_core.verb.build.BuildVerb object at 0x72dc9eea2000>, main=<bound method BuildVerb.main of <colcon_core.verb.build.BuildVerb object at 0x72dc9eea2000>>, mixin_verb=('build',))
[0.108s] Level 1:colcon.colcon_core.package_discovery:discover_packages(colcon_meta) check parameters
[0.108s] Level 1:colcon.colcon_core.package_discovery:discover_packages(recursive) check parameters
[0.108s] Level 1:colcon.colcon_core.package_discovery:discover_packages(ignore) check parameters
[0.108s] Level 1:colcon.colcon_core.package_discovery:discover_packages(path) check parameters
[0.108s] Level 1:colcon.colcon_core.package_discovery:discover_packages(colcon_meta) discover
[0.108s] Level 1:colcon.colcon_core.package_discovery:discover_packages(recursive) discover
[0.108s] INFO:colcon.colcon_core.package_discovery:Crawling recursively for packages in '/home/houndsito/vt-cro/robogamescode/car_ws'
[0.108s] Level 1:colcon.colcon_core.package_identification:_identify(.) by extensions ['ignore', 'ignore_ament_install']
[0.108s] Level 1:colcon.colcon_core.package_identification:_identify(.) by extension 'ignore'
[0.108s] Level 1:colcon.colcon_core.package_identification:_identify(.) by extension 'ignore_ament_install'
[0.109s] Level 1:colcon.colcon_core.package_identification:_identify(.) by extensions ['colcon_pkg']
[0.109s] Level 1:colcon.colcon_core.package_identification:_identify(.) by extension 'colcon_pkg'
[0.109s] Level 1:colcon.colcon_core.package_identification:_identify(.) by extensions ['colcon_meta']
[0.109s] Level 1:colcon.colcon_core.package_identification:_identify(.) by extension 'colcon_meta'
[0.109s] Level 1:colcon.colcon_core.package_identification:_identify(.) by extensions ['ros']
[0.109s] Level 1:colcon.colcon_core.package_identification:_identify(.) by extension 'ros'
[0.127s] Level 1:colcon.colcon_core.package_identification:_identify(.) by extensions ['cmake', 'python']
[0.127s] Level 1:colcon.colcon_core.package_identification:_identify(.) by extension 'cmake'
[0.127s] Level 1:colcon.colcon_core.package_identification:_identify(.) by extension 'python'
[0.127s] Level 1:colcon.colcon_core.package_identification:_identify(.) by extensions ['python_setup_py']
[0.127s] Level 1:colcon.colcon_core.package_identification:_identify(.) by extension 'python_setup_py'
[0.127s] Level 1:colcon.colcon_core.package_identification:_identify(build) by extensions ['ignore', 'ignore_ament_install']
[0.127s] Level 1:colcon.colcon_core.package_identification:_identify(build) by extension 'ignore'
[0.127s] Level 1:colcon.colcon_core.package_identification:_identify(build) ignored
[0.127s] Level 1:colcon.colcon_core.package_identification:_identify(install) by extensions ['ignore', 'ignore_ament_install']
[0.127s] Level 1:colcon.colcon_core.package_identification:_identify(install) by extension 'ignore'
[0.127s] Level 1:colcon.colcon_core.package_identification:_identify(install) ignored
[0.127s] Level 1:colcon.colcon_core.package_identification:_identify(log) by extensions ['ignore', 'ignore_ament_install']
[0.127s] Level 1:colcon.colcon_core.package_identification:_identify(log) by extension 'ignore'
[0.127s] Level 1:colcon.colcon_core.package_identification:_identify(log) ignored
[0.127s] Level 1:colcon.colcon_core.package_identification:_identify(src) by extensions ['ignore', 'ignore_ament_install']
[0.127s] Level 1:colcon.colcon_core.package_identification:_identify(src) by extension 'ignore'
[0.127s] Level 1:colcon.colcon_core.package_identification:_identify(src) by extension 'ignore_ament_install'
[0.127s] Level 1:colcon.colcon_core.package_identification:_identify(src) by extensions ['colcon_pkg']
[0.127s] Level 1:colcon.colcon_core.package_identification:_identify(src) by extension 'colcon_pkg'
[0.127s] Level 1:colcon.colcon_core.package_identification:_identify(src) by extensions ['colcon_meta']
[0.127s] Level 1:colcon.colcon_core.package_identification:_identify(src) by extension 'colcon_meta'
[0.127s] Level 1:colcon.colcon_core.package_identification:_identify(src) by extensions ['ros']
[0.127s] Level 1:colcon.colcon_core.package_identification:_identify(src) by extension 'ros'
[0.128s] Level 1:colcon.colcon_core.package_identification:_identify(src) by extensions ['cmake', 'python']
[0.128s] Level 1:colcon.colcon_core.package_identification:_identify(src) by extension 'cmake'
[0.128s] Level 1:colcon.colcon_core.package_identification:_identify(src) by extension 'python'
[0.128s] Level 1:colcon.colcon_core.package_identification:_identify(src) by extensions ['python_setup_py']
[0.128s] Level 1:colcon.colcon_core.package_identification:_identify(src) by extension 'python_setup_py'
[0.128s] Level 1:colcon.colcon_core.package_identification:_identify(src/articubot_one) by extensions ['ignore', 'ignore_ament_install']
[0.128s] Level 1:colcon.colcon_core.package_identification:_identify(src/articubot_one) by extension 'ignore'
[0.128s] Level 1:colcon.colcon_core.package_identification:_identify(src/articubot_one) by extension 'ignore_ament_install'
[0.128s] Level 1:colcon.colcon_core.package_identification:_identify(src/articubot_one) by extensions ['colcon_pkg']
[0.128s] Level 1:colcon.colcon_core.package_identification:_identify(src/articubot_one) by extension 'colcon_pkg'
[0.128s] Level 1:colcon.colcon_core.package_identification:_identify(src/articubot_one) by extensions ['colcon_meta']
[0.128s] Level 1:colcon.colcon_core.package_identification:_identify(src/articubot_one) by extension 'colcon_meta'
[0.128s] Level 1:colcon.colcon_core.package_identification:_identify(src/articubot_one) by extensions ['ros']
[0.128s] Level 1:colcon.colcon_core.package_identification:_identify(src/articubot_one) by extension 'ros'
[0.130s] DEBUG:colcon.colcon_core.package_identification:Package 'src/articubot_one' with type 'ros.ament_cmake' and name 'articubot_one'
[0.130s] Level 1:colcon.colcon_core.package_identification:_identify(src/mini_car_bot) by extensions ['ignore', 'ignore_ament_install']
[0.130s] Level 1:colcon.colcon_core.package_identification:_identify(src/mini_car_bot) by extension 'ignore'
[0.130s] Level 1:colcon.colcon_core.package_identification:_identify(src/mini_car_bot) by extension 'ignore_ament_install'
[0.130s] Level 1:colcon.colcon_core.package_identification:_identify(src/mini_car_bot) by extensions ['colcon_pkg']
[0.130s] Level 1:colcon.colcon_core.package_identification:_identify(src/mini_car_bot) by extension 'colcon_pkg'
[0.130s] Level 1:colcon.colcon_core.package_identification:_identify(src/mini_car_bot) by extensions ['colcon_meta']
[0.130s] Level 1:colcon.colcon_core.package_identification:_identify(src/mini_car_bot) by extension 'colcon_meta'
[0.130s] Level 1:colcon.colcon_core.package_identification:_identify(src/mini_car_bot) by extensions ['ros']
[0.130s] Level 1:colcon.colcon_core.package_identification:_identify(src/mini_car_bot) by extension 'ros'
[0.130s] DEBUG:colcon.colcon_core.package_identification:Package 'src/mini_car_bot' with type 'ros.ament_cmake' and name 'mini_car_bot'
[0.130s] Level 1:colcon.colcon_core.package_discovery:discover_packages(recursive) using defaults
[0.130s] Level 1:colcon.colcon_core.package_discovery:discover_packages(ignore) discover
[0.130s] Level 1:colcon.colcon_core.package_discovery:discover_packages(ignore) using defaults
[0.130s] Level 1:colcon.colcon_core.package_discovery:discover_packages(path) discover
[0.130s] Level 1:colcon.colcon_core.package_discovery:discover_packages(path) using defaults
[0.143s] Level 1:colcon.colcon_core.package_discovery:discover_packages(prefix_path) check parameters
[0.143s] Level 1:colcon.colcon_core.package_discovery:discover_packages(prefix_path) discover
[0.146s] DEBUG:colcon.colcon_installed_package_information.package_discovery:Found 433 installed packages in /opt/ros/jazzy
[0.147s] Level 1:colcon.colcon_core.package_discovery:discover_packages(prefix_path) using defaults
[0.189s] Level 5:colcon.colcon_core.verb:set package 'articubot_one' build argument 'cmake_args' from command line to 'None'
[0.189s] Level 5:colcon.colcon_core.verb:set package 'articubot_one' build argument 'cmake_target' from command line to 'None'
[0.189s] Level 5:colcon.colcon_core.verb:set package 'articubot_one' build argument 'cmake_target_skip_unavailable' from command line to 'False'
[0.189s] Level 5:colcon.colcon_core.verb:set package 'articubot_one' build argument 'cmake_clean_cache' from command line to 'False'
[0.189s] Level 5:colcon.colcon_core.verb:set package 'articubot_one' build argument 'cmake_clean_first' from command line to 'False'
[0.189s] Level 5:colcon.colcon_core.verb:set package 'articubot_one' build argument 'cmake_force_configure' from command line to 'False'
[0.189s] Level 5:colcon.colcon_core.verb:set package 'articubot_one' build argument 'ament_cmake_args' from command line to 'None'
[0.189s] Level 5:colcon.colcon_core.verb:set package 'articubot_one' build argument 'catkin_cmake_args' from command line to 'None'
[0.189s] Level 5:colcon.colcon_core.verb:set package 'articubot_one' build argument 'catkin_skip_building_tests' from command line to 'False'
[0.189s] DEBUG:colcon.colcon_core.verb:Building package 'articubot_one' with the following arguments: {'ament_cmake_args': None, 'build_base': '/home/houndsito/vt-cro/robogamescode/car_ws/build/articubot_one', 'catkin_cmake_args': None, 'catkin_skip_building_tests': False, 'cmake_args': None, 'cmake_clean_cache': False, 'cmake_clean_first': False, 'cmake_force_configure': False, 'cmake_target': None, 'cmake_target_skip_unavailable': False, 'install_base': '/home/houndsito/vt-cro/robogamescode/car_ws/install/articubot_one', 'merge_install': False, 'path': '/home/houndsito/vt-cro/robogamescode/car_ws/src/articubot_one', 'symlink_install': False, 'test_result_base': None}
[0.189s] Level 5:colcon.colcon_core.verb:set package 'mini_car_bot' build argument 'cmake_args' from command line to 'None'
[0.189s] Level 5:colcon.colcon_core.verb:set package 'mini_car_bot' build argument 'cmake_target' from command line to 'None'
[0.189s] Level 5:colcon.colcon_core.verb:set package 'mini_car_bot' build argument 'cmake_target_skip_unavailable' from command line to 'False'
[0.189s] Level 5:colcon.colcon_core.verb:set package 'mini_car_bot' build argument 'cmake_clean_cache' from command line to 'False'
[0.189s] Level 5:colcon.colcon_core.verb:set package 'mini_car_bot' build argument 'cmake_clean_first' from command line to 'False'
[0.189s] Level 5:colcon.colcon_core.verb:set package 'mini_car_bot' build argument 'cmake_force_configure' from command line to 'False'
[0.189s] Level 5:colcon.colcon_core.verb:set package 'mini_car_bot' build argument 'ament_cmake_args' from command line to 'None'
[0.189s] Level 5:colcon.colcon_core.verb:set package 'mini_car_bot' build argument 'catkin_cmake_args' from command line to 'None'
[0.189s] Level 5:colcon.colcon_core.verb:set package 'mini_car_bot' build argument 'catkin_skip_building_tests' from command line to 'False'
[0.189s] DEBUG:colcon.colcon_core.verb:Building package 'mini_car_bot' with the following arguments: {'ament_cmake_args': None, 'build_base': '/home/houndsito/vt-cro/robogamescode/car_ws/build/mini_car_bot', 'catkin_cmake_args': None, 'catkin_skip_building_tests': False, 'cmake_args': None, 'cmake_clean_cache': False, 'cmake_clean_first': False, 'cmake_force_configure': False, 'cmake_target': None, 'cmake_target_skip_unavailable': False, 'install_base': '/home/houndsito/vt-cro/robogamescode/car_ws/install/mini_car_bot', 'merge_install': False, 'path': '/home/houndsito/vt-cro/robogamescode/car_ws/src/mini_car_bot', 'symlink_install': False, 'test_result_base': None}
[0.189s] INFO:colcon.colcon_core.executor:Executing jobs using 'parallel' executor
[0.190s] DEBUG:colcon.colcon_parallel_executor.executor.parallel:run_until_complete
[0.190s] INFO:colcon.colcon_ros.task.ament_cmake.build:Building ROS package in '/home/houndsito/vt-cro/robogamescode/car_ws/src/articubot_one' with build type 'ament_cmake'
[0.190s] INFO:colcon.colcon_cmake.task.cmake.build:Building CMake package in '/home/houndsito/vt-cro/robogamescode/car_ws/src/articubot_one'
[0.192s] INFO:colcon.colcon_core.plugin_system:Skipping extension 'colcon_core.shell.bat': Not used on non-Windows systems
[0.192s] INFO:colcon.colcon_core.shell:Skip shell extension 'powershell' for command environment: Not usable outside of PowerShell
[0.192s] DEBUG:colcon.colcon_core.shell:Skip shell extension 'dsv' for command environment
[0.195s] INFO:colcon.colcon_ros.task.ament_cmake.build:Building ROS package in '/home/houndsito/vt-cro/robogamescode/car_ws/src/mini_car_bot' with build type 'ament_cmake'
[0.195s] INFO:colcon.colcon_cmake.task.cmake.build:Building CMake package in '/home/houndsito/vt-cro/robogamescode/car_ws/src/mini_car_bot'
[0.195s] INFO:colcon.colcon_core.shell:Skip shell extension 'powershell' for command environment: Not usable outside of PowerShell
[0.195s] DEBUG:colcon.colcon_core.shell:Skip shell extension 'dsv' for command environment
[0.201s] DEBUG:colcon.colcon_core.event_handler.log_command:Invoking command in '/home/houndsito/vt-cro/robogamescode/car_ws/build/articubot_one': CMAKE_PREFIX_PATH=${CMAKE_PREFIX_PATH}:/opt/ros/jazzy DEBUGINFOD_URLS=https://debuginfod.ubuntu.com /usr/bin/cmake /home/houndsito/vt-cro/robogamescode/car_ws/src/articubot_one -DCMAKE_INSTALL_PREFIX=/home/houndsito/vt-cro/robogamescode/car_ws/install/articubot_one
[0.203s] DEBUG:colcon.colcon_core.event_handler.log_command:Invoking command in '/home/houndsito/vt-cro/robogamescode/car_ws/build/mini_car_bot': CMAKE_PREFIX_PATH=${CMAKE_PREFIX_PATH}:/opt/ros/jazzy DEBUGINFOD_URLS=https://debuginfod.ubuntu.com /usr/bin/cmake /home/houndsito/vt-cro/robogamescode/car_ws/src/mini_car_bot -DCMAKE_INSTALL_PREFIX=/home/houndsito/vt-cro/robogamescode/car_ws/install/mini_car_bot
[0.890s] DEBUG:colcon.colcon_core.event_handler.log_command:Invoked command in '/home/houndsito/vt-cro/robogamescode/car_ws/build/mini_car_bot' returned '0': CMAKE_PREFIX_PATH=${CMAKE_PREFIX_PATH}:/opt/ros/jazzy DEBUGINFOD_URLS=https://debuginfod.ubuntu.com /usr/bin/cmake /home/houndsito/vt-cro/robogamescode/car_ws/src/mini_car_bot -DCMAKE_INSTALL_PREFIX=/home/houndsito/vt-cro/robogamescode/car_ws/install/mini_car_bot
[0.892s] DEBUG:colcon.colcon_core.event_handler.log_command:Invoking command in '/home/houndsito/vt-cro/robogamescode/car_ws/build/mini_car_bot': CMAKE_PREFIX_PATH=${CMAKE_PREFIX_PATH}:/opt/ros/jazzy DEBUGINFOD_URLS=https://debuginfod.ubuntu.com /usr/bin/cmake --build /home/houndsito/vt-cro/robogamescode/car_ws/build/mini_car_bot -- -j16 -l16
[0.935s] DEBUG:colcon.colcon_core.event_handler.log_command:Invoked command in '/home/houndsito/vt-cro/robogamescode/car_ws/build/mini_car_bot' returned '0': CMAKE_PREFIX_PATH=${CMAKE_PREFIX_PATH}:/opt/ros/jazzy DEBUGINFOD_URLS=https://debuginfod.ubuntu.com /usr/bin/cmake --build /home/houndsito/vt-cro/robogamescode/car_ws/build/mini_car_bot -- -j16 -l16
[0.946s] DEBUG:colcon.colcon_core.event_handler.log_command:Invoking command in '/home/houndsito/vt-cro/robogamescode/car_ws/build/mini_car_bot': CMAKE_PREFIX_PATH=${CMAKE_PREFIX_PATH}:/opt/ros/jazzy DEBUGINFOD_URLS=https://debuginfod.ubuntu.com /usr/bin/cmake --install /home/houndsito/vt-cro/robogamescode/car_ws/build/mini_car_bot
[0.965s] Level 1:colcon.colcon_core.environment:create_environment_scripts_only(mini_car_bot)
[0.966s] DEBUG:colcon.colcon_core.event_handler.log_command:Invoked command in '/home/houndsito/vt-cro/robogamescode/car_ws/build/mini_car_bot' returned '0': CMAKE_PREFIX_PATH=${CMAKE_PREFIX_PATH}:/opt/ros/jazzy DEBUGINFOD_URLS=https://debuginfod.ubuntu.com /usr/bin/cmake --install /home/houndsito/vt-cro/robogamescode/car_ws/build/mini_car_bot
[0.967s] Level 1:colcon.colcon_core.environment:checking '/home/houndsito/vt-cro/robogamescode/car_ws/install/mini_car_bot' for CMake module files
[0.967s] Level 1:colcon.colcon_core.environment:checking '/home/houndsito/vt-cro/robogamescode/car_ws/install/mini_car_bot' for CMake config files
[0.968s] Level 1:colcon.colcon_core.shell:create_environment_hook('mini_car_bot', 'cmake_prefix_path')
[0.968s] INFO:colcon.colcon_core.shell:Creating environment hook '/home/houndsito/vt-cro/robogamescode/car_ws/install/mini_car_bot/share/mini_car_bot/hook/cmake_prefix_path.ps1'
[0.968s] INFO:colcon.colcon_core.shell:Creating environment descriptor '/home/houndsito/vt-cro/robogamescode/car_ws/install/mini_car_bot/share/mini_car_bot/hook/cmake_prefix_path.dsv'
[0.968s] INFO:colcon.colcon_core.shell:Creating environment hook '/home/houndsito/vt-cro/robogamescode/car_ws/install/mini_car_bot/share/mini_car_bot/hook/cmake_prefix_path.sh'
[0.969s] Level 1:colcon.colcon_core.environment:checking '/home/houndsito/vt-cro/robogamescode/car_ws/install/mini_car_bot/bin'
[0.969s] Level 1:colcon.colcon_core.environment:checking '/home/houndsito/vt-cro/robogamescode/car_ws/install/mini_car_bot/lib/pkgconfig/mini_car_bot.pc'
[0.969s] Level 1:colcon.colcon_core.environment:checking '/home/houndsito/vt-cro/robogamescode/car_ws/install/mini_car_bot/lib/python3.12/site-packages'
[0.969s] Level 1:colcon.colcon_core.environment:checking '/home/houndsito/vt-cro/robogamescode/car_ws/install/mini_car_bot/bin'
[0.969s] INFO:colcon.colcon_core.shell:Creating package script '/home/houndsito/vt-cro/robogamescode/car_ws/install/mini_car_bot/share/mini_car_bot/package.ps1'
[0.970s] INFO:colcon.colcon_core.shell:Creating package descriptor '/home/houndsito/vt-cro/robogamescode/car_ws/install/mini_car_bot/share/mini_car_bot/package.dsv'
[0.970s] INFO:colcon.colcon_core.shell:Creating package script '/home/houndsito/vt-cro/robogamescode/car_ws/install/mini_car_bot/share/mini_car_bot/package.sh'
[0.970s] INFO:colcon.colcon_core.shell:Creating package script '/home/houndsito/vt-cro/robogamescode/car_ws/install/mini_car_bot/share/mini_car_bot/package.bash'
[0.971s] INFO:colcon.colcon_core.shell:Creating package script '/home/houndsito/vt-cro/robogamescode/car_ws/install/mini_car_bot/share/mini_car_bot/package.zsh'
[0.971s] Level 1:colcon.colcon_core.environment:create_file_with_runtime_dependencies(/home/houndsito/vt-cro/robogamescode/car_ws/install/mini_car_bot/share/colcon-core/packages/mini_car_bot)
[0.971s] Level 1:colcon.colcon_core.environment:create_environment_scripts_only(mini_car_bot)
[0.972s] Level 1:colcon.colcon_core.environment:checking '/home/houndsito/vt-cro/robogamescode/car_ws/install/mini_car_bot' for CMake module files
[0.972s] Level 1:colcon.colcon_core.environment:checking '/home/houndsito/vt-cro/robogamescode/car_ws/install/mini_car_bot' for CMake config files
[0.972s] Level 1:colcon.colcon_core.shell:create_environment_hook('mini_car_bot', 'cmake_prefix_path')
[0.972s] INFO:colcon.colcon_core.shell:Creating environment hook '/home/houndsito/vt-cro/robogamescode/car_ws/install/mini_car_bot/share/mini_car_bot/hook/cmake_prefix_path.ps1'
[0.972s] INFO:colcon.colcon_core.shell:Creating environment descriptor '/home/houndsito/vt-cro/robogamescode/car_ws/install/mini_car_bot/share/mini_car_bot/hook/cmake_prefix_path.dsv'
[0.973s] INFO:colcon.colcon_core.shell:Creating environment hook '/home/houndsito/vt-cro/robogamescode/car_ws/install/mini_car_bot/share/mini_car_bot/hook/cmake_prefix_path.sh'
[0.973s] Level 1:colcon.colcon_core.environment:checking '/home/houndsito/vt-cro/robogamescode/car_ws/install/mini_car_bot/bin'
[0.973s] Level 1:colcon.colcon_core.environment:checking '/home/houndsito/vt-cro/robogamescode/car_ws/install/mini_car_bot/lib/pkgconfig/mini_car_bot.pc'
[0.973s] Level 1:colcon.colcon_core.environment:checking '/home/houndsito/vt-cro/robogamescode/car_ws/install/mini_car_bot/lib/python3.12/site-packages'
[0.973s] Level 1:colcon.colcon_core.environment:checking '/home/houndsito/vt-cro/robogamescode/car_ws/install/mini_car_bot/bin'
[0.973s] INFO:colcon.colcon_core.shell:Creating package script '/home/houndsito/vt-cro/robogamescode/car_ws/install/mini_car_bot/share/mini_car_bot/package.ps1'
[0.974s] INFO:colcon.colcon_core.shell:Creating package descriptor '/home/houndsito/vt-cro/robogamescode/car_ws/install/mini_car_bot/share/mini_car_bot/package.dsv'
[0.974s] INFO:colcon.colcon_core.shell:Creating package script '/home/houndsito/vt-cro/robogamescode/car_ws/install/mini_car_bot/share/mini_car_bot/package.sh'
[0.974s] INFO:colcon.colcon_core.shell:Creating package script '/home/houndsito/vt-cro/robogamescode/car_ws/install/mini_car_bot/share/mini_car_bot/package.bash'
[0.974s] INFO:colcon.colcon_core.shell:Creating package script '/home/houndsito/vt-cro/robogamescode/car_ws/install/mini_car_bot/share/mini_car_bot/package.zsh'
[0.975s] Level 1:colcon.colcon_core.environment:create_file_with_runtime_dependencies(/home/houndsito/vt-cro/robogamescode/car_ws/install/mini_car_bot/share/colcon-core/packages/mini_car_bot)
[1.412s] DEBUG:colcon.colcon_core.event_handler.log_command:Invoked command in '/home/houndsito/vt-cro/robogamescode/car_ws/build/articubot_one' returned '0': CMAKE_PREFIX_PATH=${CMAKE_PREFIX_PATH}:/opt/ros/jazzy DEBUGINFOD_URLS=https://debuginfod.ubuntu.com /usr/bin/cmake /home/houndsito/vt-cro/robogamescode/car_ws/src/articubot_one -DCMAKE_INSTALL_PREFIX=/home/houndsito/vt-cro/robogamescode/car_ws/install/articubot_one
[1.413s] DEBUG:colcon.colcon_core.event_handler.log_command:Invoking command in '/home/houndsito/vt-cro/robogamescode/car_ws/build/articubot_one': CMAKE_PREFIX_PATH=${CMAKE_PREFIX_PATH}:/opt/ros/jazzy DEBUGINFOD_URLS=https://debuginfod.ubuntu.com /usr/bin/cmake --build /home/houndsito/vt-cro/robogamescode/car_ws/build/articubot_one -- -j16 -l16
[1.459s] DEBUG:colcon.colcon_core.event_handler.log_command:Invoked command in '/home/houndsito/vt-cro/robogamescode/car_ws/build/articubot_one' returned '0': CMAKE_PREFIX_PATH=${CMAKE_PREFIX_PATH}:/opt/ros/jazzy DEBUGINFOD_URLS=https://debuginfod.ubuntu.com /usr/bin/cmake --build /home/houndsito/vt-cro/robogamescode/car_ws/build/articubot_one -- -j16 -l16
[1.460s] DEBUG:colcon.colcon_core.event_handler.log_command:Invoking command in '/home/houndsito/vt-cro/robogamescode/car_ws/build/articubot_one': CMAKE_PREFIX_PATH=${CMAKE_PREFIX_PATH}:/opt/ros/jazzy DEBUGINFOD_URLS=https://debuginfod.ubuntu.com /usr/bin/cmake --install /home/houndsito/vt-cro/robogamescode/car_ws/build/articubot_one
[1.486s] Level 1:colcon.colcon_core.environment:create_environment_scripts_only(articubot_one)
[1.486s] DEBUG:colcon.colcon_core.event_handler.log_command:Invoked command in '/home/houndsito/vt-cro/robogamescode/car_ws/build/articubot_one' returned '0': CMAKE_PREFIX_PATH=${CMAKE_PREFIX_PATH}:/opt/ros/jazzy DEBUGINFOD_URLS=https://debuginfod.ubuntu.com /usr/bin/cmake --install /home/houndsito/vt-cro/robogamescode/car_ws/build/articubot_one
[1.486s] Level 1:colcon.colcon_core.environment:checking '/home/houndsito/vt-cro/robogamescode/car_ws/install/articubot_one' for CMake module files
[1.487s] Level 1:colcon.colcon_core.environment:checking '/home/houndsito/vt-cro/robogamescode/car_ws/install/articubot_one' for CMake config files
[1.487s] Level 1:colcon.colcon_core.shell:create_environment_hook('articubot_one', 'cmake_prefix_path')
[1.487s] INFO:colcon.colcon_core.shell:Creating environment hook '/home/houndsito/vt-cro/robogamescode/car_ws/install/articubot_one/share/articubot_one/hook/cmake_prefix_path.ps1'
[1.487s] INFO:colcon.colcon_core.shell:Creating environment descriptor '/home/houndsito/vt-cro/robogamescode/car_ws/install/articubot_one/share/articubot_one/hook/cmake_prefix_path.dsv'
[1.488s] INFO:colcon.colcon_core.shell:Creating environment hook '/home/houndsito/vt-cro/robogamescode/car_ws/install/articubot_one/share/articubot_one/hook/cmake_prefix_path.sh'
[1.488s] Level 1:colcon.colcon_core.environment:checking '/home/houndsito/vt-cro/robogamescode/car_ws/install/articubot_one/lib'
[1.488s] Level 1:colcon.colcon_core.environment:checking '/home/houndsito/vt-cro/robogamescode/car_ws/install/articubot_one/bin'
[1.488s] Level 1:colcon.colcon_core.environment:checking '/home/houndsito/vt-cro/robogamescode/car_ws/install/articubot_one/lib/pkgconfig/articubot_one.pc'
[1.488s] Level 1:colcon.colcon_core.environment:checking '/home/houndsito/vt-cro/robogamescode/car_ws/install/articubot_one/lib/python3.12/site-packages'
[1.489s] Level 1:colcon.colcon_core.environment:checking '/home/houndsito/vt-cro/robogamescode/car_ws/install/articubot_one/bin'
[1.489s] INFO:colcon.colcon_core.shell:Creating package script '/home/houndsito/vt-cro/robogamescode/car_ws/install/articubot_one/share/articubot_one/package.ps1'
[1.489s] INFO:colcon.colcon_core.shell:Creating package descriptor '/home/houndsito/vt-cro/robogamescode/car_ws/install/articubot_one/share/articubot_one/package.dsv'
[1.489s] INFO:colcon.colcon_core.shell:Creating package script '/home/houndsito/vt-cro/robogamescode/car_ws/install/articubot_one/share/articubot_one/package.sh'
[1.489s] INFO:colcon.colcon_core.shell:Creating package script '/home/houndsito/vt-cro/robogamescode/car_ws/install/articubot_one/share/articubot_one/package.bash'
[1.490s] INFO:colcon.colcon_core.shell:Creating package script '/home/houndsito/vt-cro/robogamescode/car_ws/install/articubot_one/share/articubot_one/package.zsh'
[1.490s] Level 1:colcon.colcon_core.environment:create_file_with_runtime_dependencies(/home/houndsito/vt-cro/robogamescode/car_ws/install/articubot_one/share/colcon-core/packages/articubot_one)
[1.490s] Level 1:colcon.colcon_core.environment:create_environment_scripts_only(articubot_one)
[1.490s] Level 1:colcon.colcon_core.environment:checking '/home/houndsito/vt-cro/robogamescode/car_ws/install/articubot_one' for CMake module files
[1.491s] Level 1:colcon.colcon_core.environment:checking '/home/houndsito/vt-cro/robogamescode/car_ws/install/articubot_one' for CMake config files
[1.491s] Level 1:colcon.colcon_core.shell:create_environment_hook('articubot_one', 'cmake_prefix_path')
[1.491s] INFO:colcon.colcon_core.shell:Creating environment hook '/home/houndsito/vt-cro/robogamescode/car_ws/install/articubot_one/share/articubot_one/hook/cmake_prefix_path.ps1'
[1.491s] INFO:colcon.colcon_core.shell:Creating environment descriptor '/home/houndsito/vt-cro/robogamescode/car_ws/install/articubot_one/share/articubot_one/hook/cmake_prefix_path.dsv'
[1.492s] INFO:colcon.colcon_core.shell:Creating environment hook '/home/houndsito/vt-cro/robogamescode/car_ws/install/articubot_one/share/articubot_one/hook/cmake_prefix_path.sh'
[1.492s] Level 1:colcon.colcon_core.environment:checking '/home/houndsito/vt-cro/robogamescode/car_ws/install/articubot_one/lib'
[1.492s] Level 1:colcon.colcon_core.environment:checking '/home/houndsito/vt-cro/robogamescode/car_ws/install/articubot_one/bin'
[1.492s] Level 1:colcon.colcon_core.environment:checking '/home/houndsito/vt-cro/robogamescode/car_ws/install/articubot_one/lib/pkgconfig/articubot_one.pc'
[1.492s] Level 1:colcon.colcon_core.environment:checking '/home/houndsito/vt-cro/robogamescode/car_ws/install/articubot_one/lib/python3.12/site-packages'
[1.492s] Level 1:colcon.colcon_core.environment:checking '/home/houndsito/vt-cro/robogamescode/car_ws/install/articubot_one/bin'
[1.492s] INFO:colcon.colcon_core.shell:Creating package script '/home/houndsito/vt-cro/robogamescode/car_ws/install/articubot_one/share/articubot_one/package.ps1'
[1.493s] INFO:colcon.colcon_core.shell:Creating package descriptor '/home/houndsito/vt-cro/robogamescode/car_ws/install/articubot_one/share/articubot_one/package.dsv'
[1.493s] INFO:colcon.colcon_core.shell:Creating package script '/home/houndsito/vt-cro/robogamescode/car_ws/install/articubot_one/share/articubot_one/package.sh'
[1.493s] INFO:colcon.colcon_core.shell:Creating package script '/home/houndsito/vt-cro/robogamescode/car_ws/install/articubot_one/share/articubot_one/package.bash'
[1.493s] INFO:colcon.colcon_core.shell:Creating package script '/home/houndsito/vt-cro/robogamescode/car_ws/install/articubot_one/share/articubot_one/package.zsh'
[1.494s] Level 1:colcon.colcon_core.environment:create_file_with_runtime_dependencies(/home/houndsito/vt-cro/robogamescode/car_ws/install/articubot_one/share/colcon-core/packages/articubot_one)
[1.494s] DEBUG:colcon.colcon_parallel_executor.executor.parallel:closing loop
[1.494s] DEBUG:colcon.colcon_parallel_executor.executor.parallel:loop closed
[1.494s] DEBUG:colcon.colcon_parallel_executor.executor.parallel:run_until_complete finished with '0'
[1.494s] DEBUG:colcon.colcon_core.event_reactor:joining thread
[1.499s] INFO:colcon.colcon_core.plugin_system:Skipping extension 'colcon_notification.desktop_notification.terminal_notifier': Not used on non-Darwin systems
[1.499s] INFO:colcon.colcon_core.plugin_system:Skipping extension 'colcon_notification.desktop_notification.win32': Not used on non-Windows systems
[1.499s] INFO:colcon.colcon_notification.desktop_notification:Sending desktop notification using 'notify2'
[1.510s] DEBUG:colcon.colcon_core.event_reactor:joined thread
[1.510s] INFO:colcon.colcon_core.shell:Creating prefix script '/home/houndsito/vt-cro/robogamescode/car_ws/install/local_setup.ps1'
[1.511s] INFO:colcon.colcon_core.shell:Creating prefix util module '/home/houndsito/vt-cro/robogamescode/car_ws/install/_local_setup_util_ps1.py'
[1.512s] INFO:colcon.colcon_core.shell:Creating prefix chain script '/home/houndsito/vt-cro/robogamescode/car_ws/install/setup.ps1'
[1.512s] INFO:colcon.colcon_core.shell:Creating prefix script '/home/houndsito/vt-cro/robogamescode/car_ws/install/local_setup.sh'
[1.513s] INFO:colcon.colcon_core.shell:Creating prefix util module '/home/houndsito/vt-cro/robogamescode/car_ws/install/_local_setup_util_sh.py'
[1.513s] INFO:colcon.colcon_core.shell:Creating prefix chain script '/home/houndsito/vt-cro/robogamescode/car_ws/install/setup.sh'
[1.514s] INFO:colcon.colcon_core.shell:Creating prefix script '/home/houndsito/vt-cro/robogamescode/car_ws/install/local_setup.bash'
[1.514s] INFO:colcon.colcon_core.shell:Creating prefix chain script '/home/houndsito/vt-cro/robogamescode/car_ws/install/setup.bash'
[1.514s] INFO:colcon.colcon_core.shell:Creating prefix script '/home/houndsito/vt-cro/robogamescode/car_ws/install/local_setup.zsh'
[1.515s] INFO:colcon.colcon_core.shell:Creating prefix chain script '/home/houndsito/vt-cro/robogamescode/car_ws/install/setup.zsh'
