[0.000000] (-) TimerEvent: {}
[0.000250] (articubot_one) JobQueued: {'identifier': 'articubot_one', 'dependencies': OrderedDict()}
[0.000328] (articubot_one) JobStarted: {'identifier': 'articubot_one'}
[0.006805] (articubot_one) JobProgress: {'identifier': 'articubot_one', 'progress': 'cmake'}
[0.007193] (articubot_one) Command: {'cmd': ['/usr/bin/cmake', '/home/houndsito/vt-cro/robogamescode/car_ws/src/articubot_one', '-DCMAKE_INSTALL_PREFIX=/home/houndsito/vt-cro/robogamescode/car_ws/install/articubot_one'], 'cwd': '/home/houndsito/vt-cro/robogamescode/car_ws/build/articubot_one', 'env': OrderedDict({'USER': 'houndsito', 'GZ_CONFIG_PATH': '/opt/ros/jazzy/opt/gz_launch_vendor/share/gz:/opt/ros/jazzy/opt/gz_sim_vendor/share/gz:/opt/ros/jazzy/opt/sdformat_vendor/share/gz:/opt/ros/jazzy/opt/gz_gui_vendor/share/gz:/opt/ros/jazzy/opt/gz_transport_vendor/share/gz:/opt/ros/jazzy/opt/gz_rendering_vendor/share/gz:/opt/ros/jazzy/opt/gz_plugin_vendor/share/gz:/opt/ros/jazzy/opt/gz_fuel_tools_vendor/share/gz:/opt/ros/jazzy/opt/gz_msgs_vendor/share/gz:/opt/ros/jazzy/opt/gz_common_vendor/share/gz', 'XDG_SESSION_TYPE': 'x11', 'SHLVL': '2', 'LD_LIBRARY_PATH': '/opt/ros/jazzy/opt/gz_launch_vendor/lib:/opt/ros/jazzy/opt/gz_sim_vendor/lib:/opt/ros/jazzy/opt/gz_sensors_vendor/lib:/opt/ros/jazzy/opt/gz_physics_vendor/lib:/opt/ros/jazzy/opt/sdformat_vendor/lib:/opt/ros/jazzy/opt/rviz_ogre_vendor/lib:/opt/ros/jazzy/lib/x86_64-linux-gnu:/opt/ros/jazzy/opt/gz_gui_vendor/lib:/opt/ros/jazzy/opt/gz_transport_vendor/lib:/opt/ros/jazzy/opt/gz_rendering_vendor/lib:/opt/ros/jazzy/opt/gz_plugin_vendor/lib:/opt/ros/jazzy/opt/gz_fuel_tools_vendor/lib:/opt/ros/jazzy/opt/gz_msgs_vendor/lib:/opt/ros/jazzy/opt/gz_common_vendor/lib:/opt/ros/jazzy/opt/gz_math_vendor/lib:/opt/ros/jazzy/opt/gz_utils_vendor/lib:/opt/ros/jazzy/opt/gz_tools_vendor/lib:/opt/ros/jazzy/opt/gz_ogre_next_vendor/lib:/opt/ros/jazzy/opt/gz_dartsim_vendor/lib:/opt/ros/jazzy/opt/gz_cmake_vendor/lib:/opt/ros/jazzy/lib', 'HOME': '/home/houndsito', 'TERMINFO': '/usr/lib/kitty/terminfo', 'DESKTOP_SESSION': 'ubuntu', 'KITTY_INSTALLATION_DIR': '/usr/lib/kitty', 'ROS_PYTHON_VERSION': '3', 'GNOME_SHELL_SESSION_MODE': 'ubuntu', 'GTK_MODULES': 'gail:atk-bridge', 'KITTY_PID': '4728', 'MANAGERPID': '2166', 'SYSTEMD_EXEC_PID': '2790', 'GSM_SKIP_SSH_AGENT_WORKAROUND': 'true', 'DBUS_SESSION_BUS_ADDRESS': 'unix:path=/run/user/1000/bus', 'COLORTERM': 'truecolor', 'GIO_LAUNCHED_DESKTOP_FILE_PID': '4728', 'GNOME_KEYRING_CONTROL': '/run/user/1000/keyring', 'DEBUGINFOD_URLS': 'https://debuginfod.ubuntu.com', 'OMF_PATH': '/home/houndsito/.local/share/omf', 'ROS_DISTRO': 'jazzy', 'LOGNAME': 'houndsito', 'WINDOWID': '33554443', 'JOURNAL_STREAM': '9:18176', '_': '/usr/bin/colcon', 'ROS_VERSION': '2', 'MEMORY_PRESSURE_WATCH': '/sys/fs/cgroup/user.slice/user-1000.slice/user@1000.service/session.slice/org.gnome.SettingsDaemon.MediaKeys.service/memory.pressure', 'XDG_SESSION_CLASS': 'user', 'KITTY_PUBLIC_KEY': '1:u1ABSC0MCh9Rx{u8(g3G`@^?e(7$oM=w-d9WG@5@', 'USERNAME': 'houndsito', 'TERM': 'xterm-kitty', 'GNOME_DESKTOP_SESSION_ID': 'this-is-deprecated', 'WINDOWPATH': '2', 'PATH': '/opt/ros/jazzy/opt/gz_msgs_vendor/bin:/opt/ros/jazzy/opt/gz_tools_vendor/bin:/opt/ros/jazzy/opt/gz_ogre_next_vendor/bin:/opt/ros/jazzy/bin:/home/houndsito/.local/bin:/home/houndsito/bin:/usr/local/sbin:/usr/local/bin:/usr/sbin:/usr/bin:/sbin:/bin:/usr/games:/usr/local/games:/snap/bin:/snap/bin', 'SESSION_MANAGER': 'local/DPM:@/tmp/.ICE-unix/2576,unix/DPM:/tmp/.ICE-unix/2576', 'INVOCATION_ID': '6596b5b582f24a22b9cf639bc6a88918', 'XDG_MENU_PREFIX': 'gnome-', 'XDG_RUNTIME_DIR': '/run/user/1000', 'DISPLAY': ':1', 'LANG': 'en_US.UTF-8', 'XDG_CURRENT_DESKTOP': 'ubuntu:GNOME', 'XMODIFIERS': '@im=ibus', 'XDG_SESSION_DESKTOP': 'ubuntu', 'XAUTHORITY': '/run/user/1000/gdm/Xauthority', 'SSH_AUTH_SOCK': '/run/user/1000/keyring/ssh', 'AMENT_PREFIX_PATH': '/opt/ros/jazzy', 'SHELL': '/usr/bin/fish', 'QT_ACCESSIBILITY': '1', 'GDMSESSION': 'ubuntu', 'KITTY_WINDOW_ID': '1', 'GPG_AGENT_INFO': '/run/user/1000/gnupg/S.gpg-agent:0:1', 'ROS_AUTOMATIC_DISCOVERY_RANGE': 'SUBNET', 'QT_IM_MODULE': 'ibus', 'PWD': '/home/houndsito/vt-cro/robogamescode/car_ws/build/articubot_one', 'LC_ALL': 'en_US.UTF-8', 'XDG_CONFIG_DIRS': '/etc/xdg/xdg-ubuntu:/etc/xdg', 'XDG_DATA_DIRS': '/usr/share/ubuntu:/usr/share/gnome:/usr/local/share/:/usr/share/:/var/lib/snapd/desktop', 'OMF_CONFIG': '/home/houndsito/.config/omf', 'PYTHONPATH': '/opt/ros/jazzy/lib/python3.12/site-packages', 'COLCON': '1', 'MEMORY_PRESSURE_WRITE': 'c29tZSAyMDAwMDAgMjAwMDAwMAA=', 'CMAKE_PREFIX_PATH': '/opt/ros/jazzy/opt/gz_launch_vendor:/opt/ros/jazzy/opt/gz_sim_vendor:/opt/ros/jazzy/opt/gz_sensors_vendor:/opt/ros/jazzy/opt/gz_physics_vendor:/opt/ros/jazzy/opt/sdformat_vendor:/opt/ros/jazzy/opt/gz_gui_vendor:/opt/ros/jazzy/opt/gz_transport_vendor:/opt/ros/jazzy/opt/gz_rendering_vendor:/opt/ros/jazzy/opt/gz_plugin_vendor:/opt/ros/jazzy/opt/gz_fuel_tools_vendor:/opt/ros/jazzy/opt/gz_msgs_vendor:/opt/ros/jazzy/opt/gz_common_vendor:/opt/ros/jazzy/opt/gz_math_vendor:/opt/ros/jazzy/opt/gz_utils_vendor:/opt/ros/jazzy/opt/gz_tools_vendor:/opt/ros/jazzy/opt/gz_ogre_next_vendor:/opt/ros/jazzy/opt/gz_dartsim_vendor:/opt/ros/jazzy/opt/gz_cmake_vendor:/opt/ros/jazzy'}), 'shell': False}
[0.058413] (articubot_one) StdoutLine: {'line': b'-- The C compiler identification is GNU 13.3.0\n'}
[0.099346] (-) TimerEvent: {}
[0.108528] (articubot_one) StdoutLine: {'line': b'-- The CXX compiler identification is GNU 13.3.0\n'}
[0.125641] (articubot_one) StdoutLine: {'line': b'-- Detecting C compiler ABI info\n'}
[0.199452] (-) TimerEvent: {}
[0.216263] (articubot_one) StdoutLine: {'line': b'-- Detecting C compiler ABI info - done\n'}
[0.223291] (articubot_one) StdoutLine: {'line': b'-- Check for working C compiler: /usr/bin/cc - skipped\n'}
[0.223482] (articubot_one) StdoutLine: {'line': b'-- Detecting C compile features\n'}
[0.223757] (articubot_one) StdoutLine: {'line': b'-- Detecting C compile features - done\n'}
[0.233148] (articubot_one) StdoutLine: {'line': b'-- Detecting CXX compiler ABI info\n'}
[0.299586] (-) TimerEvent: {}
[0.332360] (articubot_one) StdoutLine: {'line': b'-- Detecting CXX compiler ABI info - done\n'}
[0.339269] (articubot_one) StdoutLine: {'line': b'-- Check for working CXX compiler: /usr/bin/c++ - skipped\n'}
[0.339489] (articubot_one) StdoutLine: {'line': b'-- Detecting CXX compile features\n'}
[0.339824] (articubot_one) StdoutLine: {'line': b'-- Detecting CXX compile features - done\n'}
[0.344046] (articubot_one) StdoutLine: {'line': b'-- Found ament_cmake: 2.5.3 (/opt/ros/jazzy/share/ament_cmake/cmake)\n'}
[0.399701] (-) TimerEvent: {}
[0.476853] (articubot_one) StdoutLine: {'line': b'-- Found Python3: /usr/bin/python3 (found version "3.12.3") found components: Interpreter \n'}
[0.499819] (-) TimerEvent: {}
[0.582317] (articubot_one) StdoutLine: {'line': b'-- Found rclpy: 7.1.3 (/opt/ros/jazzy/share/rclpy/cmake)\n'}
[0.585456] (articubot_one) StdoutLine: {'line': b'-- Found sensor_msgs: 5.3.5 (/opt/ros/jazzy/share/sensor_msgs/cmake)\n'}
[0.600076] (-) TimerEvent: {}
[0.633695] (articubot_one) StdoutLine: {'line': b'-- Found rosidl_generator_c: 4.6.5 (/opt/ros/jazzy/share/rosidl_generator_c/cmake)\n'}
[0.649722] (articubot_one) StdoutLine: {'line': b'-- Found rosidl_generator_cpp: 4.6.5 (/opt/ros/jazzy/share/rosidl_generator_cpp/cmake)\n'}
[0.667357] (articubot_one) StdoutLine: {'line': b'-- Using all available rosidl_typesupport_c: rosidl_typesupport_fastrtps_c;rosidl_typesupport_introspection_c\n'}
[0.686486] (articubot_one) StdoutLine: {'line': b'-- Using all available rosidl_typesupport_cpp: rosidl_typesupport_fastrtps_cpp;rosidl_typesupport_introspection_cpp\n'}
[0.700119] (-) TimerEvent: {}
[0.765935] (articubot_one) StdoutLine: {'line': b'-- Found cv_bridge: 4.1.0 (/opt/ros/jazzy/share/cv_bridge/cmake)\n'}
[0.800222] (-) TimerEvent: {}
[0.829298] (articubot_one) StdoutLine: {'line': b'-- Found rmw_implementation_cmake: 7.3.1 (/opt/ros/jazzy/share/rmw_implementation_cmake/cmake)\n'}
[0.833416] (articubot_one) StdoutLine: {'line': b'-- Found rmw_fastrtps_cpp: 8.4.1 (/opt/ros/jazzy/share/rmw_fastrtps_cpp/cmake)\n'}
[0.900360] (-) TimerEvent: {}
[0.939582] (articubot_one) StdoutLine: {'line': b'-- Found OpenSSL: /usr/lib/x86_64-linux-gnu/libcrypto.so (found version "3.0.13")  \n'}
[0.959666] (articubot_one) StdoutLine: {'line': b'-- Found FastRTPS: /opt/ros/jazzy/include (Required is at least version "2.13") \n'}
[0.980298] (articubot_one) StdoutLine: {'line': b"-- Using RMW implementation 'rmw_fastrtps_cpp' as default\n"}
[1.000471] (-) TimerEvent: {}
[1.050927] (articubot_one) StdoutLine: {'line': b'-- Found image_transport: 5.1.5 (/opt/ros/jazzy/share/image_transport/cmake)\n'}
[1.083422] (articubot_one) StdoutLine: {'line': b'-- Found image_geometry: 4.1.0 (/opt/ros/jazzy/share/image_geometry/cmake)\n'}
[1.088293] (articubot_one) StdoutLine: {'line': b'-- Found ament_lint_auto: 0.17.1 (/opt/ros/jazzy/share/ament_lint_auto/cmake)\n'}
[1.100587] (-) TimerEvent: {}
[1.185611] (articubot_one) StdoutLine: {'line': b"-- Added test 'copyright' to check source files copyright and LICENSE\n"}
[1.190386] (articubot_one) StdoutLine: {'line': b"-- Added test 'cppcheck' to perform static code analysis on C / C++ code\n"}
[1.190552] (articubot_one) StdoutLine: {'line': b'-- Configured cppcheck include dirs: \n'}
[1.190664] (articubot_one) StdoutLine: {'line': b'-- Configured cppcheck exclude dirs and/or files: \n'}
[1.194550] (articubot_one) StdoutLine: {'line': b"-- Added test 'cpplint' to check C / C++ code against the Google style\n"}
[1.194718] (articubot_one) StdoutLine: {'line': b'-- Configured cpplint exclude dirs and/or files: \n'}
[1.195501] (articubot_one) StdoutLine: {'line': b"-- Added test 'flake8' to check Python code syntax and style conventions\n"}
[1.195668] (articubot_one) StdoutLine: {'line': b"-- Configured 'flake8' exclude dirs and/or files: \n"}
[1.196946] (articubot_one) StdoutLine: {'line': b"-- Added test 'lint_cmake' to check CMake code style\n"}
[1.197984] (articubot_one) StdoutLine: {'line': b"-- Added test 'pep257' to check Python code against some of the docstring style conventions in PEP 257\n"}
[1.200689] (-) TimerEvent: {}
[1.202226] (articubot_one) StdoutLine: {'line': b"-- Added test 'uncrustify' to check C / C++ code style\n"}
[1.202393] (articubot_one) StdoutLine: {'line': b'-- Configured uncrustify additional arguments: \n'}
[1.203287] (articubot_one) StdoutLine: {'line': b"-- Added test 'xmllint' to check XML markup files\n"}
[1.204927] (articubot_one) StdoutLine: {'line': b'-- Configuring done (1.2s)\n'}
[1.211006] (articubot_one) StdoutLine: {'line': b'-- Generating done (0.0s)\n'}
[1.213122] (articubot_one) StdoutLine: {'line': b'-- Build files have been written to: /home/houndsito/vt-cro/robogamescode/car_ws/build/articubot_one\n'}
[1.222632] (articubot_one) CommandEnded: {'returncode': 0}
[1.223316] (articubot_one) JobProgress: {'identifier': 'articubot_one', 'progress': 'build'}
[1.223838] (articubot_one) Command: {'cmd': ['/usr/bin/cmake', '--build', '/home/houndsito/vt-cro/robogamescode/car_ws/build/articubot_one', '--', '-j16', '-l16'], 'cwd': '/home/houndsito/vt-cro/robogamescode/car_ws/build/articubot_one', 'env': OrderedDict({'USER': 'houndsito', 'GZ_CONFIG_PATH': '/opt/ros/jazzy/opt/gz_launch_vendor/share/gz:/opt/ros/jazzy/opt/gz_sim_vendor/share/gz:/opt/ros/jazzy/opt/sdformat_vendor/share/gz:/opt/ros/jazzy/opt/gz_gui_vendor/share/gz:/opt/ros/jazzy/opt/gz_transport_vendor/share/gz:/opt/ros/jazzy/opt/gz_rendering_vendor/share/gz:/opt/ros/jazzy/opt/gz_plugin_vendor/share/gz:/opt/ros/jazzy/opt/gz_fuel_tools_vendor/share/gz:/opt/ros/jazzy/opt/gz_msgs_vendor/share/gz:/opt/ros/jazzy/opt/gz_common_vendor/share/gz', 'XDG_SESSION_TYPE': 'x11', 'SHLVL': '2', 'LD_LIBRARY_PATH': '/opt/ros/jazzy/opt/gz_launch_vendor/lib:/opt/ros/jazzy/opt/gz_sim_vendor/lib:/opt/ros/jazzy/opt/gz_sensors_vendor/lib:/opt/ros/jazzy/opt/gz_physics_vendor/lib:/opt/ros/jazzy/opt/sdformat_vendor/lib:/opt/ros/jazzy/opt/rviz_ogre_vendor/lib:/opt/ros/jazzy/lib/x86_64-linux-gnu:/opt/ros/jazzy/opt/gz_gui_vendor/lib:/opt/ros/jazzy/opt/gz_transport_vendor/lib:/opt/ros/jazzy/opt/gz_rendering_vendor/lib:/opt/ros/jazzy/opt/gz_plugin_vendor/lib:/opt/ros/jazzy/opt/gz_fuel_tools_vendor/lib:/opt/ros/jazzy/opt/gz_msgs_vendor/lib:/opt/ros/jazzy/opt/gz_common_vendor/lib:/opt/ros/jazzy/opt/gz_math_vendor/lib:/opt/ros/jazzy/opt/gz_utils_vendor/lib:/opt/ros/jazzy/opt/gz_tools_vendor/lib:/opt/ros/jazzy/opt/gz_ogre_next_vendor/lib:/opt/ros/jazzy/opt/gz_dartsim_vendor/lib:/opt/ros/jazzy/opt/gz_cmake_vendor/lib:/opt/ros/jazzy/lib', 'HOME': '/home/houndsito', 'TERMINFO': '/usr/lib/kitty/terminfo', 'DESKTOP_SESSION': 'ubuntu', 'KITTY_INSTALLATION_DIR': '/usr/lib/kitty', 'ROS_PYTHON_VERSION': '3', 'GNOME_SHELL_SESSION_MODE': 'ubuntu', 'GTK_MODULES': 'gail:atk-bridge', 'KITTY_PID': '4728', 'MANAGERPID': '2166', 'SYSTEMD_EXEC_PID': '2790', 'GSM_SKIP_SSH_AGENT_WORKAROUND': 'true', 'DBUS_SESSION_BUS_ADDRESS': 'unix:path=/run/user/1000/bus', 'COLORTERM': 'truecolor', 'GIO_LAUNCHED_DESKTOP_FILE_PID': '4728', 'GNOME_KEYRING_CONTROL': '/run/user/1000/keyring', 'DEBUGINFOD_URLS': 'https://debuginfod.ubuntu.com', 'OMF_PATH': '/home/houndsito/.local/share/omf', 'ROS_DISTRO': 'jazzy', 'LOGNAME': 'houndsito', 'WINDOWID': '33554443', 'JOURNAL_STREAM': '9:18176', '_': '/usr/bin/colcon', 'ROS_VERSION': '2', 'MEMORY_PRESSURE_WATCH': '/sys/fs/cgroup/user.slice/user-1000.slice/user@1000.service/session.slice/org.gnome.SettingsDaemon.MediaKeys.service/memory.pressure', 'XDG_SESSION_CLASS': 'user', 'KITTY_PUBLIC_KEY': '1:u1ABSC0MCh9Rx{u8(g3G`@^?e(7$oM=w-d9WG@5@', 'USERNAME': 'houndsito', 'TERM': 'xterm-kitty', 'GNOME_DESKTOP_SESSION_ID': 'this-is-deprecated', 'WINDOWPATH': '2', 'PATH': '/opt/ros/jazzy/opt/gz_msgs_vendor/bin:/opt/ros/jazzy/opt/gz_tools_vendor/bin:/opt/ros/jazzy/opt/gz_ogre_next_vendor/bin:/opt/ros/jazzy/bin:/home/houndsito/.local/bin:/home/houndsito/bin:/usr/local/sbin:/usr/local/bin:/usr/sbin:/usr/bin:/sbin:/bin:/usr/games:/usr/local/games:/snap/bin:/snap/bin', 'SESSION_MANAGER': 'local/DPM:@/tmp/.ICE-unix/2576,unix/DPM:/tmp/.ICE-unix/2576', 'INVOCATION_ID': '6596b5b582f24a22b9cf639bc6a88918', 'XDG_MENU_PREFIX': 'gnome-', 'XDG_RUNTIME_DIR': '/run/user/1000', 'DISPLAY': ':1', 'LANG': 'en_US.UTF-8', 'XDG_CURRENT_DESKTOP': 'ubuntu:GNOME', 'XMODIFIERS': '@im=ibus', 'XDG_SESSION_DESKTOP': 'ubuntu', 'XAUTHORITY': '/run/user/1000/gdm/Xauthority', 'SSH_AUTH_SOCK': '/run/user/1000/keyring/ssh', 'AMENT_PREFIX_PATH': '/opt/ros/jazzy', 'SHELL': '/usr/bin/fish', 'QT_ACCESSIBILITY': '1', 'GDMSESSION': 'ubuntu', 'KITTY_WINDOW_ID': '1', 'GPG_AGENT_INFO': '/run/user/1000/gnupg/S.gpg-agent:0:1', 'ROS_AUTOMATIC_DISCOVERY_RANGE': 'SUBNET', 'QT_IM_MODULE': 'ibus', 'PWD': '/home/houndsito/vt-cro/robogamescode/car_ws/build/articubot_one', 'LC_ALL': 'en_US.UTF-8', 'XDG_CONFIG_DIRS': '/etc/xdg/xdg-ubuntu:/etc/xdg', 'XDG_DATA_DIRS': '/usr/share/ubuntu:/usr/share/gnome:/usr/local/share/:/usr/share/:/var/lib/snapd/desktop', 'OMF_CONFIG': '/home/houndsito/.config/omf', 'PYTHONPATH': '/opt/ros/jazzy/lib/python3.12/site-packages', 'COLCON': '1', 'MEMORY_PRESSURE_WRITE': 'c29tZSAyMDAwMDAgMjAwMDAwMAA=', 'CMAKE_PREFIX_PATH': '/opt/ros/jazzy/opt/gz_launch_vendor:/opt/ros/jazzy/opt/gz_sim_vendor:/opt/ros/jazzy/opt/gz_sensors_vendor:/opt/ros/jazzy/opt/gz_physics_vendor:/opt/ros/jazzy/opt/sdformat_vendor:/opt/ros/jazzy/opt/gz_gui_vendor:/opt/ros/jazzy/opt/gz_transport_vendor:/opt/ros/jazzy/opt/gz_rendering_vendor:/opt/ros/jazzy/opt/gz_plugin_vendor:/opt/ros/jazzy/opt/gz_fuel_tools_vendor:/opt/ros/jazzy/opt/gz_msgs_vendor:/opt/ros/jazzy/opt/gz_common_vendor:/opt/ros/jazzy/opt/gz_math_vendor:/opt/ros/jazzy/opt/gz_utils_vendor:/opt/ros/jazzy/opt/gz_tools_vendor:/opt/ros/jazzy/opt/gz_ogre_next_vendor:/opt/ros/jazzy/opt/gz_dartsim_vendor:/opt/ros/jazzy/opt/gz_cmake_vendor:/opt/ros/jazzy'}), 'shell': False}
[1.270901] (articubot_one) CommandEnded: {'returncode': 0}
[1.271516] (articubot_one) JobProgress: {'identifier': 'articubot_one', 'progress': 'install'}
[1.281952] (articubot_one) Command: {'cmd': ['/usr/bin/cmake', '--install', '/home/houndsito/vt-cro/robogamescode/car_ws/build/articubot_one'], 'cwd': '/home/houndsito/vt-cro/robogamescode/car_ws/build/articubot_one', 'env': OrderedDict({'USER': 'houndsito', 'GZ_CONFIG_PATH': '/opt/ros/jazzy/opt/gz_launch_vendor/share/gz:/opt/ros/jazzy/opt/gz_sim_vendor/share/gz:/opt/ros/jazzy/opt/sdformat_vendor/share/gz:/opt/ros/jazzy/opt/gz_gui_vendor/share/gz:/opt/ros/jazzy/opt/gz_transport_vendor/share/gz:/opt/ros/jazzy/opt/gz_rendering_vendor/share/gz:/opt/ros/jazzy/opt/gz_plugin_vendor/share/gz:/opt/ros/jazzy/opt/gz_fuel_tools_vendor/share/gz:/opt/ros/jazzy/opt/gz_msgs_vendor/share/gz:/opt/ros/jazzy/opt/gz_common_vendor/share/gz', 'XDG_SESSION_TYPE': 'x11', 'SHLVL': '2', 'LD_LIBRARY_PATH': '/opt/ros/jazzy/opt/gz_launch_vendor/lib:/opt/ros/jazzy/opt/gz_sim_vendor/lib:/opt/ros/jazzy/opt/gz_sensors_vendor/lib:/opt/ros/jazzy/opt/gz_physics_vendor/lib:/opt/ros/jazzy/opt/sdformat_vendor/lib:/opt/ros/jazzy/opt/rviz_ogre_vendor/lib:/opt/ros/jazzy/lib/x86_64-linux-gnu:/opt/ros/jazzy/opt/gz_gui_vendor/lib:/opt/ros/jazzy/opt/gz_transport_vendor/lib:/opt/ros/jazzy/opt/gz_rendering_vendor/lib:/opt/ros/jazzy/opt/gz_plugin_vendor/lib:/opt/ros/jazzy/opt/gz_fuel_tools_vendor/lib:/opt/ros/jazzy/opt/gz_msgs_vendor/lib:/opt/ros/jazzy/opt/gz_common_vendor/lib:/opt/ros/jazzy/opt/gz_math_vendor/lib:/opt/ros/jazzy/opt/gz_utils_vendor/lib:/opt/ros/jazzy/opt/gz_tools_vendor/lib:/opt/ros/jazzy/opt/gz_ogre_next_vendor/lib:/opt/ros/jazzy/opt/gz_dartsim_vendor/lib:/opt/ros/jazzy/opt/gz_cmake_vendor/lib:/opt/ros/jazzy/lib', 'HOME': '/home/houndsito', 'TERMINFO': '/usr/lib/kitty/terminfo', 'DESKTOP_SESSION': 'ubuntu', 'KITTY_INSTALLATION_DIR': '/usr/lib/kitty', 'ROS_PYTHON_VERSION': '3', 'GNOME_SHELL_SESSION_MODE': 'ubuntu', 'GTK_MODULES': 'gail:atk-bridge', 'KITTY_PID': '4728', 'MANAGERPID': '2166', 'SYSTEMD_EXEC_PID': '2790', 'GSM_SKIP_SSH_AGENT_WORKAROUND': 'true', 'DBUS_SESSION_BUS_ADDRESS': 'unix:path=/run/user/1000/bus', 'COLORTERM': 'truecolor', 'GIO_LAUNCHED_DESKTOP_FILE_PID': '4728', 'GNOME_KEYRING_CONTROL': '/run/user/1000/keyring', 'DEBUGINFOD_URLS': 'https://debuginfod.ubuntu.com', 'OMF_PATH': '/home/houndsito/.local/share/omf', 'ROS_DISTRO': 'jazzy', 'LOGNAME': 'houndsito', 'WINDOWID': '33554443', 'JOURNAL_STREAM': '9:18176', '_': '/usr/bin/colcon', 'ROS_VERSION': '2', 'MEMORY_PRESSURE_WATCH': '/sys/fs/cgroup/user.slice/user-1000.slice/user@1000.service/session.slice/org.gnome.SettingsDaemon.MediaKeys.service/memory.pressure', 'XDG_SESSION_CLASS': 'user', 'KITTY_PUBLIC_KEY': '1:u1ABSC0MCh9Rx{u8(g3G`@^?e(7$oM=w-d9WG@5@', 'USERNAME': 'houndsito', 'TERM': 'xterm-kitty', 'GNOME_DESKTOP_SESSION_ID': 'this-is-deprecated', 'WINDOWPATH': '2', 'PATH': '/opt/ros/jazzy/opt/gz_msgs_vendor/bin:/opt/ros/jazzy/opt/gz_tools_vendor/bin:/opt/ros/jazzy/opt/gz_ogre_next_vendor/bin:/opt/ros/jazzy/bin:/home/houndsito/.local/bin:/home/houndsito/bin:/usr/local/sbin:/usr/local/bin:/usr/sbin:/usr/bin:/sbin:/bin:/usr/games:/usr/local/games:/snap/bin:/snap/bin', 'SESSION_MANAGER': 'local/DPM:@/tmp/.ICE-unix/2576,unix/DPM:/tmp/.ICE-unix/2576', 'INVOCATION_ID': '6596b5b582f24a22b9cf639bc6a88918', 'XDG_MENU_PREFIX': 'gnome-', 'XDG_RUNTIME_DIR': '/run/user/1000', 'DISPLAY': ':1', 'LANG': 'en_US.UTF-8', 'XDG_CURRENT_DESKTOP': 'ubuntu:GNOME', 'XMODIFIERS': '@im=ibus', 'XDG_SESSION_DESKTOP': 'ubuntu', 'XAUTHORITY': '/run/user/1000/gdm/Xauthority', 'SSH_AUTH_SOCK': '/run/user/1000/keyring/ssh', 'AMENT_PREFIX_PATH': '/opt/ros/jazzy', 'SHELL': '/usr/bin/fish', 'QT_ACCESSIBILITY': '1', 'GDMSESSION': 'ubuntu', 'KITTY_WINDOW_ID': '1', 'GPG_AGENT_INFO': '/run/user/1000/gnupg/S.gpg-agent:0:1', 'ROS_AUTOMATIC_DISCOVERY_RANGE': 'SUBNET', 'QT_IM_MODULE': 'ibus', 'PWD': '/home/houndsito/vt-cro/robogamescode/car_ws/build/articubot_one', 'LC_ALL': 'en_US.UTF-8', 'XDG_CONFIG_DIRS': '/etc/xdg/xdg-ubuntu:/etc/xdg', 'XDG_DATA_DIRS': '/usr/share/ubuntu:/usr/share/gnome:/usr/local/share/:/usr/share/:/var/lib/snapd/desktop', 'OMF_CONFIG': '/home/houndsito/.config/omf', 'PYTHONPATH': '/opt/ros/jazzy/lib/python3.12/site-packages', 'COLCON': '1', 'MEMORY_PRESSURE_WRITE': 'c29tZSAyMDAwMDAgMjAwMDAwMAA=', 'CMAKE_PREFIX_PATH': '/opt/ros/jazzy/opt/gz_launch_vendor:/opt/ros/jazzy/opt/gz_sim_vendor:/opt/ros/jazzy/opt/gz_sensors_vendor:/opt/ros/jazzy/opt/gz_physics_vendor:/opt/ros/jazzy/opt/sdformat_vendor:/opt/ros/jazzy/opt/gz_gui_vendor:/opt/ros/jazzy/opt/gz_transport_vendor:/opt/ros/jazzy/opt/gz_rendering_vendor:/opt/ros/jazzy/opt/gz_plugin_vendor:/opt/ros/jazzy/opt/gz_fuel_tools_vendor:/opt/ros/jazzy/opt/gz_msgs_vendor:/opt/ros/jazzy/opt/gz_common_vendor:/opt/ros/jazzy/opt/gz_math_vendor:/opt/ros/jazzy/opt/gz_utils_vendor:/opt/ros/jazzy/opt/gz_tools_vendor:/opt/ros/jazzy/opt/gz_ogre_next_vendor:/opt/ros/jazzy/opt/gz_dartsim_vendor:/opt/ros/jazzy/opt/gz_cmake_vendor:/opt/ros/jazzy'}), 'shell': False}
[1.289731] (articubot_one) StdoutLine: {'line': b'-- Install configuration: ""\n'}
[1.290211] (articubot_one) StdoutLine: {'line': b'-- Installing: /home/houndsito/vt-cro/robogamescode/car_ws/install/articubot_one/lib/articubot_one/depth_to_scan.py\n'}
[1.290335] (articubot_one) StdoutLine: {'line': b'-- Installing: /home/houndsito/vt-cro/robogamescode/car_ws/install/articubot_one/share/articubot_one/config\n'}
[1.290428] (articubot_one) StdoutLine: {'line': b'-- Installing: /home/houndsito/vt-cro/robogamescode/car_ws/install/articubot_one/share/articubot_one/config/navigate_w_replanning_and_recovery.xml\n'}
[1.290555] (articubot_one) StdoutLine: {'line': b'-- Installing: /home/houndsito/vt-cro/robogamescode/car_ws/install/articubot_one/share/articubot_one/config/speedlimit_params.yaml\n'}
[1.290603] (articubot_one) StdoutLine: {'line': b'-- Installing: /home/houndsito/vt-cro/robogamescode/car_ws/install/articubot_one/share/articubot_one/config/twist_mux.yaml\n'}
[1.290648] (articubot_one) StdoutLine: {'line': b'-- Installing: /home/houndsito/vt-cro/robogamescode/car_ws/install/articubot_one/share/articubot_one/config/ball_tracker_params_sim.yaml\n'}
[1.290695] (articubot_one) StdoutLine: {'line': b'-- Installing: /home/houndsito/vt-cro/robogamescode/car_ws/install/articubot_one/share/articubot_one/config/gaz_ros2_ctl_use_sim.yaml\n'}
[1.290770] (articubot_one) StdoutLine: {'line': b'-- Installing: /home/houndsito/vt-cro/robogamescode/car_ws/install/articubot_one/share/articubot_one/config/drive_bot.rviz\n'}
[1.290815] (articubot_one) StdoutLine: {'line': b'-- Installing: /home/houndsito/vt-cro/robogamescode/car_ws/install/articubot_one/share/articubot_one/config/main.rviz\n'}
[1.290878] (articubot_one) StdoutLine: {'line': b'-- Installing: /home/houndsito/vt-cro/robogamescode/car_ws/install/articubot_one/share/articubot_one/config/gz_bridge.yaml\n'}
[1.290946] (articubot_one) StdoutLine: {'line': b'-- Installing: /home/houndsito/vt-cro/robogamescode/car_ws/install/articubot_one/share/articubot_one/config/speedlimit_nav2_params.yaml\n'}
[1.291031] (articubot_one) StdoutLine: {'line': b'-- Installing: /home/houndsito/vt-cro/robogamescode/car_ws/install/articubot_one/share/articubot_one/config/map.rviz\n'}
[1.291147] (articubot_one) StdoutLine: {'line': b'-- Installing: /home/houndsito/vt-cro/robogamescode/car_ws/install/articubot_one/share/articubot_one/config/nav2_params.yaml\n'}
[1.291249] (articubot_one) StdoutLine: {'line': b'-- Installing: /home/houndsito/vt-cro/robogamescode/car_ws/install/articubot_one/share/articubot_one/config/empty.yaml\n'}
[1.291349] (articubot_one) StdoutLine: {'line': b'-- Installing: /home/houndsito/vt-cro/robogamescode/car_ws/install/articubot_one/share/articubot_one/config/keepout_params.yaml\n'}
[1.291443] (articubot_one) StdoutLine: {'line': b'-- Installing: /home/houndsito/vt-cro/robogamescode/car_ws/install/articubot_one/share/articubot_one/config/view_bot.rviz\n'}
[1.291543] (articubot_one) StdoutLine: {'line': b'-- Installing: /home/houndsito/vt-cro/robogamescode/car_ws/install/articubot_one/share/articubot_one/config/mapper_params_online_async.yaml\n'}
[1.291639] (articubot_one) StdoutLine: {'line': b'-- Installing: /home/houndsito/vt-cro/robogamescode/car_ws/install/articubot_one/share/articubot_one/config/my_controllers.yaml\n'}
[1.291728] (articubot_one) StdoutLine: {'line': b'-- Installing: /home/houndsito/vt-cro/robogamescode/car_ws/install/articubot_one/share/articubot_one/config/joystick.yaml\n'}
[1.291821] (articubot_one) StdoutLine: {'line': b'-- Installing: /home/houndsito/vt-cro/robogamescode/car_ws/install/articubot_one/share/articubot_one/config/ball_tracker_params_robot.yaml\n'}
[1.291914] (articubot_one) StdoutLine: {'line': b'-- Installing: /home/houndsito/vt-cro/robogamescode/car_ws/install/articubot_one/share/articubot_one/config/keepout_nav2_params.yaml\n'}
[1.292015] (articubot_one) StdoutLine: {'line': b'-- Installing: /home/houndsito/vt-cro/robogamescode/car_ws/install/articubot_one/share/articubot_one/description\n'}
[1.292083] (articubot_one) StdoutLine: {'line': b'-- Installing: /home/houndsito/vt-cro/robogamescode/car_ws/install/articubot_one/share/articubot_one/description/robot.urdf.xacro\n'}
[1.292191] (articubot_one) StdoutLine: {'line': b'-- Installing: /home/houndsito/vt-cro/robogamescode/car_ws/install/articubot_one/share/articubot_one/description/inertial_macros.xacro\n'}
[1.292283] (articubot_one) StdoutLine: {'line': b'-- Installing: /home/houndsito/vt-cro/robogamescode/car_ws/install/articubot_one/share/articubot_one/description/camera.xacro\n'}
[1.292376] (articubot_one) StdoutLine: {'line': b'-- Installing: /home/houndsito/vt-cro/robogamescode/car_ws/install/articubot_one/share/articubot_one/description/gazebo_control.xacro\n'}
[1.292469] (articubot_one) StdoutLine: {'line': b'-- Installing: /home/houndsito/vt-cro/robogamescode/car_ws/install/articubot_one/share/articubot_one/description/face.xacro\n'}
[1.292561] (articubot_one) StdoutLine: {'line': b'-- Installing: /home/houndsito/vt-cro/robogamescode/car_ws/install/articubot_one/share/articubot_one/description/depth_camera.xacro\n'}
[1.292654] (articubot_one) StdoutLine: {'line': b'-- Installing: /home/houndsito/vt-cro/robogamescode/car_ws/install/articubot_one/share/articubot_one/description/lidar.xacro\n'}
[1.292748] (articubot_one) StdoutLine: {'line': b'-- Installing: /home/houndsito/vt-cro/robogamescode/car_ws/install/articubot_one/share/articubot_one/description/ros2_control.xacro\n'}
[1.292840] (articubot_one) StdoutLine: {'line': b'-- Installing: /home/houndsito/vt-cro/robogamescode/car_ws/install/articubot_one/share/articubot_one/description/robot_core.xacro\n'}
[1.292940] (articubot_one) StdoutLine: {'line': b'-- Installing: /home/houndsito/vt-cro/robogamescode/car_ws/install/articubot_one/share/articubot_one/launch\n'}
[1.293011] (articubot_one) StdoutLine: {'line': b'-- Installing: /home/houndsito/vt-cro/robogamescode/car_ws/install/articubot_one/share/articubot_one/launch/rsp.launch.py\n'}
[1.293115] (articubot_one) StdoutLine: {'line': b'-- Installing: /home/houndsito/vt-cro/robogamescode/car_ws/install/articubot_one/share/articubot_one/launch/localization_launch.py\n'}
[1.293223] (articubot_one) StdoutLine: {'line': b'-- Installing: /home/houndsito/vt-cro/robogamescode/car_ws/install/articubot_one/share/articubot_one/launch/ball_tracker.launch.py\n'}
[1.293315] (articubot_one) StdoutLine: {'line': b'-- Installing: /home/houndsito/vt-cro/robogamescode/car_ws/install/articubot_one/share/articubot_one/launch/launch_sim.launch.py\n'}
[1.293410] (articubot_one) StdoutLine: {'line': b'-- Installing: /home/houndsito/vt-cro/robogamescode/car_ws/install/articubot_one/share/articubot_one/launch/rplidar.launch.py\n'}
[1.293504] (articubot_one) StdoutLine: {'line': b'-- Installing: /home/houndsito/vt-cro/robogamescode/car_ws/install/articubot_one/share/articubot_one/launch/navigation_launch.py\n'}
[1.293603] (articubot_one) StdoutLine: {'line': b'-- Installing: /home/houndsito/vt-cro/robogamescode/car_ws/install/articubot_one/share/articubot_one/launch/online_async_launch.py\n'}
[1.293697] (articubot_one) StdoutLine: {'line': b'-- Installing: /home/houndsito/vt-cro/robogamescode/car_ws/install/articubot_one/share/articubot_one/launch/launch_robot.launch.py\n'}
[1.293792] (articubot_one) StdoutLine: {'line': b'-- Installing: /home/houndsito/vt-cro/robogamescode/car_ws/install/articubot_one/share/articubot_one/launch/camera.launch.py\n'}
[1.293883] (articubot_one) StdoutLine: {'line': b'-- Installing: /home/houndsito/vt-cro/robogamescode/car_ws/install/articubot_one/share/articubot_one/launch/joystick.launch.py\n'}
[1.293974] (articubot_one) StdoutLine: {'line': b'-- Installing: /home/houndsito/vt-cro/robogamescode/car_ws/install/articubot_one/share/articubot_one/worlds\n'}
[1.294040] (articubot_one) StdoutLine: {'line': b'-- Installing: /home/houndsito/vt-cro/robogamescode/car_ws/install/articubot_one/share/articubot_one/worlds/prev_empty.world\n'}
[1.294155] (articubot_one) StdoutLine: {'line': b'-- Installing: /home/houndsito/vt-cro/robogamescode/car_ws/install/articubot_one/share/articubot_one/worlds/model.sdf\n'}
[1.294263] (articubot_one) StdoutLine: {'line': b'-- Installing: /home/houndsito/vt-cro/robogamescode/car_ws/install/articubot_one/share/articubot_one/worlds/simple.world\n'}
[1.294352] (articubot_one) StdoutLine: {'line': b'-- Installing: /home/houndsito/vt-cro/robogamescode/car_ws/install/articubot_one/share/articubot_one/worlds/obstacles.world\n'}
[1.294450] (articubot_one) StdoutLine: {'line': b'-- Installing: /home/houndsito/vt-cro/robogamescode/car_ws/install/articubot_one/share/articubot_one/worlds/model.config\n'}
[1.294540] (articubot_one) StdoutLine: {'line': b'-- Installing: /home/houndsito/vt-cro/robogamescode/car_ws/install/articubot_one/share/articubot_one/worlds/security\n'}
[1.294611] (articubot_one) StdoutLine: {'line': b'-- Installing: /home/houndsito/vt-cro/robogamescode/car_ws/install/articubot_one/share/articubot_one/worlds/security/yellow3.stl\n'}
[1.295108] (articubot_one) StdoutLine: {'line': b'-- Installing: /home/houndsito/vt-cro/robogamescode/car_ws/install/articubot_one/share/articubot_one/worlds/security/red2.stl\n'}
[1.295275] (articubot_one) StdoutLine: {'line': b'-- Installing: /home/houndsito/vt-cro/robogamescode/car_ws/install/articubot_one/share/articubot_one/worlds/security/yellow2.stl\n'}
[1.295462] (articubot_one) StdoutLine: {'line': b'-- Installing: /home/houndsito/vt-cro/robogamescode/car_ws/install/articubot_one/share/articubot_one/worlds/security/yellow.obj\n'}
[1.295834] (articubot_one) StdoutLine: {'line': b'-- Installing: /home/houndsito/vt-cro/robogamescode/car_ws/install/articubot_one/share/articubot_one/worlds/security/ramp.mtl\n'}
[1.295978] (articubot_one) StdoutLine: {'line': b'-- Installing: /home/houndsito/vt-cro/robogamescode/car_ws/install/articubot_one/share/articubot_one/worlds/security/blue.obj\n'}
[1.296312] (articubot_one) StdoutLine: {'line': b'-- Installing: /home/houndsito/vt-cro/robogamescode/car_ws/install/articubot_one/share/articubot_one/worlds/security/yellow1.stl\n'}
[1.296633] (articubot_one) StdoutLine: {'line': b'-- Installing: /home/houndsito/vt-cro/robogamescode/car_ws/install/articubot_one/share/articubot_one/worlds/security/yellow5.stl\n'}
[1.296962] (articubot_one) StdoutLine: {'line': b'-- Installing: /home/houndsito/vt-cro/robogamescode/car_ws/install/articubot_one/share/articubot_one/worlds/security/block.mtl\n'}
[1.297053] (articubot_one) StdoutLine: {'line': b'-- Installing: /home/houndsito/vt-cro/robogamescode/car_ws/install/articubot_one/share/articubot_one/worlds/security/wood.obj\n'}
[1.297158] (articubot_one) StdoutLine: {'line': b'-- Installing: /home/houndsito/vt-cro/robogamescode/car_ws/install/articubot_one/share/articubot_one/worlds/security/blue.stl\n'}
[1.297590] (articubot_one) StdoutLine: {'line': b'-- Installing: /home/houndsito/vt-cro/robogamescode/car_ws/install/articubot_one/share/articubot_one/worlds/security/blue.mtl\n'}
[1.297687] (articubot_one) StdoutLine: {'line': b'-- Installing: /home/houndsito/vt-cro/robogamescode/car_ws/install/articubot_one/share/articubot_one/worlds/security/block.obj\n'}
[1.297789] (articubot_one) StdoutLine: {'line': b'-- Installing: /home/houndsito/vt-cro/robogamescode/car_ws/install/articubot_one/share/articubot_one/worlds/security/wood.mtl\n'}
[1.297885] (articubot_one) StdoutLine: {'line': b'-- Installing: /home/houndsito/vt-cro/robogamescode/car_ws/install/articubot_one/share/articubot_one/worlds/security/block.stl\n'}
[1.297979] (articubot_one) StdoutLine: {'line': b'-- Installing: /home/houndsito/vt-cro/robogamescode/car_ws/install/articubot_one/share/articubot_one/worlds/security/red.mtl\n'}
[1.298076] (articubot_one) StdoutLine: {'line': b'-- Installing: /home/houndsito/vt-cro/robogamescode/car_ws/install/articubot_one/share/articubot_one/worlds/security/wood.stl\n'}
[1.298185] (articubot_one) StdoutLine: {'line': b'-- Installing: /home/houndsito/vt-cro/robogamescode/car_ws/install/articubot_one/share/articubot_one/worlds/security/ramp.obj\n'}
[1.298279] (articubot_one) StdoutLine: {'line': b'-- Installing: /home/houndsito/vt-cro/robogamescode/car_ws/install/articubot_one/share/articubot_one/worlds/security/red1.stl\n'}
[1.298384] (articubot_one) StdoutLine: {'line': b'-- Installing: /home/houndsito/vt-cro/robogamescode/car_ws/install/articubot_one/share/articubot_one/worlds/security/yellow4.stl\n'}
[1.298711] (articubot_one) StdoutLine: {'line': b'-- Installing: /home/houndsito/vt-cro/robogamescode/car_ws/install/articubot_one/share/articubot_one/worlds/security/red.obj\n'}
[1.298817] (articubot_one) StdoutLine: {'line': b'-- Installing: /home/houndsito/vt-cro/robogamescode/car_ws/install/articubot_one/share/articubot_one/worlds/security/yellow.mtl\n'}
[1.298915] (articubot_one) StdoutLine: {'line': b'-- Installing: /home/houndsito/vt-cro/robogamescode/car_ws/install/articubot_one/share/articubot_one/worlds/security/bridge.mtl\n'}
[1.299012] (articubot_one) StdoutLine: {'line': b'-- Installing: /home/houndsito/vt-cro/robogamescode/car_ws/install/articubot_one/share/articubot_one/worlds/security/ramp.stl\n'}
[1.299202] (articubot_one) StdoutLine: {'line': b'-- Installing: /home/houndsito/vt-cro/robogamescode/car_ws/install/articubot_one/share/articubot_one/worlds/security/bridge.obj\n'}
[1.299289] (articubot_one) StdoutLine: {'line': b'-- Installing: /home/houndsito/vt-cro/robogamescode/car_ws/install/articubot_one/share/articubot_one/worlds/security/world1.stl\n'}
[1.300745] (-) TimerEvent: {}
[1.300940] (articubot_one) StdoutLine: {'line': b'-- Installing: /home/houndsito/vt-cro/robogamescode/car_ws/install/articubot_one/share/articubot_one/worlds/empty.world\n'}
[1.301070] (articubot_one) StdoutLine: {'line': b'-- Installing: /home/houndsito/vt-cro/robogamescode/car_ws/install/articubot_one/share/articubot_one/worlds/meshes\n'}
[1.301177] (articubot_one) StdoutLine: {'line': b'-- Installing: /home/houndsito/vt-cro/robogamescode/car_ws/install/articubot_one/share/articubot_one/worlds/meshes/yellow3.stl\n'}
[1.301547] (articubot_one) StdoutLine: {'line': b'-- Installing: /home/houndsito/vt-cro/robogamescode/car_ws/install/articubot_one/share/articubot_one/worlds/meshes/red2.stl\n'}
[1.301698] (articubot_one) StdoutLine: {'line': b'-- Installing: /home/houndsito/vt-cro/robogamescode/car_ws/install/articubot_one/share/articubot_one/worlds/meshes/yellow2.stl\n'}
[1.302005] (articubot_one) StdoutLine: {'line': b'-- Installing: /home/houndsito/vt-cro/robogamescode/car_ws/install/articubot_one/share/articubot_one/worlds/meshes/yellow.obj\n'}
[1.302404] (articubot_one) StdoutLine: {'line': b'-- Installing: /home/houndsito/vt-cro/robogamescode/car_ws/install/articubot_one/share/articubot_one/worlds/meshes/ramp.mtl\n'}
[1.302592] (articubot_one) StdoutLine: {'line': b'-- Installing: /home/houndsito/vt-cro/robogamescode/car_ws/install/articubot_one/share/articubot_one/worlds/meshes/blue.obj\n'}
[1.302860] (articubot_one) StdoutLine: {'line': b'-- Installing: /home/houndsito/vt-cro/robogamescode/car_ws/install/articubot_one/share/articubot_one/worlds/meshes/yellow1.stl\n'}
[1.303161] (articubot_one) StdoutLine: {'line': b'-- Installing: /home/houndsito/vt-cro/robogamescode/car_ws/install/articubot_one/share/articubot_one/worlds/meshes/yellow5.stl\n'}
[1.303693] (articubot_one) StdoutLine: {'line': b'-- Installing: /home/houndsito/vt-cro/robogamescode/car_ws/install/articubot_one/share/articubot_one/worlds/meshes/block.mtl\n'}
[1.303779] (articubot_one) StdoutLine: {'line': b'-- Installing: /home/houndsito/vt-cro/robogamescode/car_ws/install/articubot_one/share/articubot_one/worlds/meshes/wood.obj\n'}
[1.303872] (articubot_one) StdoutLine: {'line': b'-- Installing: /home/houndsito/vt-cro/robogamescode/car_ws/install/articubot_one/share/articubot_one/worlds/meshes/blue.stl\n'}
[1.304388] (articubot_one) StdoutLine: {'line': b'-- Installing: /home/houndsito/vt-cro/robogamescode/car_ws/install/articubot_one/share/articubot_one/worlds/meshes/blue.mtl\n'}
[1.304489] (articubot_one) StdoutLine: {'line': b'-- Installing: /home/houndsito/vt-cro/robogamescode/car_ws/install/articubot_one/share/articubot_one/worlds/meshes/block.obj\n'}
[1.304585] (articubot_one) StdoutLine: {'line': b'-- Installing: /home/houndsito/vt-cro/robogamescode/car_ws/install/articubot_one/share/articubot_one/worlds/meshes/wood.mtl\n'}
[1.304679] (articubot_one) StdoutLine: {'line': b'-- Installing: /home/houndsito/vt-cro/robogamescode/car_ws/install/articubot_one/share/articubot_one/worlds/meshes/block.stl\n'}
[1.304774] (articubot_one) StdoutLine: {'line': b'-- Installing: /home/houndsito/vt-cro/robogamescode/car_ws/install/articubot_one/share/articubot_one/worlds/meshes/red.mtl\n'}
[1.304864] (articubot_one) StdoutLine: {'line': b'-- Installing: /home/houndsito/vt-cro/robogamescode/car_ws/install/articubot_one/share/articubot_one/worlds/meshes/wood.stl\n'}
[1.304964] (articubot_one) StdoutLine: {'line': b'-- Installing: /home/houndsito/vt-cro/robogamescode/car_ws/install/articubot_one/share/articubot_one/worlds/meshes/ramp.obj\n'}
[1.305064] (articubot_one) StdoutLine: {'line': b'-- Installing: /home/houndsito/vt-cro/robogamescode/car_ws/install/articubot_one/share/articubot_one/worlds/meshes/red1.stl\n'}
[1.305182] (articubot_one) StdoutLine: {'line': b'-- Installing: /home/houndsito/vt-cro/robogamescode/car_ws/install/articubot_one/share/articubot_one/worlds/meshes/yellow4.stl\n'}
[1.305516] (articubot_one) StdoutLine: {'line': b'-- Installing: /home/houndsito/vt-cro/robogamescode/car_ws/install/articubot_one/share/articubot_one/worlds/meshes/red.obj\n'}
[1.305628] (articubot_one) StdoutLine: {'line': b'-- Installing: /home/houndsito/vt-cro/robogamescode/car_ws/install/articubot_one/share/articubot_one/worlds/meshes/yellow.mtl\n'}
[1.305725] (articubot_one) StdoutLine: {'line': b'-- Installing: /home/houndsito/vt-cro/robogamescode/car_ws/install/articubot_one/share/articubot_one/worlds/meshes/bridge.mtl\n'}
[1.305821] (articubot_one) StdoutLine: {'line': b'-- Installing: /home/houndsito/vt-cro/robogamescode/car_ws/install/articubot_one/share/articubot_one/worlds/meshes/ramp.stl\n'}
[1.305918] (articubot_one) StdoutLine: {'line': b'-- Installing: /home/houndsito/vt-cro/robogamescode/car_ws/install/articubot_one/share/articubot_one/worlds/meshes/bridge.obj\n'}
[1.306027] (articubot_one) StdoutLine: {'line': b'-- Installing: /home/houndsito/vt-cro/robogamescode/car_ws/install/articubot_one/share/articubot_one/worlds/meshes/world1.stl\n'}
[1.307609] (articubot_one) StdoutLine: {'line': b'-- Installing: /home/houndsito/vt-cro/robogamescode/car_ws/install/articubot_one/share/articubot_one/maps\n'}
[1.307816] (articubot_one) StdoutLine: {'line': b'-- Installing: /home/houndsito/vt-cro/robogamescode/car_ws/install/articubot_one/share/ament_index/resource_index/package_run_dependencies/articubot_one\n'}
[1.308030] (articubot_one) StdoutLine: {'line': b'-- Installing: /home/houndsito/vt-cro/robogamescode/car_ws/install/articubot_one/share/ament_index/resource_index/parent_prefix_path/articubot_one\n'}
[1.308201] (articubot_one) StdoutLine: {'line': b'-- Installing: /home/houndsito/vt-cro/robogamescode/car_ws/install/articubot_one/share/articubot_one/environment/ament_prefix_path.sh\n'}
[1.308348] (articubot_one) StdoutLine: {'line': b'-- Installing: /home/houndsito/vt-cro/robogamescode/car_ws/install/articubot_one/share/articubot_one/environment/ament_prefix_path.dsv\n'}
[1.308464] (articubot_one) StdoutLine: {'line': b'-- Installing: /home/houndsito/vt-cro/robogamescode/car_ws/install/articubot_one/share/articubot_one/environment/path.sh\n'}
[1.308577] (articubot_one) StdoutLine: {'line': b'-- Installing: /home/houndsito/vt-cro/robogamescode/car_ws/install/articubot_one/share/articubot_one/environment/path.dsv\n'}
[1.308690] (articubot_one) StdoutLine: {'line': b'-- Installing: /home/houndsito/vt-cro/robogamescode/car_ws/install/articubot_one/share/articubot_one/local_setup.bash\n'}
[1.308815] (articubot_one) StdoutLine: {'line': b'-- Installing: /home/houndsito/vt-cro/robogamescode/car_ws/install/articubot_one/share/articubot_one/local_setup.sh\n'}
[1.308933] (articubot_one) StdoutLine: {'line': b'-- Installing: /home/houndsito/vt-cro/robogamescode/car_ws/install/articubot_one/share/articubot_one/local_setup.zsh\n'}
[1.309045] (articubot_one) StdoutLine: {'line': b'-- Installing: /home/houndsito/vt-cro/robogamescode/car_ws/install/articubot_one/share/articubot_one/local_setup.dsv\n'}
[1.309166] (articubot_one) StdoutLine: {'line': b'-- Installing: /home/houndsito/vt-cro/robogamescode/car_ws/install/articubot_one/share/articubot_one/package.dsv\n'}
[1.309321] (articubot_one) StdoutLine: {'line': b'-- Installing: /home/houndsito/vt-cro/robogamescode/car_ws/install/articubot_one/share/ament_index/resource_index/packages/articubot_one\n'}
[1.309475] (articubot_one) StdoutLine: {'line': b'-- Installing: /home/houndsito/vt-cro/robogamescode/car_ws/install/articubot_one/share/articubot_one/cmake/articubot_oneConfig.cmake\n'}
[1.309578] (articubot_one) StdoutLine: {'line': b'-- Installing: /home/houndsito/vt-cro/robogamescode/car_ws/install/articubot_one/share/articubot_one/cmake/articubot_oneConfig-version.cmake\n'}
[1.309695] (articubot_one) StdoutLine: {'line': b'-- Installing: /home/houndsito/vt-cro/robogamescode/car_ws/install/articubot_one/share/articubot_one/package.xml\n'}
[1.311573] (articubot_one) CommandEnded: {'returncode': 0}
[1.321479] (articubot_one) JobEnded: {'identifier': 'articubot_one', 'rc': 0}
[1.322029] (-) EventReactorShutdown: {}
