[0.120s] DEBUG:colcon:Command line arguments: ['/usr/bin/colcon', 'build']
[0.120s] DEBUG:colcon:Parsed command line arguments: Namespace(log_base=None, log_level=None, verb_name='build', build_base='build', install_base='install', merge_install=False, symlink_install=False, test_result_base=None, continue_on_error=False, executor='parallel', parallel_workers=16, event_handlers=None, ignore_user_meta=False, metas=['./colcon.meta'], base_paths=['.'], packages_ignore=None, packages_ignore_regex=None, paths=None, packages_up_to=None, packages_up_to_regex=None, packages_above=None, packages_above_and_dependencies=None, packages_above_depth=None, packages_select_by_dep=None, packages_skip_by_dep=None, packages_skip_up_to=None, packages_select_build_failed=False, packages_skip_build_finished=False, packages_select_test_failures=False, packages_skip_test_passed=False, packages_select=None, packages_skip=None, packages_select_regex=None, packages_skip_regex=None, packages_start=None, packages_end=None, allow_overriding=[], cmake_args=None, cmake_target=None, cmake_target_skip_unavailable=False, cmake_clean_cache=False, cmake_clean_first=False, cmake_force_configure=False, ament_cmake_args=None, catkin_cmake_args=None, catkin_skip_building_tests=False, mixin_files=None, mixin=None, verb_parser=<colcon_mixin.mixin.mixin_argument.MixinArgumentDecorator object at 0x7a144cc9df70>, verb_extension=<colcon_core.verb.build.BuildVerb object at 0x7a144cc9dd30>, main=<bound method BuildVerb.main of <colcon_core.verb.build.BuildVerb object at 0x7a144cc9dd30>>, mixin_verb=('build',))
[0.164s] Level 1:colcon.colcon_core.package_discovery:discover_packages(colcon_meta) check parameters
[0.164s] Level 1:colcon.colcon_core.package_discovery:discover_packages(recursive) check parameters
[0.164s] Level 1:colcon.colcon_core.package_discovery:discover_packages(ignore) check parameters
[0.164s] Level 1:colcon.colcon_core.package_discovery:discover_packages(path) check parameters
[0.164s] Level 1:colcon.colcon_core.package_discovery:discover_packages(colcon_meta) discover
[0.164s] Level 1:colcon.colcon_core.package_discovery:discover_packages(recursive) discover
[0.165s] INFO:colcon.colcon_core.package_discovery:Crawling recursively for packages in '/home/lab/vt-cro/robogamescode/car_ws'
[0.165s] Level 1:colcon.colcon_core.package_identification:_identify(.) by extensions ['ignore', 'ignore_ament_install']
[0.165s] Level 1:colcon.colcon_core.package_identification:_identify(.) by extension 'ignore'
[0.165s] Level 1:colcon.colcon_core.package_identification:_identify(.) by extension 'ignore_ament_install'
[0.165s] Level 1:colcon.colcon_core.package_identification:_identify(.) by extensions ['colcon_pkg']
[0.165s] Level 1:colcon.colcon_core.package_identification:_identify(.) by extension 'colcon_pkg'
[0.165s] Level 1:colcon.colcon_core.package_identification:_identify(.) by extensions ['colcon_meta']
[0.165s] Level 1:colcon.colcon_core.package_identification:_identify(.) by extension 'colcon_meta'
[0.165s] Level 1:colcon.colcon_core.package_identification:_identify(.) by extensions ['ros']
[0.165s] Level 1:colcon.colcon_core.package_identification:_identify(.) by extension 'ros'
[0.193s] Level 1:colcon.colcon_core.package_identification:_identify(.) by extensions ['cmake', 'python']
[0.193s] Level 1:colcon.colcon_core.package_identification:_identify(.) by extension 'cmake'
[0.193s] Level 1:colcon.colcon_core.package_identification:_identify(.) by extension 'python'
[0.193s] Level 1:colcon.colcon_core.package_identification:_identify(.) by extensions ['python_setup_py']
[0.193s] Level 1:colcon.colcon_core.package_identification:_identify(.) by extension 'python_setup_py'
[0.193s] Level 1:colcon.colcon_core.package_identification:_identify(build) by extensions ['ignore', 'ignore_ament_install']
[0.193s] Level 1:colcon.colcon_core.package_identification:_identify(build) by extension 'ignore'
[0.193s] Level 1:colcon.colcon_core.package_identification:_identify(build) ignored
[0.193s] Level 1:colcon.colcon_core.package_identification:_identify(install) by extensions ['ignore', 'ignore_ament_install']
[0.193s] Level 1:colcon.colcon_core.package_identification:_identify(install) by extension 'ignore'
[0.193s] Level 1:colcon.colcon_core.package_identification:_identify(install) ignored
[0.193s] Level 1:colcon.colcon_core.package_identification:_identify(log) by extensions ['ignore', 'ignore_ament_install']
[0.194s] Level 1:colcon.colcon_core.package_identification:_identify(log) by extension 'ignore'
[0.194s] Level 1:colcon.colcon_core.package_identification:_identify(log) ignored
[0.194s] Level 1:colcon.colcon_core.package_identification:_identify(src) by extensions ['ignore', 'ignore_ament_install']
[0.194s] Level 1:colcon.colcon_core.package_identification:_identify(src) by extension 'ignore'
[0.194s] Level 1:colcon.colcon_core.package_identification:_identify(src) by extension 'ignore_ament_install'
[0.194s] Level 1:colcon.colcon_core.package_identification:_identify(src) by extensions ['colcon_pkg']
[0.194s] Level 1:colcon.colcon_core.package_identification:_identify(src) by extension 'colcon_pkg'
[0.194s] Level 1:colcon.colcon_core.package_identification:_identify(src) by extensions ['colcon_meta']
[0.194s] Level 1:colcon.colcon_core.package_identification:_identify(src) by extension 'colcon_meta'
[0.194s] Level 1:colcon.colcon_core.package_identification:_identify(src) by extensions ['ros']
[0.194s] Level 1:colcon.colcon_core.package_identification:_identify(src) by extension 'ros'
[0.194s] Level 1:colcon.colcon_core.package_identification:_identify(src) by extensions ['cmake', 'python']
[0.194s] Level 1:colcon.colcon_core.package_identification:_identify(src) by extension 'cmake'
[0.194s] Level 1:colcon.colcon_core.package_identification:_identify(src) by extension 'python'
[0.194s] Level 1:colcon.colcon_core.package_identification:_identify(src) by extensions ['python_setup_py']
[0.194s] Level 1:colcon.colcon_core.package_identification:_identify(src) by extension 'python_setup_py'
[0.194s] Level 1:colcon.colcon_core.package_identification:_identify(src/articubot_one) by extensions ['ignore', 'ignore_ament_install']
[0.195s] Level 1:colcon.colcon_core.package_identification:_identify(src/articubot_one) by extension 'ignore'
[0.195s] Level 1:colcon.colcon_core.package_identification:_identify(src/articubot_one) by extension 'ignore_ament_install'
[0.195s] Level 1:colcon.colcon_core.package_identification:_identify(src/articubot_one) by extensions ['colcon_pkg']
[0.195s] Level 1:colcon.colcon_core.package_identification:_identify(src/articubot_one) by extension 'colcon_pkg'
[0.195s] Level 1:colcon.colcon_core.package_identification:_identify(src/articubot_one) by extensions ['colcon_meta']
[0.195s] Level 1:colcon.colcon_core.package_identification:_identify(src/articubot_one) by extension 'colcon_meta'
[0.195s] Level 1:colcon.colcon_core.package_identification:_identify(src/articubot_one) by extensions ['ros']
[0.195s] Level 1:colcon.colcon_core.package_identification:_identify(src/articubot_one) by extension 'ros'
[0.197s] DEBUG:colcon.colcon_core.package_identification:Package 'src/articubot_one' with type 'ros.ament_cmake' and name 'articubot_one'
[0.197s] Level 1:colcon.colcon_core.package_identification:_identify(src/mini_car_bot) by extensions ['ignore', 'ignore_ament_install']
[0.197s] Level 1:colcon.colcon_core.package_identification:_identify(src/mini_car_bot) by extension 'ignore'
[0.198s] Level 1:colcon.colcon_core.package_identification:_identify(src/mini_car_bot) by extension 'ignore_ament_install'
[0.198s] Level 1:colcon.colcon_core.package_identification:_identify(src/mini_car_bot) by extensions ['colcon_pkg']
[0.198s] Level 1:colcon.colcon_core.package_identification:_identify(src/mini_car_bot) by extension 'colcon_pkg'
[0.198s] Level 1:colcon.colcon_core.package_identification:_identify(src/mini_car_bot) by extensions ['colcon_meta']
[0.198s] Level 1:colcon.colcon_core.package_identification:_identify(src/mini_car_bot) by extension 'colcon_meta'
[0.198s] Level 1:colcon.colcon_core.package_identification:_identify(src/mini_car_bot) by extensions ['ros']
[0.198s] Level 1:colcon.colcon_core.package_identification:_identify(src/mini_car_bot) by extension 'ros'
[0.198s] DEBUG:colcon.colcon_core.package_identification:Package 'src/mini_car_bot' with type 'ros.ament_cmake' and name 'mini_car_bot'
[0.198s] Level 1:colcon.colcon_core.package_discovery:discover_packages(recursive) using defaults
[0.198s] Level 1:colcon.colcon_core.package_discovery:discover_packages(ignore) discover
[0.198s] Level 1:colcon.colcon_core.package_discovery:discover_packages(ignore) using defaults
[0.198s] Level 1:colcon.colcon_core.package_discovery:discover_packages(path) discover
[0.198s] Level 1:colcon.colcon_core.package_discovery:discover_packages(path) using defaults
[0.217s] Level 1:colcon.colcon_core.package_discovery:discover_packages(prefix_path) check parameters
[0.217s] Level 1:colcon.colcon_core.package_discovery:discover_packages(prefix_path) discover
[0.219s] DEBUG:colcon.colcon_installed_package_information.package_discovery:Found 2 installed packages in /home/lab/vt-cro/robogamescode/car_ws/install
[0.222s] DEBUG:colcon.colcon_installed_package_information.package_discovery:Found 459 installed packages in /opt/ros/jazzy
[0.224s] Level 1:colcon.colcon_core.package_discovery:discover_packages(prefix_path) using defaults
[0.289s] Level 5:colcon.colcon_core.verb:set package 'articubot_one' build argument 'cmake_args' from command line to 'None'
[0.289s] Level 5:colcon.colcon_core.verb:set package 'articubot_one' build argument 'cmake_target' from command line to 'None'
[0.290s] Level 5:colcon.colcon_core.verb:set package 'articubot_one' build argument 'cmake_target_skip_unavailable' from command line to 'False'
[0.290s] Level 5:colcon.colcon_core.verb:set package 'articubot_one' build argument 'cmake_clean_cache' from command line to 'False'
[0.290s] Level 5:colcon.colcon_core.verb:set package 'articubot_one' build argument 'cmake_clean_first' from command line to 'False'
[0.290s] Level 5:colcon.colcon_core.verb:set package 'articubot_one' build argument 'cmake_force_configure' from command line to 'False'
[0.290s] Level 5:colcon.colcon_core.verb:set package 'articubot_one' build argument 'ament_cmake_args' from command line to 'None'
[0.290s] Level 5:colcon.colcon_core.verb:set package 'articubot_one' build argument 'catkin_cmake_args' from command line to 'None'
[0.290s] Level 5:colcon.colcon_core.verb:set package 'articubot_one' build argument 'catkin_skip_building_tests' from command line to 'False'
[0.290s] DEBUG:colcon.colcon_core.verb:Building package 'articubot_one' with the following arguments: {'ament_cmake_args': None, 'build_base': '/home/lab/vt-cro/robogamescode/car_ws/build/articubot_one', 'catkin_cmake_args': None, 'catkin_skip_building_tests': False, 'cmake_args': None, 'cmake_clean_cache': False, 'cmake_clean_first': False, 'cmake_force_configure': False, 'cmake_target': None, 'cmake_target_skip_unavailable': False, 'install_base': '/home/lab/vt-cro/robogamescode/car_ws/install/articubot_one', 'merge_install': False, 'path': '/home/lab/vt-cro/robogamescode/car_ws/src/articubot_one', 'symlink_install': False, 'test_result_base': None}
[0.290s] Level 5:colcon.colcon_core.verb:set package 'mini_car_bot' build argument 'cmake_args' from command line to 'None'
[0.290s] Level 5:colcon.colcon_core.verb:set package 'mini_car_bot' build argument 'cmake_target' from command line to 'None'
[0.290s] Level 5:colcon.colcon_core.verb:set package 'mini_car_bot' build argument 'cmake_target_skip_unavailable' from command line to 'False'
[0.290s] Level 5:colcon.colcon_core.verb:set package 'mini_car_bot' build argument 'cmake_clean_cache' from command line to 'False'
[0.290s] Level 5:colcon.colcon_core.verb:set package 'mini_car_bot' build argument 'cmake_clean_first' from command line to 'False'
[0.290s] Level 5:colcon.colcon_core.verb:set package 'mini_car_bot' build argument 'cmake_force_configure' from command line to 'False'
[0.290s] Level 5:colcon.colcon_core.verb:set package 'mini_car_bot' build argument 'ament_cmake_args' from command line to 'None'
[0.290s] Level 5:colcon.colcon_core.verb:set package 'mini_car_bot' build argument 'catkin_cmake_args' from command line to 'None'
[0.290s] Level 5:colcon.colcon_core.verb:set package 'mini_car_bot' build argument 'catkin_skip_building_tests' from command line to 'False'
[0.290s] DEBUG:colcon.colcon_core.verb:Building package 'mini_car_bot' with the following arguments: {'ament_cmake_args': None, 'build_base': '/home/lab/vt-cro/robogamescode/car_ws/build/mini_car_bot', 'catkin_cmake_args': None, 'catkin_skip_building_tests': False, 'cmake_args': None, 'cmake_clean_cache': False, 'cmake_clean_first': False, 'cmake_force_configure': False, 'cmake_target': None, 'cmake_target_skip_unavailable': False, 'install_base': '/home/lab/vt-cro/robogamescode/car_ws/install/mini_car_bot', 'merge_install': False, 'path': '/home/lab/vt-cro/robogamescode/car_ws/src/mini_car_bot', 'symlink_install': False, 'test_result_base': None}
[0.290s] INFO:colcon.colcon_core.executor:Executing jobs using 'parallel' executor
[0.291s] DEBUG:colcon.colcon_parallel_executor.executor.parallel:run_until_complete
[0.292s] INFO:colcon.colcon_ros.task.ament_cmake.build:Building ROS package in '/home/lab/vt-cro/robogamescode/car_ws/src/articubot_one' with build type 'ament_cmake'
[0.292s] INFO:colcon.colcon_cmake.task.cmake.build:Building CMake package in '/home/lab/vt-cro/robogamescode/car_ws/src/articubot_one'
[0.294s] INFO:colcon.colcon_core.plugin_system:Skipping extension 'colcon_core.shell.bat': Not used on non-Windows systems
[0.294s] INFO:colcon.colcon_core.shell:Skip shell extension 'powershell' for command environment: Not usable outside of PowerShell
[0.294s] DEBUG:colcon.colcon_core.shell:Skip shell extension 'dsv' for command environment
[0.300s] INFO:colcon.colcon_ros.task.ament_cmake.build:Building ROS package in '/home/lab/vt-cro/robogamescode/car_ws/src/mini_car_bot' with build type 'ament_cmake'
[0.300s] INFO:colcon.colcon_cmake.task.cmake.build:Building CMake package in '/home/lab/vt-cro/robogamescode/car_ws/src/mini_car_bot'
[0.300s] INFO:colcon.colcon_core.shell:Skip shell extension 'powershell' for command environment: Not usable outside of PowerShell
[0.300s] DEBUG:colcon.colcon_core.shell:Skip shell extension 'dsv' for command environment
[0.309s] DEBUG:colcon.colcon_core.event_handler.log_command:Invoking command in '/home/lab/vt-cro/robogamescode/car_ws/build/articubot_one': CMAKE_PREFIX_PATH=${CMAKE_PREFIX_PATH}:/opt/ros/jazzy DEBUGINFOD_URLS=https://debuginfod.ubuntu.com /usr/bin/cmake --build /home/lab/vt-cro/robogamescode/car_ws/build/articubot_one -- -j16 -l16
[0.313s] DEBUG:colcon.colcon_core.event_handler.log_command:Invoking command in '/home/lab/vt-cro/robogamescode/car_ws/build/mini_car_bot': CMAKE_PREFIX_PATH=${CMAKE_PREFIX_PATH}:/opt/ros/jazzy DEBUGINFOD_URLS=https://debuginfod.ubuntu.com /usr/bin/cmake --build /home/lab/vt-cro/robogamescode/car_ws/build/mini_car_bot -- -j16 -l16
[0.363s] DEBUG:colcon.colcon_core.event_handler.log_command:Invoked command in '/home/lab/vt-cro/robogamescode/car_ws/build/articubot_one' returned '0': CMAKE_PREFIX_PATH=${CMAKE_PREFIX_PATH}:/opt/ros/jazzy DEBUGINFOD_URLS=https://debuginfod.ubuntu.com /usr/bin/cmake --build /home/lab/vt-cro/robogamescode/car_ws/build/articubot_one -- -j16 -l16
[0.377s] DEBUG:colcon.colcon_core.event_handler.log_command:Invoking command in '/home/lab/vt-cro/robogamescode/car_ws/build/articubot_one': CMAKE_PREFIX_PATH=${CMAKE_PREFIX_PATH}:/opt/ros/jazzy DEBUGINFOD_URLS=https://debuginfod.ubuntu.com /usr/bin/cmake --install /home/lab/vt-cro/robogamescode/car_ws/build/articubot_one
[0.378s] DEBUG:colcon.colcon_core.event_handler.log_command:Invoked command in '/home/lab/vt-cro/robogamescode/car_ws/build/mini_car_bot' returned '0': CMAKE_PREFIX_PATH=${CMAKE_PREFIX_PATH}:/opt/ros/jazzy DEBUGINFOD_URLS=https://debuginfod.ubuntu.com /usr/bin/cmake --build /home/lab/vt-cro/robogamescode/car_ws/build/mini_car_bot -- -j16 -l16
[0.379s] DEBUG:colcon.colcon_core.event_handler.log_command:Invoking command in '/home/lab/vt-cro/robogamescode/car_ws/build/mini_car_bot': CMAKE_PREFIX_PATH=${CMAKE_PREFIX_PATH}:/opt/ros/jazzy DEBUGINFOD_URLS=https://debuginfod.ubuntu.com /usr/bin/cmake --install /home/lab/vt-cro/robogamescode/car_ws/build/mini_car_bot
[0.394s] Level 1:colcon.colcon_core.environment:create_environment_scripts_only(mini_car_bot)
[0.402s] DEBUG:colcon.colcon_core.event_handler.log_command:Invoked command in '/home/lab/vt-cro/robogamescode/car_ws/build/mini_car_bot' returned '0': CMAKE_PREFIX_PATH=${CMAKE_PREFIX_PATH}:/opt/ros/jazzy DEBUGINFOD_URLS=https://debuginfod.ubuntu.com /usr/bin/cmake --install /home/lab/vt-cro/robogamescode/car_ws/build/mini_car_bot
[0.403s] Level 1:colcon.colcon_core.environment:checking '/home/lab/vt-cro/robogamescode/car_ws/install/mini_car_bot' for CMake module files
[0.404s] Level 1:colcon.colcon_core.environment:checking '/home/lab/vt-cro/robogamescode/car_ws/install/mini_car_bot' for CMake config files
[0.404s] Level 1:colcon.colcon_core.shell:create_environment_hook('mini_car_bot', 'cmake_prefix_path')
[0.404s] INFO:colcon.colcon_core.shell:Creating environment hook '/home/lab/vt-cro/robogamescode/car_ws/install/mini_car_bot/share/mini_car_bot/hook/cmake_prefix_path.ps1'
[0.405s] INFO:colcon.colcon_core.shell:Creating environment descriptor '/home/lab/vt-cro/robogamescode/car_ws/install/mini_car_bot/share/mini_car_bot/hook/cmake_prefix_path.dsv'
[0.405s] INFO:colcon.colcon_core.shell:Creating environment hook '/home/lab/vt-cro/robogamescode/car_ws/install/mini_car_bot/share/mini_car_bot/hook/cmake_prefix_path.sh'
[0.406s] Level 1:colcon.colcon_core.environment:checking '/home/lab/vt-cro/robogamescode/car_ws/install/mini_car_bot/bin'
[0.406s] Level 1:colcon.colcon_core.environment:checking '/home/lab/vt-cro/robogamescode/car_ws/install/mini_car_bot/lib/pkgconfig/mini_car_bot.pc'
[0.406s] Level 1:colcon.colcon_core.environment:checking '/home/lab/vt-cro/robogamescode/car_ws/install/mini_car_bot/lib/python3.12/site-packages'
[0.406s] Level 1:colcon.colcon_core.environment:checking '/home/lab/vt-cro/robogamescode/car_ws/install/mini_car_bot/bin'
[0.407s] INFO:colcon.colcon_core.shell:Creating package script '/home/lab/vt-cro/robogamescode/car_ws/install/mini_car_bot/share/mini_car_bot/package.ps1'
[0.407s] INFO:colcon.colcon_core.shell:Creating package descriptor '/home/lab/vt-cro/robogamescode/car_ws/install/mini_car_bot/share/mini_car_bot/package.dsv'
[0.408s] INFO:colcon.colcon_core.shell:Creating package script '/home/lab/vt-cro/robogamescode/car_ws/install/mini_car_bot/share/mini_car_bot/package.sh'
[0.408s] INFO:colcon.colcon_core.shell:Creating package script '/home/lab/vt-cro/robogamescode/car_ws/install/mini_car_bot/share/mini_car_bot/package.bash'
[0.409s] INFO:colcon.colcon_core.shell:Creating package script '/home/lab/vt-cro/robogamescode/car_ws/install/mini_car_bot/share/mini_car_bot/package.zsh'
[0.410s] Level 1:colcon.colcon_core.environment:create_file_with_runtime_dependencies(/home/lab/vt-cro/robogamescode/car_ws/install/mini_car_bot/share/colcon-core/packages/mini_car_bot)
[0.410s] Level 1:colcon.colcon_core.environment:create_environment_scripts_only(mini_car_bot)
[0.410s] Level 1:colcon.colcon_core.environment:checking '/home/lab/vt-cro/robogamescode/car_ws/install/mini_car_bot' for CMake module files
[0.411s] Level 1:colcon.colcon_core.environment:checking '/home/lab/vt-cro/robogamescode/car_ws/install/mini_car_bot' for CMake config files
[0.411s] Level 1:colcon.colcon_core.shell:create_environment_hook('mini_car_bot', 'cmake_prefix_path')
[0.411s] INFO:colcon.colcon_core.shell:Creating environment hook '/home/lab/vt-cro/robogamescode/car_ws/install/mini_car_bot/share/mini_car_bot/hook/cmake_prefix_path.ps1'
[0.411s] INFO:colcon.colcon_core.shell:Creating environment descriptor '/home/lab/vt-cro/robogamescode/car_ws/install/mini_car_bot/share/mini_car_bot/hook/cmake_prefix_path.dsv'
[0.412s] INFO:colcon.colcon_core.shell:Creating environment hook '/home/lab/vt-cro/robogamescode/car_ws/install/mini_car_bot/share/mini_car_bot/hook/cmake_prefix_path.sh'
[0.412s] Level 1:colcon.colcon_core.environment:checking '/home/lab/vt-cro/robogamescode/car_ws/install/mini_car_bot/bin'
[0.412s] Level 1:colcon.colcon_core.environment:checking '/home/lab/vt-cro/robogamescode/car_ws/install/mini_car_bot/lib/pkgconfig/mini_car_bot.pc'
[0.413s] Level 1:colcon.colcon_core.environment:checking '/home/lab/vt-cro/robogamescode/car_ws/install/mini_car_bot/lib/python3.12/site-packages'
[0.413s] Level 1:colcon.colcon_core.environment:checking '/home/lab/vt-cro/robogamescode/car_ws/install/mini_car_bot/bin'
[0.413s] INFO:colcon.colcon_core.shell:Creating package script '/home/lab/vt-cro/robogamescode/car_ws/install/mini_car_bot/share/mini_car_bot/package.ps1'
[0.414s] INFO:colcon.colcon_core.shell:Creating package descriptor '/home/lab/vt-cro/robogamescode/car_ws/install/mini_car_bot/share/mini_car_bot/package.dsv'
[0.414s] INFO:colcon.colcon_core.shell:Creating package script '/home/lab/vt-cro/robogamescode/car_ws/install/mini_car_bot/share/mini_car_bot/package.sh'
[0.414s] INFO:colcon.colcon_core.shell:Creating package script '/home/lab/vt-cro/robogamescode/car_ws/install/mini_car_bot/share/mini_car_bot/package.bash'
[0.415s] INFO:colcon.colcon_core.shell:Creating package script '/home/lab/vt-cro/robogamescode/car_ws/install/mini_car_bot/share/mini_car_bot/package.zsh'
[0.415s] Level 1:colcon.colcon_core.environment:create_file_with_runtime_dependencies(/home/lab/vt-cro/robogamescode/car_ws/install/mini_car_bot/share/colcon-core/packages/mini_car_bot)
[0.415s] Level 1:colcon.colcon_core.environment:create_environment_scripts_only(articubot_one)
[0.416s] Level 1:colcon.colcon_core.environment:checking '/home/lab/vt-cro/robogamescode/car_ws/install/articubot_one' for CMake module files
[0.417s] Level 1:colcon.colcon_core.environment:checking '/home/lab/vt-cro/robogamescode/car_ws/install/articubot_one' for CMake config files
[0.417s] DEBUG:colcon.colcon_core.event_handler.log_command:Invoked command in '/home/lab/vt-cro/robogamescode/car_ws/build/articubot_one' returned '0': CMAKE_PREFIX_PATH=${CMAKE_PREFIX_PATH}:/opt/ros/jazzy DEBUGINFOD_URLS=https://debuginfod.ubuntu.com /usr/bin/cmake --install /home/lab/vt-cro/robogamescode/car_ws/build/articubot_one
[0.418s] Level 1:colcon.colcon_core.shell:create_environment_hook('articubot_one', 'cmake_prefix_path')
[0.418s] INFO:colcon.colcon_core.shell:Creating environment hook '/home/lab/vt-cro/robogamescode/car_ws/install/articubot_one/share/articubot_one/hook/cmake_prefix_path.ps1'
[0.418s] INFO:colcon.colcon_core.shell:Creating environment descriptor '/home/lab/vt-cro/robogamescode/car_ws/install/articubot_one/share/articubot_one/hook/cmake_prefix_path.dsv'
[0.419s] INFO:colcon.colcon_core.shell:Creating environment hook '/home/lab/vt-cro/robogamescode/car_ws/install/articubot_one/share/articubot_one/hook/cmake_prefix_path.sh'
[0.419s] Level 1:colcon.colcon_core.environment:checking '/home/lab/vt-cro/robogamescode/car_ws/install/articubot_one/bin'
[0.419s] Level 1:colcon.colcon_core.environment:checking '/home/lab/vt-cro/robogamescode/car_ws/install/articubot_one/lib/pkgconfig/articubot_one.pc'
[0.419s] Level 1:colcon.colcon_core.environment:checking '/home/lab/vt-cro/robogamescode/car_ws/install/articubot_one/lib/python3.12/site-packages'
[0.420s] Level 1:colcon.colcon_core.environment:checking '/home/lab/vt-cro/robogamescode/car_ws/install/articubot_one/bin'
[0.420s] INFO:colcon.colcon_core.shell:Creating package script '/home/lab/vt-cro/robogamescode/car_ws/install/articubot_one/share/articubot_one/package.ps1'
[0.420s] INFO:colcon.colcon_core.shell:Creating package descriptor '/home/lab/vt-cro/robogamescode/car_ws/install/articubot_one/share/articubot_one/package.dsv'
[0.421s] INFO:colcon.colcon_core.shell:Creating package script '/home/lab/vt-cro/robogamescode/car_ws/install/articubot_one/share/articubot_one/package.sh'
[0.421s] INFO:colcon.colcon_core.shell:Creating package script '/home/lab/vt-cro/robogamescode/car_ws/install/articubot_one/share/articubot_one/package.bash'
[0.421s] INFO:colcon.colcon_core.shell:Creating package script '/home/lab/vt-cro/robogamescode/car_ws/install/articubot_one/share/articubot_one/package.zsh'
[0.422s] Level 1:colcon.colcon_core.environment:create_file_with_runtime_dependencies(/home/lab/vt-cro/robogamescode/car_ws/install/articubot_one/share/colcon-core/packages/articubot_one)
[0.422s] Level 1:colcon.colcon_core.environment:create_environment_scripts_only(articubot_one)
[0.422s] Level 1:colcon.colcon_core.environment:checking '/home/lab/vt-cro/robogamescode/car_ws/install/articubot_one' for CMake module files
[0.423s] Level 1:colcon.colcon_core.environment:checking '/home/lab/vt-cro/robogamescode/car_ws/install/articubot_one' for CMake config files
[0.423s] Level 1:colcon.colcon_core.shell:create_environment_hook('articubot_one', 'cmake_prefix_path')
[0.423s] INFO:colcon.colcon_core.shell:Creating environment hook '/home/lab/vt-cro/robogamescode/car_ws/install/articubot_one/share/articubot_one/hook/cmake_prefix_path.ps1'
[0.424s] INFO:colcon.colcon_core.shell:Creating environment descriptor '/home/lab/vt-cro/robogamescode/car_ws/install/articubot_one/share/articubot_one/hook/cmake_prefix_path.dsv'
[0.424s] INFO:colcon.colcon_core.shell:Creating environment hook '/home/lab/vt-cro/robogamescode/car_ws/install/articubot_one/share/articubot_one/hook/cmake_prefix_path.sh'
[0.424s] Level 1:colcon.colcon_core.environment:checking '/home/lab/vt-cro/robogamescode/car_ws/install/articubot_one/bin'
[0.425s] Level 1:colcon.colcon_core.environment:checking '/home/lab/vt-cro/robogamescode/car_ws/install/articubot_one/lib/pkgconfig/articubot_one.pc'
[0.425s] Level 1:colcon.colcon_core.environment:checking '/home/lab/vt-cro/robogamescode/car_ws/install/articubot_one/lib/python3.12/site-packages'
[0.425s] Level 1:colcon.colcon_core.environment:checking '/home/lab/vt-cro/robogamescode/car_ws/install/articubot_one/bin'
[0.425s] INFO:colcon.colcon_core.shell:Creating package script '/home/lab/vt-cro/robogamescode/car_ws/install/articubot_one/share/articubot_one/package.ps1'
[0.426s] INFO:colcon.colcon_core.shell:Creating package descriptor '/home/lab/vt-cro/robogamescode/car_ws/install/articubot_one/share/articubot_one/package.dsv'
[0.426s] INFO:colcon.colcon_core.shell:Creating package script '/home/lab/vt-cro/robogamescode/car_ws/install/articubot_one/share/articubot_one/package.sh'
[0.427s] INFO:colcon.colcon_core.shell:Creating package script '/home/lab/vt-cro/robogamescode/car_ws/install/articubot_one/share/articubot_one/package.bash'
[0.427s] INFO:colcon.colcon_core.shell:Creating package script '/home/lab/vt-cro/robogamescode/car_ws/install/articubot_one/share/articubot_one/package.zsh'
[0.427s] Level 1:colcon.colcon_core.environment:create_file_with_runtime_dependencies(/home/lab/vt-cro/robogamescode/car_ws/install/articubot_one/share/colcon-core/packages/articubot_one)
[0.428s] DEBUG:colcon.colcon_parallel_executor.executor.parallel:closing loop
[0.428s] DEBUG:colcon.colcon_parallel_executor.executor.parallel:loop closed
[0.428s] DEBUG:colcon.colcon_parallel_executor.executor.parallel:run_until_complete finished with '0'
[0.428s] DEBUG:colcon.colcon_core.event_reactor:joining thread
[0.434s] INFO:colcon.colcon_core.plugin_system:Skipping extension 'colcon_notification.desktop_notification.terminal_notifier': Not used on non-Darwin systems
[0.434s] INFO:colcon.colcon_core.plugin_system:Skipping extension 'colcon_notification.desktop_notification.win32': Not used on non-Windows systems
[0.434s] INFO:colcon.colcon_notification.desktop_notification:Sending desktop notification using 'notify2'
[0.445s] DEBUG:colcon.colcon_core.event_reactor:joined thread
[0.445s] INFO:colcon.colcon_core.shell:Creating prefix script '/home/lab/vt-cro/robogamescode/car_ws/install/local_setup.ps1'
[0.446s] INFO:colcon.colcon_core.shell:Creating prefix util module '/home/lab/vt-cro/robogamescode/car_ws/install/_local_setup_util_ps1.py'
[0.447s] INFO:colcon.colcon_core.shell:Creating prefix chain script '/home/lab/vt-cro/robogamescode/car_ws/install/setup.ps1'
[0.448s] INFO:colcon.colcon_core.shell:Creating prefix script '/home/lab/vt-cro/robogamescode/car_ws/install/local_setup.sh'
[0.449s] INFO:colcon.colcon_core.shell:Creating prefix util module '/home/lab/vt-cro/robogamescode/car_ws/install/_local_setup_util_sh.py'
[0.449s] INFO:colcon.colcon_core.shell:Creating prefix chain script '/home/lab/vt-cro/robogamescode/car_ws/install/setup.sh'
[0.451s] INFO:colcon.colcon_core.shell:Creating prefix script '/home/lab/vt-cro/robogamescode/car_ws/install/local_setup.bash'
[0.451s] INFO:colcon.colcon_core.shell:Creating prefix chain script '/home/lab/vt-cro/robogamescode/car_ws/install/setup.bash'
[0.452s] INFO:colcon.colcon_core.shell:Creating prefix script '/home/lab/vt-cro/robogamescode/car_ws/install/local_setup.zsh'
[0.452s] INFO:colcon.colcon_core.shell:Creating prefix chain script '/home/lab/vt-cro/robogamescode/car_ws/install/setup.zsh'
