[0.014s] Invoking command in '/home/houndsito/vt-cro/robogamescode/car_ws/build/articubot_one': CMAKE_PREFIX_PATH=${CMAKE_PREFIX_PATH}:/opt/ros/jazzy DEBUGINFOD_URLS=https://debuginfod.ubuntu.com /usr/bin/cmake /home/houndsito/vt-cro/robogamescode/car_ws/src/articubot_one -DCMAKE_INSTALL_PREFIX=/home/houndsito/vt-cro/robogamescode/car_ws/install/articubot_one
[0.088s] -- The C compiler identification is GNU 13.3.0
[0.155s] -- The CXX compiler identification is GNU 13.3.0
[0.172s] -- Detecting C compiler ABI info
[0.261s] -- Detecting C compiler ABI info - done
[0.267s] -- Check for working C compiler: /usr/bin/cc - skipped
[0.268s] -- Detecting C compile features
[0.268s] -- Detecting C compile features - done
[0.277s] -- Detecting CXX compiler ABI info
[0.374s] -- Detecting CXX compiler ABI info - done
[0.380s] -- Check for working CXX compiler: /usr/bin/c++ - skipped
[0.380s] -- Detecting CXX compile features
[0.381s] -- Detecting CXX compile features - done
[0.385s] -- Found ament_cmake: 2.5.3 (/opt/ros/jazzy/share/ament_cmake/cmake)
[0.515s] -- Found Python3: /usr/bin/python3 (found version "3.12.3") found components: Interpreter 
[0.623s] -- Found rclpy: 7.1.3 (/opt/ros/jazzy/share/rclpy/cmake)
[0.626s] -- Found sensor_msgs: 5.3.5 (/opt/ros/jazzy/share/sensor_msgs/cmake)
[0.675s] -- Found rosidl_generator_c: 4.6.5 (/opt/ros/jazzy/share/rosidl_generator_c/cmake)
[0.691s] -- Found rosidl_generator_cpp: 4.6.5 (/opt/ros/jazzy/share/rosidl_generator_cpp/cmake)
[0.708s] -- Using all available rosidl_typesupport_c: rosidl_typesupport_fastrtps_c;rosidl_typesupport_introspection_c
[0.727s] -- Using all available rosidl_typesupport_cpp: rosidl_typesupport_fastrtps_cpp;rosidl_typesupport_introspection_cpp
[0.805s] -- Found cv_bridge: 4.1.0 (/opt/ros/jazzy/share/cv_bridge/cmake)
[0.867s] -- Found rmw_implementation_cmake: 7.3.1 (/opt/ros/jazzy/share/rmw_implementation_cmake/cmake)
[0.871s] -- Found rmw_fastrtps_cpp: 8.4.1 (/opt/ros/jazzy/share/rmw_fastrtps_cpp/cmake)
[0.974s] -- Found OpenSSL: /usr/lib/x86_64-linux-gnu/libcrypto.so (found version "3.0.13")  
[0.994s] -- Found FastRTPS: /opt/ros/jazzy/include (Required is at least version "2.13") 
[1.016s] -- Using RMW implementation 'rmw_fastrtps_cpp' as default
[1.090s] -- Found image_transport: 5.1.5 (/opt/ros/jazzy/share/image_transport/cmake)
[1.124s] -- Found image_geometry: 4.1.0 (/opt/ros/jazzy/share/image_geometry/cmake)
[1.129s] -- Found ament_lint_auto: 0.17.1 (/opt/ros/jazzy/share/ament_lint_auto/cmake)
[1.230s] -- Added test 'copyright' to check source files copyright and LICENSE
[1.234s] -- Added test 'cppcheck' to perform static code analysis on C / C++ code
[1.234s] -- Configured cppcheck include dirs: 
[1.234s] -- Configured cppcheck exclude dirs and/or files: 
[1.239s] -- Added test 'cpplint' to check C / C++ code against the Google style
[1.239s] -- Configured cpplint exclude dirs and/or files: 
[1.240s] -- Added test 'flake8' to check Python code syntax and style conventions
[1.240s] -- Configured 'flake8' exclude dirs and/or files: 
[1.241s] -- Added test 'lint_cmake' to check CMake code style
[1.242s] -- Added test 'pep257' to check Python code against some of the docstring style conventions in PEP 257
[1.247s] -- Added test 'uncrustify' to check C / C++ code style
[1.247s] -- Configured uncrustify additional arguments: 
[1.247s] -- Added test 'xmllint' to check XML markup files
[1.249s] -- Configuring done (1.2s)
[1.254s] -- Generating done (0.0s)
[1.256s] -- Build files have been written to: /home/houndsito/vt-cro/robogamescode/car_ws/build/articubot_one
[1.266s] Invoked command in '/home/houndsito/vt-cro/robogamescode/car_ws/build/articubot_one' returned '0': CMAKE_PREFIX_PATH=${CMAKE_PREFIX_PATH}:/opt/ros/jazzy DEBUGINFOD_URLS=https://debuginfod.ubuntu.com /usr/bin/cmake /home/houndsito/vt-cro/robogamescode/car_ws/src/articubot_one -DCMAKE_INSTALL_PREFIX=/home/houndsito/vt-cro/robogamescode/car_ws/install/articubot_one
[1.267s] Invoking command in '/home/houndsito/vt-cro/robogamescode/car_ws/build/articubot_one': CMAKE_PREFIX_PATH=${CMAKE_PREFIX_PATH}:/opt/ros/jazzy DEBUGINFOD_URLS=https://debuginfod.ubuntu.com /usr/bin/cmake --build /home/houndsito/vt-cro/robogamescode/car_ws/build/articubot_one -- -j16 -l16
[1.312s] Invoked command in '/home/houndsito/vt-cro/robogamescode/car_ws/build/articubot_one' returned '0': CMAKE_PREFIX_PATH=${CMAKE_PREFIX_PATH}:/opt/ros/jazzy DEBUGINFOD_URLS=https://debuginfod.ubuntu.com /usr/bin/cmake --build /home/houndsito/vt-cro/robogamescode/car_ws/build/articubot_one -- -j16 -l16
[1.323s] Invoking command in '/home/houndsito/vt-cro/robogamescode/car_ws/build/articubot_one': CMAKE_PREFIX_PATH=${CMAKE_PREFIX_PATH}:/opt/ros/jazzy DEBUGINFOD_URLS=https://debuginfod.ubuntu.com /usr/bin/cmake --install /home/houndsito/vt-cro/robogamescode/car_ws/build/articubot_one
[1.333s] -- Install configuration: ""
[1.333s] -- Installing: /home/houndsito/vt-cro/robogamescode/car_ws/install/articubot_one/lib/articubot_one/depth_to_scan.py
[1.333s] -- Installing: /home/houndsito/vt-cro/robogamescode/car_ws/install/articubot_one/share/articubot_one/config
[1.333s] -- Installing: /home/houndsito/vt-cro/robogamescode/car_ws/install/articubot_one/share/articubot_one/config/navigate_w_replanning_and_recovery.xml
[1.333s] -- Installing: /home/houndsito/vt-cro/robogamescode/car_ws/install/articubot_one/share/articubot_one/config/speedlimit_params.yaml
[1.333s] -- Installing: /home/houndsito/vt-cro/robogamescode/car_ws/install/articubot_one/share/articubot_one/config/twist_mux.yaml
[1.334s] -- Installing: /home/houndsito/vt-cro/robogamescode/car_ws/install/articubot_one/share/articubot_one/config/ball_tracker_params_sim.yaml
[1.334s] -- Installing: /home/houndsito/vt-cro/robogamescode/car_ws/install/articubot_one/share/articubot_one/config/gaz_ros2_ctl_use_sim.yaml
[1.334s] -- Installing: /home/houndsito/vt-cro/robogamescode/car_ws/install/articubot_one/share/articubot_one/config/drive_bot.rviz
[1.334s] -- Installing: /home/houndsito/vt-cro/robogamescode/car_ws/install/articubot_one/share/articubot_one/config/main.rviz
[1.334s] -- Installing: /home/houndsito/vt-cro/robogamescode/car_ws/install/articubot_one/share/articubot_one/config/gz_bridge.yaml
[1.334s] -- Installing: /home/houndsito/vt-cro/robogamescode/car_ws/install/articubot_one/share/articubot_one/config/speedlimit_nav2_params.yaml
[1.334s] -- Installing: /home/houndsito/vt-cro/robogamescode/car_ws/install/articubot_one/share/articubot_one/config/map.rviz
[1.334s] -- Installing: /home/houndsito/vt-cro/robogamescode/car_ws/install/articubot_one/share/articubot_one/config/nav2_params.yaml
[1.334s] -- Installing: /home/houndsito/vt-cro/robogamescode/car_ws/install/articubot_one/share/articubot_one/config/empty.yaml
[1.334s] -- Installing: /home/houndsito/vt-cro/robogamescode/car_ws/install/articubot_one/share/articubot_one/config/keepout_params.yaml
[1.334s] -- Installing: /home/houndsito/vt-cro/robogamescode/car_ws/install/articubot_one/share/articubot_one/config/view_bot.rviz
[1.334s] -- Installing: /home/houndsito/vt-cro/robogamescode/car_ws/install/articubot_one/share/articubot_one/config/mapper_params_online_async.yaml
[1.334s] -- Installing: /home/houndsito/vt-cro/robogamescode/car_ws/install/articubot_one/share/articubot_one/config/my_controllers.yaml
[1.334s] -- Installing: /home/houndsito/vt-cro/robogamescode/car_ws/install/articubot_one/share/articubot_one/config/joystick.yaml
[1.335s] -- Installing: /home/houndsito/vt-cro/robogamescode/car_ws/install/articubot_one/share/articubot_one/config/ball_tracker_params_robot.yaml
[1.335s] -- Installing: /home/houndsito/vt-cro/robogamescode/car_ws/install/articubot_one/share/articubot_one/config/keepout_nav2_params.yaml
[1.335s] -- Installing: /home/houndsito/vt-cro/robogamescode/car_ws/install/articubot_one/share/articubot_one/description
[1.335s] -- Installing: /home/houndsito/vt-cro/robogamescode/car_ws/install/articubot_one/share/articubot_one/description/robot.urdf.xacro
[1.335s] -- Installing: /home/houndsito/vt-cro/robogamescode/car_ws/install/articubot_one/share/articubot_one/description/inertial_macros.xacro
[1.335s] -- Installing: /home/houndsito/vt-cro/robogamescode/car_ws/install/articubot_one/share/articubot_one/description/camera.xacro
[1.335s] -- Installing: /home/houndsito/vt-cro/robogamescode/car_ws/install/articubot_one/share/articubot_one/description/gazebo_control.xacro
[1.335s] -- Installing: /home/houndsito/vt-cro/robogamescode/car_ws/install/articubot_one/share/articubot_one/description/face.xacro
[1.335s] -- Installing: /home/houndsito/vt-cro/robogamescode/car_ws/install/articubot_one/share/articubot_one/description/depth_camera.xacro
[1.335s] -- Installing: /home/houndsito/vt-cro/robogamescode/car_ws/install/articubot_one/share/articubot_one/description/lidar.xacro
[1.336s] -- Installing: /home/houndsito/vt-cro/robogamescode/car_ws/install/articubot_one/share/articubot_one/description/ros2_control.xacro
[1.336s] -- Installing: /home/houndsito/vt-cro/robogamescode/car_ws/install/articubot_one/share/articubot_one/description/robot_core.xacro
[1.336s] -- Installing: /home/houndsito/vt-cro/robogamescode/car_ws/install/articubot_one/share/articubot_one/launch
[1.336s] -- Installing: /home/houndsito/vt-cro/robogamescode/car_ws/install/articubot_one/share/articubot_one/launch/rsp.launch.py
[1.336s] -- Installing: /home/houndsito/vt-cro/robogamescode/car_ws/install/articubot_one/share/articubot_one/launch/localization_launch.py
[1.336s] -- Installing: /home/houndsito/vt-cro/robogamescode/car_ws/install/articubot_one/share/articubot_one/launch/ball_tracker.launch.py
[1.336s] -- Installing: /home/houndsito/vt-cro/robogamescode/car_ws/install/articubot_one/share/articubot_one/launch/launch_sim.launch.py
[1.336s] -- Installing: /home/houndsito/vt-cro/robogamescode/car_ws/install/articubot_one/share/articubot_one/launch/rplidar.launch.py
[1.337s] -- Installing: /home/houndsito/vt-cro/robogamescode/car_ws/install/articubot_one/share/articubot_one/launch/navigation_launch.py
[1.337s] -- Installing: /home/houndsito/vt-cro/robogamescode/car_ws/install/articubot_one/share/articubot_one/launch/online_async_launch.py
[1.337s] -- Installing: /home/houndsito/vt-cro/robogamescode/car_ws/install/articubot_one/share/articubot_one/launch/launch_robot.launch.py
[1.337s] -- Installing: /home/houndsito/vt-cro/robogamescode/car_ws/install/articubot_one/share/articubot_one/launch/camera.launch.py
[1.337s] -- Installing: /home/houndsito/vt-cro/robogamescode/car_ws/install/articubot_one/share/articubot_one/launch/joystick.launch.py
[1.337s] -- Installing: /home/houndsito/vt-cro/robogamescode/car_ws/install/articubot_one/share/articubot_one/worlds
[1.337s] -- Installing: /home/houndsito/vt-cro/robogamescode/car_ws/install/articubot_one/share/articubot_one/worlds/prev_empty.world
[1.337s] -- Installing: /home/houndsito/vt-cro/robogamescode/car_ws/install/articubot_one/share/articubot_one/worlds/model.sdf
[1.337s] -- Installing: /home/houndsito/vt-cro/robogamescode/car_ws/install/articubot_one/share/articubot_one/worlds/simple.world
[1.337s] -- Installing: /home/houndsito/vt-cro/robogamescode/car_ws/install/articubot_one/share/articubot_one/worlds/obstacles.world
[1.337s] -- Installing: /home/houndsito/vt-cro/robogamescode/car_ws/install/articubot_one/share/articubot_one/worlds/model.config
[1.337s] -- Installing: /home/houndsito/vt-cro/robogamescode/car_ws/install/articubot_one/share/articubot_one/worlds/security
[1.337s] -- Installing: /home/houndsito/vt-cro/robogamescode/car_ws/install/articubot_one/share/articubot_one/worlds/security/yellow3.stl
[1.338s] -- Installing: /home/houndsito/vt-cro/robogamescode/car_ws/install/articubot_one/share/articubot_one/worlds/security/red2.stl
[1.338s] -- Installing: /home/houndsito/vt-cro/robogamescode/car_ws/install/articubot_one/share/articubot_one/worlds/security/yellow2.stl
[1.338s] -- Installing: /home/houndsito/vt-cro/robogamescode/car_ws/install/articubot_one/share/articubot_one/worlds/security/yellow.obj
[1.339s] -- Installing: /home/houndsito/vt-cro/robogamescode/car_ws/install/articubot_one/share/articubot_one/worlds/security/ramp.mtl
[1.339s] -- Installing: /home/houndsito/vt-cro/robogamescode/car_ws/install/articubot_one/share/articubot_one/worlds/security/blue.obj
[1.339s] -- Installing: /home/houndsito/vt-cro/robogamescode/car_ws/install/articubot_one/share/articubot_one/worlds/security/yellow1.stl
[1.339s] -- Installing: /home/houndsito/vt-cro/robogamescode/car_ws/install/articubot_one/share/articubot_one/worlds/security/yellow5.stl
[1.340s] -- Installing: /home/houndsito/vt-cro/robogamescode/car_ws/install/articubot_one/share/articubot_one/worlds/security/block.mtl
[1.340s] -- Installing: /home/houndsito/vt-cro/robogamescode/car_ws/install/articubot_one/share/articubot_one/worlds/security/wood.obj
[1.340s] -- Installing: /home/houndsito/vt-cro/robogamescode/car_ws/install/articubot_one/share/articubot_one/worlds/security/blue.stl
[1.340s] -- Installing: /home/houndsito/vt-cro/robogamescode/car_ws/install/articubot_one/share/articubot_one/worlds/security/blue.mtl
[1.340s] -- Installing: /home/houndsito/vt-cro/robogamescode/car_ws/install/articubot_one/share/articubot_one/worlds/security/block.obj
[1.340s] -- Installing: /home/houndsito/vt-cro/robogamescode/car_ws/install/articubot_one/share/articubot_one/worlds/security/wood.mtl
[1.341s] -- Installing: /home/houndsito/vt-cro/robogamescode/car_ws/install/articubot_one/share/articubot_one/worlds/security/block.stl
[1.341s] -- Installing: /home/houndsito/vt-cro/robogamescode/car_ws/install/articubot_one/share/articubot_one/worlds/security/red.mtl
[1.341s] -- Installing: /home/houndsito/vt-cro/robogamescode/car_ws/install/articubot_one/share/articubot_one/worlds/security/wood.stl
[1.341s] -- Installing: /home/houndsito/vt-cro/robogamescode/car_ws/install/articubot_one/share/articubot_one/worlds/security/ramp.obj
[1.341s] -- Installing: /home/houndsito/vt-cro/robogamescode/car_ws/install/articubot_one/share/articubot_one/worlds/security/red1.stl
[1.341s] -- Installing: /home/houndsito/vt-cro/robogamescode/car_ws/install/articubot_one/share/articubot_one/worlds/security/yellow4.stl
[1.341s] -- Installing: /home/houndsito/vt-cro/robogamescode/car_ws/install/articubot_one/share/articubot_one/worlds/security/red.obj
[1.342s] -- Installing: /home/houndsito/vt-cro/robogamescode/car_ws/install/articubot_one/share/articubot_one/worlds/security/yellow.mtl
[1.342s] -- Installing: /home/houndsito/vt-cro/robogamescode/car_ws/install/articubot_one/share/articubot_one/worlds/security/bridge.mtl
[1.342s] -- Installing: /home/houndsito/vt-cro/robogamescode/car_ws/install/articubot_one/share/articubot_one/worlds/security/ramp.stl
[1.342s] -- Installing: /home/houndsito/vt-cro/robogamescode/car_ws/install/articubot_one/share/articubot_one/worlds/security/bridge.obj
[1.342s] -- Installing: /home/houndsito/vt-cro/robogamescode/car_ws/install/articubot_one/share/articubot_one/worlds/security/world1.stl
[1.344s] -- Installing: /home/houndsito/vt-cro/robogamescode/car_ws/install/articubot_one/share/articubot_one/worlds/empty.world
[1.344s] -- Installing: /home/houndsito/vt-cro/robogamescode/car_ws/install/articubot_one/share/articubot_one/worlds/meshes
[1.344s] -- Installing: /home/houndsito/vt-cro/robogamescode/car_ws/install/articubot_one/share/articubot_one/worlds/meshes/yellow3.stl
[1.344s] -- Installing: /home/houndsito/vt-cro/robogamescode/car_ws/install/articubot_one/share/articubot_one/worlds/meshes/red2.stl
[1.344s] -- Installing: /home/houndsito/vt-cro/robogamescode/car_ws/install/articubot_one/share/articubot_one/worlds/meshes/yellow2.stl
[1.345s] -- Installing: /home/houndsito/vt-cro/robogamescode/car_ws/install/articubot_one/share/articubot_one/worlds/meshes/yellow.obj
[1.345s] -- Installing: /home/houndsito/vt-cro/robogamescode/car_ws/install/articubot_one/share/articubot_one/worlds/meshes/ramp.mtl
[1.345s] -- Installing: /home/houndsito/vt-cro/robogamescode/car_ws/install/articubot_one/share/articubot_one/worlds/meshes/blue.obj
[1.346s] -- Installing: /home/houndsito/vt-cro/robogamescode/car_ws/install/articubot_one/share/articubot_one/worlds/meshes/yellow1.stl
[1.346s] -- Installing: /home/houndsito/vt-cro/robogamescode/car_ws/install/articubot_one/share/articubot_one/worlds/meshes/yellow5.stl
[1.346s] -- Installing: /home/houndsito/vt-cro/robogamescode/car_ws/install/articubot_one/share/articubot_one/worlds/meshes/block.mtl
[1.346s] -- Installing: /home/houndsito/vt-cro/robogamescode/car_ws/install/articubot_one/share/articubot_one/worlds/meshes/wood.obj
[1.346s] -- Installing: /home/houndsito/vt-cro/robogamescode/car_ws/install/articubot_one/share/articubot_one/worlds/meshes/blue.stl
[1.347s] -- Installing: /home/houndsito/vt-cro/robogamescode/car_ws/install/articubot_one/share/articubot_one/worlds/meshes/blue.mtl
[1.347s] -- Installing: /home/houndsito/vt-cro/robogamescode/car_ws/install/articubot_one/share/articubot_one/worlds/meshes/block.obj
[1.347s] -- Installing: /home/houndsito/vt-cro/robogamescode/car_ws/install/articubot_one/share/articubot_one/worlds/meshes/wood.mtl
[1.347s] -- Installing: /home/houndsito/vt-cro/robogamescode/car_ws/install/articubot_one/share/articubot_one/worlds/meshes/block.stl
[1.347s] -- Installing: /home/houndsito/vt-cro/robogamescode/car_ws/install/articubot_one/share/articubot_one/worlds/meshes/red.mtl
[1.347s] -- Installing: /home/houndsito/vt-cro/robogamescode/car_ws/install/articubot_one/share/articubot_one/worlds/meshes/wood.stl
[1.347s] -- Installing: /home/houndsito/vt-cro/robogamescode/car_ws/install/articubot_one/share/articubot_one/worlds/meshes/ramp.obj
[1.347s] -- Installing: /home/houndsito/vt-cro/robogamescode/car_ws/install/articubot_one/share/articubot_one/worlds/meshes/red1.stl
[1.348s] -- Installing: /home/houndsito/vt-cro/robogamescode/car_ws/install/articubot_one/share/articubot_one/worlds/meshes/yellow4.stl
[1.348s] -- Installing: /home/houndsito/vt-cro/robogamescode/car_ws/install/articubot_one/share/articubot_one/worlds/meshes/red.obj
[1.348s] -- Installing: /home/houndsito/vt-cro/robogamescode/car_ws/install/articubot_one/share/articubot_one/worlds/meshes/yellow.mtl
[1.348s] -- Installing: /home/houndsito/vt-cro/robogamescode/car_ws/install/articubot_one/share/articubot_one/worlds/meshes/bridge.mtl
[1.348s] -- Installing: /home/houndsito/vt-cro/robogamescode/car_ws/install/articubot_one/share/articubot_one/worlds/meshes/ramp.stl
[1.348s] -- Installing: /home/houndsito/vt-cro/robogamescode/car_ws/install/articubot_one/share/articubot_one/worlds/meshes/bridge.obj
[1.348s] -- Installing: /home/houndsito/vt-cro/robogamescode/car_ws/install/articubot_one/share/articubot_one/worlds/meshes/world1.stl
[1.350s] -- Installing: /home/houndsito/vt-cro/robogamescode/car_ws/install/articubot_one/share/articubot_one/maps
[1.350s] -- Installing: /home/houndsito/vt-cro/robogamescode/car_ws/install/articubot_one/share/ament_index/resource_index/package_run_dependencies/articubot_one
[1.350s] -- Installing: /home/houndsito/vt-cro/robogamescode/car_ws/install/articubot_one/share/ament_index/resource_index/parent_prefix_path/articubot_one
[1.351s] -- Installing: /home/houndsito/vt-cro/robogamescode/car_ws/install/articubot_one/share/articubot_one/environment/ament_prefix_path.sh
[1.351s] -- Installing: /home/houndsito/vt-cro/robogamescode/car_ws/install/articubot_one/share/articubot_one/environment/ament_prefix_path.dsv
[1.351s] -- Installing: /home/houndsito/vt-cro/robogamescode/car_ws/install/articubot_one/share/articubot_one/environment/path.sh
[1.351s] -- Installing: /home/houndsito/vt-cro/robogamescode/car_ws/install/articubot_one/share/articubot_one/environment/path.dsv
[1.351s] -- Installing: /home/houndsito/vt-cro/robogamescode/car_ws/install/articubot_one/share/articubot_one/local_setup.bash
[1.351s] -- Installing: /home/houndsito/vt-cro/robogamescode/car_ws/install/articubot_one/share/articubot_one/local_setup.sh
[1.351s] -- Installing: /home/houndsito/vt-cro/robogamescode/car_ws/install/articubot_one/share/articubot_one/local_setup.zsh
[1.351s] -- Installing: /home/houndsito/vt-cro/robogamescode/car_ws/install/articubot_one/share/articubot_one/local_setup.dsv
[1.351s] -- Installing: /home/houndsito/vt-cro/robogamescode/car_ws/install/articubot_one/share/articubot_one/package.dsv
[1.352s] -- Installing: /home/houndsito/vt-cro/robogamescode/car_ws/install/articubot_one/share/ament_index/resource_index/packages/articubot_one
[1.352s] -- Installing: /home/houndsito/vt-cro/robogamescode/car_ws/install/articubot_one/share/articubot_one/cmake/articubot_oneConfig.cmake
[1.352s] -- Installing: /home/houndsito/vt-cro/robogamescode/car_ws/install/articubot_one/share/articubot_one/cmake/articubot_oneConfig-version.cmake
[1.352s] -- Installing: /home/houndsito/vt-cro/robogamescode/car_ws/install/articubot_one/share/articubot_one/package.xml
[1.354s] Invoked command in '/home/houndsito/vt-cro/robogamescode/car_ws/build/articubot_one' returned '0': CMAKE_PREFIX_PATH=${CMAKE_PREFIX_PATH}:/opt/ros/jazzy DEBUGINFOD_URLS=https://debuginfod.ubuntu.com /usr/bin/cmake --install /home/houndsito/vt-cro/robogamescode/car_ws/build/articubot_one
