[0.017s] Invoking command in '/home/lab/vt-cro/robogamescode/car_ws/build/articubot_one': CMAKE_PREFIX_PATH=${CMAKE_PREFIX_PATH}:/opt/ros/jazzy DEBUGINFOD_URLS=https://debuginfod.ubuntu.com /usr/bin/cmake --build /home/lab/vt-cro/robogamescode/car_ws/build/articubot_one -- -j16 -l16
[0.072s] Invoked command in '/home/lab/vt-cro/robogamescode/car_ws/build/articubot_one' returned '0': CMAKE_PREFIX_PATH=${CMAKE_PREFIX_PATH}:/opt/ros/jazzy DEBUGINFOD_URLS=https://debuginfod.ubuntu.com /usr/bin/cmake --build /home/lab/vt-cro/robogamescode/car_ws/build/articubot_one -- -j16 -l16
[0.085s] Invoking command in '/home/lab/vt-cro/robogamescode/car_ws/build/articubot_one': CMAKE_PREFIX_PATH=${CMAKE_PREFIX_PATH}:/opt/ros/jazzy DEBUGINFOD_URLS=https://debuginfod.ubuntu.com /usr/bin/cmake --install /home/lab/vt-cro/robogamescode/car_ws/build/articubot_one
[0.097s] -- Install configuration: ""
[0.097s] -- Up-to-date: /home/lab/vt-cro/robogamescode/car_ws/install/articubot_one/share/articubot_one/src
[0.097s] -- Up-to-date: /home/lab/vt-cro/robogamescode/car_ws/install/articubot_one/share/articubot_one/src/my_nav2_goal_client.cpp
[0.097s] -- Up-to-date: /home/lab/vt-cro/robogamescode/car_ws/install/articubot_one/share/articubot_one/config
[0.097s] -- Up-to-date: /home/lab/vt-cro/robogamescode/car_ws/install/articubot_one/share/articubot_one/config/navigate_w_replanning_and_recovery.xml
[0.097s] -- Up-to-date: /home/lab/vt-cro/robogamescode/car_ws/install/articubot_one/share/articubot_one/config/speedlimit_params.yaml
[0.097s] -- Up-to-date: /home/lab/vt-cro/robogamescode/car_ws/install/articubot_one/share/articubot_one/config/twist_mux.yaml
[0.097s] -- Up-to-date: /home/lab/vt-cro/robogamescode/car_ws/install/articubot_one/share/articubot_one/config/ball_tracker_params_sim.yaml
[0.098s] -- Up-to-date: /home/lab/vt-cro/robogamescode/car_ws/install/articubot_one/share/articubot_one/config/gaz_ros2_ctl_use_sim.yaml
[0.098s] -- Up-to-date: /home/lab/vt-cro/robogamescode/car_ws/install/articubot_one/share/articubot_one/config/drive_bot.rviz
[0.098s] -- Up-to-date: /home/lab/vt-cro/robogamescode/car_ws/install/articubot_one/share/articubot_one/config/main.rviz
[0.098s] -- Up-to-date: /home/lab/vt-cro/robogamescode/car_ws/install/articubot_one/share/articubot_one/config/gz_bridge.yaml
[0.098s] -- Up-to-date: /home/lab/vt-cro/robogamescode/car_ws/install/articubot_one/share/articubot_one/config/speedlimit_nav2_params.yaml
[0.098s] -- Up-to-date: /home/lab/vt-cro/robogamescode/car_ws/install/articubot_one/share/articubot_one/config/map.rviz
[0.098s] -- Up-to-date: /home/lab/vt-cro/robogamescode/car_ws/install/articubot_one/share/articubot_one/config/nav2_params.yaml
[0.098s] -- Up-to-date: /home/lab/vt-cro/robogamescode/car_ws/install/articubot_one/share/articubot_one/config/empty.yaml
[0.099s] -- Up-to-date: /home/lab/vt-cro/robogamescode/car_ws/install/articubot_one/share/articubot_one/config/keepout_params.yaml
[0.099s] -- Up-to-date: /home/lab/vt-cro/robogamescode/car_ws/install/articubot_one/share/articubot_one/config/view_bot.rviz
[0.099s] -- Up-to-date: /home/lab/vt-cro/robogamescode/car_ws/install/articubot_one/share/articubot_one/config/mapper_params_online_async.yaml
[0.099s] -- Up-to-date: /home/lab/vt-cro/robogamescode/car_ws/install/articubot_one/share/articubot_one/config/my_controllers.yaml
[0.099s] -- Up-to-date: /home/lab/vt-cro/robogamescode/car_ws/install/articubot_one/share/articubot_one/config/joystick.yaml
[0.099s] -- Up-to-date: /home/lab/vt-cro/robogamescode/car_ws/install/articubot_one/share/articubot_one/config/ball_tracker_params_robot.yaml
[0.099s] -- Up-to-date: /home/lab/vt-cro/robogamescode/car_ws/install/articubot_one/share/articubot_one/config/keepout_nav2_params.yaml
[0.099s] -- Up-to-date: /home/lab/vt-cro/robogamescode/car_ws/install/articubot_one/share/articubot_one/description
[0.099s] -- Up-to-date: /home/lab/vt-cro/robogamescode/car_ws/install/articubot_one/share/articubot_one/description/robot.urdf.xacro
[0.100s] -- Up-to-date: /home/lab/vt-cro/robogamescode/car_ws/install/articubot_one/share/articubot_one/description/inertial_macros.xacro
[0.100s] -- Up-to-date: /home/lab/vt-cro/robogamescode/car_ws/install/articubot_one/share/articubot_one/description/camera.xacro
[0.100s] -- Up-to-date: /home/lab/vt-cro/robogamescode/car_ws/install/articubot_one/share/articubot_one/description/gazebo_control.xacro
[0.100s] -- Up-to-date: /home/lab/vt-cro/robogamescode/car_ws/install/articubot_one/share/articubot_one/description/face.xacro
[0.100s] -- Up-to-date: /home/lab/vt-cro/robogamescode/car_ws/install/articubot_one/share/articubot_one/description/depth_camera.xacro
[0.100s] -- Up-to-date: /home/lab/vt-cro/robogamescode/car_ws/install/articubot_one/share/articubot_one/description/lidar.xacro
[0.100s] -- Up-to-date: /home/lab/vt-cro/robogamescode/car_ws/install/articubot_one/share/articubot_one/description/ros2_control.xacro
[0.100s] -- Up-to-date: /home/lab/vt-cro/robogamescode/car_ws/install/articubot_one/share/articubot_one/description/robot_core.xacro
[0.100s] -- Up-to-date: /home/lab/vt-cro/robogamescode/car_ws/install/articubot_one/share/articubot_one/launch
[0.100s] -- Up-to-date: /home/lab/vt-cro/robogamescode/car_ws/install/articubot_one/share/articubot_one/launch/rsp.launch.py
[0.100s] -- Up-to-date: /home/lab/vt-cro/robogamescode/car_ws/install/articubot_one/share/articubot_one/launch/localization_launch.py
[0.101s] -- Up-to-date: /home/lab/vt-cro/robogamescode/car_ws/install/articubot_one/share/articubot_one/launch/ball_tracker.launch.py
[0.101s] -- Installing: /home/lab/vt-cro/robogamescode/car_ws/install/articubot_one/share/articubot_one/launch/launch_sim.launch.py
[0.101s] -- Up-to-date: /home/lab/vt-cro/robogamescode/car_ws/install/articubot_one/share/articubot_one/launch/rplidar.launch.py
[0.101s] -- Up-to-date: /home/lab/vt-cro/robogamescode/car_ws/install/articubot_one/share/articubot_one/launch/navigation_launch.py
[0.101s] -- Up-to-date: /home/lab/vt-cro/robogamescode/car_ws/install/articubot_one/share/articubot_one/launch/online_async_launch.py
[0.101s] -- Up-to-date: /home/lab/vt-cro/robogamescode/car_ws/install/articubot_one/share/articubot_one/launch/launch_robot.launch.py
[0.101s] -- Up-to-date: /home/lab/vt-cro/robogamescode/car_ws/install/articubot_one/share/articubot_one/launch/camera.launch.py
[0.101s] -- Up-to-date: /home/lab/vt-cro/robogamescode/car_ws/install/articubot_one/share/articubot_one/launch/joystick.launch.py
[0.101s] -- Up-to-date: /home/lab/vt-cro/robogamescode/car_ws/install/articubot_one/share/articubot_one/worlds
[0.102s] -- Up-to-date: /home/lab/vt-cro/robogamescode/car_ws/install/articubot_one/share/articubot_one/worlds/prev_empty.world
[0.102s] -- Up-to-date: /home/lab/vt-cro/robogamescode/car_ws/install/articubot_one/share/articubot_one/worlds/model.sdf
[0.102s] -- Up-to-date: /home/lab/vt-cro/robogamescode/car_ws/install/articubot_one/share/articubot_one/worlds/simple.world
[0.102s] -- Up-to-date: /home/lab/vt-cro/robogamescode/car_ws/install/articubot_one/share/articubot_one/worlds/obstacles.world
[0.102s] -- Up-to-date: /home/lab/vt-cro/robogamescode/car_ws/install/articubot_one/share/articubot_one/worlds/model.config
[0.102s] -- Up-to-date: /home/lab/vt-cro/robogamescode/car_ws/install/articubot_one/share/articubot_one/worlds/empty.world
[0.102s] -- Up-to-date: /home/lab/vt-cro/robogamescode/car_ws/install/articubot_one/share/articubot_one/worlds/meshes
[0.102s] -- Up-to-date: /home/lab/vt-cro/robogamescode/car_ws/install/articubot_one/share/articubot_one/worlds/meshes/yellow3.stl
[0.102s] -- Up-to-date: /home/lab/vt-cro/robogamescode/car_ws/install/articubot_one/share/articubot_one/worlds/meshes/red2.stl
[0.102s] -- Up-to-date: /home/lab/vt-cro/robogamescode/car_ws/install/articubot_one/share/articubot_one/worlds/meshes/yellow2.stl
[0.103s] -- Up-to-date: /home/lab/vt-cro/robogamescode/car_ws/install/articubot_one/share/articubot_one/worlds/meshes/yellow1.stl
[0.103s] -- Up-to-date: /home/lab/vt-cro/robogamescode/car_ws/install/articubot_one/share/articubot_one/worlds/meshes/yellow5.stl
[0.103s] -- Up-to-date: /home/lab/vt-cro/robogamescode/car_ws/install/articubot_one/share/articubot_one/worlds/meshes/blue.stl
[0.104s] -- Up-to-date: /home/lab/vt-cro/robogamescode/car_ws/install/articubot_one/share/articubot_one/worlds/meshes/block.stl
[0.105s] -- Up-to-date: /home/lab/vt-cro/robogamescode/car_ws/install/articubot_one/share/articubot_one/worlds/meshes/wood.stl
[0.105s] -- Up-to-date: /home/lab/vt-cro/robogamescode/car_ws/install/articubot_one/share/articubot_one/worlds/meshes/red1.stl
[0.105s] -- Up-to-date: /home/lab/vt-cro/robogamescode/car_ws/install/articubot_one/share/articubot_one/worlds/meshes/yellow4.stl
[0.105s] -- Up-to-date: /home/lab/vt-cro/robogamescode/car_ws/install/articubot_one/share/articubot_one/worlds/meshes/ramp.stl
[0.105s] -- Up-to-date: /home/lab/vt-cro/robogamescode/car_ws/install/articubot_one/share/articubot_one/worlds/meshes/world1.stl
[0.105s] -- Up-to-date: /home/lab/vt-cro/robogamescode/car_ws/install/articubot_one/share/articubot_one/maps
[0.105s] -- Up-to-date: /home/lab/vt-cro/robogamescode/car_ws/install/articubot_one/share/ament_index/resource_index/package_run_dependencies/articubot_one
[0.106s] -- Up-to-date: /home/lab/vt-cro/robogamescode/car_ws/install/articubot_one/share/ament_index/resource_index/parent_prefix_path/articubot_one
[0.106s] -- Up-to-date: /home/lab/vt-cro/robogamescode/car_ws/install/articubot_one/share/articubot_one/environment/ament_prefix_path.sh
[0.106s] -- Up-to-date: /home/lab/vt-cro/robogamescode/car_ws/install/articubot_one/share/articubot_one/environment/ament_prefix_path.dsv
[0.106s] -- Up-to-date: /home/lab/vt-cro/robogamescode/car_ws/install/articubot_one/share/articubot_one/environment/path.sh
[0.106s] -- Up-to-date: /home/lab/vt-cro/robogamescode/car_ws/install/articubot_one/share/articubot_one/environment/path.dsv
[0.106s] -- Up-to-date: /home/lab/vt-cro/robogamescode/car_ws/install/articubot_one/share/articubot_one/local_setup.bash
[0.106s] -- Up-to-date: /home/lab/vt-cro/robogamescode/car_ws/install/articubot_one/share/articubot_one/local_setup.sh
[0.109s] -- Up-to-date: /home/lab/vt-cro/robogamescode/car_ws/install/articubot_one/share/articubot_one/local_setup.zsh
[0.109s] -- Up-to-date: /home/lab/vt-cro/robogamescode/car_ws/install/articubot_one/share/articubot_one/local_setup.dsv
[0.110s] -- Installing: /home/lab/vt-cro/robogamescode/car_ws/install/articubot_one/share/articubot_one/package.dsv
[0.110s] -- Up-to-date: /home/lab/vt-cro/robogamescode/car_ws/install/articubot_one/share/ament_index/resource_index/packages/articubot_one
[0.110s] -- Up-to-date: /home/lab/vt-cro/robogamescode/car_ws/install/articubot_one/share/articubot_one/cmake/articubot_oneConfig.cmake
[0.110s] -- Up-to-date: /home/lab/vt-cro/robogamescode/car_ws/install/articubot_one/share/articubot_one/cmake/articubot_oneConfig-version.cmake
[0.110s] -- Up-to-date: /home/lab/vt-cro/robogamescode/car_ws/install/articubot_one/share/articubot_one/package.xml
[0.113s] Invoked command in '/home/lab/vt-cro/robogamescode/car_ws/build/articubot_one' returned '0': CMAKE_PREFIX_PATH=${CMAKE_PREFIX_PATH}:/opt/ros/jazzy DEBUGINFOD_URLS=https://debuginfod.ubuntu.com /usr/bin/cmake --install /home/lab/vt-cro/robogamescode/car_ws/build/articubot_one
